******************************************************************************
               TMS320C6x Linker PC v7.4.18                     
******************************************************************************
>> Linked Thu May 10 15:22:20 2018

OUTPUT FILE NAME:   <DSPLAB.out>
ENTRY POINT SYMBOL: "_c_int00"  address: 0000fb20


MEMORY CONFIGURATION

         name            origin    length      used     unused   attr    fill
----------------------  --------  ---------  --------  --------  ----  --------
  IRAM                  00000000   00037000  000155b9  00021a47  RWIX
  myMEM                 00037000   00030000  00000000  00030000  RWIX
  SDRAM                 80000000   0006e000  00008080  00065f80  RWIX


SECTION ALLOCATION MAP

 output                                  attributes/
section   page    origin      length       input sections
--------  ----  ----------  ----------   ----------------
.data      0    00000000    00000000     UNINITIALIZED

.vers      0    00000000    00000040     COPY SECTION
                  00000000    00000040     BIOS_configcfg.obj (.vers)

.hwi_vec   0    00000000    00000200     
                  00000000    00000200     BIOS_configcfg.obj (.hwi_vec)

.bios      0    00000200    00004220     
                  00000200    00000600     lnkrtdx.a67 : rtdx.o67 (.bios)
                  00000800    000005e0     bios.a67 : gbl_setL2CacheMode.o67 (.bios)
                  00000de0    00000540              : swi.o67 (.bios)
                  00001320    00000460              : hwi_disp_asm.o67 (.bios)
                  00001780    000003a0              : prd.o67 (.bios)
                  00001b20    000002c0              : knl_run.o67 (.bios)
                  00001de0    000002c0              : rta.o67 (.bios)
                  000020a0    000002c0              : sem_pend.o67 (.bios)
                  00002360    00000260              : knl_tick.o67 (.bios)
                  000025c0    00000240              : pip.o67 (.bios)
                  00002800    00000220              : sem_dopo.o67 (.bios)
                  00002a20    00000200              : tsk_setu.o67 (.bios)
                  00002c20    000001c0              : knl_swit.o67 (.bios)
                  00002de0    000001c0     biosC6000.a67 : clk.o67 (.bios)
                  00002fa0    000001a0     bios.a67 : tsk_exit.o67 (.bios)
                  00003140    00000180              : autoinit.o67 (.bios)
                  000032c0    00000180              : tsk_stup.o67 (.bios)
                  00003440    00000140              : knl_chec.o67 (.bios)
                  00003580    000000e0              : gbl_cslcacheinit.o67 (.bios)
                  00003660    000000e0              : knl_exit.o67 (.bios)
                  00003740    000000e0              : sem_post.o67 (.bios)
                  00003820    000000e0              : sem_post_asm.o67 (.bios)
                  00003900    000000e0     biosC6000.a67 : clk_meas.o67 (.bios)
                  000039e0    000000c0     bios.a67 : knl_ipos.o67 (.bios)
                  00003aa0    000000c0              : knl_post.o67 (.bios)
                  00003b60    000000c0              : lck.o67 (.bios)
                  00003c20    000000c0              : sys_exit.o67 (.bios)
                  00003ce0    000000c0     biosC6000.a67 : clk_htime.o67 (.bios)
                  00003da0    00000080     bios.a67 : fxn.o67 (.bios)
                  00003e20    00000080              : idl_busy.o67 (.bios)
                  00003ea0    00000080              : log.o67 (.bios)
                  00003f20    00000080              : sts.o67 (.bios)
                  00003fa0    00000080     biosC6000.a67 : idl_cal.o67 (.bios)
                  00004020    00000060     bios.a67 : hwi_c.o67 (.bios)
                  00004080    00000060              : sem_pend_binary.o67 (.bios)
                  000040e0    00000060              : sem_pend_counting.o67 (.bios)
                  00004140    00000060              : sys_abor.o67 (.bios)
                  000041a0    00000060              : utl_putc.o67 (.bios)
                  00004200    00000060     biosC6000.a67 : clk_start.o67 (.bios)
                  00004260    00000040     bios.a67 : idl_stub.o67 (.bios)
                  000042a0    00000040              : rta_andn.o67 (.bios)
                  000042e0    00000040              : utl_doab.o67 (.bios)
                  00004320    00000040     biosC6000.a67 : clk_stop.o67 (.bios)
                  00004360    00000020     bios.a67 : fxn_c.o67 (.bios)
                  00004380    00000020              : gbl_vers.o67 (.bios)
                  000043a0    00000020              : idl.o67 (.bios)
                  000043c0    00000020              : sts_set.o67 (.bios)
                  000043e0    00000020              : utl_doer.o67 (.bios)
                  00004400    00000020              : utl_halt.o67 (.bios)

.text      0    00004420    00004180     
                  00004420    00000c60     skeletonmod flo.obj (.text)
                  00005080    00000640     dsp67x.lib : DSPF_sp_icfftr2_dif.obj (.text)
                  000056c0    000004e0                : DSPF_sp_cfftr2_dit.obj (.text)
                  00005ba0    00000480     dsk6713bsl.lib : dsk6713.obj (.text)
                  00006020    00000420     fastFolding.obj (.text)
                  00006440    00000280     csl6713.lib : csl_edma.obj (.text:_EDMA_open)
                  000066c0    00000280     config_AIC23.obj (.text)
                  00006940    00000240     rts6700.lib : memcpy62.obj (.text:_memcpy)
                  00006b80    00000220     csl6713.lib : csl.obj (.text:__CSL_init)
                  00006da0    000001e0     dsk6713bsl.lib : dsk6713_led.obj (.text)
                  00006f80    000001c0     csl6713.lib : csl_irq.obj (.text:_IRQ_map)
                  00007140    000001c0                 : csl_irq.obj (.text:_mux2Tables)
                  00007300    000001a0                 : csl_edma.obj (.text:_EDMA_allocTable)
                  000074a0    000001a0                 : csl_mcbsp.obj (.text:_MCBSP_reset)
                  00007640    00000180     bios.a67 : gbl_cslpllinit62.o67 (.text)
                  000077c0    00000160     rts6700.lib : sinit.obj (.text:_call_dtors)
                  00007920    00000140     csl6713.lib : csl_edma.obj (.text:_EDMA_reset)
                  00007a60    00000140                 : csl_timer.obj (.text:_TIMER_open)
                  00007ba0    00000120                 : csl_timer.obj (.text:_TIMER_reset)
                  00007cc0    00000100                 : csl_edma.obj (.text:_EDMA_intAlloc)
                  00007dc0    00000100                 : csl_mcbsp.obj (.text:_MCBSP_open)
                  00007ec0    00000100                 : csl_mcbsp.obj (.text:_MCBSP_start)
                  00007fc0    000000e0     rts6700.lib : strasg.obj (.text:__strasg)
                  000080a0    000000e0                 : atexit.obj (.text:_atexit)
                  00008180    000000c0     bios.a67 : tsk_stup.o67 (.text)
                  00008240    000000a0     csl6713.lib : csl_irq.obj (.text:__IRQ_init)
                  000082e0    000000a0                 : csl_irq.obj (.text:_setMux)
                  00008380    00000080     dsk6713bsl.lib : dsk6713_dip.obj (.text)
                  00008400    00000060     csl6713.lib : csl_edma.obj (.text:_EDMA_disableChannel)
                  00008460    00000060                 : csl_edma.obj (.text:_EDMA_enableChannel)
                  000084c0    00000040     rts6700.lib : sinit.obj (.text:___add_dtor)
                  00008500    00000020     csl6713.lib : csl.obj (.text:_CSL6713_LIB_)
                  00008520    00000020     rts6700.lib : _lock.obj (.text:__nop)
                  00008540    00000020                 : _lock.obj (.text:__register_lock)
                  00008560    00000020                 : _lock.obj (.text:__register_unlock)
                  00008580    00000020     csl6713.lib : csl_irq.obj (.text)

.stack     0    000085a0    00004000     UNINITIALIZED
                  000085a0    00004000     --HOLE--

.cinit     0    0000c5a0    00001ce4     
                  0000c5a0    00000984     skeletonmod flo.obj (.cinit)
                  0000cf24    00000004     --HOLE-- [fill = 0]
                  0000cf28    00000864     BIOS_configcfg.obj (.cinit)
                  0000d78c    00000004     --HOLE-- [fill = 0]
                  0000d790    0000026c     bios.a67 : biosdata.o67 (.cinit)
                  0000d9fc    00000004     --HOLE-- [fill = 0]
                  0000da00    000001a4              : knl.o67 (.cinit)
                  0000dba4    00000004     --HOLE-- [fill = 0]
                  0000dba8    0000012c     csl6713.lib : csl_irq.obj (.cinit)
                  0000dcd4    00000004     --HOLE-- [fill = 0]
                  0000dcd8    000000b0     bios.a67 : swi.o67 (.cinit)
                  0000dd88    00000080              : tsk.o67 (.cinit)
                  0000de08    00000070     csl6713.lib : csl_edma.obj (.cinit)
                  0000de78    00000060     bios.a67 : tsk_stup.o67 (.cinit)
                  0000ded8    0000005c     lnkrtdx.a67 : rtdx.o67 (.cinit)
                  0000df34    00000004     --HOLE-- [fill = 0]
                  0000df38    00000054     csl6713.lib : csl_mcbsp.obj (.cinit)
                  0000df8c    00000004     --HOLE-- [fill = 0]
                  0000df90    0000004c     bios.a67 : rta.o67 (.cinit)
                  0000dfdc    00000004     --HOLE-- [fill = 0]
                  0000dfe0    0000004c     csl6713.lib : csl_timer.obj (.cinit)
                  0000e02c    00000004     --HOLE-- [fill = 0]
                  0000e030    0000004c     rtdx.lib : buffer1.o62 (.cinit)
                  0000e07c    00000004     --HOLE-- [fill = 0]
                  0000e080    00000048     config_AIC23.obj (.cinit)
                  0000e0c8    0000003c     csl6713.lib : csl.obj (.cinit)
                  0000e104    00000004     --HOLE-- [fill = 0]
                  0000e108    00000034     bios.a67 : hwi.o67 (.cinit)
                  0000e13c    00000004     --HOLE-- [fill = 0]
                  0000e140    0000002c              : utl_putc.o67 (.cinit)
                  0000e16c    00000004     --HOLE-- [fill = 0]
                  0000e170    0000002c     rts6700.lib : exit.obj (.cinit)
                  0000e19c    00000004     --HOLE-- [fill = 0]
                  0000e1a0    00000024     bios.a67 : obj_init.o67 (.cinit)
                  0000e1c4    00000004     --HOLE-- [fill = 0]
                  0000e1c8    0000001c              : sys.o67 (.cinit)
                  0000e1e4    00000004     --HOLE-- [fill = 0]
                  0000e1e8    0000001c     rts6700.lib : _lock.obj (.cinit)
                  0000e204    00000004     --HOLE-- [fill = 0]
                  0000e208    0000001c                 : atexit.obj (.cinit)
                  0000e224    00000004     --HOLE-- [fill = 0]
                  0000e228    00000018     bios.a67 : knl_tick.o67 (.cinit)
                  0000e240    0000000c              : gbl_setL2CacheMode.o67 (.cinit)
                  0000e24c    00000004     --HOLE-- [fill = 0]
                  0000e250    0000000c              : idl_busy.o67 (.cinit)
                  0000e25c    00000004     --HOLE-- [fill = 0]
                  0000e260    0000000c              : knl_swit.o67 (.cinit)
                  0000e26c    00000004     --HOLE-- [fill = 0]
                  0000e270    0000000c     rts6700.lib : sinit.obj (.cinit)
                  0000e27c    00000004     --HOLE-- [fill = 0]
                  0000e280    00000004     (.pad.cinit) [fill = 0]

.hst1      0    0000e284    00000010     UNINITIALIZED
                  0000e284    00000010     BIOS_configcfg.obj (.hst1)

.pinit     0    0000e294    0000000c     
                  0000e294    00000004     rtdx.lib : buffer1.o62 (.pinit)
                  0000e298    00000004              : rtdx_mon.o62 (.pinit)
                  0000e29c    00000004     --HOLE-- [fill = 0]

.rtdx_text 
*          0    0000e2a0    00000ea0     
                  0000e2a0    00000400     rtdx.lib : rtdx_mon.o62 (.rtdx_text:_RTDX_Poll)
                  0000e6a0    00000340              : buffer1.o62 (.rtdx_text:_RTDX_Buffer_WriteCB)
                  0000e9e0    00000300              : buffer1.o62 (.rtdx_text:_RTDX_write_next)
                  0000ece0    00000140              : rtdx_mon.o62 (.rtdx_text:_RTDX_Mon_Queue)
                  0000ee20    000000e0              : buffer1.o62 (.rtdx_text:_claim)
                  0000ef00    00000080              : rtdx_mon.o62 (.rtdx_text:_RTDX_Init_RT_Monitor)
                  0000ef80    00000060              : buffer1.o62 (.rtdx_text:_RTDX_Buffer_Initialize)
                  0000efe0    00000060              : buffer2.o62 (.rtdx_text:_RTDX_Buffer_ReadCB)
                  0000f040    00000040              : buffer1.o62 (.rtdx_text:_RTDX_Buffer_Size)
                  0000f080    00000040              : rtdx_mon.o62 (.rtdx_text:_RTDX_Final_RT_Monitor)
                  0000f0c0    00000020              : buffer2.o62 (.rtdx_text:_RTDX_Buffer_Read)
                  0000f0e0    00000020              : buffer1.o62 (.rtdx_text:_RTDX_Buffer_Write)
                  0000f100    00000020              : rtdx_mon.o62 (.rtdx_text:_RTDX_checksum)
                  0000f120    00000020              : intr_tgt.o62 (.rtdx_text)

.far       0    0000f140    00000608     UNINITIALIZED
                  0000f140    00000188     rts6700.lib : atexit.obj (.far)
                  0000f2c8    000000f4     csl6713.lib : csl_irq.obj (.far)
                  0000f3bc    000000d8     bios.a67 : knl.o67 (.far)
                  0000f494    0000005c              : tsk.o67 (.far)
                  0000f4f0    00000054              : obj_init.o67 (.far)
                  0000f544    00000054     csl6713.lib : csl_edma.obj (.far)
                  0000f598    00000050     bios.a67 : tsk_stup.o67 (.far)
                  0000f5e8    00000050     skeletonmod flo.obj (.far)
                  0000f638    00000038     csl6713.lib : csl_mcbsp.obj (.far)
                  0000f670    00000034     config_AIC23.obj (.far)
                  0000f6a4    00000028     csl6713.lib : csl.obj (.far)
                  0000f6cc    00000024                 : csl_timer.obj (.far)
                  0000f6f0    00000020     bios.a67 : sys.o67 (.far)
                  0000f710    00000010              : knl_tick.o67 (.far)
                  0000f720    0000000c              : utl_putc.o67 (.far)
                  0000f72c    0000000c     rts6700.lib : exit.obj (.far)
                  0000f738    00000008                 : _lock.obj (.far)
                  0000f740    00000004                 : sinit.obj (.far)
                  0000f744    00000002     dsk6713bsl.lib : dsk6713.obj (.far)
                  0000f746    00000002                    : dsk6713_led.obj (.far)

.idl       0    0000f748    00000010     UNINITIALIZED
                  0000f748    00000010     BIOS_configcfg.obj (.idl)

.clk       0    0000f758    00000008     UNINITIALIZED
                  0000f758    00000008     BIOS_configcfg.obj (.clk)

.sysinit   0    0000f760    00000520     
                  0000f760    000002e0     BIOS_configcfg.obj (.sysinit)
                  0000fa40    000000e0     bios.a67 : mem_init.o67 (.sysinit)
                  0000fb20    000000c0              : boot.o67 (.sysinit)
                  0000fbe0    00000080              : tsk_init.o67 (.sysinit)
                  0000fc60    00000020              : obj_init.o67 (.sysinit)

.rtdx_data 
*          0    0000fc80    0000044c     UNINITIALIZED
                  0000fc80    00000410     BIOS_configcfg.obj (.rtdx_data)
                  00010090    00000020     rtdx.lib : buffer1.o62 (.rtdx_data)
                  000100b0    0000001c              : rtdx_mon.o62 (.rtdx_data)

.args      0    000100cc    00000004     
                  000100cc    00000004     --HOLE-- [fill = 0]

.LED_toggle$stk 
*          0    000100d0    00000400     UNINITIALIZED
                  000100d0    00000400     BIOS_configcfg.obj (.LED_toggle$stk)

.TSK_idle$stk 
*          0    000104d0    00000400     UNINITIALIZED
                  000104d0    00000400     BIOS_configcfg.obj (.TSK_idle$stk)

.bss       0    000108d0    00000394     UNINITIALIZED
                  000108d0    00000100     bios.a67 : hwi_disp_asm.o67 (.bss)
                  000109d0    000000cc              : biosdata.o67 (.bss)
                  00010a9c    0000009c              : swi.o67 (.bss)
                  00010b38    00000050     skeletonmod flo.obj (.bss)
                  00010b88    00000048     bios.a67 : knl.o67 (.bss)
                  00010bd0    00000028     BIOS_configcfg.obj (.bss)
                  00010bf8    00000018     bios.a67 : hwi.o67 (.bss)
                  00010c10    00000018     lnkrtdx.a67 : rtdx.o67 (.bss)
                  00010c28    00000010     rtdx.lib : buffer1.o62 (.bss)
                  00010c38    0000000c     bios.a67 : tsk.o67 (.bss)
                  00010c44    00000008              : clk_data.o67 (.bss)
                  00010c4c    00000008              : sys.o67 (.bss)
                  00010c54    00000004              : clk_data2.o67 (.bss)
                  00010c58    00000004              : gbl_setL2CacheMode.o67 (.bss)
                  00010c5c    00000004              : idl_busy.o67 (.bss)
                  00010c60    00000004              : mem_asm.o67 (.bss)

.trace     0    00010c64    00000200     
                  00010c64    00000200     --HOLE-- [fill = 00000000]

.sts       0    00010e64    00000080     
                  00010e64    00000080     BIOS_configcfg.obj (.sts)

.idlcal    0    00010ee4    00000010     UNINITIALIZED
                  00010ee4    00000010     BIOS_configcfg.obj (.idlcal)

.trcdata   0    00010ef4    0000000c     
                  00010ef4    0000000c     bios.a67 : trc.o67 (.trcdata)

.LOG_system$buf 
*          0    00010f00    00000100     UNINITIALIZED
                  00010f00    00000100     BIOS_configcfg.obj (.LOG_system$buf)

.hst0      0    00011000    00000100     UNINITIALIZED
                  00011000    00000100     BIOS_configcfg.obj (.hst0)

.pip       0    00011100    000000c8     UNINITIALIZED
                  00011100    000000c8     BIOS_configcfg.obj (.pip)

.tsk       0    000111c8    000000c0     UNINITIALIZED
                  000111c8    000000c0     BIOS_configcfg.obj (.tsk)

.const     0    00011288    000000b5     
                  00011288    0000004e     bios.a67 : tsk_stup.o67 (.const)
                  000112d6    00000023              : utl_doab.o67 (.const)
                  000112f9    00000022              : utl_doer.o67 (.const)
                  0001131b    00000001     --HOLE-- [fill = 0]
                  0001131c    00000020     dsk6713bsl.lib : dsk6713.obj (.const)
                  0001133c    00000001     bios.a67 : tsk.o67 (.const)

.printf    0    0001133d    000000c4     COPY SECTION
                  0001133d    000000c4     BIOS_configcfg.obj (.printf)

.swi       0    00011340    000000b0     UNINITIALIZED
                  00011340    000000b0     BIOS_configcfg.obj (.swi)

.gblinit   0    000113f0    00000058     
                  000113f0    00000058     BIOS_configcfg.obj (.gblinit)

.hst       0    00011448    0000003c     UNINITIALIZED
                  00011448    0000003c     BIOS_configcfg.obj (.hst)

.log       0    00011484    00000030     
                  00011484    00000030     BIOS_configcfg.obj (.log)

.sem       0    000114b4    0000002c     UNINITIALIZED
                  000114b4    0000002c     BIOS_configcfg.obj (.sem)

.switch    0    000114e0    00000028     
                  000114e0    00000028     rtdx.lib : rtdx_mon.o62 (.switch)

.prd       0    00011508    00000020     UNINITIALIZED
                  00011508    00000020     BIOS_configcfg.obj (.prd)

.sys       0    00011528    00000010     UNINITIALIZED
                  00011528    00000010     BIOS_configcfg.obj (.sys)

.mem       0    00011538    00000004     UNINITIALIZED
                  00011538    00000004     BIOS_configcfg.obj (.mem)

.datenpuffer 
*          0    0001153c    00004080     UNINITIALIZED
                  0001153c    00004080     skeletonmod flo.obj (.datenpuffer)

.SDRAM$heap 
*          0    80000000    00008000     UNINITIALIZED
                  80000000    00008000     --HOLE--

.myLOG$buf 
*          0    80008000    00000080     UNINITIALIZED
                  80008000    00000080     BIOS_configcfg.obj (.myLOG$buf)


GLOBAL SYMBOLS: SORTED ALPHABETICALLY BY Name 

address    name
--------   ----
000108d0   $bss
000108d0   .bss
00000000   .data
00004420   .text
0000f91c   BIOS$$CLKOFF
0000f8dc   BIOS$$CLKON
0000f760   BIOS_init
0000f984   BIOS_start
00000000   BUF$
00000001   BUF_ENABLED
00000001   CLK$
0000f758   CLK_A_TABBEG
00000001   CLK_CALDIV
00000004   CLK_CALMULT
0000dbba   CLK_COUNTSPMS
00000000   CLK_COUNTSPMSHIGH
000109f8   CLK_D_idletime
000109f4   CLK_D_isrhook
000109f0   CLK_D_tabbeg
000109ec   CLK_D_timefxn
00003ce0   CLK_F_getfhtime
00003d00   CLK_F_gethtime
00002de0   CLK_F_getltime
00003d00   CLK_F_getshtime
00002df4   CLK_F_isr
00002f54   CLK_F_itime
00001320   CLK_HOOKFXN
00000001   CLK_HTIMEDIV
00000004   CLK_HTIMEMULT
0000dbba   CLK_HTIMEPERLTIME
00004000   CLK_INTBIT
00000001   CLK_LTIMEDIV
00036ee8   CLK_LTIMEMULT
000003e8   CLK_MICROSECS
0000dbba   CLK_PRD
00000000   CLK_PRDHIGH
01940000   CLK_REGS
000109e8   CLK_R_time
00000020   CLK_TCR
00000000   CLK_TDDR
00000000   CLK_TDDRHIGH
00003d00   CLK_TIMEFXN
00000000   CLK_TIMERNUM
00000001   CLK_USETIMER
0000f75c   CLK_null
00000000   DEV$
00000000   DGN$
00000000   DHL$
00000000   DHL_gChannelsAvailable
00000000   DIO$
00000000   DIO_NUMSWIBASE
00000000   DIO_NUMTSKBASE
00000000   DIO_STATIC
00000000   DPI$
00003da0   FXN_F_nop
00003da8   FXN_F_run
00003df8   FXN_F_zero
00000001   GBL$
00005205   GBL_A_VERSION
00000000   GBL_BIGENDIAN
00000000   GBL_C641XL2PRIORITY
00000000   GBL_CACHE
00000001   GBL_CALLCSLCFGINIT
00004e20   GBL_CLKIN
00001770   GBL_CLKTYPE
00001a39   GBL_DSPSUBTYPE
0000003e   GBL_DSPTYPE
00000001   GBL_ENABLEINST
00000042   GBL_FOOTPRINT
00036ee8   GBL_FREQ
00002226   GBL_L2ALLOC
00000000   GBL_L2CONFIGALLOC
00000001   GBL_L2CONFIGURE
00000001   GBL_L2MARMASK
00000000   GBL_L2MARMASK1
00000000   GBL_L2MARMASK2
00000000   GBL_L2MARMASK3
00000000   GBL_L2MARMASK4
00000000   GBL_L2MARMASK5
00000000   GBL_L2MODE
00000000   GBL_L2PRIORITY
00000000   GBL_NULL
00000000   GBL_PROCID
00000000   GBL_ROM
00000000   GBL_SUPPORTCSL
0000dbef   GBL_TRCMASKVALUE
00000001   GBL_USERINIT
00007668   GBL_USERINITFXN
00000001   GBL_boot
00010efc   GBL_initdone
000085a0   GBL_stackbeg
0000c59f   GBL_stackend
00000000   GIO$
00004360   GIO_CREATEFXN
00004360   GIO_DELETEFXN
00004360   GIO_PENDFXN
00004360   GIO_POSTFXN
00000000   HOOK$
00000000   HOOK_KNLID
00000001   HST$
00011448   HST_A_TABBEG
00011484   HST_A_TABEND
00000000   HST_DSM
ffffffff   HST_DSMBUFSEG
00000400   HST_DSMMEMSIZE
00010a64   HST_D_chanmask
00010a68   HST_D_tabbeg
00010a6c   HST_D_tabend
000000ff   HST_MAXFRAMEALLOWED
00000040   HST_MAXFRAMESET
00000000   HST_NONE
00000001   HST_RTDX
00000001   HWI$
00000000   HWI_A_VECS
00004108   HWI_CFGDISPATCHED
00010c08   HWI_D_bss
00010c0c   HWI_D_ccmask
00010bf8   HWI_D_spsave
00001320   HWI_F_dispatch
00000000   HWI_GENERATE_RESET_VEC
0000000a   HWI_INT10
00000000   HWI_INT10$hwi
0000000b   HWI_INT11
00000000   HWI_INT11$hwi
0000000c   HWI_INT12
00000000   HWI_INT12$hwi
0000000d   HWI_INT13
00000000   HWI_INT13$hwi
0000000e   HWI_INT14
00000000   HWI_INT14$hwi
0000000f   HWI_INT15
00000000   HWI_INT15$hwi
00000004   HWI_INT4
00000000   HWI_INT4$hwi
00000005   HWI_INT5
00000000   HWI_INT5$hwi
00000006   HWI_INT6
00000000   HWI_INT6$hwi
00000007   HWI_INT7
00000000   HWI_INT7$hwi
00000008   HWI_INT8
00000000   HWI_INT8$hwi
00000009   HWI_INT9
00000000   HWI_INT9$hwi
082039a3   HWI_INTRMULTHIGH
310718a4   HWI_INTRMULTLOW
00000001   HWI_NMI
00000000   HWI_NMI$hwi
00000000   HWI_POLARITYMASK
00000002   HWI_RESERVED0
00000000   HWI_RESERVED0$hwi
00000003   HWI_RESERVED1
00000000   HWI_RESERVED1$hwi
00000000   HWI_RESET
00000000   HWI_RESET$hwi
00000001   HWI_ZEROTAB
00000001   IDL$
00010ee4   IDL_A_CALBEG
0000f748   IDL_A_TABBEG
00000006   IDL_CALIBRERROR
00004260   IDL_CALIBRFXN
00010c5c   IDL_D_busyObj
000109d8   IDL_D_calbeg
000109d4   IDL_D_calibrate
000109d0   IDL_D_tabbeg
0000f754   IDL_END
00010ef0   IDL_END$
00003e20   IDL_F_busy
00003fa0   IDL_F_calibrate
000043a0   IDL_F_loop
00004260   IDL_F_stub
00000001   IDL_USECLKIDLTIME
00010ed8   IDL_busyObj
000113fc   IDL_busyObj$avgfmt
00000001   IDL_busyObj$filter
00000001   IDL_busyObj$iA
00000000   IDL_busyObj$iB
00000001   IDL_busyObj$iC
000113f6   IDL_busyObj$maxfmt
00000000   IDL_busyObj$operation
00010ed4   IDL_busyObj$stsobj
000113f9   IDL_busyObj$sumfmt
00000002   IDL_busyObj$unittype
0000f748   IDL_cpuLoad
00010ee4   IDL_cpuLoad$
ffffffff   IRAM
00000001   ISRC$
00002da0   KNL_glue
00011340   KNL_swi
00000001   KNL_swi$dorta
00000000   KNL_swi$ord
00000000   KNL_swi$pri
00010e78   KNL_swi$sts
0001136a   KNL_swi$sts$avgfmt
00000002   KNL_swi$sts$filter
00000001   KNL_swi$sts$filtmaxmult
00000001   KNL_swi$sts$filtsummult
0001135a   KNL_swi$sts$maxfmt
00010e74   KNL_swi$sts$stsobj
00011362   KNL_swi$sts$sumfmt
00000000   KNL_swi$sts$unittype
00000000   KNL_swi$swi
00000001   LCK$
00011508   LED_Toggle
00011524   LED_Toggle$aaa
00000000   LED_Toggle$mode
00000005   LED_Toggle$ord
000003e8   LED_Toggle$period
00000000   LED_Toggle$prd
00010e68   LED_Toggle$sts
0001134f   LED_Toggle$sts$avgfmt
00000000   LED_Toggle$sts$filter
0001133d   LED_Toggle$sts$maxfmt
00010e64   LED_Toggle$sts$stsobj
00011346   LED_Toggle$sts$sumfmt
00000002   LED_Toggle$sts$unittype
00011234   LED_toggle
00000003   LED_toggle$ord
00000001   LED_toggle$pri
000100d0   LED_toggle$stack
00010468   LED_toggle$stkptr
00010ec8   LED_toggle$sts
000113ec   LED_toggle$sts$avgfmt
00000002   LED_toggle$sts$filter
00000001   LED_toggle$sts$filtmaxmult
00000001   LED_toggle$sts$filtsummult
000113dc   LED_toggle$sts$maxfmt
00010ec4   LED_toggle$sts$stsobj
000113e4   LED_toggle$sts$sumfmt
00000000   LED_toggle$sts$unittype
00000000   LED_toggle$tsk
00000200   LNK_F_checkBufferCall
00000280   LNK_F_dataPump
00000220   LNK_F_getChanPtr
00000278   LNK_F_init
000007c4   LNK_F_readCallBack
0000f74c   LNK_dataPump
00010ee8   LNK_dataPump$
00010c14   LNK_dspFrameReadyMask
00010c10   LNK_dspFrameRequestMask
00000520   LNK_newin
00000660   LNK_newout
00000294   LNK_rcloop
00000360   LNK_rdrtry
00010c1c   LNK_readDone
00010c20   LNK_readFail
00010c18   LNK_readPend
00000370   LNK_rrloop
00010c24   LNK_writeFail
00000444   LNK_wrloop
00000434   LNK_wrrtry
00000001   LOG$
00011484   LOG_A_TABBEG
000114b4   LOG_A_TABEND
00000002   LOG_A_TABLEN
000109dc   LOG_D_system
00000001   LOG_ENABLED
00003ea0   LOG_F_event
00011484   LOG_system
00010f00   LOG_system$buf
00000000   LOG_system$datatype
00000000   LOG_system$log
00000040   LOG_system$size
00000000   MBX$
00000001   MEM$
00010bdc   MEM_MALLOCSEG
00000000   MEM_NULL
00010bdc   MEM_SEGZERO
00000000   MEM_USEMPC
00000001   MEM_gNumHeap
00000000   MSGQ$
00000000   MSGQ_USEMSGQ
00000000   OBJ$
00000000   PIP$
00011100   PIP_A_TABBEG
000111c8   PIP_A_TABEND
00000002   PIP_A_TABLEN
000109e0   PIP_D_tabbeg
000109e4   PIP_D_tablen
00002654   PIP_F_give
00002654   PIP_F_probe
00002728   PIP_F_start
000025c0   PIP_F_take
00000064   PIP_OBJSIZE
00000000   PIP_gNextId
00000002   PIP_gNumEmbed
00000000   POOL$
00000000   POOL_USEPOOL
00000001   PRD$
00011508   PRD_A_TABBEG
00011528   PRD_A_TABEND
00000001   PRD_A_TABLEN
00010a20   PRD_D_cur
00010a24   PRD_D_elapsed
00010a28   PRD_D_prevtim
00010a2c   PRD_D_scalar
00010a30   PRD_D_swihandle
00010a34   PRD_D_tabbeg
00010a38   PRD_D_tablen
00010a3c   PRD_D_thook
00010a1c   PRD_D_tick
00001780   PRD_F_swi
00001a40   PRD_F_tick
00000008   PRD_SCALAR
0001136c   PRD_SWIHANDLE
000025a0   PRD_THOOKFXN
0000f758   PRD_clock
0001136c   PRD_swi
00000001   PRD_swi$dorta
00000000   PRD_swi$ord
00000001   PRD_swi$pri
00010e88   PRD_swi$sts
00011384   PRD_swi$sts$avgfmt
00000002   PRD_swi$sts$filter
00000001   PRD_swi$sts$filtmaxmult
00000001   PRD_swi$sts$filtsummult
00011374   PRD_swi$sts$maxfmt
00010e84   PRD_swi$sts$stsobj
0001137c   PRD_swi$sts$sumfmt
00000000   PRD_swi$sts$unittype
00000000   PRD_swi$swi
00011398   Ping_SWI
00000001   Ping_SWI$dorta
00000001   Ping_SWI$ord
00000002   Ping_SWI$pri
00010e98   Ping_SWI$sts
0001139e   Ping_SWI$sts$avgfmt
00000002   Ping_SWI$sts$filter
00000001   Ping_SWI$sts$filtmaxmult
00000001   Ping_SWI$sts$filtsummult
0001138e   Ping_SWI$sts$maxfmt
00010e94   Ping_SWI$sts$stsobj
00011396   Ping_SWI$sts$sumfmt
00000000   Ping_SWI$sts$unittype
00000000   Ping_SWI$swi
000113c4   Pong_SWI
00000001   Pong_SWI$dorta
00000002   Pong_SWI$ord
00000002   Pong_SWI$pri
00010ea8   Pong_SWI$sts
000113b8   Pong_SWI$sts$avgfmt
00000002   Pong_SWI$sts$filter
00000001   Pong_SWI$sts$filtmaxmult
00000001   Pong_SWI$sts$filtsummult
000113a8   Pong_SWI$sts$maxfmt
00010ea4   Pong_SWI$sts$stsobj
000113b0   Pong_SWI$sts$sumfmt
00000000   Pong_SWI$sts$unittype
00000000   Pong_SWI$swi
00000001   QUE$
00010a40   RTA_D_fromHost
00010a48   RTA_D_logval
00010a58   RTA_D_stsval
00010a44   RTA_D_toHost
000042a0   RTA_F_andn
00001ed8   RTA_F_dispatch
00001de0   RTA_F_getlog
00001e24   RTA_F_getsts
000042c0   RTA_F_or
00001e6c   RTA_F_readblk
00001e98   RTA_F_resetmem
00001e8c   RTA_F_writeword
0000f750   RTA_dispatcher
00010eec   RTA_dispatcher$
00001f28   RTA_execute
0001144c   RTA_fromHost
0000e284   RTA_fromHost$buf
00000004   RTA_fromHost$framesize
00000000   RTA_fromHost$hst
00000001   RTA_fromHost$id
00000000   RTA_fromHost$mode
00011100   RTA_fromHost$pipe
00011130   RTA_fromHost$pipe$aaa
00011160   RTA_fromHost$pipe$bbb
00010be0   RTA_fromHost$pipe$dtab
00011104   RTA_fromHost$pipe$rd
00011134   RTA_fromHost$pipe$wr
00011454   RTA_fromHost$rtdx
00011468   RTA_toHost
00011000   RTA_toHost$buf
00000040   RTA_toHost$framesize
00000000   RTA_toHost$hst
00000000   RTA_toHost$id
00000001   RTA_toHost$mode
00011164   RTA_toHost$pipe
00011194   RTA_toHost$pipe$aaa
000111c4   RTA_toHost$pipe$bbb
00010bec   RTA_toHost$pipe$dtab
00011168   RTA_toHost$pipe$rd
00011198   RTA_toHost$pipe$wr
00011470   RTA_toHost$rtdx
00000001   RTDX$
00000408   RTDX_BUFMEMSIZE
ffffffff   RTDX_DATAMEMSEG
00000000   RTDX_MODE
00000001   RTDX_NORMALIZED_HDR
00000001   RTDX_USERTDX
00000000   RTDX_USERTEXECUTION
00010bdc   SDRAM
80000000   SDRAM$B
00008000   SDRAM$L
00000001   SEM$
00000000   SIO$
00000001   STS$
00010e64   STS_A_TABBEG
00010ee4   STS_A_TABEND
00003f58   STS_F_add
00003f20   STS_F_delta
00003f84   STS_F_reset
00000001   SWI$
00011340   SWI_A_TABBEG
000113f0   SWI_A_TABEND
00000004   SWI_A_TABLEN
00010ab4   SWI_D_curfxn
00010aa4   SWI_D_curmask
00010ab0   SWI_D_curmbox
00010aa8   SWI_D_curset
00010aa0   SWI_D_execaddr
00010abc   SWI_D_inswi
00010aac   SWI_D_lock
00010ab8   SWI_D_rdybeg
00010ac0   SWI_D_rdytab
00010a9c   SWI_D_runaddr
00000000   SWI_EHOOKFXN
00000ffc   SWI_EXECFXN
00000de0   SWI_F_enable
00000ffc   SWI_F_exec
00001028   SWI_F_iexec
00000e50   SWI_F_post
000010b8   SWI_F_run
00000000   SWI_IHOOKFXN
000010b8   SWI_RUNFXN
00000001   SYS$
00011528   SYS$config
000042e0   SYS_ABORTFXN
000043e0   SYS_ERRORFXN
00004400   SYS_EXITFXN
000041a0   SYS_PUTCFXN
00010ef8   TRC_R_mask
00010ef4   TRC_cinit
00000001   TSK$
00000000   TSK_NUM_HOOKS
00000001   TSK_PRIORITY
00000000   TSK_READYFXN
00000000   TSK_STACKSEG
00000400   TSK_STACKSIZE
00000000   TSK_SWITCHFXN
00004360   TSK_VCREATEFXN
00004360   TSK_VDELETEFXN
00004360   TSK_VEXITFXN
000111d4   TSK_idle
00000001   TSK_idle$ord
00000000   TSK_idle$pri
000104d0   TSK_idle$stack
00010868   TSK_idle$stkptr
00010eb8   TSK_idle$sts
000113d2   TSK_idle$sts$avgfmt
00000002   TSK_idle$sts$filter
00000001   TSK_idle$sts$filtmaxmult
00000001   TSK_idle$sts$filtsummult
000113c2   TSK_idle$sts$maxfmt
00010eb4   TSK_idle$sts$stsobj
000113ca   TSK_idle$sts$sumfmt
00000000   TSK_idle$sts$unittype
00000000   TSK_idle$tsk
00000000   UDEV$
0000f760   _BIOS_init
0000f984   _BIOS_start
00010b38   _BufferInPingC
00010b3c   _BufferInPongC
00010b40   _BufferOutPingC
00010b44   _BufferOutPongC
0001153c   _Buffer_in_ping
00011d3c   _Buffer_in_pong
0001253c   _Buffer_out_ping
00012d3c   _Buffer_out_pong
0000dbba   _CLK_COUNTSPMS
00010c44   _CLK_DFLTMICROSECS
00010a18   _CLK_D_countspms
00010a0c   _CLK_D_dirty
00010c48   _CLK_D_microseconds
00010a10   _CLK_D_prd
00010a14   _CLK_D_tddr
00002f54   _CLK_F_itime
0000dbba   _CLK_PRD
01940000   _CLK_REGS
00000000   _CLK_TDDR
00000000   _CLK_TIMERNUM
00000001   _CLK_USETIMER
000109fc   _CLK_htimeDiv
00010a00   _CLK_htimeMult
00010c54   _CLK_htimePerLtime
00002f54   _CLK_itime
00010a04   _CLK_ltimeDiv
00010a08   _CLK_ltimeMult
00003900   _CLK_measure
00004200   _CLK_start
00004320   _CLK_stop
00008500   _CSL6713_LIB_
00006778   _Config_DSK6713_AIC23
00008388   _DSK6713_DIP_get
00008380   _DSK6713_DIP_init
00006da0   _DSK6713_LED_init
00006de0   _DSK6713_LED_off
00006e50   _DSK6713_LED_on
00006ec0   _DSK6713_LED_toggle
00005fb4   _DSK6713_getVersion
00005bec   _DSK6713_init
00005f08   _DSK6713_rget
00005f1c   _DSK6713_rset
0000f744   _DSK6713_version
00005f30   _DSK6713_wait
00005f88   _DSK6713_waitusec
000056c0   _DSPF_sp_cfftr2_dit
00005080   _DSPF_sp_icfftr2_dif
00007300   _EDMA_allocTable
00008400   _EDMA_disableChannel
00008460   _EDMA_enableChannel
00007cc0   _EDMA_intAlloc
00004ef0   _EDMA_interrupt_service
00006440   _EDMA_open
00007920   _EDMA_reset
0001553c   _FIRCoef
00004360   _FXN_F_nop
00003da8   _FXN_F_run
00003df8   _FXN_F_zero
00000000   _GBL_CACHE
00010a74   _GBL_clkIn
00003580   _GBL_cslCacheInit
00010a78   _GBL_freq
00004380   _GBL_getVersion
00010a70   _GBL_procId
00007668   _GBL_setPLLto225MHz
00011448   _HST_A_TABBEG
00011484   _HST_A_TABEND
00004108   _HWI_CFGDISPATCHED
00010c04   _HWI_D_inhwi
00010bf8   _HWI_D_spsave
00001320   _HWI_F_dispatch
0000000a   _HWI_INT10
0000000b   _HWI_INT11
0000000c   _HWI_INT12
0000000d   _HWI_INT13
0000000e   _HWI_INT14
0000000f   _HWI_INT15
00000004   _HWI_INT4
00000005   _HWI_INT5
00000006   _HWI_INT6
00000007   _HWI_INT7
00000008   _HWI_INT8
00000009   _HWI_INT9
00000001   _HWI_NMI
00000002   _HWI_RESERVED0
00000003   _HWI_RESERVED1
00000000   _HWI_RESET
0000c598   _HWI_STKBOTTOM
000085a0   _HWI_STKTOP
00010bf8   _HWI_data
00004020   _HWI_disable
000108d0   _HWI_dispatchTab
00004038   _HWI_enable
0000404c   _HWI_restore
00010ed8   _IDL_busyObj
0000f748   _IDL_cpuLoad
000043a0   _IDL_loop
ffffffff   _IRAM
00006f80   _IRQ_map
00010b90   _KNL_alarm
00003440   _KNL_check
00010bb4   _KNL_curqueue
00010ba4   _KNL_curtask
00010bac   _KNL_curtime
0000f45c   _KNL_dummy
000036b4   _KNL_enter
00003660   _KNL_exit
00003518   _KNL_idle
00010bcc   _KNL_idlefxn
00010b98   _KNL_inactive
000039e0   _KNL_ipost
0000353c   _KNL_max
00010bb8   _KNL_maxqueue
00003aa0   _KNL_post
00010ba8   _KNL_prevtask
00010b9c   _KNL_priority
0000f3bc   _KNL_queues
00001b20   _KNL_run
00002c20   _KNL_saveIsrFrame
00010ba0   _KNL_set
00010b94   _KNL_setpri
00011340   _KNL_swi
00010bb0   _KNL_swiptr
00002cec   _KNL_switch
00010bc0   _KNL_tcreatefxn
00010bc4   _KNL_tdeletefxn
000025a0   _KNL_tick
00010bc8   _KNL_treadyfxn
00010bbc   _KNL_tswitchfxn
00010b88   _KNL_wFlag
00010b8c   _KNL_wList
00003b90   _LCK_pend
00003b60   _LCK_post
00011508   _LED_Toggle
00011234   _LED_toggle
0000f74c   _LNK_dataPump
00010c14   _LNK_dspFrameReadyMask
00010c10   _LNK_dspFrameRequestMask
00010c1c   _LNK_readDone
00010c20   _LNK_readFail
00010c18   _LNK_readPend
00010c24   _LNK_writeFail
00011484   _LOG_A_TABBEG
000114b4   _LOG_A_TABEND
00000002   _LOG_A_TABLEN
000109dc   _LOG_D_system
00003ea0   _LOG_event
00011484   _LOG_system
00007dc0   _MCBSP_open
000074a0   _MCBSP_reset
00007ec0   _MCBSP_start
00010c60   _MEM
00010a7c   _MEM_D_NUMSEGMENTS
00010a84   _MEM_D_freelist
00010a88   _MEM_D_lockaddr
00010a80   _MEM_D_memtab
00010a8c   _MEM_D_unlockaddr
0000fa40   _MEM_init
00010bd0   _MEM_memtab
0000fc60   _OBJ_init
0000f528   _OBJ_segtab
0000f4f0   _OBJ_table
00011100   _PIP_A_TABBEG
000111c8   _PIP_A_TABEND
00010a1c   _PRD_D_tick
0000f758   _PRD_clock
0001136c   _PRD_swi
00011398   _Ping_SWI
000113c4   _Pong_SWI
0000f750   _RTA_dispatcher
0001144c   _RTA_fromHost
00011468   _RTA_toHost
0000fc80   _RTDX_Buffer
0001008c   _RTDX_Buffer_End
0000ef80   _RTDX_Buffer_Initialize
0000f0c0   _RTDX_Buffer_Read
0000efe0   _RTDX_Buffer_ReadCB
0000f040   _RTDX_Buffer_Size
00010088   _RTDX_Buffer_Start
0000f0e0   _RTDX_Buffer_Write
0000e6a0   _RTDX_Buffer_WriteCB
0000f080   _RTDX_Final_RT_Monitor
0000ef00   _RTDX_Init_RT_Monitor
00000002   _RTDX_JTAGONLY
0000f120   _RTDX_Mask_IER
0000ece0   _RTDX_Mon_Queue
0000e2a0   _RTDX_Poll
00000000   _RTDX_interrupt_mask
0001009c   _RTDX_writing
00010bdc   _SDRAM
80000000   _SDRAM_base
00008000   _SDRAM_length
000114c0   _SEM_LEDToggle
000040e0   _SEM_pend
00004080   _SEM_pendBinary
000020a0   _SEM_pendEnterKnl
00003820   _SEM_post
00003820   _SEM_postBinary
00003740   _SEM_postEnterKnl
00010e64   _STS_A_TABBEG
00010ee4   _STS_A_TABEND
00003f58   _STS_add
00003f20   _STS_delta
00003f84   _STS_reset
000043c0   _STS_set
00010ab4   _SWI_D_curfxn
00010aa4   _SWI_D_curmask
00010aa8   _SWI_D_curset
00010aa0   _SWI_D_execaddr
00010abc   _SWI_D_inswi
00010aac   _SWI_D_lock
00010ab8   _SWI_D_rdybeg
00010a9c   _SWI_D_runaddr
00004ec4   _SWI_LEDToggle
00010a9c   _SWI_data
00000e50   _SWI_post
00010a90   _SYS
00010c64   _SYS_PUTCBEG
00010e63   _SYS_PUTCEND
00004140   _SYS_abort
00003c20   _SYS_exit
0000f6f0   _SYS_exitStack
00010c4c   _SYS_exitStackPtr
00010c50   _SYS_exitStackTop
00007a60   _TIMER_open
00007ba0   _TIMER_reset
00010ef8   _TRC_R_mask
00010c40   _TSK
0000f494   _TSK_ATTRS
0000f4b0   _TSK_config
00002fa0   _TSK_exit
000111d4   _TSK_idle
0000fbe0   _TSK_init
00010c38   _TSK_nTasks
00010c3c   _TSK_pid
00002a20   _TSK_setup
00003380   _TSK_startup
0000f4d0   _TSK_timerSem
000042e0   _UTL_doAbort
000043e0   _UTL_doError
000041a0   _UTL_doPutc
00004400   _UTL_halt
00002f70   __CLK_lat1beg
00002f9c   __CLK_lat1end
00006b80   __CSL_init
00000c34   __GBL_setL2CacheMode
00010a98   __HOOK_NUMHOOKS
00010a94   __HOOK_knlId
00001320   __HWI_lat1beg
000014a0   __HWI_lat1end
000014a0   __HWI_lat2beg
00001640   __HWI_lat2end1
000015cc   __HWI_lat2end2
00001660   __HWI_lat3beg
00001760   __HWI_lat3end1
000015fc   __HWI_lat3end2
00003e20   __IDL_lat1beg
00003e70   __IDL_lat1end
0000f3b4   __IRQ_dispatchTable
0000f2f0   __IRQ_eventTable
00008580   __IRQ_hookFetchPacket
00008240   __IRQ_init
0000f374   __IRQ_intTable
00003490   __KNL_lat1beg
00003518   __KNL_lat1end
00003ea0   __LOG_lat1beg
0000f668   __MCBSP_hDev0
0000f66c   __MCBSP_hDev1
0000f5c0   __MEM_mutex
00001e98   __RTA_lat1beg
00001ed0   __RTA_lat1end
00002800   __SEM_dopost
0000c5a0   __STACK_END
00004000   __STACK_SIZE
00000f8c   __SWI_lat1beg
00001040   __SWI_lat1end
00001044   __SWI_lat2beg
000010b4   __SWI_lat2end
00000de0   __SWI_lat3beg
00000e4c   __SWI_lat3end
0000f6cc   __TIMER_deviceTable
0000f6ec   __TIMER_hBios
0000f6e4   __TIMER_hDev0
0000f6e8   __TIMER_hDev1
0000f598   __TSK_mutex
0000f734   ___TI_enable_exit_profile_output
ffffffff   ___TI_pprof_out_hndl
ffffffff   ___TI_prof_data_size
ffffffff   ___TI_prof_data_start
000084c0   ___add_dtor
0000f140   ___atexit_func_id__
ffffffff   ___binit__
000108d0   ___bss__
ffffffff   ___c_args__
0000c5a0   ___cinit__
00000000   ___data__
00000000   ___edata__
00010c64   ___end__
000085a0   ___etext__
0000e294   ___pinit__
00004420   ___text__
00003140   __auto_init
0000f72c   __cleanup_ptr
0000f730   __dtors_ptr
0000f738   __lock
00008520   __nop
00008540   __register_lock
00008560   __register_unlock
000085a0   __stack
00007fc0   __strasg
0000f73c   __unlock
000080a0   _atexit
0000fb20   _c_int00
000077c0   _call_dtors
0000f608   _configEDMARcv
0000f620   _configEDMAXmt
000045cc   _config_EDMA
00004c7c   _config_interrupts
000063bc   _convertShortBufferToComplexFloatAndInsulateFirstChannel
0000f5e8   _datainterface_config
0000f740   _dtors
0000627c   _generateSpectrumOnes
00010b5c   _hEdmaRcv
00010b64   _hEdmaReloadRcvPing
00010b6c   _hEdmaReloadRcvPong
00010b68   _hEdmaReloadXmtPing
00010b70   _hEdmaReloadXmtPong
00010b60   _hEdmaXmt
00010b74   _hMcbsp
00014d3c   _impuleResponseFilter
00013d3c   _impuleResponseSpecFilter
00004ce8   _main
00006940   _memcpy
0001149c   _myLOG
ffffffff   _myMEM
00006020   _processFastFolding
00004474   _process_ping_SWI
0000446c   _process_pong_SWI
00010c30   _rtdxNullChanCnt
00010c34   _rtdxNullFuncCnt
00010090   _rtdx_buffer_state
000100b0   _rtdx_mon_state
000066c0   _set_aic23_register
0000f558   _tccAllocTable
00010b4c   _tccRcvPing
00010b50   _tccRcvPong
00010b54   _tccXmtPing
00010b58   _tccXmtPong
00004420   _tsk_led_toggle
0001353c   _twiddleFac
00010b48   _twiddleFacC
00007640   _wait500nS
ffffffff   binit
0000c5a0   cinit
00000000   edata
00010c64   end
000085a0   etext
00000000   hwi0
00000020   hwi1
00000140   hwi10
00000160   hwi11
00000180   hwi12
000001a0   hwi13
000001c0   hwi14
000001e0   hwi15
00000040   hwi2
00000060   hwi3
00000080   hwi4
000000a0   hwi5
000000c0   hwi6
000000e0   hwi7
00000100   hwi8
00000120   hwi9
0001149c   myLOG
80008000   myLOG$buf
00000001   myLOG$datatype
00000000   myLOG$log
00000020   myLOG$size
ffffffff   myMEM
0000e294   pinit


GLOBAL SYMBOLS: SORTED BY Symbol Address 

address    name
--------   ----
00000000   .data
00000000   BUF$
00000000   CLK_COUNTSPMSHIGH
00000000   CLK_PRDHIGH
00000000   CLK_TDDR
00000000   CLK_TDDRHIGH
00000000   CLK_TIMERNUM
00000000   DEV$
00000000   DGN$
00000000   DHL$
00000000   DHL_gChannelsAvailable
00000000   DIO$
00000000   DIO_NUMSWIBASE
00000000   DIO_NUMTSKBASE
00000000   DIO_STATIC
00000000   DPI$
00000000   GBL_BIGENDIAN
00000000   GBL_C641XL2PRIORITY
00000000   GBL_CACHE
00000000   GBL_L2CONFIGALLOC
00000000   GBL_L2MARMASK1
00000000   GBL_L2MARMASK2
00000000   GBL_L2MARMASK3
00000000   GBL_L2MARMASK4
00000000   GBL_L2MARMASK5
00000000   GBL_L2MODE
00000000   GBL_L2PRIORITY
00000000   GBL_NULL
00000000   GBL_PROCID
00000000   GBL_ROM
00000000   GBL_SUPPORTCSL
00000000   GIO$
00000000   HOOK$
00000000   HOOK_KNLID
00000000   HST_DSM
00000000   HST_NONE
00000000   HWI_A_VECS
00000000   HWI_GENERATE_RESET_VEC
00000000   HWI_INT10$hwi
00000000   HWI_INT11$hwi
00000000   HWI_INT12$hwi
00000000   HWI_INT13$hwi
00000000   HWI_INT14$hwi
00000000   HWI_INT15$hwi
00000000   HWI_INT4$hwi
00000000   HWI_INT5$hwi
00000000   HWI_INT6$hwi
00000000   HWI_INT7$hwi
00000000   HWI_INT8$hwi
00000000   HWI_INT9$hwi
00000000   HWI_NMI$hwi
00000000   HWI_POLARITYMASK
00000000   HWI_RESERVED0$hwi
00000000   HWI_RESERVED1$hwi
00000000   HWI_RESET
00000000   HWI_RESET$hwi
00000000   IDL_busyObj$iB
00000000   IDL_busyObj$operation
00000000   KNL_swi$ord
00000000   KNL_swi$pri
00000000   KNL_swi$sts$unittype
00000000   KNL_swi$swi
00000000   LED_Toggle$mode
00000000   LED_Toggle$prd
00000000   LED_Toggle$sts$filter
00000000   LED_toggle$sts$unittype
00000000   LED_toggle$tsk
00000000   LOG_system$datatype
00000000   LOG_system$log
00000000   MBX$
00000000   MEM_NULL
00000000   MEM_USEMPC
00000000   MSGQ$
00000000   MSGQ_USEMSGQ
00000000   OBJ$
00000000   PIP$
00000000   PIP_gNextId
00000000   POOL$
00000000   POOL_USEPOOL
00000000   PRD_swi$ord
00000000   PRD_swi$sts$unittype
00000000   PRD_swi$swi
00000000   Ping_SWI$sts$unittype
00000000   Ping_SWI$swi
00000000   Pong_SWI$sts$unittype
00000000   Pong_SWI$swi
00000000   RTA_fromHost$hst
00000000   RTA_fromHost$mode
00000000   RTA_toHost$hst
00000000   RTA_toHost$id
00000000   RTDX_MODE
00000000   RTDX_USERTEXECUTION
00000000   SIO$
00000000   SWI_EHOOKFXN
00000000   SWI_IHOOKFXN
00000000   TSK_NUM_HOOKS
00000000   TSK_READYFXN
00000000   TSK_STACKSEG
00000000   TSK_SWITCHFXN
00000000   TSK_idle$pri
00000000   TSK_idle$sts$unittype
00000000   TSK_idle$tsk
00000000   UDEV$
00000000   _CLK_TDDR
00000000   _CLK_TIMERNUM
00000000   _GBL_CACHE
00000000   _HWI_RESET
00000000   _RTDX_interrupt_mask
00000000   ___data__
00000000   ___edata__
00000000   edata
00000000   hwi0
00000000   myLOG$log
00000001   BUF_ENABLED
00000001   CLK$
00000001   CLK_CALDIV
00000001   CLK_HTIMEDIV
00000001   CLK_LTIMEDIV
00000001   CLK_USETIMER
00000001   GBL$
00000001   GBL_CALLCSLCFGINIT
00000001   GBL_ENABLEINST
00000001   GBL_L2CONFIGURE
00000001   GBL_L2MARMASK
00000001   GBL_USERINIT
00000001   GBL_boot
00000001   HST$
00000001   HST_RTDX
00000001   HWI$
00000001   HWI_NMI
00000001   HWI_ZEROTAB
00000001   IDL$
00000001   IDL_USECLKIDLTIME
00000001   IDL_busyObj$filter
00000001   IDL_busyObj$iA
00000001   IDL_busyObj$iC
00000001   ISRC$
00000001   KNL_swi$dorta
00000001   KNL_swi$sts$filtmaxmult
00000001   KNL_swi$sts$filtsummult
00000001   LCK$
00000001   LED_toggle$pri
00000001   LED_toggle$sts$filtmaxmult
00000001   LED_toggle$sts$filtsummult
00000001   LOG$
00000001   LOG_ENABLED
00000001   MEM$
00000001   MEM_gNumHeap
00000001   PRD$
00000001   PRD_A_TABLEN
00000001   PRD_swi$dorta
00000001   PRD_swi$pri
00000001   PRD_swi$sts$filtmaxmult
00000001   PRD_swi$sts$filtsummult
00000001   Ping_SWI$dorta
00000001   Ping_SWI$ord
00000001   Ping_SWI$sts$filtmaxmult
00000001   Ping_SWI$sts$filtsummult
00000001   Pong_SWI$dorta
00000001   Pong_SWI$sts$filtmaxmult
00000001   Pong_SWI$sts$filtsummult
00000001   QUE$
00000001   RTA_fromHost$id
00000001   RTA_toHost$mode
00000001   RTDX$
00000001   RTDX_NORMALIZED_HDR
00000001   RTDX_USERTDX
00000001   SEM$
00000001   STS$
00000001   SWI$
00000001   SYS$
00000001   TSK$
00000001   TSK_PRIORITY
00000001   TSK_idle$ord
00000001   TSK_idle$sts$filtmaxmult
00000001   TSK_idle$sts$filtsummult
00000001   _CLK_USETIMER
00000001   _HWI_NMI
00000001   myLOG$datatype
00000002   HWI_RESERVED0
00000002   IDL_busyObj$unittype
00000002   KNL_swi$sts$filter
00000002   LED_Toggle$sts$unittype
00000002   LED_toggle$sts$filter
00000002   LOG_A_TABLEN
00000002   PIP_A_TABLEN
00000002   PIP_gNumEmbed
00000002   PRD_swi$sts$filter
00000002   Ping_SWI$pri
00000002   Ping_SWI$sts$filter
00000002   Pong_SWI$ord
00000002   Pong_SWI$pri
00000002   Pong_SWI$sts$filter
00000002   TSK_idle$sts$filter
00000002   _HWI_RESERVED0
00000002   _LOG_A_TABLEN
00000002   _RTDX_JTAGONLY
00000003   HWI_RESERVED1
00000003   LED_toggle$ord
00000003   _HWI_RESERVED1
00000004   CLK_CALMULT
00000004   CLK_HTIMEMULT
00000004   HWI_INT4
00000004   RTA_fromHost$framesize
00000004   SWI_A_TABLEN
00000004   _HWI_INT4
00000005   HWI_INT5
00000005   LED_Toggle$ord
00000005   _HWI_INT5
00000006   HWI_INT6
00000006   IDL_CALIBRERROR
00000006   _HWI_INT6
00000007   HWI_INT7
00000007   _HWI_INT7
00000008   HWI_INT8
00000008   PRD_SCALAR
00000008   _HWI_INT8
00000009   HWI_INT9
00000009   _HWI_INT9
0000000a   HWI_INT10
0000000a   _HWI_INT10
0000000b   HWI_INT11
0000000b   _HWI_INT11
0000000c   HWI_INT12
0000000c   _HWI_INT12
0000000d   HWI_INT13
0000000d   _HWI_INT13
0000000e   HWI_INT14
0000000e   _HWI_INT14
0000000f   HWI_INT15
0000000f   _HWI_INT15
00000020   CLK_TCR
00000020   hwi1
00000020   myLOG$size
0000003e   GBL_DSPTYPE
00000040   HST_MAXFRAMESET
00000040   LOG_system$size
00000040   RTA_toHost$framesize
00000040   hwi2
00000042   GBL_FOOTPRINT
00000060   hwi3
00000064   PIP_OBJSIZE
00000080   hwi4
000000a0   hwi5
000000c0   hwi6
000000e0   hwi7
000000ff   HST_MAXFRAMEALLOWED
00000100   hwi8
00000120   hwi9
00000140   hwi10
00000160   hwi11
00000180   hwi12
000001a0   hwi13
000001c0   hwi14
000001e0   hwi15
00000200   LNK_F_checkBufferCall
00000220   LNK_F_getChanPtr
00000278   LNK_F_init
00000280   LNK_F_dataPump
00000294   LNK_rcloop
00000360   LNK_rdrtry
00000370   LNK_rrloop
000003e8   CLK_MICROSECS
000003e8   LED_Toggle$period
00000400   HST_DSMMEMSIZE
00000400   TSK_STACKSIZE
00000408   RTDX_BUFMEMSIZE
00000434   LNK_wrrtry
00000444   LNK_wrloop
00000520   LNK_newin
00000660   LNK_newout
000007c4   LNK_F_readCallBack
00000c34   __GBL_setL2CacheMode
00000de0   SWI_F_enable
00000de0   __SWI_lat3beg
00000e4c   __SWI_lat3end
00000e50   SWI_F_post
00000e50   _SWI_post
00000f8c   __SWI_lat1beg
00000ffc   SWI_EXECFXN
00000ffc   SWI_F_exec
00001028   SWI_F_iexec
00001040   __SWI_lat1end
00001044   __SWI_lat2beg
000010b4   __SWI_lat2end
000010b8   SWI_F_run
000010b8   SWI_RUNFXN
00001320   CLK_HOOKFXN
00001320   HWI_F_dispatch
00001320   _HWI_F_dispatch
00001320   __HWI_lat1beg
000014a0   __HWI_lat1end
000014a0   __HWI_lat2beg
000015cc   __HWI_lat2end2
000015fc   __HWI_lat3end2
00001640   __HWI_lat2end1
00001660   __HWI_lat3beg
00001760   __HWI_lat3end1
00001770   GBL_CLKTYPE
00001780   PRD_F_swi
00001a39   GBL_DSPSUBTYPE
00001a40   PRD_F_tick
00001b20   _KNL_run
00001de0   RTA_F_getlog
00001e24   RTA_F_getsts
00001e6c   RTA_F_readblk
00001e8c   RTA_F_writeword
00001e98   RTA_F_resetmem
00001e98   __RTA_lat1beg
00001ed0   __RTA_lat1end
00001ed8   RTA_F_dispatch
00001f28   RTA_execute
000020a0   _SEM_pendEnterKnl
00002226   GBL_L2ALLOC
000025a0   PRD_THOOKFXN
000025a0   _KNL_tick
000025c0   PIP_F_take
00002654   PIP_F_give
00002654   PIP_F_probe
00002728   PIP_F_start
00002800   __SEM_dopost
00002a20   _TSK_setup
00002c20   _KNL_saveIsrFrame
00002cec   _KNL_switch
00002da0   KNL_glue
00002de0   CLK_F_getltime
00002df4   CLK_F_isr
00002f54   CLK_F_itime
00002f54   _CLK_F_itime
00002f54   _CLK_itime
00002f70   __CLK_lat1beg
00002f9c   __CLK_lat1end
00002fa0   _TSK_exit
00003140   __auto_init
00003380   _TSK_startup
00003440   _KNL_check
00003490   __KNL_lat1beg
00003518   _KNL_idle
00003518   __KNL_lat1end
0000353c   _KNL_max
00003580   _GBL_cslCacheInit
00003660   _KNL_exit
000036b4   _KNL_enter
00003740   _SEM_postEnterKnl
00003820   _SEM_post
00003820   _SEM_postBinary
00003900   _CLK_measure
000039e0   _KNL_ipost
00003aa0   _KNL_post
00003b60   _LCK_post
00003b90   _LCK_pend
00003c20   _SYS_exit
00003ce0   CLK_F_getfhtime
00003d00   CLK_F_gethtime
00003d00   CLK_F_getshtime
00003d00   CLK_TIMEFXN
00003da0   FXN_F_nop
00003da8   FXN_F_run
00003da8   _FXN_F_run
00003df8   FXN_F_zero
00003df8   _FXN_F_zero
00003e20   IDL_F_busy
00003e20   __IDL_lat1beg
00003e70   __IDL_lat1end
00003ea0   LOG_F_event
00003ea0   _LOG_event
00003ea0   __LOG_lat1beg
00003f20   STS_F_delta
00003f20   _STS_delta
00003f58   STS_F_add
00003f58   _STS_add
00003f84   STS_F_reset
00003f84   _STS_reset
00003fa0   IDL_F_calibrate
00004000   CLK_INTBIT
00004000   __STACK_SIZE
00004020   _HWI_disable
00004038   _HWI_enable
0000404c   _HWI_restore
00004080   _SEM_pendBinary
000040e0   _SEM_pend
00004108   HWI_CFGDISPATCHED
00004108   _HWI_CFGDISPATCHED
00004140   _SYS_abort
000041a0   SYS_PUTCFXN
000041a0   _UTL_doPutc
00004200   _CLK_start
00004260   IDL_CALIBRFXN
00004260   IDL_F_stub
000042a0   RTA_F_andn
000042c0   RTA_F_or
000042e0   SYS_ABORTFXN
000042e0   _UTL_doAbort
00004320   _CLK_stop
00004360   GIO_CREATEFXN
00004360   GIO_DELETEFXN
00004360   GIO_PENDFXN
00004360   GIO_POSTFXN
00004360   TSK_VCREATEFXN
00004360   TSK_VDELETEFXN
00004360   TSK_VEXITFXN
00004360   _FXN_F_nop
00004380   _GBL_getVersion
000043a0   IDL_F_loop
000043a0   _IDL_loop
000043c0   _STS_set
000043e0   SYS_ERRORFXN
000043e0   _UTL_doError
00004400   SYS_EXITFXN
00004400   _UTL_halt
00004420   .text
00004420   ___text__
00004420   _tsk_led_toggle
0000446c   _process_pong_SWI
00004474   _process_ping_SWI
000045cc   _config_EDMA
00004c7c   _config_interrupts
00004ce8   _main
00004e20   GBL_CLKIN
00004ec4   _SWI_LEDToggle
00004ef0   _EDMA_interrupt_service
00005080   _DSPF_sp_icfftr2_dif
00005205   GBL_A_VERSION
000056c0   _DSPF_sp_cfftr2_dit
00005bec   _DSK6713_init
00005f08   _DSK6713_rget
00005f1c   _DSK6713_rset
00005f30   _DSK6713_wait
00005f88   _DSK6713_waitusec
00005fb4   _DSK6713_getVersion
00006020   _processFastFolding
0000627c   _generateSpectrumOnes
000063bc   _convertShortBufferToComplexFloatAndInsulateFirstChannel
00006440   _EDMA_open
000066c0   _set_aic23_register
00006778   _Config_DSK6713_AIC23
00006940   _memcpy
00006b80   __CSL_init
00006da0   _DSK6713_LED_init
00006de0   _DSK6713_LED_off
00006e50   _DSK6713_LED_on
00006ec0   _DSK6713_LED_toggle
00006f80   _IRQ_map
00007300   _EDMA_allocTable
000074a0   _MCBSP_reset
00007640   _wait500nS
00007668   GBL_USERINITFXN
00007668   _GBL_setPLLto225MHz
000077c0   _call_dtors
00007920   _EDMA_reset
00007a60   _TIMER_open
00007ba0   _TIMER_reset
00007cc0   _EDMA_intAlloc
00007dc0   _MCBSP_open
00007ec0   _MCBSP_start
00007fc0   __strasg
00008000   SDRAM$L
00008000   _SDRAM_length
000080a0   _atexit
00008240   __IRQ_init
00008380   _DSK6713_DIP_init
00008388   _DSK6713_DIP_get
00008400   _EDMA_disableChannel
00008460   _EDMA_enableChannel
000084c0   ___add_dtor
00008500   _CSL6713_LIB_
00008520   __nop
00008540   __register_lock
00008560   __register_unlock
00008580   __IRQ_hookFetchPacket
000085a0   GBL_stackbeg
000085a0   _HWI_STKTOP
000085a0   ___etext__
000085a0   __stack
000085a0   etext
0000c598   _HWI_STKBOTTOM
0000c59f   GBL_stackend
0000c5a0   __STACK_END
0000c5a0   ___cinit__
0000c5a0   cinit
0000dbba   CLK_COUNTSPMS
0000dbba   CLK_HTIMEPERLTIME
0000dbba   CLK_PRD
0000dbba   _CLK_COUNTSPMS
0000dbba   _CLK_PRD
0000dbef   GBL_TRCMASKVALUE
0000e284   RTA_fromHost$buf
0000e294   ___pinit__
0000e294   pinit
0000e2a0   _RTDX_Poll
0000e6a0   _RTDX_Buffer_WriteCB
0000ece0   _RTDX_Mon_Queue
0000ef00   _RTDX_Init_RT_Monitor
0000ef80   _RTDX_Buffer_Initialize
0000efe0   _RTDX_Buffer_ReadCB
0000f040   _RTDX_Buffer_Size
0000f080   _RTDX_Final_RT_Monitor
0000f0c0   _RTDX_Buffer_Read
0000f0e0   _RTDX_Buffer_Write
0000f120   _RTDX_Mask_IER
0000f140   ___atexit_func_id__
0000f2f0   __IRQ_eventTable
0000f374   __IRQ_intTable
0000f3b4   __IRQ_dispatchTable
0000f3bc   _KNL_queues
0000f45c   _KNL_dummy
0000f494   _TSK_ATTRS
0000f4b0   _TSK_config
0000f4d0   _TSK_timerSem
0000f4f0   _OBJ_table
0000f528   _OBJ_segtab
0000f558   _tccAllocTable
0000f598   __TSK_mutex
0000f5c0   __MEM_mutex
0000f5e8   _datainterface_config
0000f608   _configEDMARcv
0000f620   _configEDMAXmt
0000f668   __MCBSP_hDev0
0000f66c   __MCBSP_hDev1
0000f6cc   __TIMER_deviceTable
0000f6e4   __TIMER_hDev0
0000f6e8   __TIMER_hDev1
0000f6ec   __TIMER_hBios
0000f6f0   _SYS_exitStack
0000f72c   __cleanup_ptr
0000f730   __dtors_ptr
0000f734   ___TI_enable_exit_profile_output
0000f738   __lock
0000f73c   __unlock
0000f740   _dtors
0000f744   _DSK6713_version
0000f748   IDL_A_TABBEG
0000f748   IDL_cpuLoad
0000f748   _IDL_cpuLoad
0000f74c   LNK_dataPump
0000f74c   _LNK_dataPump
0000f750   RTA_dispatcher
0000f750   _RTA_dispatcher
0000f754   IDL_END
0000f758   CLK_A_TABBEG
0000f758   PRD_clock
0000f758   _PRD_clock
0000f75c   CLK_null
0000f760   BIOS_init
0000f760   _BIOS_init
0000f8dc   BIOS$$CLKON
0000f91c   BIOS$$CLKOFF
0000f984   BIOS_start
0000f984   _BIOS_start
0000fa40   _MEM_init
0000fb20   _c_int00
0000fbe0   _TSK_init
0000fc60   _OBJ_init
0000fc80   _RTDX_Buffer
00010088   _RTDX_Buffer_Start
0001008c   _RTDX_Buffer_End
00010090   _rtdx_buffer_state
0001009c   _RTDX_writing
000100b0   _rtdx_mon_state
000100d0   LED_toggle$stack
00010468   LED_toggle$stkptr
000104d0   TSK_idle$stack
00010868   TSK_idle$stkptr
000108d0   $bss
000108d0   .bss
000108d0   _HWI_dispatchTab
000108d0   ___bss__
000109d0   IDL_D_tabbeg
000109d4   IDL_D_calibrate
000109d8   IDL_D_calbeg
000109dc   LOG_D_system
000109dc   _LOG_D_system
000109e0   PIP_D_tabbeg
000109e4   PIP_D_tablen
000109e8   CLK_R_time
000109ec   CLK_D_timefxn
000109f0   CLK_D_tabbeg
000109f4   CLK_D_isrhook
000109f8   CLK_D_idletime
000109fc   _CLK_htimeDiv
00010a00   _CLK_htimeMult
00010a04   _CLK_ltimeDiv
00010a08   _CLK_ltimeMult
00010a0c   _CLK_D_dirty
00010a10   _CLK_D_prd
00010a14   _CLK_D_tddr
00010a18   _CLK_D_countspms
00010a1c   PRD_D_tick
00010a1c   _PRD_D_tick
00010a20   PRD_D_cur
00010a24   PRD_D_elapsed
00010a28   PRD_D_prevtim
00010a2c   PRD_D_scalar
00010a30   PRD_D_swihandle
00010a34   PRD_D_tabbeg
00010a38   PRD_D_tablen
00010a3c   PRD_D_thook
00010a40   RTA_D_fromHost
00010a44   RTA_D_toHost
00010a48   RTA_D_logval
00010a58   RTA_D_stsval
00010a64   HST_D_chanmask
00010a68   HST_D_tabbeg
00010a6c   HST_D_tabend
00010a70   _GBL_procId
00010a74   _GBL_clkIn
00010a78   _GBL_freq
00010a7c   _MEM_D_NUMSEGMENTS
00010a80   _MEM_D_memtab
00010a84   _MEM_D_freelist
00010a88   _MEM_D_lockaddr
00010a8c   _MEM_D_unlockaddr
00010a90   _SYS
00010a94   __HOOK_knlId
00010a98   __HOOK_NUMHOOKS
00010a9c   SWI_D_runaddr
00010a9c   _SWI_D_runaddr
00010a9c   _SWI_data
00010aa0   SWI_D_execaddr
00010aa0   _SWI_D_execaddr
00010aa4   SWI_D_curmask
00010aa4   _SWI_D_curmask
00010aa8   SWI_D_curset
00010aa8   _SWI_D_curset
00010aac   SWI_D_lock
00010aac   _SWI_D_lock
00010ab0   SWI_D_curmbox
00010ab4   SWI_D_curfxn
00010ab4   _SWI_D_curfxn
00010ab8   SWI_D_rdybeg
00010ab8   _SWI_D_rdybeg
00010abc   SWI_D_inswi
00010abc   _SWI_D_inswi
00010ac0   SWI_D_rdytab
00010b38   _BufferInPingC
00010b3c   _BufferInPongC
00010b40   _BufferOutPingC
00010b44   _BufferOutPongC
00010b48   _twiddleFacC
00010b4c   _tccRcvPing
00010b50   _tccRcvPong
00010b54   _tccXmtPing
00010b58   _tccXmtPong
00010b5c   _hEdmaRcv
00010b60   _hEdmaXmt
00010b64   _hEdmaReloadRcvPing
00010b68   _hEdmaReloadXmtPing
00010b6c   _hEdmaReloadRcvPong
00010b70   _hEdmaReloadXmtPong
00010b74   _hMcbsp
00010b88   _KNL_wFlag
00010b8c   _KNL_wList
00010b90   _KNL_alarm
00010b94   _KNL_setpri
00010b98   _KNL_inactive
00010b9c   _KNL_priority
00010ba0   _KNL_set
00010ba4   _KNL_curtask
00010ba8   _KNL_prevtask
00010bac   _KNL_curtime
00010bb0   _KNL_swiptr
00010bb4   _KNL_curqueue
00010bb8   _KNL_maxqueue
00010bbc   _KNL_tswitchfxn
00010bc0   _KNL_tcreatefxn
00010bc4   _KNL_tdeletefxn
00010bc8   _KNL_treadyfxn
00010bcc   _KNL_idlefxn
00010bd0   _MEM_memtab
00010bdc   MEM_MALLOCSEG
00010bdc   MEM_SEGZERO
00010bdc   SDRAM
00010bdc   _SDRAM
00010be0   RTA_fromHost$pipe$dtab
00010bec   RTA_toHost$pipe$dtab
00010bf8   HWI_D_spsave
00010bf8   _HWI_D_spsave
00010bf8   _HWI_data
00010c04   _HWI_D_inhwi
00010c08   HWI_D_bss
00010c0c   HWI_D_ccmask
00010c10   LNK_dspFrameRequestMask
00010c10   _LNK_dspFrameRequestMask
00010c14   LNK_dspFrameReadyMask
00010c14   _LNK_dspFrameReadyMask
00010c18   LNK_readPend
00010c18   _LNK_readPend
00010c1c   LNK_readDone
00010c1c   _LNK_readDone
00010c20   LNK_readFail
00010c20   _LNK_readFail
00010c24   LNK_writeFail
00010c24   _LNK_writeFail
00010c30   _rtdxNullChanCnt
00010c34   _rtdxNullFuncCnt
00010c38   _TSK_nTasks
00010c3c   _TSK_pid
00010c40   _TSK
00010c44   _CLK_DFLTMICROSECS
00010c48   _CLK_D_microseconds
00010c4c   _SYS_exitStackPtr
00010c50   _SYS_exitStackTop
00010c54   _CLK_htimePerLtime
00010c5c   IDL_D_busyObj
00010c60   _MEM
00010c64   _SYS_PUTCBEG
00010c64   ___end__
00010c64   end
00010e63   _SYS_PUTCEND
00010e64   LED_Toggle$sts$stsobj
00010e64   STS_A_TABBEG
00010e64   _STS_A_TABBEG
00010e68   LED_Toggle$sts
00010e74   KNL_swi$sts$stsobj
00010e78   KNL_swi$sts
00010e84   PRD_swi$sts$stsobj
00010e88   PRD_swi$sts
00010e94   Ping_SWI$sts$stsobj
00010e98   Ping_SWI$sts
00010ea4   Pong_SWI$sts$stsobj
00010ea8   Pong_SWI$sts
00010eb4   TSK_idle$sts$stsobj
00010eb8   TSK_idle$sts
00010ec4   LED_toggle$sts$stsobj
00010ec8   LED_toggle$sts
00010ed4   IDL_busyObj$stsobj
00010ed8   IDL_busyObj
00010ed8   _IDL_busyObj
00010ee4   IDL_A_CALBEG
00010ee4   IDL_cpuLoad$
00010ee4   STS_A_TABEND
00010ee4   _STS_A_TABEND
00010ee8   LNK_dataPump$
00010eec   RTA_dispatcher$
00010ef0   IDL_END$
00010ef4   TRC_cinit
00010ef8   TRC_R_mask
00010ef8   _TRC_R_mask
00010efc   GBL_initdone
00010f00   LOG_system$buf
00011000   RTA_toHost$buf
00011100   PIP_A_TABBEG
00011100   RTA_fromHost$pipe
00011100   _PIP_A_TABBEG
00011104   RTA_fromHost$pipe$rd
00011130   RTA_fromHost$pipe$aaa
00011134   RTA_fromHost$pipe$wr
00011160   RTA_fromHost$pipe$bbb
00011164   RTA_toHost$pipe
00011168   RTA_toHost$pipe$rd
00011194   RTA_toHost$pipe$aaa
00011198   RTA_toHost$pipe$wr
000111c4   RTA_toHost$pipe$bbb
000111c8   PIP_A_TABEND
000111c8   _PIP_A_TABEND
000111d4   TSK_idle
000111d4   _TSK_idle
00011234   LED_toggle
00011234   _LED_toggle
0001133d   LED_Toggle$sts$maxfmt
00011340   KNL_swi
00011340   SWI_A_TABBEG
00011340   _KNL_swi
00011346   LED_Toggle$sts$sumfmt
0001134f   LED_Toggle$sts$avgfmt
0001135a   KNL_swi$sts$maxfmt
00011362   KNL_swi$sts$sumfmt
0001136a   KNL_swi$sts$avgfmt
0001136c   PRD_SWIHANDLE
0001136c   PRD_swi
0001136c   _PRD_swi
00011374   PRD_swi$sts$maxfmt
0001137c   PRD_swi$sts$sumfmt
00011384   PRD_swi$sts$avgfmt
0001138e   Ping_SWI$sts$maxfmt
00011396   Ping_SWI$sts$sumfmt
00011398   Ping_SWI
00011398   _Ping_SWI
0001139e   Ping_SWI$sts$avgfmt
000113a8   Pong_SWI$sts$maxfmt
000113b0   Pong_SWI$sts$sumfmt
000113b8   Pong_SWI$sts$avgfmt
000113c2   TSK_idle$sts$maxfmt
000113c4   Pong_SWI
000113c4   _Pong_SWI
000113ca   TSK_idle$sts$sumfmt
000113d2   TSK_idle$sts$avgfmt
000113dc   LED_toggle$sts$maxfmt
000113e4   LED_toggle$sts$sumfmt
000113ec   LED_toggle$sts$avgfmt
000113f0   SWI_A_TABEND
000113f6   IDL_busyObj$maxfmt
000113f9   IDL_busyObj$sumfmt
000113fc   IDL_busyObj$avgfmt
00011448   HST_A_TABBEG
00011448   _HST_A_TABBEG
0001144c   RTA_fromHost
0001144c   _RTA_fromHost
00011454   RTA_fromHost$rtdx
00011468   RTA_toHost
00011468   _RTA_toHost
00011470   RTA_toHost$rtdx
00011484   HST_A_TABEND
00011484   LOG_A_TABBEG
00011484   LOG_system
00011484   _HST_A_TABEND
00011484   _LOG_A_TABBEG
00011484   _LOG_system
0001149c   _myLOG
0001149c   myLOG
000114b4   LOG_A_TABEND
000114b4   _LOG_A_TABEND
000114c0   _SEM_LEDToggle
00011508   LED_Toggle
00011508   PRD_A_TABBEG
00011508   _LED_Toggle
00011524   LED_Toggle$aaa
00011528   PRD_A_TABEND
00011528   SYS$config
0001153c   _Buffer_in_ping
00011d3c   _Buffer_in_pong
0001253c   _Buffer_out_ping
00012d3c   _Buffer_out_pong
0001353c   _twiddleFac
00013d3c   _impuleResponseSpecFilter
00014d3c   _impuleResponseFilter
0001553c   _FIRCoef
00036ee8   CLK_LTIMEMULT
00036ee8   GBL_FREQ
01940000   CLK_REGS
01940000   _CLK_REGS
082039a3   HWI_INTRMULTHIGH
310718a4   HWI_INTRMULTLOW
80000000   SDRAM$B
80000000   _SDRAM_base
80008000   myLOG$buf
ffffffff   HST_DSMBUFSEG
ffffffff   IRAM
ffffffff   RTDX_DATAMEMSEG
ffffffff   _IRAM
ffffffff   ___TI_pprof_out_hndl
ffffffff   ___TI_prof_data_size
ffffffff   ___TI_prof_data_start
ffffffff   ___binit__
ffffffff   ___c_args__
ffffffff   _myMEM
ffffffff   binit
ffffffff   myMEM

[848 symbols]
