******************************************************************************
               TMS320C6x Linker PC v7.4.16                     
******************************************************************************
>> Linked Thu May 17 22:46:56 2018

OUTPUT FILE NAME:   <SSB.out>
ENTRY POINT SYMBOL: "_c_int00"  address: 00013b20


MEMORY CONFIGURATION

         name            origin    length      used     unused   attr    fill
----------------------  --------  ---------  --------  --------  ----  --------
  IRAM                  00000000   00020000  00015481  0000ab7f  RWIX
  myMEM                 00020000   00020000  00012080  0000df80  RWIX
  SDRAM                 80000000   0006e000  00008080  00065f80  RWIX


SECTION ALLOCATION MAP

 output                                  attributes/
section   page    origin      length       input sections
--------  ----  ----------  ----------   ----------------
.data      0    00000000    00000000     UNINITIALIZED

.vers      0    00000000    00000040     COPY SECTION
                  00000000    00000040     BIOS_configcfg.obj (.vers)

.hwi_vec   0    00000000    00000200     
                  00000000    00000200     BIOS_configcfg.obj (.hwi_vec)

.text      0    00000200    00004920     
                  00000200    00000fc0     skeletonmod flo.obj (.text)
                  000011c0    00000640     dsp67x.lib : DSPF_sp_icfftr2_dif.obj (.text)
                  00001800    000004e0                : DSPF_sp_cfftr2_dit.obj (.text)
                  00001ce0    00000480     dsk6713bsl.lib : dsk6713.obj (.text)
                  00002160    00000420     fastFolding.obj (.text)
                  00002580    00000300     rts6700.lib : divf.obj (.text:__divf)
                  00002880    00000280     csl6713.lib : csl_edma.obj (.text:_EDMA_open)
                  00002b00    00000280     config_AIC23.obj (.text)
                  00002d80    00000240     rts6700.lib : memcpy62.obj (.text:_memcpy)
                  00002fc0    00000220     csl6713.lib : csl.obj (.text:__CSL_init)
                  000031e0    000001e0     dsk6713bsl.lib : dsk6713_led.obj (.text)
                  000033c0    000001c0     csl6713.lib : csl_irq.obj (.text:_IRQ_map)
                  00003580    000001c0                 : csl_irq.obj (.text:_mux2Tables)
                  00003740    000001a0                 : csl_edma.obj (.text:_EDMA_allocTable)
                  000038e0    000001a0                 : csl_mcbsp.obj (.text:_MCBSP_reset)
                  00003a80    00000180     bios.a67 : gbl_cslpllinit62.o67 (.text)
                  00003c00    00000160     rts6700.lib : sinit.obj (.text:_call_dtors)
                  00003d60    00000140     csl6713.lib : csl_edma.obj (.text:_EDMA_reset)
                  00003ea0    00000140                 : csl_timer.obj (.text:_TIMER_open)
                  00003fe0    00000140     bit_rev.obj (.text)
                  00004120    00000120     csl6713.lib : csl_timer.obj (.text:_TIMER_reset)
                  00004240    00000100                 : csl_edma.obj (.text:_EDMA_intAlloc)
                  00004340    00000100                 : csl_mcbsp.obj (.text:_MCBSP_open)
                  00004440    00000100                 : csl_mcbsp.obj (.text:_MCBSP_start)
                  00004540    000000e0     rts6700.lib : strasg.obj (.text:__strasg)
                  00004620    000000e0                 : atexit.obj (.text:_atexit)
                  00004700    000000c0     bios.a67 : tsk_stup.o67 (.text)
                  000047c0    000000a0     csl6713.lib : csl_irq.obj (.text:__IRQ_init)
                  00004860    000000a0                 : csl_irq.obj (.text:_setMux)
                  00004900    00000080     dsk6713bsl.lib : dsk6713_dip.obj (.text)
                  00004980    00000060     csl6713.lib : csl_edma.obj (.text:_EDMA_disableChannel)
                  000049e0    00000060                 : csl_edma.obj (.text:_EDMA_enableChannel)
                  00004a40    00000040     rts6700.lib : sinit.obj (.text:___add_dtor)
                  00004a80    00000020     csl6713.lib : csl.obj (.text:_CSL6713_LIB_)
                  00004aa0    00000020     rts6700.lib : _lock.obj (.text:__nop)
                  00004ac0    00000020                 : _lock.obj (.text:__register_lock)
                  00004ae0    00000020                 : _lock.obj (.text:__register_unlock)
                  00004b00    00000020     csl6713.lib : csl_irq.obj (.text)

.bios      0    00004b20    00004220     
                  00004b20    00000600     lnkrtdx.a67 : rtdx.o67 (.bios)
                  00005120    000005e0     bios.a67 : gbl_setL2CacheMode.o67 (.bios)
                  00005700    00000540              : swi.o67 (.bios)
                  00005c40    00000460              : hwi_disp_asm.o67 (.bios)
                  000060a0    000003a0              : prd.o67 (.bios)
                  00006440    000002c0              : knl_run.o67 (.bios)
                  00006700    000002c0              : rta.o67 (.bios)
                  000069c0    000002c0              : sem_pend.o67 (.bios)
                  00006c80    00000260              : knl_tick.o67 (.bios)
                  00006ee0    00000240              : pip.o67 (.bios)
                  00007120    00000220              : sem_dopo.o67 (.bios)
                  00007340    00000200              : tsk_setu.o67 (.bios)
                  00007540    000001c0              : knl_swit.o67 (.bios)
                  00007700    000001c0     biosC6000.a67 : clk.o67 (.bios)
                  000078c0    000001a0     bios.a67 : tsk_exit.o67 (.bios)
                  00007a60    00000180              : autoinit.o67 (.bios)
                  00007be0    00000180              : tsk_stup.o67 (.bios)
                  00007d60    00000140              : knl_chec.o67 (.bios)
                  00007ea0    000000e0              : gbl_cslcacheinit.o67 (.bios)
                  00007f80    000000e0              : knl_exit.o67 (.bios)
                  00008060    000000e0              : sem_post.o67 (.bios)
                  00008140    000000e0              : sem_post_asm.o67 (.bios)
                  00008220    000000e0     biosC6000.a67 : clk_meas.o67 (.bios)
                  00008300    000000c0     bios.a67 : knl_ipos.o67 (.bios)
                  000083c0    000000c0              : knl_post.o67 (.bios)
                  00008480    000000c0              : lck.o67 (.bios)
                  00008540    000000c0              : sys_exit.o67 (.bios)
                  00008600    000000c0     biosC6000.a67 : clk_htime.o67 (.bios)
                  000086c0    00000080     bios.a67 : fxn.o67 (.bios)
                  00008740    00000080              : idl_busy.o67 (.bios)
                  000087c0    00000080              : log.o67 (.bios)
                  00008840    00000080              : sts.o67 (.bios)
                  000088c0    00000080     biosC6000.a67 : idl_cal.o67 (.bios)
                  00008940    00000060     bios.a67 : hwi_c.o67 (.bios)
                  000089a0    00000060              : sem_pend_binary.o67 (.bios)
                  00008a00    00000060              : sem_pend_counting.o67 (.bios)
                  00008a60    00000060              : sys_abor.o67 (.bios)
                  00008ac0    00000060              : utl_putc.o67 (.bios)
                  00008b20    00000060     biosC6000.a67 : clk_start.o67 (.bios)
                  00008b80    00000040     bios.a67 : idl_stub.o67 (.bios)
                  00008bc0    00000040              : rta_andn.o67 (.bios)
                  00008c00    00000040              : utl_doab.o67 (.bios)
                  00008c40    00000040     biosC6000.a67 : clk_stop.o67 (.bios)
                  00008c80    00000020     bios.a67 : fxn_c.o67 (.bios)
                  00008ca0    00000020              : gbl_vers.o67 (.bios)
                  00008cc0    00000020              : idl.o67 (.bios)
                  00008ce0    00000020              : sts_set.o67 (.bios)
                  00008d00    00000020              : utl_doer.o67 (.bios)
                  00008d20    00000020              : utl_halt.o67 (.bios)

.const     0    00008d40    000040b5     
                  00008d40    00004000     skeletonmod flo.obj (.const:_w)
                  0000cd40    0000004e     bios.a67 : tsk_stup.o67 (.const)
                  0000cd8e    00000023              : utl_doab.o67 (.const)
                  0000cdb1    00000022              : utl_doer.o67 (.const)
                  0000cdd3    00000001     --HOLE-- [fill = 0]
                  0000cdd4    00000020     dsk6713bsl.lib : dsk6713.obj (.const)
                  0000cdf4    00000001     bios.a67 : tsk.o67 (.const)

.printf    0    0000cdf5    000000c4     COPY SECTION
                  0000cdf5    000000c4     BIOS_configcfg.obj (.printf)

.stack     0    0000cdf8    00004000     UNINITIALIZED
                  0000cdf8    00004000     --HOLE--

.cinit     0    00010df8    0000149c     
                  00010df8    00000864     BIOS_configcfg.obj (.cinit)
                  0001165c    00000004     --HOLE-- [fill = 0]
                  00011660    0000026c     bios.a67 : biosdata.o67 (.cinit)
                  000118cc    00000004     --HOLE-- [fill = 0]
                  000118d0    000001a4              : knl.o67 (.cinit)
                  00011a74    00000004     --HOLE-- [fill = 0]
                  00011a78    0000013c     skeletonmod flo.obj (.cinit)
                  00011bb4    00000004     --HOLE-- [fill = 0]
                  00011bb8    0000012c     csl6713.lib : csl_irq.obj (.cinit)
                  00011ce4    00000004     --HOLE-- [fill = 0]
                  00011ce8    000000b0     bios.a67 : swi.o67 (.cinit)
                  00011d98    00000080              : tsk.o67 (.cinit)
                  00011e18    00000070     csl6713.lib : csl_edma.obj (.cinit)
                  00011e88    00000060     bios.a67 : tsk_stup.o67 (.cinit)
                  00011ee8    0000005c     lnkrtdx.a67 : rtdx.o67 (.cinit)
                  00011f44    00000004     --HOLE-- [fill = 0]
                  00011f48    00000054     csl6713.lib : csl_mcbsp.obj (.cinit)
                  00011f9c    00000004     --HOLE-- [fill = 0]
                  00011fa0    0000004c     bios.a67 : rta.o67 (.cinit)
                  00011fec    00000004     --HOLE-- [fill = 0]
                  00011ff0    0000004c     csl6713.lib : csl_timer.obj (.cinit)
                  0001203c    00000004     --HOLE-- [fill = 0]
                  00012040    0000004c     rtdx.lib : buffer1.o62 (.cinit)
                  0001208c    00000004     --HOLE-- [fill = 0]
                  00012090    00000048     config_AIC23.obj (.cinit)
                  000120d8    0000003c     csl6713.lib : csl.obj (.cinit)
                  00012114    00000004     --HOLE-- [fill = 0]
                  00012118    00000034     bios.a67 : hwi.o67 (.cinit)
                  0001214c    00000004     --HOLE-- [fill = 0]
                  00012150    0000002c              : utl_putc.o67 (.cinit)
                  0001217c    00000004     --HOLE-- [fill = 0]
                  00012180    0000002c     rts6700.lib : exit.obj (.cinit)
                  000121ac    00000004     --HOLE-- [fill = 0]
                  000121b0    00000024     bios.a67 : obj_init.o67 (.cinit)
                  000121d4    00000004     --HOLE-- [fill = 0]
                  000121d8    0000001c              : sys.o67 (.cinit)
                  000121f4    00000004     --HOLE-- [fill = 0]
                  000121f8    0000001c     rts6700.lib : _lock.obj (.cinit)
                  00012214    00000004     --HOLE-- [fill = 0]
                  00012218    0000001c                 : atexit.obj (.cinit)
                  00012234    00000004     --HOLE-- [fill = 0]
                  00012238    00000018     bios.a67 : knl_tick.o67 (.cinit)
                  00012250    0000000c              : gbl_setL2CacheMode.o67 (.cinit)
                  0001225c    00000004     --HOLE-- [fill = 0]
                  00012260    0000000c              : idl_busy.o67 (.cinit)
                  0001226c    00000004     --HOLE-- [fill = 0]
                  00012270    0000000c              : knl_swit.o67 (.cinit)
                  0001227c    00000004     --HOLE-- [fill = 0]
                  00012280    0000000c     rts6700.lib : sinit.obj (.cinit)
                  0001228c    00000004     --HOLE-- [fill = 0]
                  00012290    00000004     (.pad.cinit) [fill = 0]

.pinit     0    00012294    0000000c     
                  00012294    00000004     rtdx.lib : buffer1.o62 (.pinit)
                  00012298    00000004              : rtdx_mon.o62 (.pinit)
                  0001229c    00000004     --HOLE-- [fill = 0]

.rtdx_text 
*          0    000122a0    00000ea0     
                  000122a0    00000400     rtdx.lib : rtdx_mon.o62 (.rtdx_text:_RTDX_Poll)
                  000126a0    00000340              : buffer1.o62 (.rtdx_text:_RTDX_Buffer_WriteCB)
                  000129e0    00000300              : buffer1.o62 (.rtdx_text:_RTDX_write_next)
                  00012ce0    00000140              : rtdx_mon.o62 (.rtdx_text:_RTDX_Mon_Queue)
                  00012e20    000000e0              : buffer1.o62 (.rtdx_text:_claim)
                  00012f00    00000080              : rtdx_mon.o62 (.rtdx_text:_RTDX_Init_RT_Monitor)
                  00012f80    00000060              : buffer1.o62 (.rtdx_text:_RTDX_Buffer_Initialize)
                  00012fe0    00000060              : buffer2.o62 (.rtdx_text:_RTDX_Buffer_ReadCB)
                  00013040    00000040              : buffer1.o62 (.rtdx_text:_RTDX_Buffer_Size)
                  00013080    00000040              : rtdx_mon.o62 (.rtdx_text:_RTDX_Final_RT_Monitor)
                  000130c0    00000020              : buffer2.o62 (.rtdx_text:_RTDX_Buffer_Read)
                  000130e0    00000020              : buffer1.o62 (.rtdx_text:_RTDX_Buffer_Write)
                  00013100    00000020              : rtdx_mon.o62 (.rtdx_text:_RTDX_checksum)
                  00013120    00000020              : intr_tgt.o62 (.rtdx_text)

.far       0    00013140    00000608     UNINITIALIZED
                  00013140    00000188     rts6700.lib : atexit.obj (.far)
                  000132c8    000000f4     csl6713.lib : csl_irq.obj (.far)
                  000133bc    000000d8     bios.a67 : knl.o67 (.far)
                  00013494    0000005c              : tsk.o67 (.far)
                  000134f0    00000054              : obj_init.o67 (.far)
                  00013544    00000054     csl6713.lib : csl_edma.obj (.far)
                  00013598    00000050     bios.a67 : tsk_stup.o67 (.far)
                  000135e8    00000050     skeletonmod flo.obj (.far)
                  00013638    00000038     csl6713.lib : csl_mcbsp.obj (.far)
                  00013670    00000034     config_AIC23.obj (.far)
                  000136a4    00000028     csl6713.lib : csl.obj (.far)
                  000136cc    00000024                 : csl_timer.obj (.far)
                  000136f0    00000020     bios.a67 : sys.o67 (.far)
                  00013710    00000010              : knl_tick.o67 (.far)
                  00013720    0000000c              : utl_putc.o67 (.far)
                  0001372c    0000000c     rts6700.lib : exit.obj (.far)
                  00013738    00000008                 : _lock.obj (.far)
                  00013740    00000004                 : sinit.obj (.far)
                  00013744    00000002     dsk6713bsl.lib : dsk6713.obj (.far)
                  00013746    00000002                    : dsk6713_led.obj (.far)

.hst1      0    00013748    00000010     UNINITIALIZED
                  00013748    00000010     BIOS_configcfg.obj (.hst1)

.clk       0    00013758    00000008     UNINITIALIZED
                  00013758    00000008     BIOS_configcfg.obj (.clk)

.sysinit   0    00013760    00000520     
                  00013760    000002e0     BIOS_configcfg.obj (.sysinit)
                  00013a40    000000e0     bios.a67 : mem_init.o67 (.sysinit)
                  00013b20    000000c0              : boot.o67 (.sysinit)
                  00013be0    00000080              : tsk_init.o67 (.sysinit)
                  00013c60    00000020              : obj_init.o67 (.sysinit)

.rtdx_data 
*          0    00013c80    0000044c     UNINITIALIZED
                  00013c80    00000410     BIOS_configcfg.obj (.rtdx_data)
                  00014090    00000020     rtdx.lib : buffer1.o62 (.rtdx_data)
                  000140b0    0000001c              : rtdx_mon.o62 (.rtdx_data)

.args      0    000140cc    00000004     
                  000140cc    00000004     --HOLE-- [fill = 0]

.LED_toggle$stk 
*          0    000140d0    00000400     UNINITIALIZED
                  000140d0    00000400     BIOS_configcfg.obj (.LED_toggle$stk)

.TSK_idle$stk 
*          0    000144d0    00000400     UNINITIALIZED
                  000144d0    00000400     BIOS_configcfg.obj (.TSK_idle$stk)

.bss       0    000148d0    00000384     UNINITIALIZED
                  000148d0    00000100     bios.a67 : hwi_disp_asm.o67 (.bss)
                  000149d0    000000cc              : biosdata.o67 (.bss)
                  00014a9c    0000009c              : swi.o67 (.bss)
                  00014b38    00000048              : knl.o67 (.bss)
                  00014b80    00000040     skeletonmod flo.obj (.bss)
                  00014bc0    00000028     BIOS_configcfg.obj (.bss)
                  00014be8    00000018     bios.a67 : hwi.o67 (.bss)
                  00014c00    00000018     lnkrtdx.a67 : rtdx.o67 (.bss)
                  00014c18    00000010     rtdx.lib : buffer1.o62 (.bss)
                  00014c28    0000000c     bios.a67 : tsk.o67 (.bss)
                  00014c34    00000008              : clk_data.o67 (.bss)
                  00014c3c    00000008              : sys.o67 (.bss)
                  00014c44    00000004              : clk_data2.o67 (.bss)
                  00014c48    00000004              : gbl_setL2CacheMode.o67 (.bss)
                  00014c4c    00000004              : idl_busy.o67 (.bss)
                  00014c50    00000004              : mem_asm.o67 (.bss)

.trace     0    00014c54    00000200     
                  00014c54    00000200     --HOLE-- [fill = 00000000]

.sts       0    00014e54    00000080     
                  00014e54    00000080     BIOS_configcfg.obj (.sts)

.sem       0    00014ed4    0000002c     UNINITIALIZED
                  00014ed4    0000002c     BIOS_configcfg.obj (.sem)

.LOG_system$buf 
*          0    00014f00    00000100     UNINITIALIZED
                  00014f00    00000100     BIOS_configcfg.obj (.LOG_system$buf)

.hst0      0    00015000    00000100     UNINITIALIZED
                  00015000    00000100     BIOS_configcfg.obj (.hst0)

.pip       0    00015100    000000c8     UNINITIALIZED
                  00015100    000000c8     BIOS_configcfg.obj (.pip)

.tsk       0    000151c8    000000c0     UNINITIALIZED
                  000151c8    000000c0     BIOS_configcfg.obj (.tsk)

.swi       0    00015288    000000b0     UNINITIALIZED
                  00015288    000000b0     BIOS_configcfg.obj (.swi)

.gblinit   0    00015338    00000058     
                  00015338    00000058     BIOS_configcfg.obj (.gblinit)

.hst       0    00015390    0000003c     UNINITIALIZED
                  00015390    0000003c     BIOS_configcfg.obj (.hst)

.log       0    000153cc    00000030     
                  000153cc    00000030     BIOS_configcfg.obj (.log)

.switch    0    000153fc    00000028     
                  000153fc    00000028     rtdx.lib : rtdx_mon.o62 (.switch)

.prd       0    00015424    00000020     UNINITIALIZED
                  00015424    00000020     BIOS_configcfg.obj (.prd)

.idl       0    00015444    00000010     UNINITIALIZED
                  00015444    00000010     BIOS_configcfg.obj (.idl)

.idlcal    0    00015454    00000010     UNINITIALIZED
                  00015454    00000010     BIOS_configcfg.obj (.idlcal)

.sys       0    00015464    00000010     UNINITIALIZED
                  00015464    00000010     BIOS_configcfg.obj (.sys)

.trcdata   0    00015474    0000000c     
                  00015474    0000000c     bios.a67 : trc.o67 (.trcdata)

.mem       0    00015480    00000004     UNINITIALIZED
                  00015480    00000004     BIOS_configcfg.obj (.mem)

.datenpuffer 
*          0    00020000    00012080     UNINITIALIZED
                  00020000    00012080     skeletonmod flo.obj (.datenpuffer)

.SDRAM$heap 
*          0    80000000    00008000     UNINITIALIZED
                  80000000    00008000     --HOLE--

.myLOG$buf 
*          0    80008000    00000080     UNINITIALIZED
                  80008000    00000080     BIOS_configcfg.obj (.myLOG$buf)


GLOBAL SYMBOLS: SORTED ALPHABETICALLY BY Name 

address    name
--------   ----
000148d0   $bss
000148d0   .bss
00000000   .data
00000200   .text
0001391c   BIOS$$CLKOFF
000138dc   BIOS$$CLKON
00013760   BIOS_init
00013984   BIOS_start
00000000   BUF$
00000001   BUF_ENABLED
00000001   CLK$
00013758   CLK_A_TABBEG
00000001   CLK_CALDIV
00000004   CLK_CALMULT
0000dbba   CLK_COUNTSPMS
00000000   CLK_COUNTSPMSHIGH
000149f8   CLK_D_idletime
000149f4   CLK_D_isrhook
000149f0   CLK_D_tabbeg
000149ec   CLK_D_timefxn
00008600   CLK_F_getfhtime
00008620   CLK_F_gethtime
00007700   CLK_F_getltime
00008620   CLK_F_getshtime
00007714   CLK_F_isr
00007874   CLK_F_itime
00005c40   CLK_HOOKFXN
00000001   CLK_HTIMEDIV
00000004   CLK_HTIMEMULT
0000dbba   CLK_HTIMEPERLTIME
00004000   CLK_INTBIT
00000001   CLK_LTIMEDIV
00036ee8   CLK_LTIMEMULT
000003e8   CLK_MICROSECS
0000dbba   CLK_PRD
00000000   CLK_PRDHIGH
01940000   CLK_REGS
000149e8   CLK_R_time
00000020   CLK_TCR
00000000   CLK_TDDR
00000000   CLK_TDDRHIGH
00008620   CLK_TIMEFXN
00000000   CLK_TIMERNUM
00000001   CLK_USETIMER
0001375c   CLK_null
00000000   DEV$
00000000   DGN$
00000000   DHL$
00000000   DHL_gChannelsAvailable
00000000   DIO$
00000000   DIO_NUMSWIBASE
00000000   DIO_NUMTSKBASE
00000000   DIO_STATIC
00000000   DPI$
000086c0   FXN_F_nop
000086c8   FXN_F_run
00008718   FXN_F_zero
00000001   GBL$
00005205   GBL_A_VERSION
00000000   GBL_BIGENDIAN
00000000   GBL_C641XL2PRIORITY
00000000   GBL_CACHE
00000001   GBL_CALLCSLCFGINIT
00004e20   GBL_CLKIN
00001770   GBL_CLKTYPE
00001a39   GBL_DSPSUBTYPE
0000003e   GBL_DSPTYPE
00000001   GBL_ENABLEINST
00000042   GBL_FOOTPRINT
00036ee8   GBL_FREQ
00002226   GBL_L2ALLOC
00000000   GBL_L2CONFIGALLOC
00000001   GBL_L2CONFIGURE
00000001   GBL_L2MARMASK
00000000   GBL_L2MARMASK1
00000000   GBL_L2MARMASK2
00000000   GBL_L2MARMASK3
00000000   GBL_L2MARMASK4
00000000   GBL_L2MARMASK5
00000000   GBL_L2MODE
00000000   GBL_L2PRIORITY
00000000   GBL_NULL
00000000   GBL_PROCID
00000000   GBL_ROM
00000000   GBL_SUPPORTCSL
0000dbef   GBL_TRCMASKVALUE
00000001   GBL_USERINIT
00003aa8   GBL_USERINITFXN
00000001   GBL_boot
0001547c   GBL_initdone
0000cdf8   GBL_stackbeg
00010df7   GBL_stackend
00000000   GIO$
00008c80   GIO_CREATEFXN
00008c80   GIO_DELETEFXN
00008c80   GIO_PENDFXN
00008c80   GIO_POSTFXN
00000000   HOOK$
00000000   HOOK_KNLID
00000001   HST$
00015390   HST_A_TABBEG
000153cc   HST_A_TABEND
00000000   HST_DSM
ffffffff   HST_DSMBUFSEG
00000400   HST_DSMMEMSIZE
00014a64   HST_D_chanmask
00014a68   HST_D_tabbeg
00014a6c   HST_D_tabend
000000ff   HST_MAXFRAMEALLOWED
00000040   HST_MAXFRAMESET
00000000   HST_NONE
00000001   HST_RTDX
00000001   HWI$
00000000   HWI_A_VECS
00004108   HWI_CFGDISPATCHED
00014bf8   HWI_D_bss
00014bfc   HWI_D_ccmask
00014be8   HWI_D_spsave
00005c40   HWI_F_dispatch
00000000   HWI_GENERATE_RESET_VEC
0000000a   HWI_INT10
00000000   HWI_INT10$hwi
0000000b   HWI_INT11
00000000   HWI_INT11$hwi
0000000c   HWI_INT12
00000000   HWI_INT12$hwi
0000000d   HWI_INT13
00000000   HWI_INT13$hwi
0000000e   HWI_INT14
00000000   HWI_INT14$hwi
0000000f   HWI_INT15
00000000   HWI_INT15$hwi
00000004   HWI_INT4
00000000   HWI_INT4$hwi
00000005   HWI_INT5
00000000   HWI_INT5$hwi
00000006   HWI_INT6
00000000   HWI_INT6$hwi
00000007   HWI_INT7
00000000   HWI_INT7$hwi
00000008   HWI_INT8
00000000   HWI_INT8$hwi
00000009   HWI_INT9
00000000   HWI_INT9$hwi
082039a3   HWI_INTRMULTHIGH
310718a4   HWI_INTRMULTLOW
00000001   HWI_NMI
00000000   HWI_NMI$hwi
00000000   HWI_POLARITYMASK
00000002   HWI_RESERVED0
00000000   HWI_RESERVED0$hwi
00000003   HWI_RESERVED1
00000000   HWI_RESERVED1$hwi
00000000   HWI_RESET
00000000   HWI_RESET$hwi
00000001   HWI_ZEROTAB
00000001   IDL$
00015454   IDL_A_CALBEG
00015444   IDL_A_TABBEG
00000006   IDL_CALIBRERROR
00008b80   IDL_CALIBRFXN
00014c4c   IDL_D_busyObj
000149d8   IDL_D_calbeg
000149d4   IDL_D_calibrate
000149d0   IDL_D_tabbeg
00015450   IDL_END
00015460   IDL_END$
00008740   IDL_F_busy
000088c0   IDL_F_calibrate
00008cc0   IDL_F_loop
00008b80   IDL_F_stub
00000001   IDL_USECLKIDLTIME
00014ec8   IDL_busyObj
0000ceb4   IDL_busyObj$avgfmt
00000001   IDL_busyObj$filter
00000001   IDL_busyObj$iA
00000000   IDL_busyObj$iB
00000001   IDL_busyObj$iC
0000ceae   IDL_busyObj$maxfmt
00000000   IDL_busyObj$operation
00014ec4   IDL_busyObj$stsobj
0000ceb1   IDL_busyObj$sumfmt
00000002   IDL_busyObj$unittype
00015444   IDL_cpuLoad
00015454   IDL_cpuLoad$
ffffffff   IRAM
00000001   ISRC$
000076c0   KNL_glue
00015288   KNL_swi
00000001   KNL_swi$dorta
00000000   KNL_swi$ord
00000000   KNL_swi$pri
00014e68   KNL_swi$sts
0000ce22   KNL_swi$sts$avgfmt
00000002   KNL_swi$sts$filter
00000001   KNL_swi$sts$filtmaxmult
00000001   KNL_swi$sts$filtsummult
0000ce12   KNL_swi$sts$maxfmt
00014e64   KNL_swi$sts$stsobj
0000ce1a   KNL_swi$sts$sumfmt
00000000   KNL_swi$sts$unittype
00000000   KNL_swi$swi
00000001   LCK$
00015424   LED_Toggle
00015440   LED_Toggle$aaa
00000000   LED_Toggle$mode
00000005   LED_Toggle$ord
000003e8   LED_Toggle$period
00000000   LED_Toggle$prd
00014e58   LED_Toggle$sts
0000ce07   LED_Toggle$sts$avgfmt
00000000   LED_Toggle$sts$filter
0000cdf5   LED_Toggle$sts$maxfmt
00014e54   LED_Toggle$sts$stsobj
0000cdfe   LED_Toggle$sts$sumfmt
00000002   LED_Toggle$sts$unittype
00015234   LED_toggle
00000003   LED_toggle$ord
00000001   LED_toggle$pri
000140d0   LED_toggle$stack
00014468   LED_toggle$stkptr
00014eb8   LED_toggle$sts
0000cea4   LED_toggle$sts$avgfmt
00000002   LED_toggle$sts$filter
00000001   LED_toggle$sts$filtmaxmult
00000001   LED_toggle$sts$filtsummult
0000ce94   LED_toggle$sts$maxfmt
00014eb4   LED_toggle$sts$stsobj
0000ce9c   LED_toggle$sts$sumfmt
00000000   LED_toggle$sts$unittype
00000000   LED_toggle$tsk
00004b20   LNK_F_checkBufferCall
00004ba0   LNK_F_dataPump
00004b40   LNK_F_getChanPtr
00004b98   LNK_F_init
000050e4   LNK_F_readCallBack
00015448   LNK_dataPump
00015458   LNK_dataPump$
00014c04   LNK_dspFrameReadyMask
00014c00   LNK_dspFrameRequestMask
00004e40   LNK_newin
00004f80   LNK_newout
00004bb4   LNK_rcloop
00004c80   LNK_rdrtry
00014c0c   LNK_readDone
00014c10   LNK_readFail
00014c08   LNK_readPend
00004c90   LNK_rrloop
00014c14   LNK_writeFail
00004d64   LNK_wrloop
00004d54   LNK_wrrtry
00000001   LOG$
000153cc   LOG_A_TABBEG
000153fc   LOG_A_TABEND
00000002   LOG_A_TABLEN
000149dc   LOG_D_system
00000001   LOG_ENABLED
000087c0   LOG_F_event
000153cc   LOG_system
00014f00   LOG_system$buf
00000000   LOG_system$datatype
00000000   LOG_system$log
00000040   LOG_system$size
00000000   MBX$
00000001   MEM$
00014bcc   MEM_MALLOCSEG
00000000   MEM_NULL
00014bcc   MEM_SEGZERO
00000000   MEM_USEMPC
00000001   MEM_gNumHeap
00000000   MSGQ$
00000000   MSGQ_USEMSGQ
00000000   OBJ$
00000000   PIP$
00015100   PIP_A_TABBEG
000151c8   PIP_A_TABEND
00000002   PIP_A_TABLEN
000149e0   PIP_D_tabbeg
000149e4   PIP_D_tablen
00006f74   PIP_F_give
00006f74   PIP_F_probe
00007048   PIP_F_start
00006ee0   PIP_F_take
00000064   PIP_OBJSIZE
00000000   PIP_gNextId
00000002   PIP_gNumEmbed
00000000   POOL$
00000000   POOL_USEPOOL
00000001   PRD$
00015424   PRD_A_TABBEG
00015444   PRD_A_TABEND
00000001   PRD_A_TABLEN
00014a20   PRD_D_cur
00014a24   PRD_D_elapsed
00014a28   PRD_D_prevtim
00014a2c   PRD_D_scalar
00014a30   PRD_D_swihandle
00014a34   PRD_D_tabbeg
00014a38   PRD_D_tablen
00014a3c   PRD_D_thook
00014a1c   PRD_D_tick
000060a0   PRD_F_swi
00006360   PRD_F_tick
00000008   PRD_SCALAR
000152b4   PRD_SWIHANDLE
00006ec0   PRD_THOOKFXN
00013758   PRD_clock
000152b4   PRD_swi
00000001   PRD_swi$dorta
00000000   PRD_swi$ord
00000001   PRD_swi$pri
00014e78   PRD_swi$sts
0000ce3c   PRD_swi$sts$avgfmt
00000002   PRD_swi$sts$filter
00000001   PRD_swi$sts$filtmaxmult
00000001   PRD_swi$sts$filtsummult
0000ce2c   PRD_swi$sts$maxfmt
00014e74   PRD_swi$sts$stsobj
0000ce34   PRD_swi$sts$sumfmt
00000000   PRD_swi$sts$unittype
00000000   PRD_swi$swi
000152e0   Ping_SWI
00000001   Ping_SWI$dorta
00000001   Ping_SWI$ord
00000002   Ping_SWI$pri
00014e88   Ping_SWI$sts
0000ce56   Ping_SWI$sts$avgfmt
00000002   Ping_SWI$sts$filter
00000001   Ping_SWI$sts$filtmaxmult
00000001   Ping_SWI$sts$filtsummult
0000ce46   Ping_SWI$sts$maxfmt
00014e84   Ping_SWI$sts$stsobj
0000ce4e   Ping_SWI$sts$sumfmt
00000000   Ping_SWI$sts$unittype
00000000   Ping_SWI$swi
0001530c   Pong_SWI
00000001   Pong_SWI$dorta
00000002   Pong_SWI$ord
00000002   Pong_SWI$pri
00014e98   Pong_SWI$sts
0000ce70   Pong_SWI$sts$avgfmt
00000002   Pong_SWI$sts$filter
00000001   Pong_SWI$sts$filtmaxmult
00000001   Pong_SWI$sts$filtsummult
0000ce60   Pong_SWI$sts$maxfmt
00014e94   Pong_SWI$sts$stsobj
0000ce68   Pong_SWI$sts$sumfmt
00000000   Pong_SWI$sts$unittype
00000000   Pong_SWI$swi
00000001   QUE$
00014a40   RTA_D_fromHost
00014a48   RTA_D_logval
00014a58   RTA_D_stsval
00014a44   RTA_D_toHost
00008bc0   RTA_F_andn
000067f8   RTA_F_dispatch
00006700   RTA_F_getlog
00006744   RTA_F_getsts
00008be0   RTA_F_or
0000678c   RTA_F_readblk
000067b8   RTA_F_resetmem
000067ac   RTA_F_writeword
0001544c   RTA_dispatcher
0001545c   RTA_dispatcher$
00006848   RTA_execute
00015394   RTA_fromHost
00013748   RTA_fromHost$buf
00000004   RTA_fromHost$framesize
00000000   RTA_fromHost$hst
00000001   RTA_fromHost$id
00000000   RTA_fromHost$mode
00015100   RTA_fromHost$pipe
00015130   RTA_fromHost$pipe$aaa
00015160   RTA_fromHost$pipe$bbb
00014bd0   RTA_fromHost$pipe$dtab
00015104   RTA_fromHost$pipe$rd
00015134   RTA_fromHost$pipe$wr
0001539c   RTA_fromHost$rtdx
000153b0   RTA_toHost
00015000   RTA_toHost$buf
00000040   RTA_toHost$framesize
00000000   RTA_toHost$hst
00000000   RTA_toHost$id
00000001   RTA_toHost$mode
00015164   RTA_toHost$pipe
00015194   RTA_toHost$pipe$aaa
000151c4   RTA_toHost$pipe$bbb
00014bdc   RTA_toHost$pipe$dtab
00015168   RTA_toHost$pipe$rd
00015198   RTA_toHost$pipe$wr
000153b8   RTA_toHost$rtdx
00000001   RTDX$
00000408   RTDX_BUFMEMSIZE
ffffffff   RTDX_DATAMEMSEG
00000000   RTDX_MODE
00000001   RTDX_NORMALIZED_HDR
00000001   RTDX_USERTDX
00000000   RTDX_USERTEXECUTION
00014bcc   SDRAM
80000000   SDRAM$B
00008000   SDRAM$L
00000001   SEM$
00000000   SIO$
00000001   STS$
00014e54   STS_A_TABBEG
00014ed4   STS_A_TABEND
00008878   STS_F_add
00008840   STS_F_delta
000088a4   STS_F_reset
00000001   SWI$
00015288   SWI_A_TABBEG
00015338   SWI_A_TABEND
00000004   SWI_A_TABLEN
00014ab4   SWI_D_curfxn
00014aa4   SWI_D_curmask
00014ab0   SWI_D_curmbox
00014aa8   SWI_D_curset
00014aa0   SWI_D_execaddr
00014abc   SWI_D_inswi
00014aac   SWI_D_lock
00014ab8   SWI_D_rdybeg
00014ac0   SWI_D_rdytab
00014a9c   SWI_D_runaddr
00000000   SWI_EHOOKFXN
0000591c   SWI_EXECFXN
00005700   SWI_F_enable
0000591c   SWI_F_exec
00005948   SWI_F_iexec
00005770   SWI_F_post
000059d8   SWI_F_run
00000000   SWI_IHOOKFXN
000059d8   SWI_RUNFXN
00000001   SYS$
00015464   SYS$config
00008c00   SYS_ABORTFXN
00008d00   SYS_ERRORFXN
00008d20   SYS_EXITFXN
00008ac0   SYS_PUTCFXN
00015478   TRC_R_mask
00015474   TRC_cinit
00000001   TSK$
00000000   TSK_NUM_HOOKS
00000001   TSK_PRIORITY
00000000   TSK_READYFXN
00000000   TSK_STACKSEG
00000400   TSK_STACKSIZE
00000000   TSK_SWITCHFXN
00008c80   TSK_VCREATEFXN
00008c80   TSK_VDELETEFXN
00008c80   TSK_VEXITFXN
000151d4   TSK_idle
00000001   TSK_idle$ord
00000000   TSK_idle$pri
000144d0   TSK_idle$stack
00014868   TSK_idle$stkptr
00014ea8   TSK_idle$sts
0000ce8a   TSK_idle$sts$avgfmt
00000002   TSK_idle$sts$filter
00000001   TSK_idle$sts$filtmaxmult
00000001   TSK_idle$sts$filtsummult
0000ce7a   TSK_idle$sts$maxfmt
00014ea4   TSK_idle$sts$stsobj
0000ce82   TSK_idle$sts$sumfmt
00000000   TSK_idle$sts$unittype
00000000   TSK_idle$tsk
00000000   UDEV$
00013760   _BIOS_init
00013984   _BIOS_start
00026000   _BufferBand0In
0002c000   _BufferBand0Out
00028000   _BufferBand1In
0002e000   _BufferBand1Out
0002a000   _BufferBand2In
00030000   _BufferBand2Out
00020000   _Buffer_in_ping
00021000   _Buffer_in_pong
00022000   _Buffer_out_ping
00023000   _Buffer_out_pong
0000dbba   _CLK_COUNTSPMS
00014c34   _CLK_DFLTMICROSECS
00014a18   _CLK_D_countspms
00014a0c   _CLK_D_dirty
00014c38   _CLK_D_microseconds
00014a10   _CLK_D_prd
00014a14   _CLK_D_tddr
00007874   _CLK_F_itime
0000dbba   _CLK_PRD
01940000   _CLK_REGS
00000000   _CLK_TDDR
00000000   _CLK_TIMERNUM
00000001   _CLK_USETIMER
000149fc   _CLK_htimeDiv
00014a00   _CLK_htimeMult
00014c44   _CLK_htimePerLtime
00007874   _CLK_itime
00014a04   _CLK_ltimeDiv
00014a08   _CLK_ltimeMult
00008220   _CLK_measure
00008b20   _CLK_start
00008c40   _CLK_stop
00004a80   _CSL6713_LIB_
00002bb8   _Config_DSK6713_AIC23
00004908   _DSK6713_DIP_get
00004900   _DSK6713_DIP_init
000031e0   _DSK6713_LED_init
00003220   _DSK6713_LED_off
00003290   _DSK6713_LED_on
00003300   _DSK6713_LED_toggle
000020f4   _DSK6713_getVersion
00001d2c   _DSK6713_init
00002048   _DSK6713_rget
0000205c   _DSK6713_rset
00013744   _DSK6713_version
00002070   _DSK6713_wait
000020c8   _DSK6713_waitusec
00001800   _DSPF_sp_cfftr2_dit
000011c0   _DSPF_sp_icfftr2_dif
00003740   _EDMA_allocTable
00004980   _EDMA_disableChannel
000049e0   _EDMA_enableChannel
00004240   _EDMA_intAlloc
00001020   _EDMA_interrupt_service
00002880   _EDMA_open
00003d60   _EDMA_reset
00032000   _FIRCoef
00008c80   _FXN_F_nop
000086c8   _FXN_F_run
00008718   _FXN_F_zero
00000000   _GBL_CACHE
00014a74   _GBL_clkIn
00007ea0   _GBL_cslCacheInit
00014a78   _GBL_freq
00008ca0   _GBL_getVersion
00014a70   _GBL_procId
00003aa8   _GBL_setPLLto225MHz
00015390   _HST_A_TABBEG
000153cc   _HST_A_TABEND
00004108   _HWI_CFGDISPATCHED
00014bf4   _HWI_D_inhwi
00014be8   _HWI_D_spsave
00005c40   _HWI_F_dispatch
0000000a   _HWI_INT10
0000000b   _HWI_INT11
0000000c   _HWI_INT12
0000000d   _HWI_INT13
0000000e   _HWI_INT14
0000000f   _HWI_INT15
00000004   _HWI_INT4
00000005   _HWI_INT5
00000006   _HWI_INT6
00000007   _HWI_INT7
00000008   _HWI_INT8
00000009   _HWI_INT9
00000001   _HWI_NMI
00000002   _HWI_RESERVED0
00000003   _HWI_RESERVED1
00000000   _HWI_RESET
00010df0   _HWI_STKBOTTOM
0000cdf8   _HWI_STKTOP
00014be8   _HWI_data
00008940   _HWI_disable
000148d0   _HWI_dispatchTab
00008958   _HWI_enable
0000896c   _HWI_restore
00014ec8   _IDL_busyObj
00015444   _IDL_cpuLoad
00008cc0   _IDL_loop
ffffffff   _IRAM
000033c0   _IRQ_map
00014b40   _KNL_alarm
00007d60   _KNL_check
00014b64   _KNL_curqueue
00014b54   _KNL_curtask
00014b5c   _KNL_curtime
0001345c   _KNL_dummy
00007fd4   _KNL_enter
00007f80   _KNL_exit
00007e38   _KNL_idle
00014b7c   _KNL_idlefxn
00014b48   _KNL_inactive
00008300   _KNL_ipost
00007e5c   _KNL_max
00014b68   _KNL_maxqueue
000083c0   _KNL_post
00014b58   _KNL_prevtask
00014b4c   _KNL_priority
000133bc   _KNL_queues
00006440   _KNL_run
00007540   _KNL_saveIsrFrame
00014b50   _KNL_set
00014b44   _KNL_setpri
00015288   _KNL_swi
00014b60   _KNL_swiptr
0000760c   _KNL_switch
00014b70   _KNL_tcreatefxn
00014b74   _KNL_tdeletefxn
00006ec0   _KNL_tick
00014b78   _KNL_treadyfxn
00014b6c   _KNL_tswitchfxn
00014b38   _KNL_wFlag
00014b3c   _KNL_wList
000084b0   _LCK_pend
00008480   _LCK_post
00015424   _LED_Toggle
00015234   _LED_toggle
00015448   _LNK_dataPump
00014c04   _LNK_dspFrameReadyMask
00014c00   _LNK_dspFrameRequestMask
00014c0c   _LNK_readDone
00014c10   _LNK_readFail
00014c08   _LNK_readPend
00014c14   _LNK_writeFail
000153cc   _LOG_A_TABBEG
000153fc   _LOG_A_TABEND
00000002   _LOG_A_TABLEN
000149dc   _LOG_D_system
000087c0   _LOG_event
000153cc   _LOG_system
00004340   _MCBSP_open
000038e0   _MCBSP_reset
00004440   _MCBSP_start
00014c50   _MEM
00014a7c   _MEM_D_NUMSEGMENTS
00014a84   _MEM_D_freelist
00014a88   _MEM_D_lockaddr
00014a80   _MEM_D_memtab
00014a8c   _MEM_D_unlockaddr
00013a40   _MEM_init
00014bc0   _MEM_memtab
00013c60   _OBJ_init
00013528   _OBJ_segtab
000134f0   _OBJ_table
00015100   _PIP_A_TABBEG
000151c8   _PIP_A_TABEND
00014a1c   _PRD_D_tick
00013758   _PRD_clock
000152b4   _PRD_swi
000152e0   _Ping_SWI
0001530c   _Pong_SWI
0001544c   _RTA_dispatcher
00015394   _RTA_fromHost
000153b0   _RTA_toHost
00013c80   _RTDX_Buffer
0001408c   _RTDX_Buffer_End
00012f80   _RTDX_Buffer_Initialize
000130c0   _RTDX_Buffer_Read
00012fe0   _RTDX_Buffer_ReadCB
00013040   _RTDX_Buffer_Size
00014088   _RTDX_Buffer_Start
000130e0   _RTDX_Buffer_Write
000126a0   _RTDX_Buffer_WriteCB
00013080   _RTDX_Final_RT_Monitor
00012f00   _RTDX_Init_RT_Monitor
00000002   _RTDX_JTAGONLY
00013120   _RTDX_Mask_IER
00012ce0   _RTDX_Mon_Queue
000122a0   _RTDX_Poll
00000000   _RTDX_interrupt_mask
0001409c   _RTDX_writing
00014bcc   _SDRAM
80000000   _SDRAM_base
00008000   _SDRAM_length
00014ee0   _SEM_LEDToggle
00008a00   _SEM_pend
000089a0   _SEM_pendBinary
000069c0   _SEM_pendEnterKnl
00008140   _SEM_post
00008140   _SEM_postBinary
00008060   _SEM_postEnterKnl
00014e54   _STS_A_TABBEG
00014ed4   _STS_A_TABEND
00008878   _STS_add
00008840   _STS_delta
000088a4   _STS_reset
00008ce0   _STS_set
00014ab4   _SWI_D_curfxn
00014aa4   _SWI_D_curmask
00014aa8   _SWI_D_curset
00014aa0   _SWI_D_execaddr
00014abc   _SWI_D_inswi
00014aac   _SWI_D_lock
00014ab8   _SWI_D_rdybeg
00014a9c   _SWI_D_runaddr
00000ff4   _SWI_LEDToggle
00014a9c   _SWI_data
00005770   _SWI_post
00014a90   _SYS
00014c54   _SYS_PUTCBEG
00014e53   _SYS_PUTCEND
00008a60   _SYS_abort
00008540   _SYS_exit
000136f0   _SYS_exitStack
00014c3c   _SYS_exitStackPtr
00014c40   _SYS_exitStackTop
00003ea0   _TIMER_open
00004120   _TIMER_reset
00015478   _TRC_R_mask
00014c30   _TSK
00013494   _TSK_ATTRS
000134b0   _TSK_config
000078c0   _TSK_exit
000151d4   _TSK_idle
00013be0   _TSK_init
00014c28   _TSK_nTasks
00014c2c   _TSK_pid
00007340   _TSK_setup
00007ca0   _TSK_startup
000134d0   _TSK_timerSem
00008c00   _UTL_doAbort
00008d00   _UTL_doError
00008ac0   _UTL_doPutc
00008d20   _UTL_halt
00007890   __CLK_lat1beg
000078bc   __CLK_lat1end
00002fc0   __CSL_init
00005554   __GBL_setL2CacheMode
00014a98   __HOOK_NUMHOOKS
00014a94   __HOOK_knlId
00005c40   __HWI_lat1beg
00005dc0   __HWI_lat1end
00005dc0   __HWI_lat2beg
00005f60   __HWI_lat2end1
00005eec   __HWI_lat2end2
00005f80   __HWI_lat3beg
00006080   __HWI_lat3end1
00005f1c   __HWI_lat3end2
00008740   __IDL_lat1beg
00008790   __IDL_lat1end
000133b4   __IRQ_dispatchTable
000132f0   __IRQ_eventTable
00004b00   __IRQ_hookFetchPacket
000047c0   __IRQ_init
00013374   __IRQ_intTable
00007db0   __KNL_lat1beg
00007e38   __KNL_lat1end
000087c0   __LOG_lat1beg
00013668   __MCBSP_hDev0
0001366c   __MCBSP_hDev1
000135c0   __MEM_mutex
000067b8   __RTA_lat1beg
000067f0   __RTA_lat1end
00007120   __SEM_dopost
00010df8   __STACK_END
00004000   __STACK_SIZE
000058ac   __SWI_lat1beg
00005960   __SWI_lat1end
00005964   __SWI_lat2beg
000059d4   __SWI_lat2end
00005700   __SWI_lat3beg
0000576c   __SWI_lat3end
000136cc   __TIMER_deviceTable
000136ec   __TIMER_hBios
000136e4   __TIMER_hDev0
000136e8   __TIMER_hDev1
00013598   __TSK_mutex
00013734   ___TI_enable_exit_profile_output
ffffffff   ___TI_pprof_out_hndl
ffffffff   ___TI_prof_data_size
ffffffff   ___TI_prof_data_start
00004a40   ___add_dtor
00013140   ___atexit_func_id__
ffffffff   ___binit__
000148d0   ___bss__
ffffffff   ___c_args__
00010df8   ___cinit__
00000000   ___data__
00000000   ___edata__
00014c54   ___end__
00004b20   ___etext__
00012294   ___pinit__
00000200   ___text__
00007a60   __auto_init
0001372c   __cleanup_ptr
00002580   __divf
00013730   __dtors_ptr
00013738   __lock
00004aa0   __nop
00004ac0   __register_lock
00004ae0   __register_unlock
0000cdf8   __stack
00004540   __strasg
0001373c   __unlock
00004620   _atexit
00003fe0   _bit_rev
00013b20   _c_int00
00003c00   _call_dtors
00013608   _configEDMARcv
00013620   _configEDMAXmt
000004a0   _config_EDMA
00000c94   _config_interrupts
0000253c   _convertComplexFloatBufferToShort
000024dc   _convertShortBufferToComplexFloatAndInsulateFirstChannel
000135e8   _datainterface_config
00013740   _dtors
0000241c   _generateSpectrumOnes
00014b94   _hEdmaRcv
00014b9c   _hEdmaReloadRcvPing
00014ba4   _hEdmaReloadRcvPong
00014ba0   _hEdmaReloadXmtPing
00014ba8   _hEdmaReloadXmtPong
00014b98   _hEdmaXmt
00014bac   _hMcbsp
00024000   _impuleResponseSpecFilter
00000d00   _main
00002d80   _memcpy
000153e4   _myLOG
ffffffff   _myMEM
00002160   _processFastFolding
000002e0   _process_ping_SWI
0000024c   _process_pong_SWI
00014c20   _rtdxNullChanCnt
00014c24   _rtdxNullFuncCnt
00014090   _rtdx_buffer_state
000140b0   _rtdx_mon_state
00002b00   _set_aic23_register
00013558   _tccAllocTable
00014b84   _tccRcvPing
00014b88   _tccRcvPong
00014b8c   _tccXmtPing
00014b90   _tccXmtPong
00000200   _tsk_led_toggle
00014b80   _twiddleFacC
00008d40   _w
00003a80   _wait500nS
ffffffff   binit
00010df8   cinit
00000000   edata
00014c54   end
00004b20   etext
00000000   hwi0
00000020   hwi1
00000140   hwi10
00000160   hwi11
00000180   hwi12
000001a0   hwi13
000001c0   hwi14
000001e0   hwi15
00000040   hwi2
00000060   hwi3
00000080   hwi4
000000a0   hwi5
000000c0   hwi6
000000e0   hwi7
00000100   hwi8
00000120   hwi9
000153e4   myLOG
80008000   myLOG$buf
00000001   myLOG$datatype
00000000   myLOG$log
00000020   myLOG$size
ffffffff   myMEM
00012294   pinit


GLOBAL SYMBOLS: SORTED BY Symbol Address 

address    name
--------   ----
00000000   .data
00000000   BUF$
00000000   CLK_COUNTSPMSHIGH
00000000   CLK_PRDHIGH
00000000   CLK_TDDR
00000000   CLK_TDDRHIGH
00000000   CLK_TIMERNUM
00000000   DEV$
00000000   DGN$
00000000   DHL$
00000000   DHL_gChannelsAvailable
00000000   DIO$
00000000   DIO_NUMSWIBASE
00000000   DIO_NUMTSKBASE
00000000   DIO_STATIC
00000000   DPI$
00000000   GBL_BIGENDIAN
00000000   GBL_C641XL2PRIORITY
00000000   GBL_CACHE
00000000   GBL_L2CONFIGALLOC
00000000   GBL_L2MARMASK1
00000000   GBL_L2MARMASK2
00000000   GBL_L2MARMASK3
00000000   GBL_L2MARMASK4
00000000   GBL_L2MARMASK5
00000000   GBL_L2MODE
00000000   GBL_L2PRIORITY
00000000   GBL_NULL
00000000   GBL_PROCID
00000000   GBL_ROM
00000000   GBL_SUPPORTCSL
00000000   GIO$
00000000   HOOK$
00000000   HOOK_KNLID
00000000   HST_DSM
00000000   HST_NONE
00000000   HWI_A_VECS
00000000   HWI_GENERATE_RESET_VEC
00000000   HWI_INT10$hwi
00000000   HWI_INT11$hwi
00000000   HWI_INT12$hwi
00000000   HWI_INT13$hwi
00000000   HWI_INT14$hwi
00000000   HWI_INT15$hwi
00000000   HWI_INT4$hwi
00000000   HWI_INT5$hwi
00000000   HWI_INT6$hwi
00000000   HWI_INT7$hwi
00000000   HWI_INT8$hwi
00000000   HWI_INT9$hwi
00000000   HWI_NMI$hwi
00000000   HWI_POLARITYMASK
00000000   HWI_RESERVED0$hwi
00000000   HWI_RESERVED1$hwi
00000000   HWI_RESET
00000000   HWI_RESET$hwi
00000000   IDL_busyObj$iB
00000000   IDL_busyObj$operation
00000000   KNL_swi$ord
00000000   KNL_swi$pri
00000000   KNL_swi$sts$unittype
00000000   KNL_swi$swi
00000000   LED_Toggle$mode
00000000   LED_Toggle$prd
00000000   LED_Toggle$sts$filter
00000000   LED_toggle$sts$unittype
00000000   LED_toggle$tsk
00000000   LOG_system$datatype
00000000   LOG_system$log
00000000   MBX$
00000000   MEM_NULL
00000000   MEM_USEMPC
00000000   MSGQ$
00000000   MSGQ_USEMSGQ
00000000   OBJ$
00000000   PIP$
00000000   PIP_gNextId
00000000   POOL$
00000000   POOL_USEPOOL
00000000   PRD_swi$ord
00000000   PRD_swi$sts$unittype
00000000   PRD_swi$swi
00000000   Ping_SWI$sts$unittype
00000000   Ping_SWI$swi
00000000   Pong_SWI$sts$unittype
00000000   Pong_SWI$swi
00000000   RTA_fromHost$hst
00000000   RTA_fromHost$mode
00000000   RTA_toHost$hst
00000000   RTA_toHost$id
00000000   RTDX_MODE
00000000   RTDX_USERTEXECUTION
00000000   SIO$
00000000   SWI_EHOOKFXN
00000000   SWI_IHOOKFXN
00000000   TSK_NUM_HOOKS
00000000   TSK_READYFXN
00000000   TSK_STACKSEG
00000000   TSK_SWITCHFXN
00000000   TSK_idle$pri
00000000   TSK_idle$sts$unittype
00000000   TSK_idle$tsk
00000000   UDEV$
00000000   _CLK_TDDR
00000000   _CLK_TIMERNUM
00000000   _GBL_CACHE
00000000   _HWI_RESET
00000000   _RTDX_interrupt_mask
00000000   ___data__
00000000   ___edata__
00000000   edata
00000000   hwi0
00000000   myLOG$log
00000001   BUF_ENABLED
00000001   CLK$
00000001   CLK_CALDIV
00000001   CLK_HTIMEDIV
00000001   CLK_LTIMEDIV
00000001   CLK_USETIMER
00000001   GBL$
00000001   GBL_CALLCSLCFGINIT
00000001   GBL_ENABLEINST
00000001   GBL_L2CONFIGURE
00000001   GBL_L2MARMASK
00000001   GBL_USERINIT
00000001   GBL_boot
00000001   HST$
00000001   HST_RTDX
00000001   HWI$
00000001   HWI_NMI
00000001   HWI_ZEROTAB
00000001   IDL$
00000001   IDL_USECLKIDLTIME
00000001   IDL_busyObj$filter
00000001   IDL_busyObj$iA
00000001   IDL_busyObj$iC
00000001   ISRC$
00000001   KNL_swi$dorta
00000001   KNL_swi$sts$filtmaxmult
00000001   KNL_swi$sts$filtsummult
00000001   LCK$
00000001   LED_toggle$pri
00000001   LED_toggle$sts$filtmaxmult
00000001   LED_toggle$sts$filtsummult
00000001   LOG$
00000001   LOG_ENABLED
00000001   MEM$
00000001   MEM_gNumHeap
00000001   PRD$
00000001   PRD_A_TABLEN
00000001   PRD_swi$dorta
00000001   PRD_swi$pri
00000001   PRD_swi$sts$filtmaxmult
00000001   PRD_swi$sts$filtsummult
00000001   Ping_SWI$dorta
00000001   Ping_SWI$ord
00000001   Ping_SWI$sts$filtmaxmult
00000001   Ping_SWI$sts$filtsummult
00000001   Pong_SWI$dorta
00000001   Pong_SWI$sts$filtmaxmult
00000001   Pong_SWI$sts$filtsummult
00000001   QUE$
00000001   RTA_fromHost$id
00000001   RTA_toHost$mode
00000001   RTDX$
00000001   RTDX_NORMALIZED_HDR
00000001   RTDX_USERTDX
00000001   SEM$
00000001   STS$
00000001   SWI$
00000001   SYS$
00000001   TSK$
00000001   TSK_PRIORITY
00000001   TSK_idle$ord
00000001   TSK_idle$sts$filtmaxmult
00000001   TSK_idle$sts$filtsummult
00000001   _CLK_USETIMER
00000001   _HWI_NMI
00000001   myLOG$datatype
00000002   HWI_RESERVED0
00000002   IDL_busyObj$unittype
00000002   KNL_swi$sts$filter
00000002   LED_Toggle$sts$unittype
00000002   LED_toggle$sts$filter
00000002   LOG_A_TABLEN
00000002   PIP_A_TABLEN
00000002   PIP_gNumEmbed
00000002   PRD_swi$sts$filter
00000002   Ping_SWI$pri
00000002   Ping_SWI$sts$filter
00000002   Pong_SWI$ord
00000002   Pong_SWI$pri
00000002   Pong_SWI$sts$filter
00000002   TSK_idle$sts$filter
00000002   _HWI_RESERVED0
00000002   _LOG_A_TABLEN
00000002   _RTDX_JTAGONLY
00000003   HWI_RESERVED1
00000003   LED_toggle$ord
00000003   _HWI_RESERVED1
00000004   CLK_CALMULT
00000004   CLK_HTIMEMULT
00000004   HWI_INT4
00000004   RTA_fromHost$framesize
00000004   SWI_A_TABLEN
00000004   _HWI_INT4
00000005   HWI_INT5
00000005   LED_Toggle$ord
00000005   _HWI_INT5
00000006   HWI_INT6
00000006   IDL_CALIBRERROR
00000006   _HWI_INT6
00000007   HWI_INT7
00000007   _HWI_INT7
00000008   HWI_INT8
00000008   PRD_SCALAR
00000008   _HWI_INT8
00000009   HWI_INT9
00000009   _HWI_INT9
0000000a   HWI_INT10
0000000a   _HWI_INT10
0000000b   HWI_INT11
0000000b   _HWI_INT11
0000000c   HWI_INT12
0000000c   _HWI_INT12
0000000d   HWI_INT13
0000000d   _HWI_INT13
0000000e   HWI_INT14
0000000e   _HWI_INT14
0000000f   HWI_INT15
0000000f   _HWI_INT15
00000020   CLK_TCR
00000020   hwi1
00000020   myLOG$size
0000003e   GBL_DSPTYPE
00000040   HST_MAXFRAMESET
00000040   LOG_system$size
00000040   RTA_toHost$framesize
00000040   hwi2
00000042   GBL_FOOTPRINT
00000060   hwi3
00000064   PIP_OBJSIZE
00000080   hwi4
000000a0   hwi5
000000c0   hwi6
000000e0   hwi7
000000ff   HST_MAXFRAMEALLOWED
00000100   hwi8
00000120   hwi9
00000140   hwi10
00000160   hwi11
00000180   hwi12
000001a0   hwi13
000001c0   hwi14
000001e0   hwi15
00000200   .text
00000200   ___text__
00000200   _tsk_led_toggle
0000024c   _process_pong_SWI
000002e0   _process_ping_SWI
000003e8   CLK_MICROSECS
000003e8   LED_Toggle$period
00000400   HST_DSMMEMSIZE
00000400   TSK_STACKSIZE
00000408   RTDX_BUFMEMSIZE
000004a0   _config_EDMA
00000c94   _config_interrupts
00000d00   _main
00000ff4   _SWI_LEDToggle
00001020   _EDMA_interrupt_service
000011c0   _DSPF_sp_icfftr2_dif
00001770   GBL_CLKTYPE
00001800   _DSPF_sp_cfftr2_dit
00001a39   GBL_DSPSUBTYPE
00001d2c   _DSK6713_init
00002048   _DSK6713_rget
0000205c   _DSK6713_rset
00002070   _DSK6713_wait
000020c8   _DSK6713_waitusec
000020f4   _DSK6713_getVersion
00002160   _processFastFolding
00002226   GBL_L2ALLOC
0000241c   _generateSpectrumOnes
000024dc   _convertShortBufferToComplexFloatAndInsulateFirstChannel
0000253c   _convertComplexFloatBufferToShort
00002580   __divf
00002880   _EDMA_open
00002b00   _set_aic23_register
00002bb8   _Config_DSK6713_AIC23
00002d80   _memcpy
00002fc0   __CSL_init
000031e0   _DSK6713_LED_init
00003220   _DSK6713_LED_off
00003290   _DSK6713_LED_on
00003300   _DSK6713_LED_toggle
000033c0   _IRQ_map
00003740   _EDMA_allocTable
000038e0   _MCBSP_reset
00003a80   _wait500nS
00003aa8   GBL_USERINITFXN
00003aa8   _GBL_setPLLto225MHz
00003c00   _call_dtors
00003d60   _EDMA_reset
00003ea0   _TIMER_open
00003fe0   _bit_rev
00004000   CLK_INTBIT
00004000   __STACK_SIZE
00004108   HWI_CFGDISPATCHED
00004108   _HWI_CFGDISPATCHED
00004120   _TIMER_reset
00004240   _EDMA_intAlloc
00004340   _MCBSP_open
00004440   _MCBSP_start
00004540   __strasg
00004620   _atexit
000047c0   __IRQ_init
00004900   _DSK6713_DIP_init
00004908   _DSK6713_DIP_get
00004980   _EDMA_disableChannel
000049e0   _EDMA_enableChannel
00004a40   ___add_dtor
00004a80   _CSL6713_LIB_
00004aa0   __nop
00004ac0   __register_lock
00004ae0   __register_unlock
00004b00   __IRQ_hookFetchPacket
00004b20   LNK_F_checkBufferCall
00004b20   ___etext__
00004b20   etext
00004b40   LNK_F_getChanPtr
00004b98   LNK_F_init
00004ba0   LNK_F_dataPump
00004bb4   LNK_rcloop
00004c80   LNK_rdrtry
00004c90   LNK_rrloop
00004d54   LNK_wrrtry
00004d64   LNK_wrloop
00004e20   GBL_CLKIN
00004e40   LNK_newin
00004f80   LNK_newout
000050e4   LNK_F_readCallBack
00005205   GBL_A_VERSION
00005554   __GBL_setL2CacheMode
00005700   SWI_F_enable
00005700   __SWI_lat3beg
0000576c   __SWI_lat3end
00005770   SWI_F_post
00005770   _SWI_post
000058ac   __SWI_lat1beg
0000591c   SWI_EXECFXN
0000591c   SWI_F_exec
00005948   SWI_F_iexec
00005960   __SWI_lat1end
00005964   __SWI_lat2beg
000059d4   __SWI_lat2end
000059d8   SWI_F_run
000059d8   SWI_RUNFXN
00005c40   CLK_HOOKFXN
00005c40   HWI_F_dispatch
00005c40   _HWI_F_dispatch
00005c40   __HWI_lat1beg
00005dc0   __HWI_lat1end
00005dc0   __HWI_lat2beg
00005eec   __HWI_lat2end2
00005f1c   __HWI_lat3end2
00005f60   __HWI_lat2end1
00005f80   __HWI_lat3beg
00006080   __HWI_lat3end1
000060a0   PRD_F_swi
00006360   PRD_F_tick
00006440   _KNL_run
00006700   RTA_F_getlog
00006744   RTA_F_getsts
0000678c   RTA_F_readblk
000067ac   RTA_F_writeword
000067b8   RTA_F_resetmem
000067b8   __RTA_lat1beg
000067f0   __RTA_lat1end
000067f8   RTA_F_dispatch
00006848   RTA_execute
000069c0   _SEM_pendEnterKnl
00006ec0   PRD_THOOKFXN
00006ec0   _KNL_tick
00006ee0   PIP_F_take
00006f74   PIP_F_give
00006f74   PIP_F_probe
00007048   PIP_F_start
00007120   __SEM_dopost
00007340   _TSK_setup
00007540   _KNL_saveIsrFrame
0000760c   _KNL_switch
000076c0   KNL_glue
00007700   CLK_F_getltime
00007714   CLK_F_isr
00007874   CLK_F_itime
00007874   _CLK_F_itime
00007874   _CLK_itime
00007890   __CLK_lat1beg
000078bc   __CLK_lat1end
000078c0   _TSK_exit
00007a60   __auto_init
00007ca0   _TSK_startup
00007d60   _KNL_check
00007db0   __KNL_lat1beg
00007e38   _KNL_idle
00007e38   __KNL_lat1end
00007e5c   _KNL_max
00007ea0   _GBL_cslCacheInit
00007f80   _KNL_exit
00007fd4   _KNL_enter
00008000   SDRAM$L
00008000   _SDRAM_length
00008060   _SEM_postEnterKnl
00008140   _SEM_post
00008140   _SEM_postBinary
00008220   _CLK_measure
00008300   _KNL_ipost
000083c0   _KNL_post
00008480   _LCK_post
000084b0   _LCK_pend
00008540   _SYS_exit
00008600   CLK_F_getfhtime
00008620   CLK_F_gethtime
00008620   CLK_F_getshtime
00008620   CLK_TIMEFXN
000086c0   FXN_F_nop
000086c8   FXN_F_run
000086c8   _FXN_F_run
00008718   FXN_F_zero
00008718   _FXN_F_zero
00008740   IDL_F_busy
00008740   __IDL_lat1beg
00008790   __IDL_lat1end
000087c0   LOG_F_event
000087c0   _LOG_event
000087c0   __LOG_lat1beg
00008840   STS_F_delta
00008840   _STS_delta
00008878   STS_F_add
00008878   _STS_add
000088a4   STS_F_reset
000088a4   _STS_reset
000088c0   IDL_F_calibrate
00008940   _HWI_disable
00008958   _HWI_enable
0000896c   _HWI_restore
000089a0   _SEM_pendBinary
00008a00   _SEM_pend
00008a60   _SYS_abort
00008ac0   SYS_PUTCFXN
00008ac0   _UTL_doPutc
00008b20   _CLK_start
00008b80   IDL_CALIBRFXN
00008b80   IDL_F_stub
00008bc0   RTA_F_andn
00008be0   RTA_F_or
00008c00   SYS_ABORTFXN
00008c00   _UTL_doAbort
00008c40   _CLK_stop
00008c80   GIO_CREATEFXN
00008c80   GIO_DELETEFXN
00008c80   GIO_PENDFXN
00008c80   GIO_POSTFXN
00008c80   TSK_VCREATEFXN
00008c80   TSK_VDELETEFXN
00008c80   TSK_VEXITFXN
00008c80   _FXN_F_nop
00008ca0   _GBL_getVersion
00008cc0   IDL_F_loop
00008cc0   _IDL_loop
00008ce0   _STS_set
00008d00   SYS_ERRORFXN
00008d00   _UTL_doError
00008d20   SYS_EXITFXN
00008d20   _UTL_halt
00008d40   _w
0000cdf5   LED_Toggle$sts$maxfmt
0000cdf8   GBL_stackbeg
0000cdf8   _HWI_STKTOP
0000cdf8   __stack
0000cdfe   LED_Toggle$sts$sumfmt
0000ce07   LED_Toggle$sts$avgfmt
0000ce12   KNL_swi$sts$maxfmt
0000ce1a   KNL_swi$sts$sumfmt
0000ce22   KNL_swi$sts$avgfmt
0000ce2c   PRD_swi$sts$maxfmt
0000ce34   PRD_swi$sts$sumfmt
0000ce3c   PRD_swi$sts$avgfmt
0000ce46   Ping_SWI$sts$maxfmt
0000ce4e   Ping_SWI$sts$sumfmt
0000ce56   Ping_SWI$sts$avgfmt
0000ce60   Pong_SWI$sts$maxfmt
0000ce68   Pong_SWI$sts$sumfmt
0000ce70   Pong_SWI$sts$avgfmt
0000ce7a   TSK_idle$sts$maxfmt
0000ce82   TSK_idle$sts$sumfmt
0000ce8a   TSK_idle$sts$avgfmt
0000ce94   LED_toggle$sts$maxfmt
0000ce9c   LED_toggle$sts$sumfmt
0000cea4   LED_toggle$sts$avgfmt
0000ceae   IDL_busyObj$maxfmt
0000ceb1   IDL_busyObj$sumfmt
0000ceb4   IDL_busyObj$avgfmt
0000dbba   CLK_COUNTSPMS
0000dbba   CLK_HTIMEPERLTIME
0000dbba   CLK_PRD
0000dbba   _CLK_COUNTSPMS
0000dbba   _CLK_PRD
0000dbef   GBL_TRCMASKVALUE
00010df0   _HWI_STKBOTTOM
00010df7   GBL_stackend
00010df8   __STACK_END
00010df8   ___cinit__
00010df8   cinit
00012294   ___pinit__
00012294   pinit
000122a0   _RTDX_Poll
000126a0   _RTDX_Buffer_WriteCB
00012ce0   _RTDX_Mon_Queue
00012f00   _RTDX_Init_RT_Monitor
00012f80   _RTDX_Buffer_Initialize
00012fe0   _RTDX_Buffer_ReadCB
00013040   _RTDX_Buffer_Size
00013080   _RTDX_Final_RT_Monitor
000130c0   _RTDX_Buffer_Read
000130e0   _RTDX_Buffer_Write
00013120   _RTDX_Mask_IER
00013140   ___atexit_func_id__
000132f0   __IRQ_eventTable
00013374   __IRQ_intTable
000133b4   __IRQ_dispatchTable
000133bc   _KNL_queues
0001345c   _KNL_dummy
00013494   _TSK_ATTRS
000134b0   _TSK_config
000134d0   _TSK_timerSem
000134f0   _OBJ_table
00013528   _OBJ_segtab
00013558   _tccAllocTable
00013598   __TSK_mutex
000135c0   __MEM_mutex
000135e8   _datainterface_config
00013608   _configEDMARcv
00013620   _configEDMAXmt
00013668   __MCBSP_hDev0
0001366c   __MCBSP_hDev1
000136cc   __TIMER_deviceTable
000136e4   __TIMER_hDev0
000136e8   __TIMER_hDev1
000136ec   __TIMER_hBios
000136f0   _SYS_exitStack
0001372c   __cleanup_ptr
00013730   __dtors_ptr
00013734   ___TI_enable_exit_profile_output
00013738   __lock
0001373c   __unlock
00013740   _dtors
00013744   _DSK6713_version
00013748   RTA_fromHost$buf
00013758   CLK_A_TABBEG
00013758   PRD_clock
00013758   _PRD_clock
0001375c   CLK_null
00013760   BIOS_init
00013760   _BIOS_init
000138dc   BIOS$$CLKON
0001391c   BIOS$$CLKOFF
00013984   BIOS_start
00013984   _BIOS_start
00013a40   _MEM_init
00013b20   _c_int00
00013be0   _TSK_init
00013c60   _OBJ_init
00013c80   _RTDX_Buffer
00014088   _RTDX_Buffer_Start
0001408c   _RTDX_Buffer_End
00014090   _rtdx_buffer_state
0001409c   _RTDX_writing
000140b0   _rtdx_mon_state
000140d0   LED_toggle$stack
00014468   LED_toggle$stkptr
000144d0   TSK_idle$stack
00014868   TSK_idle$stkptr
000148d0   $bss
000148d0   .bss
000148d0   _HWI_dispatchTab
000148d0   ___bss__
000149d0   IDL_D_tabbeg
000149d4   IDL_D_calibrate
000149d8   IDL_D_calbeg
000149dc   LOG_D_system
000149dc   _LOG_D_system
000149e0   PIP_D_tabbeg
000149e4   PIP_D_tablen
000149e8   CLK_R_time
000149ec   CLK_D_timefxn
000149f0   CLK_D_tabbeg
000149f4   CLK_D_isrhook
000149f8   CLK_D_idletime
000149fc   _CLK_htimeDiv
00014a00   _CLK_htimeMult
00014a04   _CLK_ltimeDiv
00014a08   _CLK_ltimeMult
00014a0c   _CLK_D_dirty
00014a10   _CLK_D_prd
00014a14   _CLK_D_tddr
00014a18   _CLK_D_countspms
00014a1c   PRD_D_tick
00014a1c   _PRD_D_tick
00014a20   PRD_D_cur
00014a24   PRD_D_elapsed
00014a28   PRD_D_prevtim
00014a2c   PRD_D_scalar
00014a30   PRD_D_swihandle
00014a34   PRD_D_tabbeg
00014a38   PRD_D_tablen
00014a3c   PRD_D_thook
00014a40   RTA_D_fromHost
00014a44   RTA_D_toHost
00014a48   RTA_D_logval
00014a58   RTA_D_stsval
00014a64   HST_D_chanmask
00014a68   HST_D_tabbeg
00014a6c   HST_D_tabend
00014a70   _GBL_procId
00014a74   _GBL_clkIn
00014a78   _GBL_freq
00014a7c   _MEM_D_NUMSEGMENTS
00014a80   _MEM_D_memtab
00014a84   _MEM_D_freelist
00014a88   _MEM_D_lockaddr
00014a8c   _MEM_D_unlockaddr
00014a90   _SYS
00014a94   __HOOK_knlId
00014a98   __HOOK_NUMHOOKS
00014a9c   SWI_D_runaddr
00014a9c   _SWI_D_runaddr
00014a9c   _SWI_data
00014aa0   SWI_D_execaddr
00014aa0   _SWI_D_execaddr
00014aa4   SWI_D_curmask
00014aa4   _SWI_D_curmask
00014aa8   SWI_D_curset
00014aa8   _SWI_D_curset
00014aac   SWI_D_lock
00014aac   _SWI_D_lock
00014ab0   SWI_D_curmbox
00014ab4   SWI_D_curfxn
00014ab4   _SWI_D_curfxn
00014ab8   SWI_D_rdybeg
00014ab8   _SWI_D_rdybeg
00014abc   SWI_D_inswi
00014abc   _SWI_D_inswi
00014ac0   SWI_D_rdytab
00014b38   _KNL_wFlag
00014b3c   _KNL_wList
00014b40   _KNL_alarm
00014b44   _KNL_setpri
00014b48   _KNL_inactive
00014b4c   _KNL_priority
00014b50   _KNL_set
00014b54   _KNL_curtask
00014b58   _KNL_prevtask
00014b5c   _KNL_curtime
00014b60   _KNL_swiptr
00014b64   _KNL_curqueue
00014b68   _KNL_maxqueue
00014b6c   _KNL_tswitchfxn
00014b70   _KNL_tcreatefxn
00014b74   _KNL_tdeletefxn
00014b78   _KNL_treadyfxn
00014b7c   _KNL_idlefxn
00014b80   _twiddleFacC
00014b84   _tccRcvPing
00014b88   _tccRcvPong
00014b8c   _tccXmtPing
00014b90   _tccXmtPong
00014b94   _hEdmaRcv
00014b98   _hEdmaXmt
00014b9c   _hEdmaReloadRcvPing
00014ba0   _hEdmaReloadXmtPing
00014ba4   _hEdmaReloadRcvPong
00014ba8   _hEdmaReloadXmtPong
00014bac   _hMcbsp
00014bc0   _MEM_memtab
00014bcc   MEM_MALLOCSEG
00014bcc   MEM_SEGZERO
00014bcc   SDRAM
00014bcc   _SDRAM
00014bd0   RTA_fromHost$pipe$dtab
00014bdc   RTA_toHost$pipe$dtab
00014be8   HWI_D_spsave
00014be8   _HWI_D_spsave
00014be8   _HWI_data
00014bf4   _HWI_D_inhwi
00014bf8   HWI_D_bss
00014bfc   HWI_D_ccmask
00014c00   LNK_dspFrameRequestMask
00014c00   _LNK_dspFrameRequestMask
00014c04   LNK_dspFrameReadyMask
00014c04   _LNK_dspFrameReadyMask
00014c08   LNK_readPend
00014c08   _LNK_readPend
00014c0c   LNK_readDone
00014c0c   _LNK_readDone
00014c10   LNK_readFail
00014c10   _LNK_readFail
00014c14   LNK_writeFail
00014c14   _LNK_writeFail
00014c20   _rtdxNullChanCnt
00014c24   _rtdxNullFuncCnt
00014c28   _TSK_nTasks
00014c2c   _TSK_pid
00014c30   _TSK
00014c34   _CLK_DFLTMICROSECS
00014c38   _CLK_D_microseconds
00014c3c   _SYS_exitStackPtr
00014c40   _SYS_exitStackTop
00014c44   _CLK_htimePerLtime
00014c4c   IDL_D_busyObj
00014c50   _MEM
00014c54   _SYS_PUTCBEG
00014c54   ___end__
00014c54   end
00014e53   _SYS_PUTCEND
00014e54   LED_Toggle$sts$stsobj
00014e54   STS_A_TABBEG
00014e54   _STS_A_TABBEG
00014e58   LED_Toggle$sts
00014e64   KNL_swi$sts$stsobj
00014e68   KNL_swi$sts
00014e74   PRD_swi$sts$stsobj
00014e78   PRD_swi$sts
00014e84   Ping_SWI$sts$stsobj
00014e88   Ping_SWI$sts
00014e94   Pong_SWI$sts$stsobj
00014e98   Pong_SWI$sts
00014ea4   TSK_idle$sts$stsobj
00014ea8   TSK_idle$sts
00014eb4   LED_toggle$sts$stsobj
00014eb8   LED_toggle$sts
00014ec4   IDL_busyObj$stsobj
00014ec8   IDL_busyObj
00014ec8   _IDL_busyObj
00014ed4   STS_A_TABEND
00014ed4   _STS_A_TABEND
00014ee0   _SEM_LEDToggle
00014f00   LOG_system$buf
00015000   RTA_toHost$buf
00015100   PIP_A_TABBEG
00015100   RTA_fromHost$pipe
00015100   _PIP_A_TABBEG
00015104   RTA_fromHost$pipe$rd
00015130   RTA_fromHost$pipe$aaa
00015134   RTA_fromHost$pipe$wr
00015160   RTA_fromHost$pipe$bbb
00015164   RTA_toHost$pipe
00015168   RTA_toHost$pipe$rd
00015194   RTA_toHost$pipe$aaa
00015198   RTA_toHost$pipe$wr
000151c4   RTA_toHost$pipe$bbb
000151c8   PIP_A_TABEND
000151c8   _PIP_A_TABEND
000151d4   TSK_idle
000151d4   _TSK_idle
00015234   LED_toggle
00015234   _LED_toggle
00015288   KNL_swi
00015288   SWI_A_TABBEG
00015288   _KNL_swi
000152b4   PRD_SWIHANDLE
000152b4   PRD_swi
000152b4   _PRD_swi
000152e0   Ping_SWI
000152e0   _Ping_SWI
0001530c   Pong_SWI
0001530c   _Pong_SWI
00015338   SWI_A_TABEND
00015390   HST_A_TABBEG
00015390   _HST_A_TABBEG
00015394   RTA_fromHost
00015394   _RTA_fromHost
0001539c   RTA_fromHost$rtdx
000153b0   RTA_toHost
000153b0   _RTA_toHost
000153b8   RTA_toHost$rtdx
000153cc   HST_A_TABEND
000153cc   LOG_A_TABBEG
000153cc   LOG_system
000153cc   _HST_A_TABEND
000153cc   _LOG_A_TABBEG
000153cc   _LOG_system
000153e4   _myLOG
000153e4   myLOG
000153fc   LOG_A_TABEND
000153fc   _LOG_A_TABEND
00015424   LED_Toggle
00015424   PRD_A_TABBEG
00015424   _LED_Toggle
00015440   LED_Toggle$aaa
00015444   IDL_A_TABBEG
00015444   IDL_cpuLoad
00015444   PRD_A_TABEND
00015444   _IDL_cpuLoad
00015448   LNK_dataPump
00015448   _LNK_dataPump
0001544c   RTA_dispatcher
0001544c   _RTA_dispatcher
00015450   IDL_END
00015454   IDL_A_CALBEG
00015454   IDL_cpuLoad$
00015458   LNK_dataPump$
0001545c   RTA_dispatcher$
00015460   IDL_END$
00015464   SYS$config
00015474   TRC_cinit
00015478   TRC_R_mask
00015478   _TRC_R_mask
0001547c   GBL_initdone
00020000   _Buffer_in_ping
00021000   _Buffer_in_pong
00022000   _Buffer_out_ping
00023000   _Buffer_out_pong
00024000   _impuleResponseSpecFilter
00026000   _BufferBand0In
00028000   _BufferBand1In
0002a000   _BufferBand2In
0002c000   _BufferBand0Out
0002e000   _BufferBand1Out
00030000   _BufferBand2Out
00032000   _FIRCoef
00036ee8   CLK_LTIMEMULT
00036ee8   GBL_FREQ
01940000   CLK_REGS
01940000   _CLK_REGS
082039a3   HWI_INTRMULTHIGH
310718a4   HWI_INTRMULTLOW
80000000   SDRAM$B
80000000   _SDRAM_base
80008000   myLOG$buf
ffffffff   HST_DSMBUFSEG
ffffffff   IRAM
ffffffff   RTDX_DATAMEMSEG
ffffffff   _IRAM
ffffffff   ___TI_pprof_out_hndl
ffffffff   ___TI_prof_data_size
ffffffff   ___TI_prof_data_start
ffffffff   ___binit__
ffffffff   ___c_args__
ffffffff   _myMEM
ffffffff   binit
ffffffff   myMEM

[852 symbols]
