******************************************************************************
               TMS320C6x Linker PC v7.4.16                     
******************************************************************************
>> Linked Tue May 22 21:54:40 2018

OUTPUT FILE NAME:   <SSB.out>
ENTRY POINT SYMBOL: "_c_int00"  address: 000142a0


MEMORY CONFIGURATION

         name            origin    length      used     unused   attr    fill
----------------------  --------  ---------  --------  --------  ----  --------
  IRAM                  00000000   00020000  00015cc1  0000a33f  RWIX
  myMEM                 00020000   00020000  00016020  00009fe0  RWIX
  SDRAM                 80000000   0006e000  00008080  00065f80  RWIX


SECTION ALLOCATION MAP

 output                                  attributes/
section   page    origin      length       input sections
--------  ----  ----------  ----------   ----------------
.data      0    00000000    00000000     UNINITIALIZED

.vers      0    00000000    00000040     COPY SECTION
                  00000000    00000040     BIOS_configcfg.obj (.vers)

.hwi_vec   0    00000000    00000200     
                  00000000    00000200     BIOS_configcfg.obj (.hwi_vec)

.cinit     0    00000200    0000565c     
                  00000200    000042fc     skeletonmod flo.obj (.cinit)
                  000044fc    00000004     --HOLE-- [fill = 0]
                  00004500    00000864     BIOS_configcfg.obj (.cinit)
                  00004d64    00000004     --HOLE-- [fill = 0]
                  00004d68    0000026c     bios.a67 : biosdata.o67 (.cinit)
                  00004fd4    00000004     --HOLE-- [fill = 0]
                  00004fd8    000001a4              : knl.o67 (.cinit)
                  0000517c    00000004     --HOLE-- [fill = 0]
                  00005180    0000012c     csl6713.lib : csl_irq.obj (.cinit)
                  000052ac    00000004     --HOLE-- [fill = 0]
                  000052b0    000000b0     bios.a67 : swi.o67 (.cinit)
                  00005360    00000080              : tsk.o67 (.cinit)
                  000053e0    00000070     csl6713.lib : csl_edma.obj (.cinit)
                  00005450    00000060     bios.a67 : tsk_stup.o67 (.cinit)
                  000054b0    0000005c     lnkrtdx.a67 : rtdx.o67 (.cinit)
                  0000550c    00000004     --HOLE-- [fill = 0]
                  00005510    00000054     csl6713.lib : csl_mcbsp.obj (.cinit)
                  00005564    00000004     --HOLE-- [fill = 0]
                  00005568    0000004c     bios.a67 : rta.o67 (.cinit)
                  000055b4    00000004     --HOLE-- [fill = 0]
                  000055b8    0000004c     csl6713.lib : csl_timer.obj (.cinit)
                  00005604    00000004     --HOLE-- [fill = 0]
                  00005608    0000004c     rtdx.lib : buffer1.o62 (.cinit)
                  00005654    00000004     --HOLE-- [fill = 0]
                  00005658    00000048     config_AIC23.obj (.cinit)
                  000056a0    0000003c     csl6713.lib : csl.obj (.cinit)
                  000056dc    00000004     --HOLE-- [fill = 0]
                  000056e0    00000034     bios.a67 : hwi.o67 (.cinit)
                  00005714    00000004     --HOLE-- [fill = 0]
                  00005718    0000002c              : utl_putc.o67 (.cinit)
                  00005744    00000004     --HOLE-- [fill = 0]
                  00005748    0000002c     rts6700.lib : exit.obj (.cinit)
                  00005774    00000004     --HOLE-- [fill = 0]
                  00005778    00000024     bios.a67 : obj_init.o67 (.cinit)
                  0000579c    00000004     --HOLE-- [fill = 0]
                  000057a0    0000001c              : sys.o67 (.cinit)
                  000057bc    00000004     --HOLE-- [fill = 0]
                  000057c0    0000001c     rts6700.lib : _lock.obj (.cinit)
                  000057dc    00000004     --HOLE-- [fill = 0]
                  000057e0    0000001c                 : atexit.obj (.cinit)
                  000057fc    00000004     --HOLE-- [fill = 0]
                  00005800    00000018     bios.a67 : knl_tick.o67 (.cinit)
                  00005818    0000000c              : gbl_setL2CacheMode.o67 (.cinit)
                  00005824    00000004     --HOLE-- [fill = 0]
                  00005828    0000000c              : idl_busy.o67 (.cinit)
                  00005834    00000004     --HOLE-- [fill = 0]
                  00005838    0000000c              : knl_swit.o67 (.cinit)
                  00005844    00000004     --HOLE-- [fill = 0]
                  00005848    0000000c     rts6700.lib : sinit.obj (.cinit)
                  00005854    00000004     --HOLE-- [fill = 0]
                  00005858    00000004     (.pad.cinit) [fill = 0]

.args      0    0000585c    00000004     
                  0000585c    00000004     --HOLE-- [fill = 0]

.text      0    00005860    00004fa0     
                  00005860    00001420     skeletonmod flo.obj (.text)
                  00006c80    000006a0     fastFolding.obj (.text)
                  00007320    00000640     dsp67x.lib : DSPF_sp_icfftr2_dif.obj (.text)
                  00007960    000004e0                : DSPF_sp_cfftr2_dit.obj (.text)
                  00007e40    00000480     dsk6713bsl.lib : dsk6713.obj (.text)
                  000082c0    00000300     rts6700.lib : divf.obj (.text:__divf)
                  000085c0    00000280     csl6713.lib : csl_edma.obj (.text:_EDMA_open)
                  00008840    00000280     config_AIC23.obj (.text)
                  00008ac0    00000240     rts6700.lib : memcpy62.obj (.text:_memcpy)
                  00008d00    00000220     csl6713.lib : csl.obj (.text:__CSL_init)
                  00008f20    000001e0     dsk6713bsl.lib : dsk6713_led.obj (.text)
                  00009100    000001c0     csl6713.lib : csl_irq.obj (.text:_IRQ_map)
                  000092c0    000001c0                 : csl_irq.obj (.text:_mux2Tables)
                  00009480    000001a0                 : csl_edma.obj (.text:_EDMA_allocTable)
                  00009620    000001a0                 : csl_mcbsp.obj (.text:_MCBSP_reset)
                  000097c0    00000180     bios.a67 : gbl_cslpllinit62.o67 (.text)
                  00009940    00000160     rts6700.lib : sinit.obj (.text:_call_dtors)
                  00009aa0    00000140     csl6713.lib : csl_edma.obj (.text:_EDMA_reset)
                  00009be0    00000140                 : csl_timer.obj (.text:_TIMER_open)
                  00009d20    00000120                 : csl_timer.obj (.text:_TIMER_reset)
                  00009e40    00000100                 : csl_edma.obj (.text:_EDMA_intAlloc)
                  00009f40    00000100                 : csl_mcbsp.obj (.text:_MCBSP_open)
                  0000a040    00000100                 : csl_mcbsp.obj (.text:_MCBSP_start)
                  0000a140    000000e0     rts6700.lib : strasg.obj (.text:__strasg)
                  0000a220    000000e0                 : atexit.obj (.text:_atexit)
                  0000a300    000000c0     bios.a67 : tsk_stup.o67 (.text)
                  0000a3c0    000000a0     csl6713.lib : csl_mcbsp.obj (.text:_MCBSP_config)
                  0000a460    000000a0                 : csl_irq.obj (.text:__IRQ_init)
                  0000a500    000000a0                 : csl_irq.obj (.text:_setMux)
                  0000a5a0    00000080     dsk6713bsl.lib : dsk6713_dip.obj (.text)
                  0000a620    00000060     csl6713.lib : csl_edma.obj (.text:_EDMA_disableChannel)
                  0000a680    00000060                 : csl_edma.obj (.text:_EDMA_enableChannel)
                  0000a6e0    00000040     rts6700.lib : sinit.obj (.text:___add_dtor)
                  0000a720    00000020     csl6713.lib : csl.obj (.text:_CSL6713_LIB_)
                  0000a740    00000020                 : csl_mcbsp.obj (.text:_MCBSP_write)
                  0000a760    00000020                 : csl_mcbsp.obj (.text:_MCBSP_xrdy)
                  0000a780    00000020     rts6700.lib : _lock.obj (.text:__nop)
                  0000a7a0    00000020                 : _lock.obj (.text:__register_lock)
                  0000a7c0    00000020                 : _lock.obj (.text:__register_unlock)
                  0000a7e0    00000020     csl6713.lib : csl_irq.obj (.text)

.bios      0    0000a800    00004220     
                  0000a800    00000600     lnkrtdx.a67 : rtdx.o67 (.bios)
                  0000ae00    000005e0     bios.a67 : gbl_setL2CacheMode.o67 (.bios)
                  0000b3e0    00000540              : swi.o67 (.bios)
                  0000b920    00000460              : hwi_disp_asm.o67 (.bios)
                  0000bd80    000003a0              : prd.o67 (.bios)
                  0000c120    000002c0              : knl_run.o67 (.bios)
                  0000c3e0    000002c0              : rta.o67 (.bios)
                  0000c6a0    000002c0              : sem_pend.o67 (.bios)
                  0000c960    00000260              : knl_tick.o67 (.bios)
                  0000cbc0    00000240              : pip.o67 (.bios)
                  0000ce00    00000220              : sem_dopo.o67 (.bios)
                  0000d020    00000200              : tsk_setu.o67 (.bios)
                  0000d220    000001c0              : knl_swit.o67 (.bios)
                  0000d3e0    000001c0     biosC6000.a67 : clk.o67 (.bios)
                  0000d5a0    000001a0     bios.a67 : tsk_exit.o67 (.bios)
                  0000d740    00000180              : autoinit.o67 (.bios)
                  0000d8c0    00000180              : tsk_stup.o67 (.bios)
                  0000da40    00000140              : knl_chec.o67 (.bios)
                  0000db80    000000e0              : gbl_cslcacheinit.o67 (.bios)
                  0000dc60    000000e0              : knl_exit.o67 (.bios)
                  0000dd40    000000e0              : sem_post.o67 (.bios)
                  0000de20    000000e0              : sem_post_asm.o67 (.bios)
                  0000df00    000000e0     biosC6000.a67 : clk_meas.o67 (.bios)
                  0000dfe0    000000c0     bios.a67 : knl_ipos.o67 (.bios)
                  0000e0a0    000000c0              : knl_post.o67 (.bios)
                  0000e160    000000c0              : lck.o67 (.bios)
                  0000e220    000000c0              : sys_exit.o67 (.bios)
                  0000e2e0    000000c0     biosC6000.a67 : clk_htime.o67 (.bios)
                  0000e3a0    00000080     bios.a67 : fxn.o67 (.bios)
                  0000e420    00000080              : idl_busy.o67 (.bios)
                  0000e4a0    00000080              : log.o67 (.bios)
                  0000e520    00000080              : sts.o67 (.bios)
                  0000e5a0    00000080     biosC6000.a67 : idl_cal.o67 (.bios)
                  0000e620    00000060     bios.a67 : hwi_c.o67 (.bios)
                  0000e680    00000060              : sem_pend_binary.o67 (.bios)
                  0000e6e0    00000060              : sem_pend_counting.o67 (.bios)
                  0000e740    00000060              : sys_abor.o67 (.bios)
                  0000e7a0    00000060              : utl_putc.o67 (.bios)
                  0000e800    00000060     biosC6000.a67 : clk_start.o67 (.bios)
                  0000e860    00000040     bios.a67 : idl_stub.o67 (.bios)
                  0000e8a0    00000040              : rta_andn.o67 (.bios)
                  0000e8e0    00000040              : utl_doab.o67 (.bios)
                  0000e920    00000040     biosC6000.a67 : clk_stop.o67 (.bios)
                  0000e960    00000020     bios.a67 : fxn_c.o67 (.bios)
                  0000e980    00000020              : gbl_vers.o67 (.bios)
                  0000e9a0    00000020              : idl.o67 (.bios)
                  0000e9c0    00000020              : sts_set.o67 (.bios)
                  0000e9e0    00000020              : utl_doer.o67 (.bios)
                  0000ea00    00000020              : utl_halt.o67 (.bios)

.stack     0    0000ea20    00004000     UNINITIALIZED
                  0000ea20    00004000     --HOLE--

.rtdx_text 
*          0    00012a20    00000ea0     
                  00012a20    00000400     rtdx.lib : rtdx_mon.o62 (.rtdx_text:_RTDX_Poll)
                  00012e20    00000340              : buffer1.o62 (.rtdx_text:_RTDX_Buffer_WriteCB)
                  00013160    00000300              : buffer1.o62 (.rtdx_text:_RTDX_write_next)
                  00013460    00000140              : rtdx_mon.o62 (.rtdx_text:_RTDX_Mon_Queue)
                  000135a0    000000e0              : buffer1.o62 (.rtdx_text:_claim)
                  00013680    00000080              : rtdx_mon.o62 (.rtdx_text:_RTDX_Init_RT_Monitor)
                  00013700    00000060              : buffer1.o62 (.rtdx_text:_RTDX_Buffer_Initialize)
                  00013760    00000060              : buffer2.o62 (.rtdx_text:_RTDX_Buffer_ReadCB)
                  000137c0    00000040              : buffer1.o62 (.rtdx_text:_RTDX_Buffer_Size)
                  00013800    00000040              : rtdx_mon.o62 (.rtdx_text:_RTDX_Final_RT_Monitor)
                  00013840    00000020              : buffer2.o62 (.rtdx_text:_RTDX_Buffer_Read)
                  00013860    00000020              : buffer1.o62 (.rtdx_text:_RTDX_Buffer_Write)
                  00013880    00000020              : rtdx_mon.o62 (.rtdx_text:_RTDX_checksum)
                  000138a0    00000020              : intr_tgt.o62 (.rtdx_text)

.far       0    000138c0    00000608     UNINITIALIZED
                  000138c0    00000188     rts6700.lib : atexit.obj (.far)
                  00013a48    000000f4     csl6713.lib : csl_irq.obj (.far)
                  00013b3c    000000d8     bios.a67 : knl.o67 (.far)
                  00013c14    0000005c              : tsk.o67 (.far)
                  00013c70    00000054              : obj_init.o67 (.far)
                  00013cc4    00000054     csl6713.lib : csl_edma.obj (.far)
                  00013d18    00000050     bios.a67 : tsk_stup.o67 (.far)
                  00013d68    00000050     skeletonmod flo.obj (.far)
                  00013db8    00000038     csl6713.lib : csl_mcbsp.obj (.far)
                  00013df0    00000034     config_AIC23.obj (.far)
                  00013e24    00000028     csl6713.lib : csl.obj (.far)
                  00013e4c    00000024                 : csl_timer.obj (.far)
                  00013e70    00000020     bios.a67 : sys.o67 (.far)
                  00013e90    00000010              : knl_tick.o67 (.far)
                  00013ea0    0000000c              : utl_putc.o67 (.far)
                  00013eac    0000000c     rts6700.lib : exit.obj (.far)
                  00013eb8    00000008                 : _lock.obj (.far)
                  00013ec0    00000004                 : sinit.obj (.far)
                  00013ec4    00000002     dsk6713bsl.lib : dsk6713.obj (.far)
                  00013ec6    00000002                    : dsk6713_led.obj (.far)

.hst1      0    00013ec8    00000010     UNINITIALIZED
                  00013ec8    00000010     BIOS_configcfg.obj (.hst1)

.clk       0    00013ed8    00000008     UNINITIALIZED
                  00013ed8    00000008     BIOS_configcfg.obj (.clk)

.sysinit   0    00013ee0    00000520     
                  00013ee0    000002e0     BIOS_configcfg.obj (.sysinit)
                  000141c0    000000e0     bios.a67 : mem_init.o67 (.sysinit)
                  000142a0    000000c0              : boot.o67 (.sysinit)
                  00014360    00000080              : tsk_init.o67 (.sysinit)
                  000143e0    00000020              : obj_init.o67 (.sysinit)

.rtdx_data 
*          0    00014400    0000044c     UNINITIALIZED
                  00014400    00000410     BIOS_configcfg.obj (.rtdx_data)
                  00014810    00000020     rtdx.lib : buffer1.o62 (.rtdx_data)
                  00014830    0000001c              : rtdx_mon.o62 (.rtdx_data)

.mem       0    0001484c    00000004     UNINITIALIZED
                  0001484c    00000004     BIOS_configcfg.obj (.mem)

.LED_toggle$stk 
*          0    00014850    00000400     UNINITIALIZED
                  00014850    00000400     BIOS_configcfg.obj (.LED_toggle$stk)

.TSK_idle$stk 
*          0    00014c50    00000400     UNINITIALIZED
                  00014c50    00000400     BIOS_configcfg.obj (.TSK_idle$stk)

.bss       0    00015050    00000384     UNINITIALIZED
                  00015050    00000100     bios.a67 : hwi_disp_asm.o67 (.bss)
                  00015150    000000cc              : biosdata.o67 (.bss)
                  0001521c    0000009c              : swi.o67 (.bss)
                  000152b8    00000048              : knl.o67 (.bss)
                  00015300    00000040     skeletonmod flo.obj (.bss)
                  00015340    00000028     BIOS_configcfg.obj (.bss)
                  00015368    00000018     bios.a67 : hwi.o67 (.bss)
                  00015380    00000018     lnkrtdx.a67 : rtdx.o67 (.bss)
                  00015398    00000010     rtdx.lib : buffer1.o62 (.bss)
                  000153a8    0000000c     bios.a67 : tsk.o67 (.bss)
                  000153b4    00000008              : clk_data.o67 (.bss)
                  000153bc    00000008              : sys.o67 (.bss)
                  000153c4    00000004              : clk_data2.o67 (.bss)
                  000153c8    00000004              : gbl_setL2CacheMode.o67 (.bss)
                  000153cc    00000004              : idl_busy.o67 (.bss)
                  000153d0    00000004              : mem_asm.o67 (.bss)

.trace     0    000153d4    00000200     
                  000153d4    00000200     --HOLE-- [fill = 00000000]

.sem       0    000155d4    0000002c     UNINITIALIZED
                  000155d4    0000002c     BIOS_configcfg.obj (.sem)

.LOG_system$buf 
*          0    00015600    00000100     UNINITIALIZED
                  00015600    00000100     BIOS_configcfg.obj (.LOG_system$buf)

.hst0      0    00015700    00000100     UNINITIALIZED
                  00015700    00000100     BIOS_configcfg.obj (.hst0)

.pip       0    00015800    000000c8     UNINITIALIZED
                  00015800    000000c8     BIOS_configcfg.obj (.pip)

.tsk       0    000158c8    000000c0     UNINITIALIZED
                  000158c8    000000c0     BIOS_configcfg.obj (.tsk)

.const     0    00015988    000000b5     
                  00015988    0000004e     bios.a67 : tsk_stup.o67 (.const)
                  000159d6    00000023              : utl_doab.o67 (.const)
                  000159f9    00000022              : utl_doer.o67 (.const)
                  00015a1b    00000001     --HOLE-- [fill = 0]
                  00015a1c    00000020     dsk6713bsl.lib : dsk6713.obj (.const)
                  00015a3c    00000001     bios.a67 : tsk.o67 (.const)

.printf    0    00015a3d    000000c4     COPY SECTION
                  00015a3d    000000c4     BIOS_configcfg.obj (.printf)

.swi       0    00015a40    000000b0     UNINITIALIZED
                  00015a40    000000b0     BIOS_configcfg.obj (.swi)

.sts       0    00015af0    00000080     
                  00015af0    00000080     BIOS_configcfg.obj (.sts)

.gblinit   0    00015b70    00000058     
                  00015b70    00000058     BIOS_configcfg.obj (.gblinit)

.hst       0    00015bc8    0000003c     UNINITIALIZED
                  00015bc8    0000003c     BIOS_configcfg.obj (.hst)

.log       0    00015c04    00000030     
                  00015c04    00000030     BIOS_configcfg.obj (.log)

.switch    0    00015c34    00000028     
                  00015c34    00000028     rtdx.lib : rtdx_mon.o62 (.switch)

.prd       0    00015c5c    00000020     UNINITIALIZED
                  00015c5c    00000020     BIOS_configcfg.obj (.prd)

.idl       0    00015c7c    00000010     UNINITIALIZED
                  00015c7c    00000010     BIOS_configcfg.obj (.idl)

.idlcal    0    00015c8c    00000010     UNINITIALIZED
                  00015c8c    00000010     BIOS_configcfg.obj (.idlcal)

.sys       0    00015c9c    00000010     UNINITIALIZED
                  00015c9c    00000010     BIOS_configcfg.obj (.sys)

.pinit     0    00015cac    0000000c     
                  00015cac    00000004     rtdx.lib : buffer1.o62 (.pinit)
                  00015cb0    00000004              : rtdx_mon.o62 (.pinit)
                  00015cb4    00000004     --HOLE-- [fill = 0]

.trcdata   0    00015cb8    0000000c     
                  00015cb8    0000000c     bios.a67 : trc.o67 (.trcdata)

.datenpuffer 
*          0    00020000    00016020     UNINITIALIZED
                  00020000    00016020     skeletonmod flo.obj (.datenpuffer)

.SDRAM$heap 
*          0    80000000    00008000     UNINITIALIZED
                  80000000    00008000     --HOLE--

.myLOG$buf 
*          0    80008000    00000080     UNINITIALIZED
                  80008000    00000080     BIOS_configcfg.obj (.myLOG$buf)


GLOBAL SYMBOLS: SORTED ALPHABETICALLY BY Name 

address    name
--------   ----
00015050   $bss
00015050   .bss
00000000   .data
00005860   .text
0001409c   BIOS$$CLKOFF
0001405c   BIOS$$CLKON
00013ee0   BIOS_init
00014104   BIOS_start
00000000   BUF$
00000001   BUF_ENABLED
00000001   CLK$
00013ed8   CLK_A_TABBEG
00000001   CLK_CALDIV
00000004   CLK_CALMULT
0000dbba   CLK_COUNTSPMS
00000000   CLK_COUNTSPMSHIGH
00015178   CLK_D_idletime
00015174   CLK_D_isrhook
00015170   CLK_D_tabbeg
0001516c   CLK_D_timefxn
0000e2e0   CLK_F_getfhtime
0000e300   CLK_F_gethtime
0000d3e0   CLK_F_getltime
0000e300   CLK_F_getshtime
0000d3f4   CLK_F_isr
0000d554   CLK_F_itime
0000b920   CLK_HOOKFXN
00000001   CLK_HTIMEDIV
00000004   CLK_HTIMEMULT
0000dbba   CLK_HTIMEPERLTIME
00004000   CLK_INTBIT
00000001   CLK_LTIMEDIV
00036ee8   CLK_LTIMEMULT
000003e8   CLK_MICROSECS
0000dbba   CLK_PRD
00000000   CLK_PRDHIGH
01940000   CLK_REGS
00015168   CLK_R_time
00000020   CLK_TCR
00000000   CLK_TDDR
00000000   CLK_TDDRHIGH
0000e300   CLK_TIMEFXN
00000000   CLK_TIMERNUM
00000001   CLK_USETIMER
00013edc   CLK_null
00000000   DEV$
00000000   DGN$
00000000   DHL$
00000000   DHL_gChannelsAvailable
00000000   DIO$
00000000   DIO_NUMSWIBASE
00000000   DIO_NUMTSKBASE
00000000   DIO_STATIC
00000000   DPI$
0000e3a0   FXN_F_nop
0000e3a8   FXN_F_run
0000e3f8   FXN_F_zero
00000001   GBL$
00005205   GBL_A_VERSION
00000000   GBL_BIGENDIAN
00000000   GBL_C641XL2PRIORITY
00000000   GBL_CACHE
00000001   GBL_CALLCSLCFGINIT
00004e20   GBL_CLKIN
00001770   GBL_CLKTYPE
00001a39   GBL_DSPSUBTYPE
0000003e   GBL_DSPTYPE
00000001   GBL_ENABLEINST
00000042   GBL_FOOTPRINT
00036ee8   GBL_FREQ
00002226   GBL_L2ALLOC
00000000   GBL_L2CONFIGALLOC
00000001   GBL_L2CONFIGURE
00000001   GBL_L2MARMASK
00000000   GBL_L2MARMASK1
00000000   GBL_L2MARMASK2
00000000   GBL_L2MARMASK3
00000000   GBL_L2MARMASK4
00000000   GBL_L2MARMASK5
00000000   GBL_L2MODE
00000000   GBL_L2PRIORITY
00000000   GBL_NULL
00000000   GBL_PROCID
00000000   GBL_ROM
00000000   GBL_SUPPORTCSL
0000dbef   GBL_TRCMASKVALUE
00000001   GBL_USERINIT
000097e8   GBL_USERINITFXN
00000001   GBL_boot
00015cc0   GBL_initdone
0000ea20   GBL_stackbeg
00012a1f   GBL_stackend
00000000   GIO$
0000e960   GIO_CREATEFXN
0000e960   GIO_DELETEFXN
0000e960   GIO_PENDFXN
0000e960   GIO_POSTFXN
00000000   HOOK$
00000000   HOOK_KNLID
00000001   HST$
00015bc8   HST_A_TABBEG
00015c04   HST_A_TABEND
00000000   HST_DSM
ffffffff   HST_DSMBUFSEG
00000400   HST_DSMMEMSIZE
000151e4   HST_D_chanmask
000151e8   HST_D_tabbeg
000151ec   HST_D_tabend
000000ff   HST_MAXFRAMEALLOWED
00000040   HST_MAXFRAMESET
00000000   HST_NONE
00000001   HST_RTDX
00000001   HWI$
00000000   HWI_A_VECS
00004108   HWI_CFGDISPATCHED
00015378   HWI_D_bss
0001537c   HWI_D_ccmask
00015368   HWI_D_spsave
0000b920   HWI_F_dispatch
00000000   HWI_GENERATE_RESET_VEC
0000000a   HWI_INT10
00000000   HWI_INT10$hwi
0000000b   HWI_INT11
00000000   HWI_INT11$hwi
0000000c   HWI_INT12
00000000   HWI_INT12$hwi
0000000d   HWI_INT13
00000000   HWI_INT13$hwi
0000000e   HWI_INT14
00000000   HWI_INT14$hwi
0000000f   HWI_INT15
00000000   HWI_INT15$hwi
00000004   HWI_INT4
00000000   HWI_INT4$hwi
00000005   HWI_INT5
00000000   HWI_INT5$hwi
00000006   HWI_INT6
00000000   HWI_INT6$hwi
00000007   HWI_INT7
00000000   HWI_INT7$hwi
00000008   HWI_INT8
00000000   HWI_INT8$hwi
00000009   HWI_INT9
00000000   HWI_INT9$hwi
082039a3   HWI_INTRMULTHIGH
310718a4   HWI_INTRMULTLOW
00000001   HWI_NMI
00000000   HWI_NMI$hwi
00000000   HWI_POLARITYMASK
00000002   HWI_RESERVED0
00000000   HWI_RESERVED0$hwi
00000003   HWI_RESERVED1
00000000   HWI_RESERVED1$hwi
00000000   HWI_RESET
00000000   HWI_RESET$hwi
00000001   HWI_ZEROTAB
00000001   IDL$
00015c8c   IDL_A_CALBEG
00015c7c   IDL_A_TABBEG
00000006   IDL_CALIBRERROR
0000e860   IDL_CALIBRFXN
000153cc   IDL_D_busyObj
00015158   IDL_D_calbeg
00015154   IDL_D_calibrate
00015150   IDL_D_tabbeg
00015c88   IDL_END
00015c98   IDL_END$
0000e420   IDL_F_busy
0000e5a0   IDL_F_calibrate
0000e9a0   IDL_F_loop
0000e860   IDL_F_stub
00000001   IDL_USECLKIDLTIME
00015b64   IDL_busyObj
00015afc   IDL_busyObj$avgfmt
00000001   IDL_busyObj$filter
00000001   IDL_busyObj$iA
00000000   IDL_busyObj$iB
00000001   IDL_busyObj$iC
00015af6   IDL_busyObj$maxfmt
00000000   IDL_busyObj$operation
00015b60   IDL_busyObj$stsobj
00015af9   IDL_busyObj$sumfmt
00000002   IDL_busyObj$unittype
00015c7c   IDL_cpuLoad
00015c8c   IDL_cpuLoad$
ffffffff   IRAM
00000001   ISRC$
0000d3a0   KNL_glue
00015a40   KNL_swi
00000001   KNL_swi$dorta
00000000   KNL_swi$ord
00000000   KNL_swi$pri
00015b04   KNL_swi$sts
00015a6a   KNL_swi$sts$avgfmt
00000002   KNL_swi$sts$filter
00000001   KNL_swi$sts$filtmaxmult
00000001   KNL_swi$sts$filtsummult
00015a5a   KNL_swi$sts$maxfmt
00015b00   KNL_swi$sts$stsobj
00015a62   KNL_swi$sts$sumfmt
00000000   KNL_swi$sts$unittype
00000000   KNL_swi$swi
00000001   LCK$
00015c5c   LED_Toggle
00015c78   LED_Toggle$aaa
00000000   LED_Toggle$mode
00000005   LED_Toggle$ord
000003e8   LED_Toggle$period
00000000   LED_Toggle$prd
00015af4   LED_Toggle$sts
00015a4f   LED_Toggle$sts$avgfmt
00000000   LED_Toggle$sts$filter
00015a3d   LED_Toggle$sts$maxfmt
00015af0   LED_Toggle$sts$stsobj
00015a46   LED_Toggle$sts$sumfmt
00000002   LED_Toggle$sts$unittype
00015934   LED_toggle
00000003   LED_toggle$ord
00000001   LED_toggle$pri
00014850   LED_toggle$stack
00014be8   LED_toggle$stkptr
00015b54   LED_toggle$sts
00015aec   LED_toggle$sts$avgfmt
00000002   LED_toggle$sts$filter
00000001   LED_toggle$sts$filtmaxmult
00000001   LED_toggle$sts$filtsummult
00015adc   LED_toggle$sts$maxfmt
00015b50   LED_toggle$sts$stsobj
00015ae4   LED_toggle$sts$sumfmt
00000000   LED_toggle$sts$unittype
00000000   LED_toggle$tsk
0000a800   LNK_F_checkBufferCall
0000a880   LNK_F_dataPump
0000a820   LNK_F_getChanPtr
0000a878   LNK_F_init
0000adc4   LNK_F_readCallBack
00015c80   LNK_dataPump
00015c90   LNK_dataPump$
00015384   LNK_dspFrameReadyMask
00015380   LNK_dspFrameRequestMask
0000ab20   LNK_newin
0000ac60   LNK_newout
0000a894   LNK_rcloop
0000a960   LNK_rdrtry
0001538c   LNK_readDone
00015390   LNK_readFail
00015388   LNK_readPend
0000a970   LNK_rrloop
00015394   LNK_writeFail
0000aa44   LNK_wrloop
0000aa34   LNK_wrrtry
00000001   LOG$
00015c04   LOG_A_TABBEG
00015c34   LOG_A_TABEND
00000002   LOG_A_TABLEN
0001515c   LOG_D_system
00000001   LOG_ENABLED
0000e4a0   LOG_F_event
00015c04   LOG_system
00015600   LOG_system$buf
00000000   LOG_system$datatype
00000000   LOG_system$log
00000040   LOG_system$size
00000000   MBX$
00000001   MEM$
0001534c   MEM_MALLOCSEG
00000000   MEM_NULL
0001534c   MEM_SEGZERO
00000000   MEM_USEMPC
00000001   MEM_gNumHeap
00000000   MSGQ$
00000000   MSGQ_USEMSGQ
00000000   OBJ$
00000000   PIP$
00015800   PIP_A_TABBEG
000158c8   PIP_A_TABEND
00000002   PIP_A_TABLEN
00015160   PIP_D_tabbeg
00015164   PIP_D_tablen
0000cc54   PIP_F_give
0000cc54   PIP_F_probe
0000cd28   PIP_F_start
0000cbc0   PIP_F_take
00000064   PIP_OBJSIZE
00000000   PIP_gNextId
00000002   PIP_gNumEmbed
00000000   POOL$
00000000   POOL_USEPOOL
00000001   PRD$
00015c5c   PRD_A_TABBEG
00015c7c   PRD_A_TABEND
00000001   PRD_A_TABLEN
000151a0   PRD_D_cur
000151a4   PRD_D_elapsed
000151a8   PRD_D_prevtim
000151ac   PRD_D_scalar
000151b0   PRD_D_swihandle
000151b4   PRD_D_tabbeg
000151b8   PRD_D_tablen
000151bc   PRD_D_thook
0001519c   PRD_D_tick
0000bd80   PRD_F_swi
0000c040   PRD_F_tick
00000008   PRD_SCALAR
00015a6c   PRD_SWIHANDLE
0000cba0   PRD_THOOKFXN
00013ed8   PRD_clock
00015a6c   PRD_swi
00000001   PRD_swi$dorta
00000000   PRD_swi$ord
00000001   PRD_swi$pri
00015b14   PRD_swi$sts
00015a84   PRD_swi$sts$avgfmt
00000002   PRD_swi$sts$filter
00000001   PRD_swi$sts$filtmaxmult
00000001   PRD_swi$sts$filtsummult
00015a74   PRD_swi$sts$maxfmt
00015b10   PRD_swi$sts$stsobj
00015a7c   PRD_swi$sts$sumfmt
00000000   PRD_swi$sts$unittype
00000000   PRD_swi$swi
00015a98   Ping_SWI
00000001   Ping_SWI$dorta
00000001   Ping_SWI$ord
00000002   Ping_SWI$pri
00015b24   Ping_SWI$sts
00015a9e   Ping_SWI$sts$avgfmt
00000002   Ping_SWI$sts$filter
00000001   Ping_SWI$sts$filtmaxmult
00000001   Ping_SWI$sts$filtsummult
00015a8e   Ping_SWI$sts$maxfmt
00015b20   Ping_SWI$sts$stsobj
00015a96   Ping_SWI$sts$sumfmt
00000000   Ping_SWI$sts$unittype
00000000   Ping_SWI$swi
00015ac4   Pong_SWI
00000001   Pong_SWI$dorta
00000002   Pong_SWI$ord
00000002   Pong_SWI$pri
00015b34   Pong_SWI$sts
00015ab8   Pong_SWI$sts$avgfmt
00000002   Pong_SWI$sts$filter
00000001   Pong_SWI$sts$filtmaxmult
00000001   Pong_SWI$sts$filtsummult
00015aa8   Pong_SWI$sts$maxfmt
00015b30   Pong_SWI$sts$stsobj
00015ab0   Pong_SWI$sts$sumfmt
00000000   Pong_SWI$sts$unittype
00000000   Pong_SWI$swi
00000001   QUE$
000151c0   RTA_D_fromHost
000151c8   RTA_D_logval
000151d8   RTA_D_stsval
000151c4   RTA_D_toHost
0000e8a0   RTA_F_andn
0000c4d8   RTA_F_dispatch
0000c3e0   RTA_F_getlog
0000c424   RTA_F_getsts
0000e8c0   RTA_F_or
0000c46c   RTA_F_readblk
0000c498   RTA_F_resetmem
0000c48c   RTA_F_writeword
00015c84   RTA_dispatcher
00015c94   RTA_dispatcher$
0000c528   RTA_execute
00015bcc   RTA_fromHost
00013ec8   RTA_fromHost$buf
00000004   RTA_fromHost$framesize
00000000   RTA_fromHost$hst
00000001   RTA_fromHost$id
00000000   RTA_fromHost$mode
00015800   RTA_fromHost$pipe
00015830   RTA_fromHost$pipe$aaa
00015860   RTA_fromHost$pipe$bbb
00015350   RTA_fromHost$pipe$dtab
00015804   RTA_fromHost$pipe$rd
00015834   RTA_fromHost$pipe$wr
00015bd4   RTA_fromHost$rtdx
00015be8   RTA_toHost
00015700   RTA_toHost$buf
00000040   RTA_toHost$framesize
00000000   RTA_toHost$hst
00000000   RTA_toHost$id
00000001   RTA_toHost$mode
00015864   RTA_toHost$pipe
00015894   RTA_toHost$pipe$aaa
000158c4   RTA_toHost$pipe$bbb
0001535c   RTA_toHost$pipe$dtab
00015868   RTA_toHost$pipe$rd
00015898   RTA_toHost$pipe$wr
00015bf0   RTA_toHost$rtdx
00000001   RTDX$
00000408   RTDX_BUFMEMSIZE
ffffffff   RTDX_DATAMEMSEG
00000000   RTDX_MODE
00000001   RTDX_NORMALIZED_HDR
00000001   RTDX_USERTDX
00000000   RTDX_USERTEXECUTION
0001534c   SDRAM
80000000   SDRAM$B
00008000   SDRAM$L
00000001   SEM$
00000000   SIO$
00000001   STS$
00015af0   STS_A_TABBEG
00015b70   STS_A_TABEND
0000e558   STS_F_add
0000e520   STS_F_delta
0000e584   STS_F_reset
00000001   SWI$
00015a40   SWI_A_TABBEG
00015af0   SWI_A_TABEND
00000004   SWI_A_TABLEN
00015234   SWI_D_curfxn
00015224   SWI_D_curmask
00015230   SWI_D_curmbox
00015228   SWI_D_curset
00015220   SWI_D_execaddr
0001523c   SWI_D_inswi
0001522c   SWI_D_lock
00015238   SWI_D_rdybeg
00015240   SWI_D_rdytab
0001521c   SWI_D_runaddr
00000000   SWI_EHOOKFXN
0000b5fc   SWI_EXECFXN
0000b3e0   SWI_F_enable
0000b5fc   SWI_F_exec
0000b628   SWI_F_iexec
0000b450   SWI_F_post
0000b6b8   SWI_F_run
00000000   SWI_IHOOKFXN
0000b6b8   SWI_RUNFXN
00000001   SYS$
00015c9c   SYS$config
0000e8e0   SYS_ABORTFXN
0000e9e0   SYS_ERRORFXN
0000ea00   SYS_EXITFXN
0000e7a0   SYS_PUTCFXN
00015cbc   TRC_R_mask
00015cb8   TRC_cinit
00000001   TSK$
00000000   TSK_NUM_HOOKS
00000001   TSK_PRIORITY
00000000   TSK_READYFXN
00000000   TSK_STACKSEG
00000400   TSK_STACKSIZE
00000000   TSK_SWITCHFXN
0000e960   TSK_VCREATEFXN
0000e960   TSK_VDELETEFXN
0000e960   TSK_VEXITFXN
000158d4   TSK_idle
00000001   TSK_idle$ord
00000000   TSK_idle$pri
00014c50   TSK_idle$stack
00014fe8   TSK_idle$stkptr
00015b44   TSK_idle$sts
00015ad2   TSK_idle$sts$avgfmt
00000002   TSK_idle$sts$filter
00000001   TSK_idle$sts$filtmaxmult
00000001   TSK_idle$sts$filtsummult
00015ac2   TSK_idle$sts$maxfmt
00015b40   TSK_idle$sts$stsobj
00015aca   TSK_idle$sts$sumfmt
00000000   TSK_idle$sts$unittype
00000000   TSK_idle$tsk
00000000   UDEV$
00013ee0   _BIOS_init
00014104   _BIOS_start
00024000   _BufferInputSpec
000343e0   _Buffer_in_ping
00034af0   _Buffer_in_pong
00035200   _Buffer_out_ping
00035910   _Buffer_out_pong
0000dbba   _CLK_COUNTSPMS
000153b4   _CLK_DFLTMICROSECS
00015198   _CLK_D_countspms
0001518c   _CLK_D_dirty
000153b8   _CLK_D_microseconds
00015190   _CLK_D_prd
00015194   _CLK_D_tddr
0000d554   _CLK_F_itime
0000dbba   _CLK_PRD
01940000   _CLK_REGS
00000000   _CLK_TDDR
00000000   _CLK_TIMERNUM
00000001   _CLK_USETIMER
0001517c   _CLK_htimeDiv
00015180   _CLK_htimeMult
000153c4   _CLK_htimePerLtime
0000d554   _CLK_itime
00015184   _CLK_ltimeDiv
00015188   _CLK_ltimeMult
0000df00   _CLK_measure
0000e800   _CLK_start
0000e920   _CLK_stop
0000a720   _CSL6713_LIB_
00008840   _Config_DSK6713_AIC23
0000a5a8   _DSK6713_DIP_get
0000a5a0   _DSK6713_DIP_init
00008f20   _DSK6713_LED_init
00008f60   _DSK6713_LED_off
00008fd0   _DSK6713_LED_on
00009040   _DSK6713_LED_toggle
00008254   _DSK6713_getVersion
00007e8c   _DSK6713_init
000081a8   _DSK6713_rget
000081bc   _DSK6713_rset
00013ec4   _DSK6713_version
000081d0   _DSK6713_wait
00008228   _DSK6713_waitusec
00007960   _DSPF_sp_cfftr2_dit
00007320   _DSPF_sp_icfftr2_dif
00009480   _EDMA_allocTable
0000a620   _EDMA_disableChannel
0000a680   _EDMA_enableChannel
00009e40   _EDMA_intAlloc
00006484   _EDMA_interrupt_service
000085c0   _EDMA_open
00009aa0   _EDMA_reset
0000e960   _FXN_F_nop
0000e3a8   _FXN_F_run
0000e3f8   _FXN_F_zero
00000000   _GBL_CACHE
000151f4   _GBL_clkIn
0000db80   _GBL_cslCacheInit
000151f8   _GBL_freq
0000e980   _GBL_getVersion
000151f0   _GBL_procId
000097e8   _GBL_setPLLto225MHz
00015bc8   _HST_A_TABBEG
00015c04   _HST_A_TABEND
00004108   _HWI_CFGDISPATCHED
00015374   _HWI_D_inhwi
00015368   _HWI_D_spsave
0000b920   _HWI_F_dispatch
0000000a   _HWI_INT10
0000000b   _HWI_INT11
0000000c   _HWI_INT12
0000000d   _HWI_INT13
0000000e   _HWI_INT14
0000000f   _HWI_INT15
00000004   _HWI_INT4
00000005   _HWI_INT5
00000006   _HWI_INT6
00000007   _HWI_INT7
00000008   _HWI_INT8
00000009   _HWI_INT9
00000001   _HWI_NMI
00000002   _HWI_RESERVED0
00000003   _HWI_RESERVED1
00000000   _HWI_RESET
00012a18   _HWI_STKBOTTOM
0000ea20   _HWI_STKTOP
00015368   _HWI_data
0000e620   _HWI_disable
00015050   _HWI_dispatchTab
0000e638   _HWI_enable
0000e64c   _HWI_restore
00015b64   _IDL_busyObj
00015c7c   _IDL_cpuLoad
0000e9a0   _IDL_loop
ffffffff   _IRAM
00009100   _IRQ_map
000152c0   _KNL_alarm
0000da40   _KNL_check
000152e4   _KNL_curqueue
000152d4   _KNL_curtask
000152dc   _KNL_curtime
00013bdc   _KNL_dummy
0000dcb4   _KNL_enter
0000dc60   _KNL_exit
0000db18   _KNL_idle
000152fc   _KNL_idlefxn
000152c8   _KNL_inactive
0000dfe0   _KNL_ipost
0000db3c   _KNL_max
000152e8   _KNL_maxqueue
0000e0a0   _KNL_post
000152d8   _KNL_prevtask
000152cc   _KNL_priority
00013b3c   _KNL_queues
0000c120   _KNL_run
0000d220   _KNL_saveIsrFrame
000152d0   _KNL_set
000152c4   _KNL_setpri
00015a40   _KNL_swi
000152e0   _KNL_swiptr
0000d2ec   _KNL_switch
000152f0   _KNL_tcreatefxn
000152f4   _KNL_tdeletefxn
0000cba0   _KNL_tick
000152f8   _KNL_treadyfxn
000152ec   _KNL_tswitchfxn
000152b8   _KNL_wFlag
000152bc   _KNL_wList
0000e190   _LCK_pend
0000e160   _LCK_post
00015c5c   _LED_Toggle
00015934   _LED_toggle
00015c80   _LNK_dataPump
00015384   _LNK_dspFrameReadyMask
00015380   _LNK_dspFrameRequestMask
0001538c   _LNK_readDone
00015390   _LNK_readFail
00015388   _LNK_readPend
00015394   _LNK_writeFail
00015c04   _LOG_A_TABBEG
00015c34   _LOG_A_TABEND
00000002   _LOG_A_TABLEN
0001515c   _LOG_D_system
0000e4a0   _LOG_event
00015c04   _LOG_system
0000a3c0   _MCBSP_config
00009f40   _MCBSP_open
00009620   _MCBSP_reset
0000a040   _MCBSP_start
0000a740   _MCBSP_write
0000a760   _MCBSP_xrdy
000153d0   _MEM
000151fc   _MEM_D_NUMSEGMENTS
00015204   _MEM_D_freelist
00015208   _MEM_D_lockaddr
00015200   _MEM_D_memtab
0001520c   _MEM_D_unlockaddr
000141c0   _MEM_init
00015340   _MEM_memtab
000143e0   _OBJ_init
00013ca8   _OBJ_segtab
00013c70   _OBJ_table
00015800   _PIP_A_TABBEG
000158c8   _PIP_A_TABEND
0001519c   _PRD_D_tick
00013ed8   _PRD_clock
00015a6c   _PRD_swi
00015a98   _Ping_SWI
00015ac4   _Pong_SWI
00015c84   _RTA_dispatcher
00015bcc   _RTA_fromHost
00015be8   _RTA_toHost
00014400   _RTDX_Buffer
0001480c   _RTDX_Buffer_End
00013700   _RTDX_Buffer_Initialize
00013840   _RTDX_Buffer_Read
00013760   _RTDX_Buffer_ReadCB
000137c0   _RTDX_Buffer_Size
00014808   _RTDX_Buffer_Start
00013860   _RTDX_Buffer_Write
00012e20   _RTDX_Buffer_WriteCB
00013800   _RTDX_Final_RT_Monitor
00013680   _RTDX_Init_RT_Monitor
00000002   _RTDX_JTAGONLY
000138a0   _RTDX_Mask_IER
00013460   _RTDX_Mon_Queue
00012a20   _RTDX_Poll
00000000   _RTDX_interrupt_mask
0001481c   _RTDX_writing
0001534c   _SDRAM
80000000   _SDRAM_base
00008000   _SDRAM_length
000155e0   _SEM_LEDToggle
0000e6e0   _SEM_pend
0000e680   _SEM_pendBinary
0000c6a0   _SEM_pendEnterKnl
0000de20   _SEM_post
0000de20   _SEM_postBinary
0000dd40   _SEM_postEnterKnl
00015af0   _STS_A_TABBEG
00015b70   _STS_A_TABEND
0000e558   _STS_add
0000e520   _STS_delta
0000e584   _STS_reset
0000e9c0   _STS_set
00015234   _SWI_D_curfxn
00015224   _SWI_D_curmask
00015228   _SWI_D_curset
00015220   _SWI_D_execaddr
0001523c   _SWI_D_inswi
0001522c   _SWI_D_lock
00015238   _SWI_D_rdybeg
0001521c   _SWI_D_runaddr
00006990   _SWI_LEDToggle
0001521c   _SWI_data
0000b450   _SWI_post
00015210   _SYS
000153d4   _SYS_PUTCBEG
000155d3   _SYS_PUTCEND
0000e740   _SYS_abort
0000e220   _SYS_exit
00013e70   _SYS_exitStack
000153bc   _SYS_exitStackPtr
000153c0   _SYS_exitStackTop
00009be0   _TIMER_open
00009d20   _TIMER_reset
00015cbc   _TRC_R_mask
000153b0   _TSK
00013c14   _TSK_ATTRS
00013c30   _TSK_config
0000d5a0   _TSK_exit
000158d4   _TSK_idle
00014360   _TSK_init
000153a8   _TSK_nTasks
000153ac   _TSK_pid
0000d020   _TSK_setup
0000d980   _TSK_startup
00013c50   _TSK_timerSem
0000e8e0   _UTL_doAbort
0000e9e0   _UTL_doError
0000e7a0   _UTL_doPutc
0000ea00   _UTL_halt
0000d570   __CLK_lat1beg
0000d59c   __CLK_lat1end
00008d00   __CSL_init
0000b234   __GBL_setL2CacheMode
00015218   __HOOK_NUMHOOKS
00015214   __HOOK_knlId
0000b920   __HWI_lat1beg
0000baa0   __HWI_lat1end
0000baa0   __HWI_lat2beg
0000bc40   __HWI_lat2end1
0000bbcc   __HWI_lat2end2
0000bc60   __HWI_lat3beg
0000bd60   __HWI_lat3end1
0000bbfc   __HWI_lat3end2
0000e420   __IDL_lat1beg
0000e470   __IDL_lat1end
00013b34   __IRQ_dispatchTable
00013a70   __IRQ_eventTable
0000a7e0   __IRQ_hookFetchPacket
0000a460   __IRQ_init
00013af4   __IRQ_intTable
0000da90   __KNL_lat1beg
0000db18   __KNL_lat1end
0000e4a0   __LOG_lat1beg
00013de8   __MCBSP_hDev0
00013dec   __MCBSP_hDev1
00013d40   __MEM_mutex
0000c498   __RTA_lat1beg
0000c4d0   __RTA_lat1end
0000ce00   __SEM_dopost
00012a20   __STACK_END
00004000   __STACK_SIZE
0000b58c   __SWI_lat1beg
0000b640   __SWI_lat1end
0000b644   __SWI_lat2beg
0000b6b4   __SWI_lat2end
0000b3e0   __SWI_lat3beg
0000b44c   __SWI_lat3end
00013e4c   __TIMER_deviceTable
00013e6c   __TIMER_hBios
00013e64   __TIMER_hDev0
00013e68   __TIMER_hDev1
00013d18   __TSK_mutex
00013eb4   ___TI_enable_exit_profile_output
ffffffff   ___TI_pprof_out_hndl
ffffffff   ___TI_prof_data_size
ffffffff   ___TI_prof_data_start
0000a6e0   ___add_dtor
000138c0   ___atexit_func_id__
ffffffff   ___binit__
00015050   ___bss__
ffffffff   ___c_args__
00000200   ___cinit__
00000000   ___data__
00000000   ___edata__
000153d4   ___end__
0000a800   ___etext__
00015cac   ___pinit__
00005860   ___text__
0000d740   __auto_init
00013eac   __cleanup_ptr
000082c0   __divf
00013eb0   __dtors_ptr
00013eb8   __lock
0000a780   __nop
0000a7a0   __register_lock
0000a7c0   __register_unlock
0000ea20   __stack
0000a140   __strasg
00013ebc   __unlock
000071f8   _abs
0000a220   _atexit
00006a00   _buildSpecsOfFilters
000142a0   _c_int00
00009940   _call_dtors
00028e20   _carryBuffer0
00028f10   _carryBuffer1
000290f0   _carryBuffer2
00013d88   _configEDMARcv
00013da0   _configEDMAXmt
00005bbc   _config_EDMA
00006408   _config_interrupts
00007200   _convertToComplexFloatAndGenerateSpectrum
00013d68   _datainterface_config
000070f0   _dotAdditionC
00007040   _dotProductC
00007168   _dotSum3
00013ec0   _dtors
00006df8   _fastConvolutionOverlapAdd
00006d08   _fastConvolutionOverlapAddfftDone
000291e0   _g00
000293e0   _g00Spec
00029220   _g01
0002a3e0   _g01Spec
00029260   _g10
0002b3e0   _g10Spec
000292a0   _g11
0002c3e0   _g11Spec
00006b8c   _genResultingSpecs
00006c80   _generateSpectrumOnes
000292e0   _h00
0002d3e0   _h00Spec
00029320   _h01
0002e3e0   _h01Spec
00029360   _h10
0002f3e0   _h10Spec
000293a0   _h11
000303e0   _h11Spec
00015314   _hEdmaRcv
0001531c   _hEdmaReloadRcvPing
00015324   _hEdmaReloadRcvPong
00015320   _hEdmaReloadXmtPing
00015328   _hEdmaReloadXmtPong
00015318   _hEdmaXmt
0001532c   _hMcbsp
000059a8   _main
00008ac0   _memcpy
00015c1c   _myLOG
ffffffff   _myMEM
00025000   _outBuffer0
00026000   _outBuffer1
00027000   _outBuffer2
00028000   _outBufferSum
0000665c   _process_ping_SWI
000067f0   _process_pong_SWI
000313e0   _resultingSpec0
000323e0   _resultingSpec1
000333e0   _resultingSpec2
000153a0   _rtdxNullChanCnt
000153a4   _rtdxNullFuncCnt
00014810   _rtdx_buffer_state
00014830   _rtdx_mon_state
000089c8   _set_aic23_register
00013cd8   _tccAllocTable
00015304   _tccRcvPing
00015308   _tccRcvPong
0001530c   _tccXmtPing
00015310   _tccXmtPong
000069bc   _tsk_led_toggle
00015300   _twiddleFacC
00020000   _w
000097c0   _wait500nS
ffffffff   binit
00000200   cinit
00000000   edata
000153d4   end
0000a800   etext
00000000   hwi0
00000020   hwi1
00000140   hwi10
00000160   hwi11
00000180   hwi12
000001a0   hwi13
000001c0   hwi14
000001e0   hwi15
00000040   hwi2
00000060   hwi3
00000080   hwi4
000000a0   hwi5
000000c0   hwi6
000000e0   hwi7
00000100   hwi8
00000120   hwi9
00015c1c   myLOG
80008000   myLOG$buf
00000001   myLOG$datatype
00000000   myLOG$log
00000020   myLOG$size
ffffffff   myMEM
00015cac   pinit


GLOBAL SYMBOLS: SORTED BY Symbol Address 

address    name
--------   ----
00000000   .data
00000000   BUF$
00000000   CLK_COUNTSPMSHIGH
00000000   CLK_PRDHIGH
00000000   CLK_TDDR
00000000   CLK_TDDRHIGH
00000000   CLK_TIMERNUM
00000000   DEV$
00000000   DGN$
00000000   DHL$
00000000   DHL_gChannelsAvailable
00000000   DIO$
00000000   DIO_NUMSWIBASE
00000000   DIO_NUMTSKBASE
00000000   DIO_STATIC
00000000   DPI$
00000000   GBL_BIGENDIAN
00000000   GBL_C641XL2PRIORITY
00000000   GBL_CACHE
00000000   GBL_L2CONFIGALLOC
00000000   GBL_L2MARMASK1
00000000   GBL_L2MARMASK2
00000000   GBL_L2MARMASK3
00000000   GBL_L2MARMASK4
00000000   GBL_L2MARMASK5
00000000   GBL_L2MODE
00000000   GBL_L2PRIORITY
00000000   GBL_NULL
00000000   GBL_PROCID
00000000   GBL_ROM
00000000   GBL_SUPPORTCSL
00000000   GIO$
00000000   HOOK$
00000000   HOOK_KNLID
00000000   HST_DSM
00000000   HST_NONE
00000000   HWI_A_VECS
00000000   HWI_GENERATE_RESET_VEC
00000000   HWI_INT10$hwi
00000000   HWI_INT11$hwi
00000000   HWI_INT12$hwi
00000000   HWI_INT13$hwi
00000000   HWI_INT14$hwi
00000000   HWI_INT15$hwi
00000000   HWI_INT4$hwi
00000000   HWI_INT5$hwi
00000000   HWI_INT6$hwi
00000000   HWI_INT7$hwi
00000000   HWI_INT8$hwi
00000000   HWI_INT9$hwi
00000000   HWI_NMI$hwi
00000000   HWI_POLARITYMASK
00000000   HWI_RESERVED0$hwi
00000000   HWI_RESERVED1$hwi
00000000   HWI_RESET
00000000   HWI_RESET$hwi
00000000   IDL_busyObj$iB
00000000   IDL_busyObj$operation
00000000   KNL_swi$ord
00000000   KNL_swi$pri
00000000   KNL_swi$sts$unittype
00000000   KNL_swi$swi
00000000   LED_Toggle$mode
00000000   LED_Toggle$prd
00000000   LED_Toggle$sts$filter
00000000   LED_toggle$sts$unittype
00000000   LED_toggle$tsk
00000000   LOG_system$datatype
00000000   LOG_system$log
00000000   MBX$
00000000   MEM_NULL
00000000   MEM_USEMPC
00000000   MSGQ$
00000000   MSGQ_USEMSGQ
00000000   OBJ$
00000000   PIP$
00000000   PIP_gNextId
00000000   POOL$
00000000   POOL_USEPOOL
00000000   PRD_swi$ord
00000000   PRD_swi$sts$unittype
00000000   PRD_swi$swi
00000000   Ping_SWI$sts$unittype
00000000   Ping_SWI$swi
00000000   Pong_SWI$sts$unittype
00000000   Pong_SWI$swi
00000000   RTA_fromHost$hst
00000000   RTA_fromHost$mode
00000000   RTA_toHost$hst
00000000   RTA_toHost$id
00000000   RTDX_MODE
00000000   RTDX_USERTEXECUTION
00000000   SIO$
00000000   SWI_EHOOKFXN
00000000   SWI_IHOOKFXN
00000000   TSK_NUM_HOOKS
00000000   TSK_READYFXN
00000000   TSK_STACKSEG
00000000   TSK_SWITCHFXN
00000000   TSK_idle$pri
00000000   TSK_idle$sts$unittype
00000000   TSK_idle$tsk
00000000   UDEV$
00000000   _CLK_TDDR
00000000   _CLK_TIMERNUM
00000000   _GBL_CACHE
00000000   _HWI_RESET
00000000   _RTDX_interrupt_mask
00000000   ___data__
00000000   ___edata__
00000000   edata
00000000   hwi0
00000000   myLOG$log
00000001   BUF_ENABLED
00000001   CLK$
00000001   CLK_CALDIV
00000001   CLK_HTIMEDIV
00000001   CLK_LTIMEDIV
00000001   CLK_USETIMER
00000001   GBL$
00000001   GBL_CALLCSLCFGINIT
00000001   GBL_ENABLEINST
00000001   GBL_L2CONFIGURE
00000001   GBL_L2MARMASK
00000001   GBL_USERINIT
00000001   GBL_boot
00000001   HST$
00000001   HST_RTDX
00000001   HWI$
00000001   HWI_NMI
00000001   HWI_ZEROTAB
00000001   IDL$
00000001   IDL_USECLKIDLTIME
00000001   IDL_busyObj$filter
00000001   IDL_busyObj$iA
00000001   IDL_busyObj$iC
00000001   ISRC$
00000001   KNL_swi$dorta
00000001   KNL_swi$sts$filtmaxmult
00000001   KNL_swi$sts$filtsummult
00000001   LCK$
00000001   LED_toggle$pri
00000001   LED_toggle$sts$filtmaxmult
00000001   LED_toggle$sts$filtsummult
00000001   LOG$
00000001   LOG_ENABLED
00000001   MEM$
00000001   MEM_gNumHeap
00000001   PRD$
00000001   PRD_A_TABLEN
00000001   PRD_swi$dorta
00000001   PRD_swi$pri
00000001   PRD_swi$sts$filtmaxmult
00000001   PRD_swi$sts$filtsummult
00000001   Ping_SWI$dorta
00000001   Ping_SWI$ord
00000001   Ping_SWI$sts$filtmaxmult
00000001   Ping_SWI$sts$filtsummult
00000001   Pong_SWI$dorta
00000001   Pong_SWI$sts$filtmaxmult
00000001   Pong_SWI$sts$filtsummult
00000001   QUE$
00000001   RTA_fromHost$id
00000001   RTA_toHost$mode
00000001   RTDX$
00000001   RTDX_NORMALIZED_HDR
00000001   RTDX_USERTDX
00000001   SEM$
00000001   STS$
00000001   SWI$
00000001   SYS$
00000001   TSK$
00000001   TSK_PRIORITY
00000001   TSK_idle$ord
00000001   TSK_idle$sts$filtmaxmult
00000001   TSK_idle$sts$filtsummult
00000001   _CLK_USETIMER
00000001   _HWI_NMI
00000001   myLOG$datatype
00000002   HWI_RESERVED0
00000002   IDL_busyObj$unittype
00000002   KNL_swi$sts$filter
00000002   LED_Toggle$sts$unittype
00000002   LED_toggle$sts$filter
00000002   LOG_A_TABLEN
00000002   PIP_A_TABLEN
00000002   PIP_gNumEmbed
00000002   PRD_swi$sts$filter
00000002   Ping_SWI$pri
00000002   Ping_SWI$sts$filter
00000002   Pong_SWI$ord
00000002   Pong_SWI$pri
00000002   Pong_SWI$sts$filter
00000002   TSK_idle$sts$filter
00000002   _HWI_RESERVED0
00000002   _LOG_A_TABLEN
00000002   _RTDX_JTAGONLY
00000003   HWI_RESERVED1
00000003   LED_toggle$ord
00000003   _HWI_RESERVED1
00000004   CLK_CALMULT
00000004   CLK_HTIMEMULT
00000004   HWI_INT4
00000004   RTA_fromHost$framesize
00000004   SWI_A_TABLEN
00000004   _HWI_INT4
00000005   HWI_INT5
00000005   LED_Toggle$ord
00000005   _HWI_INT5
00000006   HWI_INT6
00000006   IDL_CALIBRERROR
00000006   _HWI_INT6
00000007   HWI_INT7
00000007   _HWI_INT7
00000008   HWI_INT8
00000008   PRD_SCALAR
00000008   _HWI_INT8
00000009   HWI_INT9
00000009   _HWI_INT9
0000000a   HWI_INT10
0000000a   _HWI_INT10
0000000b   HWI_INT11
0000000b   _HWI_INT11
0000000c   HWI_INT12
0000000c   _HWI_INT12
0000000d   HWI_INT13
0000000d   _HWI_INT13
0000000e   HWI_INT14
0000000e   _HWI_INT14
0000000f   HWI_INT15
0000000f   _HWI_INT15
00000020   CLK_TCR
00000020   hwi1
00000020   myLOG$size
0000003e   GBL_DSPTYPE
00000040   HST_MAXFRAMESET
00000040   LOG_system$size
00000040   RTA_toHost$framesize
00000040   hwi2
00000042   GBL_FOOTPRINT
00000060   hwi3
00000064   PIP_OBJSIZE
00000080   hwi4
000000a0   hwi5
000000c0   hwi6
000000e0   hwi7
000000ff   HST_MAXFRAMEALLOWED
00000100   hwi8
00000120   hwi9
00000140   hwi10
00000160   hwi11
00000180   hwi12
000001a0   hwi13
000001c0   hwi14
000001e0   hwi15
00000200   ___cinit__
00000200   cinit
000003e8   CLK_MICROSECS
000003e8   LED_Toggle$period
00000400   HST_DSMMEMSIZE
00000400   TSK_STACKSIZE
00000408   RTDX_BUFMEMSIZE
00001770   GBL_CLKTYPE
00001a39   GBL_DSPSUBTYPE
00002226   GBL_L2ALLOC
00004000   CLK_INTBIT
00004000   __STACK_SIZE
00004108   HWI_CFGDISPATCHED
00004108   _HWI_CFGDISPATCHED
00004e20   GBL_CLKIN
00005205   GBL_A_VERSION
00005860   .text
00005860   ___text__
000059a8   _main
00005bbc   _config_EDMA
00006408   _config_interrupts
00006484   _EDMA_interrupt_service
0000665c   _process_ping_SWI
000067f0   _process_pong_SWI
00006990   _SWI_LEDToggle
000069bc   _tsk_led_toggle
00006a00   _buildSpecsOfFilters
00006b8c   _genResultingSpecs
00006c80   _generateSpectrumOnes
00006d08   _fastConvolutionOverlapAddfftDone
00006df8   _fastConvolutionOverlapAdd
00007040   _dotProductC
000070f0   _dotAdditionC
00007168   _dotSum3
000071f8   _abs
00007200   _convertToComplexFloatAndGenerateSpectrum
00007320   _DSPF_sp_icfftr2_dif
00007960   _DSPF_sp_cfftr2_dit
00007e8c   _DSK6713_init
00008000   SDRAM$L
00008000   _SDRAM_length
000081a8   _DSK6713_rget
000081bc   _DSK6713_rset
000081d0   _DSK6713_wait
00008228   _DSK6713_waitusec
00008254   _DSK6713_getVersion
000082c0   __divf
000085c0   _EDMA_open
00008840   _Config_DSK6713_AIC23
000089c8   _set_aic23_register
00008ac0   _memcpy
00008d00   __CSL_init
00008f20   _DSK6713_LED_init
00008f60   _DSK6713_LED_off
00008fd0   _DSK6713_LED_on
00009040   _DSK6713_LED_toggle
00009100   _IRQ_map
00009480   _EDMA_allocTable
00009620   _MCBSP_reset
000097c0   _wait500nS
000097e8   GBL_USERINITFXN
000097e8   _GBL_setPLLto225MHz
00009940   _call_dtors
00009aa0   _EDMA_reset
00009be0   _TIMER_open
00009d20   _TIMER_reset
00009e40   _EDMA_intAlloc
00009f40   _MCBSP_open
0000a040   _MCBSP_start
0000a140   __strasg
0000a220   _atexit
0000a3c0   _MCBSP_config
0000a460   __IRQ_init
0000a5a0   _DSK6713_DIP_init
0000a5a8   _DSK6713_DIP_get
0000a620   _EDMA_disableChannel
0000a680   _EDMA_enableChannel
0000a6e0   ___add_dtor
0000a720   _CSL6713_LIB_
0000a740   _MCBSP_write
0000a760   _MCBSP_xrdy
0000a780   __nop
0000a7a0   __register_lock
0000a7c0   __register_unlock
0000a7e0   __IRQ_hookFetchPacket
0000a800   LNK_F_checkBufferCall
0000a800   ___etext__
0000a800   etext
0000a820   LNK_F_getChanPtr
0000a878   LNK_F_init
0000a880   LNK_F_dataPump
0000a894   LNK_rcloop
0000a960   LNK_rdrtry
0000a970   LNK_rrloop
0000aa34   LNK_wrrtry
0000aa44   LNK_wrloop
0000ab20   LNK_newin
0000ac60   LNK_newout
0000adc4   LNK_F_readCallBack
0000b234   __GBL_setL2CacheMode
0000b3e0   SWI_F_enable
0000b3e0   __SWI_lat3beg
0000b44c   __SWI_lat3end
0000b450   SWI_F_post
0000b450   _SWI_post
0000b58c   __SWI_lat1beg
0000b5fc   SWI_EXECFXN
0000b5fc   SWI_F_exec
0000b628   SWI_F_iexec
0000b640   __SWI_lat1end
0000b644   __SWI_lat2beg
0000b6b4   __SWI_lat2end
0000b6b8   SWI_F_run
0000b6b8   SWI_RUNFXN
0000b920   CLK_HOOKFXN
0000b920   HWI_F_dispatch
0000b920   _HWI_F_dispatch
0000b920   __HWI_lat1beg
0000baa0   __HWI_lat1end
0000baa0   __HWI_lat2beg
0000bbcc   __HWI_lat2end2
0000bbfc   __HWI_lat3end2
0000bc40   __HWI_lat2end1
0000bc60   __HWI_lat3beg
0000bd60   __HWI_lat3end1
0000bd80   PRD_F_swi
0000c040   PRD_F_tick
0000c120   _KNL_run
0000c3e0   RTA_F_getlog
0000c424   RTA_F_getsts
0000c46c   RTA_F_readblk
0000c48c   RTA_F_writeword
0000c498   RTA_F_resetmem
0000c498   __RTA_lat1beg
0000c4d0   __RTA_lat1end
0000c4d8   RTA_F_dispatch
0000c528   RTA_execute
0000c6a0   _SEM_pendEnterKnl
0000cba0   PRD_THOOKFXN
0000cba0   _KNL_tick
0000cbc0   PIP_F_take
0000cc54   PIP_F_give
0000cc54   PIP_F_probe
0000cd28   PIP_F_start
0000ce00   __SEM_dopost
0000d020   _TSK_setup
0000d220   _KNL_saveIsrFrame
0000d2ec   _KNL_switch
0000d3a0   KNL_glue
0000d3e0   CLK_F_getltime
0000d3f4   CLK_F_isr
0000d554   CLK_F_itime
0000d554   _CLK_F_itime
0000d554   _CLK_itime
0000d570   __CLK_lat1beg
0000d59c   __CLK_lat1end
0000d5a0   _TSK_exit
0000d740   __auto_init
0000d980   _TSK_startup
0000da40   _KNL_check
0000da90   __KNL_lat1beg
0000db18   _KNL_idle
0000db18   __KNL_lat1end
0000db3c   _KNL_max
0000db80   _GBL_cslCacheInit
0000dbba   CLK_COUNTSPMS
0000dbba   CLK_HTIMEPERLTIME
0000dbba   CLK_PRD
0000dbba   _CLK_COUNTSPMS
0000dbba   _CLK_PRD
0000dbef   GBL_TRCMASKVALUE
0000dc60   _KNL_exit
0000dcb4   _KNL_enter
0000dd40   _SEM_postEnterKnl
0000de20   _SEM_post
0000de20   _SEM_postBinary
0000df00   _CLK_measure
0000dfe0   _KNL_ipost
0000e0a0   _KNL_post
0000e160   _LCK_post
0000e190   _LCK_pend
0000e220   _SYS_exit
0000e2e0   CLK_F_getfhtime
0000e300   CLK_F_gethtime
0000e300   CLK_F_getshtime
0000e300   CLK_TIMEFXN
0000e3a0   FXN_F_nop
0000e3a8   FXN_F_run
0000e3a8   _FXN_F_run
0000e3f8   FXN_F_zero
0000e3f8   _FXN_F_zero
0000e420   IDL_F_busy
0000e420   __IDL_lat1beg
0000e470   __IDL_lat1end
0000e4a0   LOG_F_event
0000e4a0   _LOG_event
0000e4a0   __LOG_lat1beg
0000e520   STS_F_delta
0000e520   _STS_delta
0000e558   STS_F_add
0000e558   _STS_add
0000e584   STS_F_reset
0000e584   _STS_reset
0000e5a0   IDL_F_calibrate
0000e620   _HWI_disable
0000e638   _HWI_enable
0000e64c   _HWI_restore
0000e680   _SEM_pendBinary
0000e6e0   _SEM_pend
0000e740   _SYS_abort
0000e7a0   SYS_PUTCFXN
0000e7a0   _UTL_doPutc
0000e800   _CLK_start
0000e860   IDL_CALIBRFXN
0000e860   IDL_F_stub
0000e8a0   RTA_F_andn
0000e8c0   RTA_F_or
0000e8e0   SYS_ABORTFXN
0000e8e0   _UTL_doAbort
0000e920   _CLK_stop
0000e960   GIO_CREATEFXN
0000e960   GIO_DELETEFXN
0000e960   GIO_PENDFXN
0000e960   GIO_POSTFXN
0000e960   TSK_VCREATEFXN
0000e960   TSK_VDELETEFXN
0000e960   TSK_VEXITFXN
0000e960   _FXN_F_nop
0000e980   _GBL_getVersion
0000e9a0   IDL_F_loop
0000e9a0   _IDL_loop
0000e9c0   _STS_set
0000e9e0   SYS_ERRORFXN
0000e9e0   _UTL_doError
0000ea00   SYS_EXITFXN
0000ea00   _UTL_halt
0000ea20   GBL_stackbeg
0000ea20   _HWI_STKTOP
0000ea20   __stack
00012a18   _HWI_STKBOTTOM
00012a1f   GBL_stackend
00012a20   _RTDX_Poll
00012a20   __STACK_END
00012e20   _RTDX_Buffer_WriteCB
00013460   _RTDX_Mon_Queue
00013680   _RTDX_Init_RT_Monitor
00013700   _RTDX_Buffer_Initialize
00013760   _RTDX_Buffer_ReadCB
000137c0   _RTDX_Buffer_Size
00013800   _RTDX_Final_RT_Monitor
00013840   _RTDX_Buffer_Read
00013860   _RTDX_Buffer_Write
000138a0   _RTDX_Mask_IER
000138c0   ___atexit_func_id__
00013a70   __IRQ_eventTable
00013af4   __IRQ_intTable
00013b34   __IRQ_dispatchTable
00013b3c   _KNL_queues
00013bdc   _KNL_dummy
00013c14   _TSK_ATTRS
00013c30   _TSK_config
00013c50   _TSK_timerSem
00013c70   _OBJ_table
00013ca8   _OBJ_segtab
00013cd8   _tccAllocTable
00013d18   __TSK_mutex
00013d40   __MEM_mutex
00013d68   _datainterface_config
00013d88   _configEDMARcv
00013da0   _configEDMAXmt
00013de8   __MCBSP_hDev0
00013dec   __MCBSP_hDev1
00013e4c   __TIMER_deviceTable
00013e64   __TIMER_hDev0
00013e68   __TIMER_hDev1
00013e6c   __TIMER_hBios
00013e70   _SYS_exitStack
00013eac   __cleanup_ptr
00013eb0   __dtors_ptr
00013eb4   ___TI_enable_exit_profile_output
00013eb8   __lock
00013ebc   __unlock
00013ec0   _dtors
00013ec4   _DSK6713_version
00013ec8   RTA_fromHost$buf
00013ed8   CLK_A_TABBEG
00013ed8   PRD_clock
00013ed8   _PRD_clock
00013edc   CLK_null
00013ee0   BIOS_init
00013ee0   _BIOS_init
0001405c   BIOS$$CLKON
0001409c   BIOS$$CLKOFF
00014104   BIOS_start
00014104   _BIOS_start
000141c0   _MEM_init
000142a0   _c_int00
00014360   _TSK_init
000143e0   _OBJ_init
00014400   _RTDX_Buffer
00014808   _RTDX_Buffer_Start
0001480c   _RTDX_Buffer_End
00014810   _rtdx_buffer_state
0001481c   _RTDX_writing
00014830   _rtdx_mon_state
00014850   LED_toggle$stack
00014be8   LED_toggle$stkptr
00014c50   TSK_idle$stack
00014fe8   TSK_idle$stkptr
00015050   $bss
00015050   .bss
00015050   _HWI_dispatchTab
00015050   ___bss__
00015150   IDL_D_tabbeg
00015154   IDL_D_calibrate
00015158   IDL_D_calbeg
0001515c   LOG_D_system
0001515c   _LOG_D_system
00015160   PIP_D_tabbeg
00015164   PIP_D_tablen
00015168   CLK_R_time
0001516c   CLK_D_timefxn
00015170   CLK_D_tabbeg
00015174   CLK_D_isrhook
00015178   CLK_D_idletime
0001517c   _CLK_htimeDiv
00015180   _CLK_htimeMult
00015184   _CLK_ltimeDiv
00015188   _CLK_ltimeMult
0001518c   _CLK_D_dirty
00015190   _CLK_D_prd
00015194   _CLK_D_tddr
00015198   _CLK_D_countspms
0001519c   PRD_D_tick
0001519c   _PRD_D_tick
000151a0   PRD_D_cur
000151a4   PRD_D_elapsed
000151a8   PRD_D_prevtim
000151ac   PRD_D_scalar
000151b0   PRD_D_swihandle
000151b4   PRD_D_tabbeg
000151b8   PRD_D_tablen
000151bc   PRD_D_thook
000151c0   RTA_D_fromHost
000151c4   RTA_D_toHost
000151c8   RTA_D_logval
000151d8   RTA_D_stsval
000151e4   HST_D_chanmask
000151e8   HST_D_tabbeg
000151ec   HST_D_tabend
000151f0   _GBL_procId
000151f4   _GBL_clkIn
000151f8   _GBL_freq
000151fc   _MEM_D_NUMSEGMENTS
00015200   _MEM_D_memtab
00015204   _MEM_D_freelist
00015208   _MEM_D_lockaddr
0001520c   _MEM_D_unlockaddr
00015210   _SYS
00015214   __HOOK_knlId
00015218   __HOOK_NUMHOOKS
0001521c   SWI_D_runaddr
0001521c   _SWI_D_runaddr
0001521c   _SWI_data
00015220   SWI_D_execaddr
00015220   _SWI_D_execaddr
00015224   SWI_D_curmask
00015224   _SWI_D_curmask
00015228   SWI_D_curset
00015228   _SWI_D_curset
0001522c   SWI_D_lock
0001522c   _SWI_D_lock
00015230   SWI_D_curmbox
00015234   SWI_D_curfxn
00015234   _SWI_D_curfxn
00015238   SWI_D_rdybeg
00015238   _SWI_D_rdybeg
0001523c   SWI_D_inswi
0001523c   _SWI_D_inswi
00015240   SWI_D_rdytab
000152b8   _KNL_wFlag
000152bc   _KNL_wList
000152c0   _KNL_alarm
000152c4   _KNL_setpri
000152c8   _KNL_inactive
000152cc   _KNL_priority
000152d0   _KNL_set
000152d4   _KNL_curtask
000152d8   _KNL_prevtask
000152dc   _KNL_curtime
000152e0   _KNL_swiptr
000152e4   _KNL_curqueue
000152e8   _KNL_maxqueue
000152ec   _KNL_tswitchfxn
000152f0   _KNL_tcreatefxn
000152f4   _KNL_tdeletefxn
000152f8   _KNL_treadyfxn
000152fc   _KNL_idlefxn
00015300   _twiddleFacC
00015304   _tccRcvPing
00015308   _tccRcvPong
0001530c   _tccXmtPing
00015310   _tccXmtPong
00015314   _hEdmaRcv
00015318   _hEdmaXmt
0001531c   _hEdmaReloadRcvPing
00015320   _hEdmaReloadXmtPing
00015324   _hEdmaReloadRcvPong
00015328   _hEdmaReloadXmtPong
0001532c   _hMcbsp
00015340   _MEM_memtab
0001534c   MEM_MALLOCSEG
0001534c   MEM_SEGZERO
0001534c   SDRAM
0001534c   _SDRAM
00015350   RTA_fromHost$pipe$dtab
0001535c   RTA_toHost$pipe$dtab
00015368   HWI_D_spsave
00015368   _HWI_D_spsave
00015368   _HWI_data
00015374   _HWI_D_inhwi
00015378   HWI_D_bss
0001537c   HWI_D_ccmask
00015380   LNK_dspFrameRequestMask
00015380   _LNK_dspFrameRequestMask
00015384   LNK_dspFrameReadyMask
00015384   _LNK_dspFrameReadyMask
00015388   LNK_readPend
00015388   _LNK_readPend
0001538c   LNK_readDone
0001538c   _LNK_readDone
00015390   LNK_readFail
00015390   _LNK_readFail
00015394   LNK_writeFail
00015394   _LNK_writeFail
000153a0   _rtdxNullChanCnt
000153a4   _rtdxNullFuncCnt
000153a8   _TSK_nTasks
000153ac   _TSK_pid
000153b0   _TSK
000153b4   _CLK_DFLTMICROSECS
000153b8   _CLK_D_microseconds
000153bc   _SYS_exitStackPtr
000153c0   _SYS_exitStackTop
000153c4   _CLK_htimePerLtime
000153cc   IDL_D_busyObj
000153d0   _MEM
000153d4   _SYS_PUTCBEG
000153d4   ___end__
000153d4   end
000155d3   _SYS_PUTCEND
000155e0   _SEM_LEDToggle
00015600   LOG_system$buf
00015700   RTA_toHost$buf
00015800   PIP_A_TABBEG
00015800   RTA_fromHost$pipe
00015800   _PIP_A_TABBEG
00015804   RTA_fromHost$pipe$rd
00015830   RTA_fromHost$pipe$aaa
00015834   RTA_fromHost$pipe$wr
00015860   RTA_fromHost$pipe$bbb
00015864   RTA_toHost$pipe
00015868   RTA_toHost$pipe$rd
00015894   RTA_toHost$pipe$aaa
00015898   RTA_toHost$pipe$wr
000158c4   RTA_toHost$pipe$bbb
000158c8   PIP_A_TABEND
000158c8   _PIP_A_TABEND
000158d4   TSK_idle
000158d4   _TSK_idle
00015934   LED_toggle
00015934   _LED_toggle
00015a3d   LED_Toggle$sts$maxfmt
00015a40   KNL_swi
00015a40   SWI_A_TABBEG
00015a40   _KNL_swi
00015a46   LED_Toggle$sts$sumfmt
00015a4f   LED_Toggle$sts$avgfmt
00015a5a   KNL_swi$sts$maxfmt
00015a62   KNL_swi$sts$sumfmt
00015a6a   KNL_swi$sts$avgfmt
00015a6c   PRD_SWIHANDLE
00015a6c   PRD_swi
00015a6c   _PRD_swi
00015a74   PRD_swi$sts$maxfmt
00015a7c   PRD_swi$sts$sumfmt
00015a84   PRD_swi$sts$avgfmt
00015a8e   Ping_SWI$sts$maxfmt
00015a96   Ping_SWI$sts$sumfmt
00015a98   Ping_SWI
00015a98   _Ping_SWI
00015a9e   Ping_SWI$sts$avgfmt
00015aa8   Pong_SWI$sts$maxfmt
00015ab0   Pong_SWI$sts$sumfmt
00015ab8   Pong_SWI$sts$avgfmt
00015ac2   TSK_idle$sts$maxfmt
00015ac4   Pong_SWI
00015ac4   _Pong_SWI
00015aca   TSK_idle$sts$sumfmt
00015ad2   TSK_idle$sts$avgfmt
00015adc   LED_toggle$sts$maxfmt
00015ae4   LED_toggle$sts$sumfmt
00015aec   LED_toggle$sts$avgfmt
00015af0   LED_Toggle$sts$stsobj
00015af0   STS_A_TABBEG
00015af0   SWI_A_TABEND
00015af0   _STS_A_TABBEG
00015af4   LED_Toggle$sts
00015af6   IDL_busyObj$maxfmt
00015af9   IDL_busyObj$sumfmt
00015afc   IDL_busyObj$avgfmt
00015b00   KNL_swi$sts$stsobj
00015b04   KNL_swi$sts
00015b10   PRD_swi$sts$stsobj
00015b14   PRD_swi$sts
00015b20   Ping_SWI$sts$stsobj
00015b24   Ping_SWI$sts
00015b30   Pong_SWI$sts$stsobj
00015b34   Pong_SWI$sts
00015b40   TSK_idle$sts$stsobj
00015b44   TSK_idle$sts
00015b50   LED_toggle$sts$stsobj
00015b54   LED_toggle$sts
00015b60   IDL_busyObj$stsobj
00015b64   IDL_busyObj
00015b64   _IDL_busyObj
00015b70   STS_A_TABEND
00015b70   _STS_A_TABEND
00015bc8   HST_A_TABBEG
00015bc8   _HST_A_TABBEG
00015bcc   RTA_fromHost
00015bcc   _RTA_fromHost
00015bd4   RTA_fromHost$rtdx
00015be8   RTA_toHost
00015be8   _RTA_toHost
00015bf0   RTA_toHost$rtdx
00015c04   HST_A_TABEND
00015c04   LOG_A_TABBEG
00015c04   LOG_system
00015c04   _HST_A_TABEND
00015c04   _LOG_A_TABBEG
00015c04   _LOG_system
00015c1c   _myLOG
00015c1c   myLOG
00015c34   LOG_A_TABEND
00015c34   _LOG_A_TABEND
00015c5c   LED_Toggle
00015c5c   PRD_A_TABBEG
00015c5c   _LED_Toggle
00015c78   LED_Toggle$aaa
00015c7c   IDL_A_TABBEG
00015c7c   IDL_cpuLoad
00015c7c   PRD_A_TABEND
00015c7c   _IDL_cpuLoad
00015c80   LNK_dataPump
00015c80   _LNK_dataPump
00015c84   RTA_dispatcher
00015c84   _RTA_dispatcher
00015c88   IDL_END
00015c8c   IDL_A_CALBEG
00015c8c   IDL_cpuLoad$
00015c90   LNK_dataPump$
00015c94   RTA_dispatcher$
00015c98   IDL_END$
00015c9c   SYS$config
00015cac   ___pinit__
00015cac   pinit
00015cb8   TRC_cinit
00015cbc   TRC_R_mask
00015cbc   _TRC_R_mask
00015cc0   GBL_initdone
00020000   _w
00024000   _BufferInputSpec
00025000   _outBuffer0
00026000   _outBuffer1
00027000   _outBuffer2
00028000   _outBufferSum
00028e20   _carryBuffer0
00028f10   _carryBuffer1
000290f0   _carryBuffer2
000291e0   _g00
00029220   _g01
00029260   _g10
000292a0   _g11
000292e0   _h00
00029320   _h01
00029360   _h10
000293a0   _h11
000293e0   _g00Spec
0002a3e0   _g01Spec
0002b3e0   _g10Spec
0002c3e0   _g11Spec
0002d3e0   _h00Spec
0002e3e0   _h01Spec
0002f3e0   _h10Spec
000303e0   _h11Spec
000313e0   _resultingSpec0
000323e0   _resultingSpec1
000333e0   _resultingSpec2
000343e0   _Buffer_in_ping
00034af0   _Buffer_in_pong
00035200   _Buffer_out_ping
00035910   _Buffer_out_pong
00036ee8   CLK_LTIMEMULT
00036ee8   GBL_FREQ
01940000   CLK_REGS
01940000   _CLK_REGS
082039a3   HWI_INTRMULTHIGH
310718a4   HWI_INTRMULTLOW
80000000   SDRAM$B
80000000   _SDRAM_base
80008000   myLOG$buf
ffffffff   HST_DSMBUFSEG
ffffffff   IRAM
ffffffff   RTDX_DATAMEMSEG
ffffffff   _IRAM
ffffffff   ___TI_pprof_out_hndl
ffffffff   ___TI_prof_data_size
ffffffff   ___TI_prof_data_start
ffffffff   ___binit__
ffffffff   ___c_args__
ffffffff   _myMEM
ffffffff   binit
ffffffff   myMEM

[879 symbols]
