******************************************************************************
               TMS320C6x Linker PC v7.4.16                     
******************************************************************************
>> Linked Tue May 22 22:58:03 2018

OUTPUT FILE NAME:   <SSB.out>
ENTRY POINT SYMBOL: "_c_int00"  address: 00014260


MEMORY CONFIGURATION

         name            origin    length      used     unused   attr    fill
----------------------  --------  ---------  --------  --------  ----  --------
  IRAM                  00000000   00020000  00015c81  0000a37f  RWIX
  myMEM                 00020000   00020000  00008820  000177e0  RWIX
  SDRAM                 80000000   0006e000  00008080  00065f80  RWIX


SECTION ALLOCATION MAP

 output                                  attributes/
section   page    origin      length       input sections
--------  ----  ----------  ----------   ----------------
.data      0    00000000    00000000     UNINITIALIZED

.vers      0    00000000    00000040     COPY SECTION
                  00000000    00000040     BIOS_configcfg.obj (.vers)

.hwi_vec   0    00000000    00000200     
                  00000000    00000200     BIOS_configcfg.obj (.hwi_vec)

.cinit     0    00000200    0000565c     
                  00000200    000042fc     skeletonmod flo.obj (.cinit)
                  000044fc    00000004     --HOLE-- [fill = 0]
                  00004500    00000864     BIOS_configcfg.obj (.cinit)
                  00004d64    00000004     --HOLE-- [fill = 0]
                  00004d68    0000026c     bios.a67 : biosdata.o67 (.cinit)
                  00004fd4    00000004     --HOLE-- [fill = 0]
                  00004fd8    000001a4              : knl.o67 (.cinit)
                  0000517c    00000004     --HOLE-- [fill = 0]
                  00005180    0000012c     csl6713.lib : csl_irq.obj (.cinit)
                  000052ac    00000004     --HOLE-- [fill = 0]
                  000052b0    000000b0     bios.a67 : swi.o67 (.cinit)
                  00005360    00000080              : tsk.o67 (.cinit)
                  000053e0    00000070     csl6713.lib : csl_edma.obj (.cinit)
                  00005450    00000060     bios.a67 : tsk_stup.o67 (.cinit)
                  000054b0    0000005c     lnkrtdx.a67 : rtdx.o67 (.cinit)
                  0000550c    00000004     --HOLE-- [fill = 0]
                  00005510    00000054     csl6713.lib : csl_mcbsp.obj (.cinit)
                  00005564    00000004     --HOLE-- [fill = 0]
                  00005568    0000004c     bios.a67 : rta.o67 (.cinit)
                  000055b4    00000004     --HOLE-- [fill = 0]
                  000055b8    0000004c     csl6713.lib : csl_timer.obj (.cinit)
                  00005604    00000004     --HOLE-- [fill = 0]
                  00005608    0000004c     rtdx.lib : buffer1.o62 (.cinit)
                  00005654    00000004     --HOLE-- [fill = 0]
                  00005658    00000048     config_AIC23.obj (.cinit)
                  000056a0    0000003c     csl6713.lib : csl.obj (.cinit)
                  000056dc    00000004     --HOLE-- [fill = 0]
                  000056e0    00000034     bios.a67 : hwi.o67 (.cinit)
                  00005714    00000004     --HOLE-- [fill = 0]
                  00005718    0000002c              : utl_putc.o67 (.cinit)
                  00005744    00000004     --HOLE-- [fill = 0]
                  00005748    0000002c     rts6700.lib : exit.obj (.cinit)
                  00005774    00000004     --HOLE-- [fill = 0]
                  00005778    00000024     bios.a67 : obj_init.o67 (.cinit)
                  0000579c    00000004     --HOLE-- [fill = 0]
                  000057a0    0000001c              : sys.o67 (.cinit)
                  000057bc    00000004     --HOLE-- [fill = 0]
                  000057c0    0000001c     rts6700.lib : _lock.obj (.cinit)
                  000057dc    00000004     --HOLE-- [fill = 0]
                  000057e0    0000001c                 : atexit.obj (.cinit)
                  000057fc    00000004     --HOLE-- [fill = 0]
                  00005800    00000018     bios.a67 : knl_tick.o67 (.cinit)
                  00005818    0000000c              : gbl_setL2CacheMode.o67 (.cinit)
                  00005824    00000004     --HOLE-- [fill = 0]
                  00005828    0000000c              : idl_busy.o67 (.cinit)
                  00005834    00000004     --HOLE-- [fill = 0]
                  00005838    0000000c              : knl_swit.o67 (.cinit)
                  00005844    00000004     --HOLE-- [fill = 0]
                  00005848    0000000c     rts6700.lib : sinit.obj (.cinit)
                  00005854    00000004     --HOLE-- [fill = 0]
                  00005858    00000004     (.pad.cinit) [fill = 0]

.args      0    0000585c    00000004     
                  0000585c    00000004     --HOLE-- [fill = 0]

.text      0    00005860    00004f60     
                  00005860    000013e0     skeletonmod flo.obj (.text)
                  00006c40    000006a0     fastFolding.obj (.text)
                  000072e0    00000640     dsp67x.lib : DSPF_sp_icfftr2_dif.obj (.text)
                  00007920    000004e0                : DSPF_sp_cfftr2_dit.obj (.text)
                  00007e00    00000480     dsk6713bsl.lib : dsk6713.obj (.text)
                  00008280    00000300     rts6700.lib : divf.obj (.text:__divf)
                  00008580    00000280     csl6713.lib : csl_edma.obj (.text:_EDMA_open)
                  00008800    00000280     config_AIC23.obj (.text)
                  00008a80    00000240     rts6700.lib : memcpy62.obj (.text:_memcpy)
                  00008cc0    00000220     csl6713.lib : csl.obj (.text:__CSL_init)
                  00008ee0    000001e0     dsk6713bsl.lib : dsk6713_led.obj (.text)
                  000090c0    000001c0     csl6713.lib : csl_irq.obj (.text:_IRQ_map)
                  00009280    000001c0                 : csl_irq.obj (.text:_mux2Tables)
                  00009440    000001a0                 : csl_edma.obj (.text:_EDMA_allocTable)
                  000095e0    000001a0                 : csl_mcbsp.obj (.text:_MCBSP_reset)
                  00009780    00000180     bios.a67 : gbl_cslpllinit62.o67 (.text)
                  00009900    00000160     rts6700.lib : sinit.obj (.text:_call_dtors)
                  00009a60    00000140     csl6713.lib : csl_edma.obj (.text:_EDMA_reset)
                  00009ba0    00000140                 : csl_timer.obj (.text:_TIMER_open)
                  00009ce0    00000120                 : csl_timer.obj (.text:_TIMER_reset)
                  00009e00    00000100                 : csl_edma.obj (.text:_EDMA_intAlloc)
                  00009f00    00000100                 : csl_mcbsp.obj (.text:_MCBSP_open)
                  0000a000    00000100                 : csl_mcbsp.obj (.text:_MCBSP_start)
                  0000a100    000000e0     rts6700.lib : strasg.obj (.text:__strasg)
                  0000a1e0    000000e0                 : atexit.obj (.text:_atexit)
                  0000a2c0    000000c0     bios.a67 : tsk_stup.o67 (.text)
                  0000a380    000000a0     csl6713.lib : csl_mcbsp.obj (.text:_MCBSP_config)
                  0000a420    000000a0                 : csl_irq.obj (.text:__IRQ_init)
                  0000a4c0    000000a0                 : csl_irq.obj (.text:_setMux)
                  0000a560    00000080     dsk6713bsl.lib : dsk6713_dip.obj (.text)
                  0000a5e0    00000060     csl6713.lib : csl_edma.obj (.text:_EDMA_disableChannel)
                  0000a640    00000060                 : csl_edma.obj (.text:_EDMA_enableChannel)
                  0000a6a0    00000040     rts6700.lib : sinit.obj (.text:___add_dtor)
                  0000a6e0    00000020     csl6713.lib : csl.obj (.text:_CSL6713_LIB_)
                  0000a700    00000020                 : csl_mcbsp.obj (.text:_MCBSP_write)
                  0000a720    00000020                 : csl_mcbsp.obj (.text:_MCBSP_xrdy)
                  0000a740    00000020     rts6700.lib : _lock.obj (.text:__nop)
                  0000a760    00000020                 : _lock.obj (.text:__register_lock)
                  0000a780    00000020                 : _lock.obj (.text:__register_unlock)
                  0000a7a0    00000020     csl6713.lib : csl_irq.obj (.text)

.bios      0    0000a7c0    00004220     
                  0000a7c0    00000600     lnkrtdx.a67 : rtdx.o67 (.bios)
                  0000adc0    000005e0     bios.a67 : gbl_setL2CacheMode.o67 (.bios)
                  0000b3a0    00000540              : swi.o67 (.bios)
                  0000b8e0    00000460              : hwi_disp_asm.o67 (.bios)
                  0000bd40    000003a0              : prd.o67 (.bios)
                  0000c0e0    000002c0              : knl_run.o67 (.bios)
                  0000c3a0    000002c0              : rta.o67 (.bios)
                  0000c660    000002c0              : sem_pend.o67 (.bios)
                  0000c920    00000260              : knl_tick.o67 (.bios)
                  0000cb80    00000240              : pip.o67 (.bios)
                  0000cdc0    00000220              : sem_dopo.o67 (.bios)
                  0000cfe0    00000200              : tsk_setu.o67 (.bios)
                  0000d1e0    000001c0              : knl_swit.o67 (.bios)
                  0000d3a0    000001c0     biosC6000.a67 : clk.o67 (.bios)
                  0000d560    000001a0     bios.a67 : tsk_exit.o67 (.bios)
                  0000d700    00000180              : autoinit.o67 (.bios)
                  0000d880    00000180              : tsk_stup.o67 (.bios)
                  0000da00    00000140              : knl_chec.o67 (.bios)
                  0000db40    000000e0              : gbl_cslcacheinit.o67 (.bios)
                  0000dc20    000000e0              : knl_exit.o67 (.bios)
                  0000dd00    000000e0              : sem_post.o67 (.bios)
                  0000dde0    000000e0              : sem_post_asm.o67 (.bios)
                  0000dec0    000000e0     biosC6000.a67 : clk_meas.o67 (.bios)
                  0000dfa0    000000c0     bios.a67 : knl_ipos.o67 (.bios)
                  0000e060    000000c0              : knl_post.o67 (.bios)
                  0000e120    000000c0              : lck.o67 (.bios)
                  0000e1e0    000000c0              : sys_exit.o67 (.bios)
                  0000e2a0    000000c0     biosC6000.a67 : clk_htime.o67 (.bios)
                  0000e360    00000080     bios.a67 : fxn.o67 (.bios)
                  0000e3e0    00000080              : idl_busy.o67 (.bios)
                  0000e460    00000080              : log.o67 (.bios)
                  0000e4e0    00000080              : sts.o67 (.bios)
                  0000e560    00000080     biosC6000.a67 : idl_cal.o67 (.bios)
                  0000e5e0    00000060     bios.a67 : hwi_c.o67 (.bios)
                  0000e640    00000060              : sem_pend_binary.o67 (.bios)
                  0000e6a0    00000060              : sem_pend_counting.o67 (.bios)
                  0000e700    00000060              : sys_abor.o67 (.bios)
                  0000e760    00000060              : utl_putc.o67 (.bios)
                  0000e7c0    00000060     biosC6000.a67 : clk_start.o67 (.bios)
                  0000e820    00000040     bios.a67 : idl_stub.o67 (.bios)
                  0000e860    00000040              : rta_andn.o67 (.bios)
                  0000e8a0    00000040              : utl_doab.o67 (.bios)
                  0000e8e0    00000040     biosC6000.a67 : clk_stop.o67 (.bios)
                  0000e920    00000020     bios.a67 : fxn_c.o67 (.bios)
                  0000e940    00000020              : gbl_vers.o67 (.bios)
                  0000e960    00000020              : idl.o67 (.bios)
                  0000e980    00000020              : sts_set.o67 (.bios)
                  0000e9a0    00000020              : utl_doer.o67 (.bios)
                  0000e9c0    00000020              : utl_halt.o67 (.bios)

.stack     0    0000e9e0    00004000     UNINITIALIZED
                  0000e9e0    00004000     --HOLE--

.rtdx_text 
*          0    000129e0    00000ea0     
                  000129e0    00000400     rtdx.lib : rtdx_mon.o62 (.rtdx_text:_RTDX_Poll)
                  00012de0    00000340              : buffer1.o62 (.rtdx_text:_RTDX_Buffer_WriteCB)
                  00013120    00000300              : buffer1.o62 (.rtdx_text:_RTDX_write_next)
                  00013420    00000140              : rtdx_mon.o62 (.rtdx_text:_RTDX_Mon_Queue)
                  00013560    000000e0              : buffer1.o62 (.rtdx_text:_claim)
                  00013640    00000080              : rtdx_mon.o62 (.rtdx_text:_RTDX_Init_RT_Monitor)
                  000136c0    00000060              : buffer1.o62 (.rtdx_text:_RTDX_Buffer_Initialize)
                  00013720    00000060              : buffer2.o62 (.rtdx_text:_RTDX_Buffer_ReadCB)
                  00013780    00000040              : buffer1.o62 (.rtdx_text:_RTDX_Buffer_Size)
                  000137c0    00000040              : rtdx_mon.o62 (.rtdx_text:_RTDX_Final_RT_Monitor)
                  00013800    00000020              : buffer2.o62 (.rtdx_text:_RTDX_Buffer_Read)
                  00013820    00000020              : buffer1.o62 (.rtdx_text:_RTDX_Buffer_Write)
                  00013840    00000020              : rtdx_mon.o62 (.rtdx_text:_RTDX_checksum)
                  00013860    00000020              : intr_tgt.o62 (.rtdx_text)

.far       0    00013880    00000608     UNINITIALIZED
                  00013880    00000188     rts6700.lib : atexit.obj (.far)
                  00013a08    000000f4     csl6713.lib : csl_irq.obj (.far)
                  00013afc    000000d8     bios.a67 : knl.o67 (.far)
                  00013bd4    0000005c              : tsk.o67 (.far)
                  00013c30    00000054              : obj_init.o67 (.far)
                  00013c84    00000054     csl6713.lib : csl_edma.obj (.far)
                  00013cd8    00000050     bios.a67 : tsk_stup.o67 (.far)
                  00013d28    00000050     skeletonmod flo.obj (.far)
                  00013d78    00000038     csl6713.lib : csl_mcbsp.obj (.far)
                  00013db0    00000034     config_AIC23.obj (.far)
                  00013de4    00000028     csl6713.lib : csl.obj (.far)
                  00013e0c    00000024                 : csl_timer.obj (.far)
                  00013e30    00000020     bios.a67 : sys.o67 (.far)
                  00013e50    00000010              : knl_tick.o67 (.far)
                  00013e60    0000000c              : utl_putc.o67 (.far)
                  00013e6c    0000000c     rts6700.lib : exit.obj (.far)
                  00013e78    00000008                 : _lock.obj (.far)
                  00013e80    00000004                 : sinit.obj (.far)
                  00013e84    00000002     dsk6713bsl.lib : dsk6713.obj (.far)
                  00013e86    00000002                    : dsk6713_led.obj (.far)

.hst1      0    00013e88    00000010     UNINITIALIZED
                  00013e88    00000010     BIOS_configcfg.obj (.hst1)

.clk       0    00013e98    00000008     UNINITIALIZED
                  00013e98    00000008     BIOS_configcfg.obj (.clk)

.sysinit   0    00013ea0    00000520     
                  00013ea0    000002e0     BIOS_configcfg.obj (.sysinit)
                  00014180    000000e0     bios.a67 : mem_init.o67 (.sysinit)
                  00014260    000000c0              : boot.o67 (.sysinit)
                  00014320    00000080              : tsk_init.o67 (.sysinit)
                  000143a0    00000020              : obj_init.o67 (.sysinit)

.rtdx_data 
*          0    000143c0    0000044c     UNINITIALIZED
                  000143c0    00000410     BIOS_configcfg.obj (.rtdx_data)
                  000147d0    00000020     rtdx.lib : buffer1.o62 (.rtdx_data)
                  000147f0    0000001c              : rtdx_mon.o62 (.rtdx_data)

.mem       0    0001480c    00000004     UNINITIALIZED
                  0001480c    00000004     BIOS_configcfg.obj (.mem)

.LED_toggle$stk 
*          0    00014810    00000400     UNINITIALIZED
                  00014810    00000400     BIOS_configcfg.obj (.LED_toggle$stk)

.TSK_idle$stk 
*          0    00014c10    00000400     UNINITIALIZED
                  00014c10    00000400     BIOS_configcfg.obj (.TSK_idle$stk)

.bss       0    00015010    00000384     UNINITIALIZED
                  00015010    00000100     bios.a67 : hwi_disp_asm.o67 (.bss)
                  00015110    000000cc              : biosdata.o67 (.bss)
                  000151dc    0000009c              : swi.o67 (.bss)
                  00015278    00000048              : knl.o67 (.bss)
                  000152c0    00000040     skeletonmod flo.obj (.bss)
                  00015300    00000028     BIOS_configcfg.obj (.bss)
                  00015328    00000018     bios.a67 : hwi.o67 (.bss)
                  00015340    00000018     lnkrtdx.a67 : rtdx.o67 (.bss)
                  00015358    00000010     rtdx.lib : buffer1.o62 (.bss)
                  00015368    0000000c     bios.a67 : tsk.o67 (.bss)
                  00015374    00000008              : clk_data.o67 (.bss)
                  0001537c    00000008              : sys.o67 (.bss)
                  00015384    00000004              : clk_data2.o67 (.bss)
                  00015388    00000004              : gbl_setL2CacheMode.o67 (.bss)
                  0001538c    00000004              : idl_busy.o67 (.bss)
                  00015390    00000004              : mem_asm.o67 (.bss)

.trace     0    00015394    00000200     
                  00015394    00000200     --HOLE-- [fill = 00000000]

.gblinit   0    00015594    00000058     
                  00015594    00000058     BIOS_configcfg.obj (.gblinit)

.idl       0    000155ec    00000010     UNINITIALIZED
                  000155ec    00000010     BIOS_configcfg.obj (.idl)

.LOG_system$buf 
*          0    00015600    00000100     UNINITIALIZED
                  00015600    00000100     BIOS_configcfg.obj (.LOG_system$buf)

.hst0      0    00015700    00000100     UNINITIALIZED
                  00015700    00000100     BIOS_configcfg.obj (.hst0)

.pip       0    00015800    000000c8     UNINITIALIZED
                  00015800    000000c8     BIOS_configcfg.obj (.pip)

.tsk       0    000158c8    000000c0     UNINITIALIZED
                  000158c8    000000c0     BIOS_configcfg.obj (.tsk)

.const     0    00015988    000000b5     
                  00015988    0000004e     bios.a67 : tsk_stup.o67 (.const)
                  000159d6    00000023              : utl_doab.o67 (.const)
                  000159f9    00000022              : utl_doer.o67 (.const)
                  00015a1b    00000001     --HOLE-- [fill = 0]
                  00015a1c    00000020     dsk6713bsl.lib : dsk6713.obj (.const)
                  00015a3c    00000001     bios.a67 : tsk.o67 (.const)

.printf    0    00015a3d    000000c4     COPY SECTION
                  00015a3d    000000c4     BIOS_configcfg.obj (.printf)

.swi       0    00015a40    000000b0     UNINITIALIZED
                  00015a40    000000b0     BIOS_configcfg.obj (.swi)

.sts       0    00015af0    00000080     
                  00015af0    00000080     BIOS_configcfg.obj (.sts)

.hst       0    00015b70    0000003c     UNINITIALIZED
                  00015b70    0000003c     BIOS_configcfg.obj (.hst)

.log       0    00015bac    00000030     
                  00015bac    00000030     BIOS_configcfg.obj (.log)

.sem       0    00015bdc    0000002c     UNINITIALIZED
                  00015bdc    0000002c     BIOS_configcfg.obj (.sem)

.switch    0    00015c08    00000028     
                  00015c08    00000028     rtdx.lib : rtdx_mon.o62 (.switch)

.prd       0    00015c30    00000020     UNINITIALIZED
                  00015c30    00000020     BIOS_configcfg.obj (.prd)

.idlcal    0    00015c50    00000010     UNINITIALIZED
                  00015c50    00000010     BIOS_configcfg.obj (.idlcal)

.sys       0    00015c60    00000010     UNINITIALIZED
                  00015c60    00000010     BIOS_configcfg.obj (.sys)

.pinit     0    00015c70    0000000c     
                  00015c70    00000004     rtdx.lib : buffer1.o62 (.pinit)
                  00015c74    00000004              : rtdx_mon.o62 (.pinit)
                  00015c78    00000004     --HOLE-- [fill = 0]

.trcdata   0    00015c7c    0000000c     
                  00015c7c    0000000c     bios.a67 : trc.o67 (.trcdata)

.datenpuffer 
*          0    00020000    00008820     UNINITIALIZED
                  00020000    00008820     skeletonmod flo.obj (.datenpuffer)

.SDRAM$heap 
*          0    80000000    00008000     UNINITIALIZED
                  80000000    00008000     --HOLE--

.myLOG$buf 
*          0    80008000    00000080     UNINITIALIZED
                  80008000    00000080     BIOS_configcfg.obj (.myLOG$buf)


GLOBAL SYMBOLS: SORTED ALPHABETICALLY BY Name 

address    name
--------   ----
00015010   $bss
00015010   .bss
00000000   .data
00005860   .text
0001405c   BIOS$$CLKOFF
0001401c   BIOS$$CLKON
00013ea0   BIOS_init
000140c4   BIOS_start
00000000   BUF$
00000001   BUF_ENABLED
00000001   CLK$
00013e98   CLK_A_TABBEG
00000001   CLK_CALDIV
00000004   CLK_CALMULT
0000dbba   CLK_COUNTSPMS
00000000   CLK_COUNTSPMSHIGH
00015138   CLK_D_idletime
00015134   CLK_D_isrhook
00015130   CLK_D_tabbeg
0001512c   CLK_D_timefxn
0000e2a0   CLK_F_getfhtime
0000e2c0   CLK_F_gethtime
0000d3a0   CLK_F_getltime
0000e2c0   CLK_F_getshtime
0000d3b4   CLK_F_isr
0000d514   CLK_F_itime
0000b8e0   CLK_HOOKFXN
00000001   CLK_HTIMEDIV
00000004   CLK_HTIMEMULT
0000dbba   CLK_HTIMEPERLTIME
00004000   CLK_INTBIT
00000001   CLK_LTIMEDIV
00036ee8   CLK_LTIMEMULT
000003e8   CLK_MICROSECS
0000dbba   CLK_PRD
00000000   CLK_PRDHIGH
01940000   CLK_REGS
00015128   CLK_R_time
00000020   CLK_TCR
00000000   CLK_TDDR
00000000   CLK_TDDRHIGH
0000e2c0   CLK_TIMEFXN
00000000   CLK_TIMERNUM
00000001   CLK_USETIMER
00013e9c   CLK_null
00000000   DEV$
00000000   DGN$
00000000   DHL$
00000000   DHL_gChannelsAvailable
00000000   DIO$
00000000   DIO_NUMSWIBASE
00000000   DIO_NUMTSKBASE
00000000   DIO_STATIC
00000000   DPI$
0000e360   FXN_F_nop
0000e368   FXN_F_run
0000e3b8   FXN_F_zero
00000001   GBL$
00005205   GBL_A_VERSION
00000000   GBL_BIGENDIAN
00000000   GBL_C641XL2PRIORITY
00000000   GBL_CACHE
00000001   GBL_CALLCSLCFGINIT
00004e20   GBL_CLKIN
00001770   GBL_CLKTYPE
00001a39   GBL_DSPSUBTYPE
0000003e   GBL_DSPTYPE
00000001   GBL_ENABLEINST
00000042   GBL_FOOTPRINT
00036ee8   GBL_FREQ
00002226   GBL_L2ALLOC
00000000   GBL_L2CONFIGALLOC
00000001   GBL_L2CONFIGURE
00000001   GBL_L2MARMASK
00000000   GBL_L2MARMASK1
00000000   GBL_L2MARMASK2
00000000   GBL_L2MARMASK3
00000000   GBL_L2MARMASK4
00000000   GBL_L2MARMASK5
00000000   GBL_L2MODE
00000000   GBL_L2PRIORITY
00000000   GBL_NULL
00000000   GBL_PROCID
00000000   GBL_ROM
00000000   GBL_SUPPORTCSL
0000dbef   GBL_TRCMASKVALUE
00000001   GBL_USERINIT
000097a8   GBL_USERINITFXN
00000001   GBL_boot
00015c84   GBL_initdone
0000e9e0   GBL_stackbeg
000129df   GBL_stackend
00000000   GIO$
0000e920   GIO_CREATEFXN
0000e920   GIO_DELETEFXN
0000e920   GIO_PENDFXN
0000e920   GIO_POSTFXN
00000000   HOOK$
00000000   HOOK_KNLID
00000001   HST$
00015b70   HST_A_TABBEG
00015bac   HST_A_TABEND
00000000   HST_DSM
ffffffff   HST_DSMBUFSEG
00000400   HST_DSMMEMSIZE
000151a4   HST_D_chanmask
000151a8   HST_D_tabbeg
000151ac   HST_D_tabend
000000ff   HST_MAXFRAMEALLOWED
00000040   HST_MAXFRAMESET
00000000   HST_NONE
00000001   HST_RTDX
00000001   HWI$
00000000   HWI_A_VECS
00004108   HWI_CFGDISPATCHED
00015338   HWI_D_bss
0001533c   HWI_D_ccmask
00015328   HWI_D_spsave
0000b8e0   HWI_F_dispatch
00000000   HWI_GENERATE_RESET_VEC
0000000a   HWI_INT10
00000000   HWI_INT10$hwi
0000000b   HWI_INT11
00000000   HWI_INT11$hwi
0000000c   HWI_INT12
00000000   HWI_INT12$hwi
0000000d   HWI_INT13
00000000   HWI_INT13$hwi
0000000e   HWI_INT14
00000000   HWI_INT14$hwi
0000000f   HWI_INT15
00000000   HWI_INT15$hwi
00000004   HWI_INT4
00000000   HWI_INT4$hwi
00000005   HWI_INT5
00000000   HWI_INT5$hwi
00000006   HWI_INT6
00000000   HWI_INT6$hwi
00000007   HWI_INT7
00000000   HWI_INT7$hwi
00000008   HWI_INT8
00000000   HWI_INT8$hwi
00000009   HWI_INT9
00000000   HWI_INT9$hwi
082039a3   HWI_INTRMULTHIGH
310718a4   HWI_INTRMULTLOW
00000001   HWI_NMI
00000000   HWI_NMI$hwi
00000000   HWI_POLARITYMASK
00000002   HWI_RESERVED0
00000000   HWI_RESERVED0$hwi
00000003   HWI_RESERVED1
00000000   HWI_RESERVED1$hwi
00000000   HWI_RESET
00000000   HWI_RESET$hwi
00000001   HWI_ZEROTAB
00000001   IDL$
00015c50   IDL_A_CALBEG
000155ec   IDL_A_TABBEG
00000006   IDL_CALIBRERROR
0000e820   IDL_CALIBRFXN
0001538c   IDL_D_busyObj
00015118   IDL_D_calbeg
00015114   IDL_D_calibrate
00015110   IDL_D_tabbeg
000155f8   IDL_END
00015c5c   IDL_END$
0000e3e0   IDL_F_busy
0000e560   IDL_F_calibrate
0000e960   IDL_F_loop
0000e820   IDL_F_stub
00000001   IDL_USECLKIDLTIME
00015b64   IDL_busyObj
00015afc   IDL_busyObj$avgfmt
00000001   IDL_busyObj$filter
00000001   IDL_busyObj$iA
00000000   IDL_busyObj$iB
00000001   IDL_busyObj$iC
00015af6   IDL_busyObj$maxfmt
00000000   IDL_busyObj$operation
00015b60   IDL_busyObj$stsobj
00015af9   IDL_busyObj$sumfmt
00000002   IDL_busyObj$unittype
000155ec   IDL_cpuLoad
00015c50   IDL_cpuLoad$
ffffffff   IRAM
00000001   ISRC$
0000d360   KNL_glue
00015a40   KNL_swi
00000001   KNL_swi$dorta
00000000   KNL_swi$ord
00000000   KNL_swi$pri
00015b04   KNL_swi$sts
00015a6a   KNL_swi$sts$avgfmt
00000002   KNL_swi$sts$filter
00000001   KNL_swi$sts$filtmaxmult
00000001   KNL_swi$sts$filtsummult
00015a5a   KNL_swi$sts$maxfmt
00015b00   KNL_swi$sts$stsobj
00015a62   KNL_swi$sts$sumfmt
00000000   KNL_swi$sts$unittype
00000000   KNL_swi$swi
00000001   LCK$
00015c30   LED_Toggle
00015c4c   LED_Toggle$aaa
00000000   LED_Toggle$mode
00000005   LED_Toggle$ord
000003e8   LED_Toggle$period
00000000   LED_Toggle$prd
00015af4   LED_Toggle$sts
00015a4f   LED_Toggle$sts$avgfmt
00000000   LED_Toggle$sts$filter
00015a3d   LED_Toggle$sts$maxfmt
00015af0   LED_Toggle$sts$stsobj
00015a46   LED_Toggle$sts$sumfmt
00000002   LED_Toggle$sts$unittype
00015934   LED_toggle
00000003   LED_toggle$ord
00000001   LED_toggle$pri
00014810   LED_toggle$stack
00014ba8   LED_toggle$stkptr
00015b54   LED_toggle$sts
00015aec   LED_toggle$sts$avgfmt
00000002   LED_toggle$sts$filter
00000001   LED_toggle$sts$filtmaxmult
00000001   LED_toggle$sts$filtsummult
00015adc   LED_toggle$sts$maxfmt
00015b50   LED_toggle$sts$stsobj
00015ae4   LED_toggle$sts$sumfmt
00000000   LED_toggle$sts$unittype
00000000   LED_toggle$tsk
0000a7c0   LNK_F_checkBufferCall
0000a840   LNK_F_dataPump
0000a7e0   LNK_F_getChanPtr
0000a838   LNK_F_init
0000ad84   LNK_F_readCallBack
000155f0   LNK_dataPump
00015c54   LNK_dataPump$
00015344   LNK_dspFrameReadyMask
00015340   LNK_dspFrameRequestMask
0000aae0   LNK_newin
0000ac20   LNK_newout
0000a854   LNK_rcloop
0000a920   LNK_rdrtry
0001534c   LNK_readDone
00015350   LNK_readFail
00015348   LNK_readPend
0000a930   LNK_rrloop
00015354   LNK_writeFail
0000aa04   LNK_wrloop
0000a9f4   LNK_wrrtry
00000001   LOG$
00015bac   LOG_A_TABBEG
00015bdc   LOG_A_TABEND
00000002   LOG_A_TABLEN
0001511c   LOG_D_system
00000001   LOG_ENABLED
0000e460   LOG_F_event
00015bac   LOG_system
00015600   LOG_system$buf
00000000   LOG_system$datatype
00000000   LOG_system$log
00000040   LOG_system$size
00000000   MBX$
00000001   MEM$
0001530c   MEM_MALLOCSEG
00000000   MEM_NULL
0001530c   MEM_SEGZERO
00000000   MEM_USEMPC
00000001   MEM_gNumHeap
00000000   MSGQ$
00000000   MSGQ_USEMSGQ
00000000   OBJ$
00000000   PIP$
00015800   PIP_A_TABBEG
000158c8   PIP_A_TABEND
00000002   PIP_A_TABLEN
00015120   PIP_D_tabbeg
00015124   PIP_D_tablen
0000cc14   PIP_F_give
0000cc14   PIP_F_probe
0000cce8   PIP_F_start
0000cb80   PIP_F_take
00000064   PIP_OBJSIZE
00000000   PIP_gNextId
00000002   PIP_gNumEmbed
00000000   POOL$
00000000   POOL_USEPOOL
00000001   PRD$
00015c30   PRD_A_TABBEG
00015c50   PRD_A_TABEND
00000001   PRD_A_TABLEN
00015160   PRD_D_cur
00015164   PRD_D_elapsed
00015168   PRD_D_prevtim
0001516c   PRD_D_scalar
00015170   PRD_D_swihandle
00015174   PRD_D_tabbeg
00015178   PRD_D_tablen
0001517c   PRD_D_thook
0001515c   PRD_D_tick
0000bd40   PRD_F_swi
0000c000   PRD_F_tick
00000008   PRD_SCALAR
00015a6c   PRD_SWIHANDLE
0000cb60   PRD_THOOKFXN
00013e98   PRD_clock
00015a6c   PRD_swi
00000001   PRD_swi$dorta
00000000   PRD_swi$ord
00000001   PRD_swi$pri
00015b14   PRD_swi$sts
00015a84   PRD_swi$sts$avgfmt
00000002   PRD_swi$sts$filter
00000001   PRD_swi$sts$filtmaxmult
00000001   PRD_swi$sts$filtsummult
00015a74   PRD_swi$sts$maxfmt
00015b10   PRD_swi$sts$stsobj
00015a7c   PRD_swi$sts$sumfmt
00000000   PRD_swi$sts$unittype
00000000   PRD_swi$swi
00015a98   Ping_SWI
00000001   Ping_SWI$dorta
00000001   Ping_SWI$ord
00000002   Ping_SWI$pri
00015b24   Ping_SWI$sts
00015a9e   Ping_SWI$sts$avgfmt
00000002   Ping_SWI$sts$filter
00000001   Ping_SWI$sts$filtmaxmult
00000001   Ping_SWI$sts$filtsummult
00015a8e   Ping_SWI$sts$maxfmt
00015b20   Ping_SWI$sts$stsobj
00015a96   Ping_SWI$sts$sumfmt
00000000   Ping_SWI$sts$unittype
00000000   Ping_SWI$swi
00015ac4   Pong_SWI
00000001   Pong_SWI$dorta
00000002   Pong_SWI$ord
00000002   Pong_SWI$pri
00015b34   Pong_SWI$sts
00015ab8   Pong_SWI$sts$avgfmt
00000002   Pong_SWI$sts$filter
00000001   Pong_SWI$sts$filtmaxmult
00000001   Pong_SWI$sts$filtsummult
00015aa8   Pong_SWI$sts$maxfmt
00015b30   Pong_SWI$sts$stsobj
00015ab0   Pong_SWI$sts$sumfmt
00000000   Pong_SWI$sts$unittype
00000000   Pong_SWI$swi
00000001   QUE$
00015180   RTA_D_fromHost
00015188   RTA_D_logval
00015198   RTA_D_stsval
00015184   RTA_D_toHost
0000e860   RTA_F_andn
0000c498   RTA_F_dispatch
0000c3a0   RTA_F_getlog
0000c3e4   RTA_F_getsts
0000e880   RTA_F_or
0000c42c   RTA_F_readblk
0000c458   RTA_F_resetmem
0000c44c   RTA_F_writeword
000155f4   RTA_dispatcher
00015c58   RTA_dispatcher$
0000c4e8   RTA_execute
00015b74   RTA_fromHost
00013e88   RTA_fromHost$buf
00000004   RTA_fromHost$framesize
00000000   RTA_fromHost$hst
00000001   RTA_fromHost$id
00000000   RTA_fromHost$mode
00015800   RTA_fromHost$pipe
00015830   RTA_fromHost$pipe$aaa
00015860   RTA_fromHost$pipe$bbb
00015310   RTA_fromHost$pipe$dtab
00015804   RTA_fromHost$pipe$rd
00015834   RTA_fromHost$pipe$wr
00015b7c   RTA_fromHost$rtdx
00015b90   RTA_toHost
00015700   RTA_toHost$buf
00000040   RTA_toHost$framesize
00000000   RTA_toHost$hst
00000000   RTA_toHost$id
00000001   RTA_toHost$mode
00015864   RTA_toHost$pipe
00015894   RTA_toHost$pipe$aaa
000158c4   RTA_toHost$pipe$bbb
0001531c   RTA_toHost$pipe$dtab
00015868   RTA_toHost$pipe$rd
00015898   RTA_toHost$pipe$wr
00015b98   RTA_toHost$rtdx
00000001   RTDX$
00000408   RTDX_BUFMEMSIZE
ffffffff   RTDX_DATAMEMSEG
00000000   RTDX_MODE
00000001   RTDX_NORMALIZED_HDR
00000001   RTDX_USERTDX
00000000   RTDX_USERTEXECUTION
0001530c   SDRAM
80000000   SDRAM$B
00008000   SDRAM$L
00000001   SEM$
00000000   SIO$
00000001   STS$
00015af0   STS_A_TABBEG
00015b70   STS_A_TABEND
0000e518   STS_F_add
0000e4e0   STS_F_delta
0000e544   STS_F_reset
00000001   SWI$
00015a40   SWI_A_TABBEG
00015af0   SWI_A_TABEND
00000004   SWI_A_TABLEN
000151f4   SWI_D_curfxn
000151e4   SWI_D_curmask
000151f0   SWI_D_curmbox
000151e8   SWI_D_curset
000151e0   SWI_D_execaddr
000151fc   SWI_D_inswi
000151ec   SWI_D_lock
000151f8   SWI_D_rdybeg
00015200   SWI_D_rdytab
000151dc   SWI_D_runaddr
00000000   SWI_EHOOKFXN
0000b5bc   SWI_EXECFXN
0000b3a0   SWI_F_enable
0000b5bc   SWI_F_exec
0000b5e8   SWI_F_iexec
0000b410   SWI_F_post
0000b678   SWI_F_run
00000000   SWI_IHOOKFXN
0000b678   SWI_RUNFXN
00000001   SYS$
00015c60   SYS$config
0000e8a0   SYS_ABORTFXN
0000e9a0   SYS_ERRORFXN
0000e9c0   SYS_EXITFXN
0000e760   SYS_PUTCFXN
00015c80   TRC_R_mask
00015c7c   TRC_cinit
00000001   TSK$
00000000   TSK_NUM_HOOKS
00000001   TSK_PRIORITY
00000000   TSK_READYFXN
00000000   TSK_STACKSEG
00000400   TSK_STACKSIZE
00000000   TSK_SWITCHFXN
0000e920   TSK_VCREATEFXN
0000e920   TSK_VDELETEFXN
0000e920   TSK_VEXITFXN
000158d4   TSK_idle
00000001   TSK_idle$ord
00000000   TSK_idle$pri
00014c10   TSK_idle$stack
00014fa8   TSK_idle$stkptr
00015b44   TSK_idle$sts
00015ad2   TSK_idle$sts$avgfmt
00000002   TSK_idle$sts$filter
00000001   TSK_idle$sts$filtmaxmult
00000001   TSK_idle$sts$filtsummult
00015ac2   TSK_idle$sts$maxfmt
00015b40   TSK_idle$sts$stsobj
00015aca   TSK_idle$sts$sumfmt
00000000   TSK_idle$sts$unittype
00000000   TSK_idle$tsk
00000000   UDEV$
00013ea0   _BIOS_init
000140c4   _BIOS_start
00024000   _BufferInputSpec
000283e0   _Buffer_in_ping
000284f0   _Buffer_in_pong
00028600   _Buffer_out_ping
00028710   _Buffer_out_pong
0000dbba   _CLK_COUNTSPMS
00015374   _CLK_DFLTMICROSECS
00015158   _CLK_D_countspms
0001514c   _CLK_D_dirty
00015378   _CLK_D_microseconds
00015150   _CLK_D_prd
00015154   _CLK_D_tddr
0000d514   _CLK_F_itime
0000dbba   _CLK_PRD
01940000   _CLK_REGS
00000000   _CLK_TDDR
00000000   _CLK_TIMERNUM
00000001   _CLK_USETIMER
0001513c   _CLK_htimeDiv
00015140   _CLK_htimeMult
00015384   _CLK_htimePerLtime
0000d514   _CLK_itime
00015144   _CLK_ltimeDiv
00015148   _CLK_ltimeMult
0000dec0   _CLK_measure
0000e7c0   _CLK_start
0000e8e0   _CLK_stop
0000a6e0   _CSL6713_LIB_
00008800   _Config_DSK6713_AIC23
0000a568   _DSK6713_DIP_get
0000a560   _DSK6713_DIP_init
00008ee0   _DSK6713_LED_init
00008f20   _DSK6713_LED_off
00008f90   _DSK6713_LED_on
00009000   _DSK6713_LED_toggle
00008214   _DSK6713_getVersion
00007e4c   _DSK6713_init
00008168   _DSK6713_rget
0000817c   _DSK6713_rset
00013e84   _DSK6713_version
00008190   _DSK6713_wait
000081e8   _DSK6713_waitusec
00007920   _DSPF_sp_cfftr2_dit
000072e0   _DSPF_sp_icfftr2_dif
00009440   _EDMA_allocTable
0000a5e0   _EDMA_disableChannel
0000a640   _EDMA_enableChannel
00009e00   _EDMA_intAlloc
00006484   _EDMA_interrupt_service
00008580   _EDMA_open
00009a60   _EDMA_reset
0000e920   _FXN_F_nop
0000e368   _FXN_F_run
0000e3b8   _FXN_F_zero
00000000   _GBL_CACHE
000151b4   _GBL_clkIn
0000db40   _GBL_cslCacheInit
000151b8   _GBL_freq
0000e940   _GBL_getVersion
000151b0   _GBL_procId
000097a8   _GBL_setPLLto225MHz
00015b70   _HST_A_TABBEG
00015bac   _HST_A_TABEND
00004108   _HWI_CFGDISPATCHED
00015334   _HWI_D_inhwi
00015328   _HWI_D_spsave
0000b8e0   _HWI_F_dispatch
0000000a   _HWI_INT10
0000000b   _HWI_INT11
0000000c   _HWI_INT12
0000000d   _HWI_INT13
0000000e   _HWI_INT14
0000000f   _HWI_INT15
00000004   _HWI_INT4
00000005   _HWI_INT5
00000006   _HWI_INT6
00000007   _HWI_INT7
00000008   _HWI_INT8
00000009   _HWI_INT9
00000001   _HWI_NMI
00000002   _HWI_RESERVED0
00000003   _HWI_RESERVED1
00000000   _HWI_RESET
000129d8   _HWI_STKBOTTOM
0000e9e0   _HWI_STKTOP
00015328   _HWI_data
0000e5e0   _HWI_disable
00015010   _HWI_dispatchTab
0000e5f8   _HWI_enable
0000e60c   _HWI_restore
00015b64   _IDL_busyObj
000155ec   _IDL_cpuLoad
0000e960   _IDL_loop
ffffffff   _IRAM
000090c0   _IRQ_map
00015280   _KNL_alarm
0000da00   _KNL_check
000152a4   _KNL_curqueue
00015294   _KNL_curtask
0001529c   _KNL_curtime
00013b9c   _KNL_dummy
0000dc74   _KNL_enter
0000dc20   _KNL_exit
0000dad8   _KNL_idle
000152bc   _KNL_idlefxn
00015288   _KNL_inactive
0000dfa0   _KNL_ipost
0000dafc   _KNL_max
000152a8   _KNL_maxqueue
0000e060   _KNL_post
00015298   _KNL_prevtask
0001528c   _KNL_priority
00013afc   _KNL_queues
0000c0e0   _KNL_run
0000d1e0   _KNL_saveIsrFrame
00015290   _KNL_set
00015284   _KNL_setpri
00015a40   _KNL_swi
000152a0   _KNL_swiptr
0000d2ac   _KNL_switch
000152b0   _KNL_tcreatefxn
000152b4   _KNL_tdeletefxn
0000cb60   _KNL_tick
000152b8   _KNL_treadyfxn
000152ac   _KNL_tswitchfxn
00015278   _KNL_wFlag
0001527c   _KNL_wList
0000e150   _LCK_pend
0000e120   _LCK_post
00015c30   _LED_Toggle
00015934   _LED_toggle
000155f0   _LNK_dataPump
00015344   _LNK_dspFrameReadyMask
00015340   _LNK_dspFrameRequestMask
0001534c   _LNK_readDone
00015350   _LNK_readFail
00015348   _LNK_readPend
00015354   _LNK_writeFail
00015bac   _LOG_A_TABBEG
00015bdc   _LOG_A_TABEND
00000002   _LOG_A_TABLEN
0001511c   _LOG_D_system
0000e460   _LOG_event
00015bac   _LOG_system
0000a380   _MCBSP_config
00009f00   _MCBSP_open
000095e0   _MCBSP_reset
0000a000   _MCBSP_start
0000a700   _MCBSP_write
0000a720   _MCBSP_xrdy
00015390   _MEM
000151bc   _MEM_D_NUMSEGMENTS
000151c4   _MEM_D_freelist
000151c8   _MEM_D_lockaddr
000151c0   _MEM_D_memtab
000151cc   _MEM_D_unlockaddr
00014180   _MEM_init
00015300   _MEM_memtab
000143a0   _OBJ_init
00013c68   _OBJ_segtab
00013c30   _OBJ_table
00015800   _PIP_A_TABBEG
000158c8   _PIP_A_TABEND
0001515c   _PRD_D_tick
00013e98   _PRD_clock
00015a6c   _PRD_swi
00015a98   _Ping_SWI
00015ac4   _Pong_SWI
000155f4   _RTA_dispatcher
00015b74   _RTA_fromHost
00015b90   _RTA_toHost
000143c0   _RTDX_Buffer
000147cc   _RTDX_Buffer_End
000136c0   _RTDX_Buffer_Initialize
00013800   _RTDX_Buffer_Read
00013720   _RTDX_Buffer_ReadCB
00013780   _RTDX_Buffer_Size
000147c8   _RTDX_Buffer_Start
00013820   _RTDX_Buffer_Write
00012de0   _RTDX_Buffer_WriteCB
000137c0   _RTDX_Final_RT_Monitor
00013640   _RTDX_Init_RT_Monitor
00000002   _RTDX_JTAGONLY
00013860   _RTDX_Mask_IER
00013420   _RTDX_Mon_Queue
000129e0   _RTDX_Poll
00000000   _RTDX_interrupt_mask
000147dc   _RTDX_writing
0001530c   _SDRAM
80000000   _SDRAM_base
00008000   _SDRAM_length
00015be8   _SEM_LEDToggle
0000e6a0   _SEM_pend
0000e640   _SEM_pendBinary
0000c660   _SEM_pendEnterKnl
0000dde0   _SEM_post
0000dde0   _SEM_postBinary
0000dd00   _SEM_postEnterKnl
00015af0   _STS_A_TABBEG
00015b70   _STS_A_TABEND
0000e518   _STS_add
0000e4e0   _STS_delta
0000e544   _STS_reset
0000e980   _STS_set
000151f4   _SWI_D_curfxn
000151e4   _SWI_D_curmask
000151e8   _SWI_D_curset
000151e0   _SWI_D_execaddr
000151fc   _SWI_D_inswi
000151ec   _SWI_D_lock
000151f8   _SWI_D_rdybeg
000151dc   _SWI_D_runaddr
00006954   _SWI_LEDToggle
000151dc   _SWI_data
0000b410   _SWI_post
000151d0   _SYS
00015394   _SYS_PUTCBEG
00015593   _SYS_PUTCEND
0000e700   _SYS_abort
0000e1e0   _SYS_exit
00013e30   _SYS_exitStack
0001537c   _SYS_exitStackPtr
00015380   _SYS_exitStackTop
00009ba0   _TIMER_open
00009ce0   _TIMER_reset
00015c80   _TRC_R_mask
00015370   _TSK
00013bd4   _TSK_ATTRS
00013bf0   _TSK_config
0000d560   _TSK_exit
000158d4   _TSK_idle
00014320   _TSK_init
00015368   _TSK_nTasks
0001536c   _TSK_pid
0000cfe0   _TSK_setup
0000d940   _TSK_startup
00013c10   _TSK_timerSem
0000e8a0   _UTL_doAbort
0000e9a0   _UTL_doError
0000e760   _UTL_doPutc
0000e9c0   _UTL_halt
0000d530   __CLK_lat1beg
0000d55c   __CLK_lat1end
00008cc0   __CSL_init
0000b1f4   __GBL_setL2CacheMode
000151d8   __HOOK_NUMHOOKS
000151d4   __HOOK_knlId
0000b8e0   __HWI_lat1beg
0000ba60   __HWI_lat1end
0000ba60   __HWI_lat2beg
0000bc00   __HWI_lat2end1
0000bb8c   __HWI_lat2end2
0000bc20   __HWI_lat3beg
0000bd20   __HWI_lat3end1
0000bbbc   __HWI_lat3end2
0000e3e0   __IDL_lat1beg
0000e430   __IDL_lat1end
00013af4   __IRQ_dispatchTable
00013a30   __IRQ_eventTable
0000a7a0   __IRQ_hookFetchPacket
0000a420   __IRQ_init
00013ab4   __IRQ_intTable
0000da50   __KNL_lat1beg
0000dad8   __KNL_lat1end
0000e460   __LOG_lat1beg
00013da8   __MCBSP_hDev0
00013dac   __MCBSP_hDev1
00013d00   __MEM_mutex
0000c458   __RTA_lat1beg
0000c490   __RTA_lat1end
0000cdc0   __SEM_dopost
000129e0   __STACK_END
00004000   __STACK_SIZE
0000b54c   __SWI_lat1beg
0000b600   __SWI_lat1end
0000b604   __SWI_lat2beg
0000b674   __SWI_lat2end
0000b3a0   __SWI_lat3beg
0000b40c   __SWI_lat3end
00013e0c   __TIMER_deviceTable
00013e2c   __TIMER_hBios
00013e24   __TIMER_hDev0
00013e28   __TIMER_hDev1
00013cd8   __TSK_mutex
00013e74   ___TI_enable_exit_profile_output
ffffffff   ___TI_pprof_out_hndl
ffffffff   ___TI_prof_data_size
ffffffff   ___TI_prof_data_start
0000a6a0   ___add_dtor
00013880   ___atexit_func_id__
ffffffff   ___binit__
00015010   ___bss__
ffffffff   ___c_args__
00000200   ___cinit__
00000000   ___data__
00000000   ___edata__
00015394   ___end__
0000a7c0   ___etext__
00015c70   ___pinit__
00005860   ___text__
0000d700   __auto_init
00013e6c   __cleanup_ptr
00008280   __divf
00013e70   __dtors_ptr
00013e78   __lock
0000a740   __nop
0000a760   __register_lock
0000a780   __register_unlock
0000e9e0   __stack
0000a100   __strasg
00013e7c   __unlock
000071b8   _abs
0000a1e0   _atexit
000069c4   _buildSpecsOfFilters
00014260   _c_int00
00009900   _call_dtors
00025220   _carryBuffer0
00025310   _carryBuffer1
000254f0   _carryBuffer2
00013d48   _configEDMARcv
00013d60   _configEDMAXmt
00005bbc   _config_EDMA
00006408   _config_interrupts
000071c0   _convertToComplexFloatAndGenerateSpectrum
00013d28   _datainterface_config
000070b0   _dotAdditionC
00007000   _dotProductC
00007128   _dotSum3
00013e80   _dtors
00006db8   _fastConvolutionOverlapAdd
00006cc8   _fastConvolutionOverlapAddfftDone
000255e0   _g00
000257e0   _g00Spec
00025620   _g01
00025be0   _g01Spec
00025660   _g10
00025fe0   _g10Spec
000256a0   _g11
000263e0   _g11Spec
00006b4c   _genResultingSpecs
00006c40   _generateSpectrumOnes
000256e0   _h00
000267e0   _h00Spec
00025720   _h01
00026be0   _h01Spec
00025760   _h10
00026fe0   _h10Spec
000257a0   _h11
000273e0   _h11Spec
000152d4   _hEdmaRcv
000152dc   _hEdmaReloadRcvPing
000152e4   _hEdmaReloadRcvPong
000152e0   _hEdmaReloadXmtPing
000152e8   _hEdmaReloadXmtPong
000152d8   _hEdmaXmt
000152ec   _hMcbsp
000059a8   _main
00008a80   _memcpy
00015bc4   _myLOG
ffffffff   _myMEM
00024400   _outBuffer0
00024800   _outBuffer1
00024c00   _outBuffer2
00025000   _outBufferSum
0000665c   _process_ping_SWI
000067d4   _process_pong_SWI
000277e0   _resultingSpec0
00027be0   _resultingSpec1
00027fe0   _resultingSpec2
00015360   _rtdxNullChanCnt
00015364   _rtdxNullFuncCnt
000147d0   _rtdx_buffer_state
000147f0   _rtdx_mon_state
00008988   _set_aic23_register
00013c98   _tccAllocTable
000152c4   _tccRcvPing
000152c8   _tccRcvPong
000152cc   _tccXmtPing
000152d0   _tccXmtPong
00006980   _tsk_led_toggle
000152c0   _twiddleFacC
00020000   _w
00009780   _wait500nS
ffffffff   binit
00000200   cinit
00000000   edata
00015394   end
0000a7c0   etext
00000000   hwi0
00000020   hwi1
00000140   hwi10
00000160   hwi11
00000180   hwi12
000001a0   hwi13
000001c0   hwi14
000001e0   hwi15
00000040   hwi2
00000060   hwi3
00000080   hwi4
000000a0   hwi5
000000c0   hwi6
000000e0   hwi7
00000100   hwi8
00000120   hwi9
00015bc4   myLOG
80008000   myLOG$buf
00000001   myLOG$datatype
00000000   myLOG$log
00000020   myLOG$size
ffffffff   myMEM
00015c70   pinit


GLOBAL SYMBOLS: SORTED BY Symbol Address 

address    name
--------   ----
00000000   .data
00000000   BUF$
00000000   CLK_COUNTSPMSHIGH
00000000   CLK_PRDHIGH
00000000   CLK_TDDR
00000000   CLK_TDDRHIGH
00000000   CLK_TIMERNUM
00000000   DEV$
00000000   DGN$
00000000   DHL$
00000000   DHL_gChannelsAvailable
00000000   DIO$
00000000   DIO_NUMSWIBASE
00000000   DIO_NUMTSKBASE
00000000   DIO_STATIC
00000000   DPI$
00000000   GBL_BIGENDIAN
00000000   GBL_C641XL2PRIORITY
00000000   GBL_CACHE
00000000   GBL_L2CONFIGALLOC
00000000   GBL_L2MARMASK1
00000000   GBL_L2MARMASK2
00000000   GBL_L2MARMASK3
00000000   GBL_L2MARMASK4
00000000   GBL_L2MARMASK5
00000000   GBL_L2MODE
00000000   GBL_L2PRIORITY
00000000   GBL_NULL
00000000   GBL_PROCID
00000000   GBL_ROM
00000000   GBL_SUPPORTCSL
00000000   GIO$
00000000   HOOK$
00000000   HOOK_KNLID
00000000   HST_DSM
00000000   HST_NONE
00000000   HWI_A_VECS
00000000   HWI_GENERATE_RESET_VEC
00000000   HWI_INT10$hwi
00000000   HWI_INT11$hwi
00000000   HWI_INT12$hwi
00000000   HWI_INT13$hwi
00000000   HWI_INT14$hwi
00000000   HWI_INT15$hwi
00000000   HWI_INT4$hwi
00000000   HWI_INT5$hwi
00000000   HWI_INT6$hwi
00000000   HWI_INT7$hwi
00000000   HWI_INT8$hwi
00000000   HWI_INT9$hwi
00000000   HWI_NMI$hwi
00000000   HWI_POLARITYMASK
00000000   HWI_RESERVED0$hwi
00000000   HWI_RESERVED1$hwi
00000000   HWI_RESET
00000000   HWI_RESET$hwi
00000000   IDL_busyObj$iB
00000000   IDL_busyObj$operation
00000000   KNL_swi$ord
00000000   KNL_swi$pri
00000000   KNL_swi$sts$unittype
00000000   KNL_swi$swi
00000000   LED_Toggle$mode
00000000   LED_Toggle$prd
00000000   LED_Toggle$sts$filter
00000000   LED_toggle$sts$unittype
00000000   LED_toggle$tsk
00000000   LOG_system$datatype
00000000   LOG_system$log
00000000   MBX$
00000000   MEM_NULL
00000000   MEM_USEMPC
00000000   MSGQ$
00000000   MSGQ_USEMSGQ
00000000   OBJ$
00000000   PIP$
00000000   PIP_gNextId
00000000   POOL$
00000000   POOL_USEPOOL
00000000   PRD_swi$ord
00000000   PRD_swi$sts$unittype
00000000   PRD_swi$swi
00000000   Ping_SWI$sts$unittype
00000000   Ping_SWI$swi
00000000   Pong_SWI$sts$unittype
00000000   Pong_SWI$swi
00000000   RTA_fromHost$hst
00000000   RTA_fromHost$mode
00000000   RTA_toHost$hst
00000000   RTA_toHost$id
00000000   RTDX_MODE
00000000   RTDX_USERTEXECUTION
00000000   SIO$
00000000   SWI_EHOOKFXN
00000000   SWI_IHOOKFXN
00000000   TSK_NUM_HOOKS
00000000   TSK_READYFXN
00000000   TSK_STACKSEG
00000000   TSK_SWITCHFXN
00000000   TSK_idle$pri
00000000   TSK_idle$sts$unittype
00000000   TSK_idle$tsk
00000000   UDEV$
00000000   _CLK_TDDR
00000000   _CLK_TIMERNUM
00000000   _GBL_CACHE
00000000   _HWI_RESET
00000000   _RTDX_interrupt_mask
00000000   ___data__
00000000   ___edata__
00000000   edata
00000000   hwi0
00000000   myLOG$log
00000001   BUF_ENABLED
00000001   CLK$
00000001   CLK_CALDIV
00000001   CLK_HTIMEDIV
00000001   CLK_LTIMEDIV
00000001   CLK_USETIMER
00000001   GBL$
00000001   GBL_CALLCSLCFGINIT
00000001   GBL_ENABLEINST
00000001   GBL_L2CONFIGURE
00000001   GBL_L2MARMASK
00000001   GBL_USERINIT
00000001   GBL_boot
00000001   HST$
00000001   HST_RTDX
00000001   HWI$
00000001   HWI_NMI
00000001   HWI_ZEROTAB
00000001   IDL$
00000001   IDL_USECLKIDLTIME
00000001   IDL_busyObj$filter
00000001   IDL_busyObj$iA
00000001   IDL_busyObj$iC
00000001   ISRC$
00000001   KNL_swi$dorta
00000001   KNL_swi$sts$filtmaxmult
00000001   KNL_swi$sts$filtsummult
00000001   LCK$
00000001   LED_toggle$pri
00000001   LED_toggle$sts$filtmaxmult
00000001   LED_toggle$sts$filtsummult
00000001   LOG$
00000001   LOG_ENABLED
00000001   MEM$
00000001   MEM_gNumHeap
00000001   PRD$
00000001   PRD_A_TABLEN
00000001   PRD_swi$dorta
00000001   PRD_swi$pri
00000001   PRD_swi$sts$filtmaxmult
00000001   PRD_swi$sts$filtsummult
00000001   Ping_SWI$dorta
00000001   Ping_SWI$ord
00000001   Ping_SWI$sts$filtmaxmult
00000001   Ping_SWI$sts$filtsummult
00000001   Pong_SWI$dorta
00000001   Pong_SWI$sts$filtmaxmult
00000001   Pong_SWI$sts$filtsummult
00000001   QUE$
00000001   RTA_fromHost$id
00000001   RTA_toHost$mode
00000001   RTDX$
00000001   RTDX_NORMALIZED_HDR
00000001   RTDX_USERTDX
00000001   SEM$
00000001   STS$
00000001   SWI$
00000001   SYS$
00000001   TSK$
00000001   TSK_PRIORITY
00000001   TSK_idle$ord
00000001   TSK_idle$sts$filtmaxmult
00000001   TSK_idle$sts$filtsummult
00000001   _CLK_USETIMER
00000001   _HWI_NMI
00000001   myLOG$datatype
00000002   HWI_RESERVED0
00000002   IDL_busyObj$unittype
00000002   KNL_swi$sts$filter
00000002   LED_Toggle$sts$unittype
00000002   LED_toggle$sts$filter
00000002   LOG_A_TABLEN
00000002   PIP_A_TABLEN
00000002   PIP_gNumEmbed
00000002   PRD_swi$sts$filter
00000002   Ping_SWI$pri
00000002   Ping_SWI$sts$filter
00000002   Pong_SWI$ord
00000002   Pong_SWI$pri
00000002   Pong_SWI$sts$filter
00000002   TSK_idle$sts$filter
00000002   _HWI_RESERVED0
00000002   _LOG_A_TABLEN
00000002   _RTDX_JTAGONLY
00000003   HWI_RESERVED1
00000003   LED_toggle$ord
00000003   _HWI_RESERVED1
00000004   CLK_CALMULT
00000004   CLK_HTIMEMULT
00000004   HWI_INT4
00000004   RTA_fromHost$framesize
00000004   SWI_A_TABLEN
00000004   _HWI_INT4
00000005   HWI_INT5
00000005   LED_Toggle$ord
00000005   _HWI_INT5
00000006   HWI_INT6
00000006   IDL_CALIBRERROR
00000006   _HWI_INT6
00000007   HWI_INT7
00000007   _HWI_INT7
00000008   HWI_INT8
00000008   PRD_SCALAR
00000008   _HWI_INT8
00000009   HWI_INT9
00000009   _HWI_INT9
0000000a   HWI_INT10
0000000a   _HWI_INT10
0000000b   HWI_INT11
0000000b   _HWI_INT11
0000000c   HWI_INT12
0000000c   _HWI_INT12
0000000d   HWI_INT13
0000000d   _HWI_INT13
0000000e   HWI_INT14
0000000e   _HWI_INT14
0000000f   HWI_INT15
0000000f   _HWI_INT15
00000020   CLK_TCR
00000020   hwi1
00000020   myLOG$size
0000003e   GBL_DSPTYPE
00000040   HST_MAXFRAMESET
00000040   LOG_system$size
00000040   RTA_toHost$framesize
00000040   hwi2
00000042   GBL_FOOTPRINT
00000060   hwi3
00000064   PIP_OBJSIZE
00000080   hwi4
000000a0   hwi5
000000c0   hwi6
000000e0   hwi7
000000ff   HST_MAXFRAMEALLOWED
00000100   hwi8
00000120   hwi9
00000140   hwi10
00000160   hwi11
00000180   hwi12
000001a0   hwi13
000001c0   hwi14
000001e0   hwi15
00000200   ___cinit__
00000200   cinit
000003e8   CLK_MICROSECS
000003e8   LED_Toggle$period
00000400   HST_DSMMEMSIZE
00000400   TSK_STACKSIZE
00000408   RTDX_BUFMEMSIZE
00001770   GBL_CLKTYPE
00001a39   GBL_DSPSUBTYPE
00002226   GBL_L2ALLOC
00004000   CLK_INTBIT
00004000   __STACK_SIZE
00004108   HWI_CFGDISPATCHED
00004108   _HWI_CFGDISPATCHED
00004e20   GBL_CLKIN
00005205   GBL_A_VERSION
00005860   .text
00005860   ___text__
000059a8   _main
00005bbc   _config_EDMA
00006408   _config_interrupts
00006484   _EDMA_interrupt_service
0000665c   _process_ping_SWI
000067d4   _process_pong_SWI
00006954   _SWI_LEDToggle
00006980   _tsk_led_toggle
000069c4   _buildSpecsOfFilters
00006b4c   _genResultingSpecs
00006c40   _generateSpectrumOnes
00006cc8   _fastConvolutionOverlapAddfftDone
00006db8   _fastConvolutionOverlapAdd
00007000   _dotProductC
000070b0   _dotAdditionC
00007128   _dotSum3
000071b8   _abs
000071c0   _convertToComplexFloatAndGenerateSpectrum
000072e0   _DSPF_sp_icfftr2_dif
00007920   _DSPF_sp_cfftr2_dit
00007e4c   _DSK6713_init
00008000   SDRAM$L
00008000   _SDRAM_length
00008168   _DSK6713_rget
0000817c   _DSK6713_rset
00008190   _DSK6713_wait
000081e8   _DSK6713_waitusec
00008214   _DSK6713_getVersion
00008280   __divf
00008580   _EDMA_open
00008800   _Config_DSK6713_AIC23
00008988   _set_aic23_register
00008a80   _memcpy
00008cc0   __CSL_init
00008ee0   _DSK6713_LED_init
00008f20   _DSK6713_LED_off
00008f90   _DSK6713_LED_on
00009000   _DSK6713_LED_toggle
000090c0   _IRQ_map
00009440   _EDMA_allocTable
000095e0   _MCBSP_reset
00009780   _wait500nS
000097a8   GBL_USERINITFXN
000097a8   _GBL_setPLLto225MHz
00009900   _call_dtors
00009a60   _EDMA_reset
00009ba0   _TIMER_open
00009ce0   _TIMER_reset
00009e00   _EDMA_intAlloc
00009f00   _MCBSP_open
0000a000   _MCBSP_start
0000a100   __strasg
0000a1e0   _atexit
0000a380   _MCBSP_config
0000a420   __IRQ_init
0000a560   _DSK6713_DIP_init
0000a568   _DSK6713_DIP_get
0000a5e0   _EDMA_disableChannel
0000a640   _EDMA_enableChannel
0000a6a0   ___add_dtor
0000a6e0   _CSL6713_LIB_
0000a700   _MCBSP_write
0000a720   _MCBSP_xrdy
0000a740   __nop
0000a760   __register_lock
0000a780   __register_unlock
0000a7a0   __IRQ_hookFetchPacket
0000a7c0   LNK_F_checkBufferCall
0000a7c0   ___etext__
0000a7c0   etext
0000a7e0   LNK_F_getChanPtr
0000a838   LNK_F_init
0000a840   LNK_F_dataPump
0000a854   LNK_rcloop
0000a920   LNK_rdrtry
0000a930   LNK_rrloop
0000a9f4   LNK_wrrtry
0000aa04   LNK_wrloop
0000aae0   LNK_newin
0000ac20   LNK_newout
0000ad84   LNK_F_readCallBack
0000b1f4   __GBL_setL2CacheMode
0000b3a0   SWI_F_enable
0000b3a0   __SWI_lat3beg
0000b40c   __SWI_lat3end
0000b410   SWI_F_post
0000b410   _SWI_post
0000b54c   __SWI_lat1beg
0000b5bc   SWI_EXECFXN
0000b5bc   SWI_F_exec
0000b5e8   SWI_F_iexec
0000b600   __SWI_lat1end
0000b604   __SWI_lat2beg
0000b674   __SWI_lat2end
0000b678   SWI_F_run
0000b678   SWI_RUNFXN
0000b8e0   CLK_HOOKFXN
0000b8e0   HWI_F_dispatch
0000b8e0   _HWI_F_dispatch
0000b8e0   __HWI_lat1beg
0000ba60   __HWI_lat1end
0000ba60   __HWI_lat2beg
0000bb8c   __HWI_lat2end2
0000bbbc   __HWI_lat3end2
0000bc00   __HWI_lat2end1
0000bc20   __HWI_lat3beg
0000bd20   __HWI_lat3end1
0000bd40   PRD_F_swi
0000c000   PRD_F_tick
0000c0e0   _KNL_run
0000c3a0   RTA_F_getlog
0000c3e4   RTA_F_getsts
0000c42c   RTA_F_readblk
0000c44c   RTA_F_writeword
0000c458   RTA_F_resetmem
0000c458   __RTA_lat1beg
0000c490   __RTA_lat1end
0000c498   RTA_F_dispatch
0000c4e8   RTA_execute
0000c660   _SEM_pendEnterKnl
0000cb60   PRD_THOOKFXN
0000cb60   _KNL_tick
0000cb80   PIP_F_take
0000cc14   PIP_F_give
0000cc14   PIP_F_probe
0000cce8   PIP_F_start
0000cdc0   __SEM_dopost
0000cfe0   _TSK_setup
0000d1e0   _KNL_saveIsrFrame
0000d2ac   _KNL_switch
0000d360   KNL_glue
0000d3a0   CLK_F_getltime
0000d3b4   CLK_F_isr
0000d514   CLK_F_itime
0000d514   _CLK_F_itime
0000d514   _CLK_itime
0000d530   __CLK_lat1beg
0000d55c   __CLK_lat1end
0000d560   _TSK_exit
0000d700   __auto_init
0000d940   _TSK_startup
0000da00   _KNL_check
0000da50   __KNL_lat1beg
0000dad8   _KNL_idle
0000dad8   __KNL_lat1end
0000dafc   _KNL_max
0000db40   _GBL_cslCacheInit
0000dbba   CLK_COUNTSPMS
0000dbba   CLK_HTIMEPERLTIME
0000dbba   CLK_PRD
0000dbba   _CLK_COUNTSPMS
0000dbba   _CLK_PRD
0000dbef   GBL_TRCMASKVALUE
0000dc20   _KNL_exit
0000dc74   _KNL_enter
0000dd00   _SEM_postEnterKnl
0000dde0   _SEM_post
0000dde0   _SEM_postBinary
0000dec0   _CLK_measure
0000dfa0   _KNL_ipost
0000e060   _KNL_post
0000e120   _LCK_post
0000e150   _LCK_pend
0000e1e0   _SYS_exit
0000e2a0   CLK_F_getfhtime
0000e2c0   CLK_F_gethtime
0000e2c0   CLK_F_getshtime
0000e2c0   CLK_TIMEFXN
0000e360   FXN_F_nop
0000e368   FXN_F_run
0000e368   _FXN_F_run
0000e3b8   FXN_F_zero
0000e3b8   _FXN_F_zero
0000e3e0   IDL_F_busy
0000e3e0   __IDL_lat1beg
0000e430   __IDL_lat1end
0000e460   LOG_F_event
0000e460   _LOG_event
0000e460   __LOG_lat1beg
0000e4e0   STS_F_delta
0000e4e0   _STS_delta
0000e518   STS_F_add
0000e518   _STS_add
0000e544   STS_F_reset
0000e544   _STS_reset
0000e560   IDL_F_calibrate
0000e5e0   _HWI_disable
0000e5f8   _HWI_enable
0000e60c   _HWI_restore
0000e640   _SEM_pendBinary
0000e6a0   _SEM_pend
0000e700   _SYS_abort
0000e760   SYS_PUTCFXN
0000e760   _UTL_doPutc
0000e7c0   _CLK_start
0000e820   IDL_CALIBRFXN
0000e820   IDL_F_stub
0000e860   RTA_F_andn
0000e880   RTA_F_or
0000e8a0   SYS_ABORTFXN
0000e8a0   _UTL_doAbort
0000e8e0   _CLK_stop
0000e920   GIO_CREATEFXN
0000e920   GIO_DELETEFXN
0000e920   GIO_PENDFXN
0000e920   GIO_POSTFXN
0000e920   TSK_VCREATEFXN
0000e920   TSK_VDELETEFXN
0000e920   TSK_VEXITFXN
0000e920   _FXN_F_nop
0000e940   _GBL_getVersion
0000e960   IDL_F_loop
0000e960   _IDL_loop
0000e980   _STS_set
0000e9a0   SYS_ERRORFXN
0000e9a0   _UTL_doError
0000e9c0   SYS_EXITFXN
0000e9c0   _UTL_halt
0000e9e0   GBL_stackbeg
0000e9e0   _HWI_STKTOP
0000e9e0   __stack
000129d8   _HWI_STKBOTTOM
000129df   GBL_stackend
000129e0   _RTDX_Poll
000129e0   __STACK_END
00012de0   _RTDX_Buffer_WriteCB
00013420   _RTDX_Mon_Queue
00013640   _RTDX_Init_RT_Monitor
000136c0   _RTDX_Buffer_Initialize
00013720   _RTDX_Buffer_ReadCB
00013780   _RTDX_Buffer_Size
000137c0   _RTDX_Final_RT_Monitor
00013800   _RTDX_Buffer_Read
00013820   _RTDX_Buffer_Write
00013860   _RTDX_Mask_IER
00013880   ___atexit_func_id__
00013a30   __IRQ_eventTable
00013ab4   __IRQ_intTable
00013af4   __IRQ_dispatchTable
00013afc   _KNL_queues
00013b9c   _KNL_dummy
00013bd4   _TSK_ATTRS
00013bf0   _TSK_config
00013c10   _TSK_timerSem
00013c30   _OBJ_table
00013c68   _OBJ_segtab
00013c98   _tccAllocTable
00013cd8   __TSK_mutex
00013d00   __MEM_mutex
00013d28   _datainterface_config
00013d48   _configEDMARcv
00013d60   _configEDMAXmt
00013da8   __MCBSP_hDev0
00013dac   __MCBSP_hDev1
00013e0c   __TIMER_deviceTable
00013e24   __TIMER_hDev0
00013e28   __TIMER_hDev1
00013e2c   __TIMER_hBios
00013e30   _SYS_exitStack
00013e6c   __cleanup_ptr
00013e70   __dtors_ptr
00013e74   ___TI_enable_exit_profile_output
00013e78   __lock
00013e7c   __unlock
00013e80   _dtors
00013e84   _DSK6713_version
00013e88   RTA_fromHost$buf
00013e98   CLK_A_TABBEG
00013e98   PRD_clock
00013e98   _PRD_clock
00013e9c   CLK_null
00013ea0   BIOS_init
00013ea0   _BIOS_init
0001401c   BIOS$$CLKON
0001405c   BIOS$$CLKOFF
000140c4   BIOS_start
000140c4   _BIOS_start
00014180   _MEM_init
00014260   _c_int00
00014320   _TSK_init
000143a0   _OBJ_init
000143c0   _RTDX_Buffer
000147c8   _RTDX_Buffer_Start
000147cc   _RTDX_Buffer_End
000147d0   _rtdx_buffer_state
000147dc   _RTDX_writing
000147f0   _rtdx_mon_state
00014810   LED_toggle$stack
00014ba8   LED_toggle$stkptr
00014c10   TSK_idle$stack
00014fa8   TSK_idle$stkptr
00015010   $bss
00015010   .bss
00015010   _HWI_dispatchTab
00015010   ___bss__
00015110   IDL_D_tabbeg
00015114   IDL_D_calibrate
00015118   IDL_D_calbeg
0001511c   LOG_D_system
0001511c   _LOG_D_system
00015120   PIP_D_tabbeg
00015124   PIP_D_tablen
00015128   CLK_R_time
0001512c   CLK_D_timefxn
00015130   CLK_D_tabbeg
00015134   CLK_D_isrhook
00015138   CLK_D_idletime
0001513c   _CLK_htimeDiv
00015140   _CLK_htimeMult
00015144   _CLK_ltimeDiv
00015148   _CLK_ltimeMult
0001514c   _CLK_D_dirty
00015150   _CLK_D_prd
00015154   _CLK_D_tddr
00015158   _CLK_D_countspms
0001515c   PRD_D_tick
0001515c   _PRD_D_tick
00015160   PRD_D_cur
00015164   PRD_D_elapsed
00015168   PRD_D_prevtim
0001516c   PRD_D_scalar
00015170   PRD_D_swihandle
00015174   PRD_D_tabbeg
00015178   PRD_D_tablen
0001517c   PRD_D_thook
00015180   RTA_D_fromHost
00015184   RTA_D_toHost
00015188   RTA_D_logval
00015198   RTA_D_stsval
000151a4   HST_D_chanmask
000151a8   HST_D_tabbeg
000151ac   HST_D_tabend
000151b0   _GBL_procId
000151b4   _GBL_clkIn
000151b8   _GBL_freq
000151bc   _MEM_D_NUMSEGMENTS
000151c0   _MEM_D_memtab
000151c4   _MEM_D_freelist
000151c8   _MEM_D_lockaddr
000151cc   _MEM_D_unlockaddr
000151d0   _SYS
000151d4   __HOOK_knlId
000151d8   __HOOK_NUMHOOKS
000151dc   SWI_D_runaddr
000151dc   _SWI_D_runaddr
000151dc   _SWI_data
000151e0   SWI_D_execaddr
000151e0   _SWI_D_execaddr
000151e4   SWI_D_curmask
000151e4   _SWI_D_curmask
000151e8   SWI_D_curset
000151e8   _SWI_D_curset
000151ec   SWI_D_lock
000151ec   _SWI_D_lock
000151f0   SWI_D_curmbox
000151f4   SWI_D_curfxn
000151f4   _SWI_D_curfxn
000151f8   SWI_D_rdybeg
000151f8   _SWI_D_rdybeg
000151fc   SWI_D_inswi
000151fc   _SWI_D_inswi
00015200   SWI_D_rdytab
00015278   _KNL_wFlag
0001527c   _KNL_wList
00015280   _KNL_alarm
00015284   _KNL_setpri
00015288   _KNL_inactive
0001528c   _KNL_priority
00015290   _KNL_set
00015294   _KNL_curtask
00015298   _KNL_prevtask
0001529c   _KNL_curtime
000152a0   _KNL_swiptr
000152a4   _KNL_curqueue
000152a8   _KNL_maxqueue
000152ac   _KNL_tswitchfxn
000152b0   _KNL_tcreatefxn
000152b4   _KNL_tdeletefxn
000152b8   _KNL_treadyfxn
000152bc   _KNL_idlefxn
000152c0   _twiddleFacC
000152c4   _tccRcvPing
000152c8   _tccRcvPong
000152cc   _tccXmtPing
000152d0   _tccXmtPong
000152d4   _hEdmaRcv
000152d8   _hEdmaXmt
000152dc   _hEdmaReloadRcvPing
000152e0   _hEdmaReloadXmtPing
000152e4   _hEdmaReloadRcvPong
000152e8   _hEdmaReloadXmtPong
000152ec   _hMcbsp
00015300   _MEM_memtab
0001530c   MEM_MALLOCSEG
0001530c   MEM_SEGZERO
0001530c   SDRAM
0001530c   _SDRAM
00015310   RTA_fromHost$pipe$dtab
0001531c   RTA_toHost$pipe$dtab
00015328   HWI_D_spsave
00015328   _HWI_D_spsave
00015328   _HWI_data
00015334   _HWI_D_inhwi
00015338   HWI_D_bss
0001533c   HWI_D_ccmask
00015340   LNK_dspFrameRequestMask
00015340   _LNK_dspFrameRequestMask
00015344   LNK_dspFrameReadyMask
00015344   _LNK_dspFrameReadyMask
00015348   LNK_readPend
00015348   _LNK_readPend
0001534c   LNK_readDone
0001534c   _LNK_readDone
00015350   LNK_readFail
00015350   _LNK_readFail
00015354   LNK_writeFail
00015354   _LNK_writeFail
00015360   _rtdxNullChanCnt
00015364   _rtdxNullFuncCnt
00015368   _TSK_nTasks
0001536c   _TSK_pid
00015370   _TSK
00015374   _CLK_DFLTMICROSECS
00015378   _CLK_D_microseconds
0001537c   _SYS_exitStackPtr
00015380   _SYS_exitStackTop
00015384   _CLK_htimePerLtime
0001538c   IDL_D_busyObj
00015390   _MEM
00015394   _SYS_PUTCBEG
00015394   ___end__
00015394   end
00015593   _SYS_PUTCEND
000155ec   IDL_A_TABBEG
000155ec   IDL_cpuLoad
000155ec   _IDL_cpuLoad
000155f0   LNK_dataPump
000155f0   _LNK_dataPump
000155f4   RTA_dispatcher
000155f4   _RTA_dispatcher
000155f8   IDL_END
00015600   LOG_system$buf
00015700   RTA_toHost$buf
00015800   PIP_A_TABBEG
00015800   RTA_fromHost$pipe
00015800   _PIP_A_TABBEG
00015804   RTA_fromHost$pipe$rd
00015830   RTA_fromHost$pipe$aaa
00015834   RTA_fromHost$pipe$wr
00015860   RTA_fromHost$pipe$bbb
00015864   RTA_toHost$pipe
00015868   RTA_toHost$pipe$rd
00015894   RTA_toHost$pipe$aaa
00015898   RTA_toHost$pipe$wr
000158c4   RTA_toHost$pipe$bbb
000158c8   PIP_A_TABEND
000158c8   _PIP_A_TABEND
000158d4   TSK_idle
000158d4   _TSK_idle
00015934   LED_toggle
00015934   _LED_toggle
00015a3d   LED_Toggle$sts$maxfmt
00015a40   KNL_swi
00015a40   SWI_A_TABBEG
00015a40   _KNL_swi
00015a46   LED_Toggle$sts$sumfmt
00015a4f   LED_Toggle$sts$avgfmt
00015a5a   KNL_swi$sts$maxfmt
00015a62   KNL_swi$sts$sumfmt
00015a6a   KNL_swi$sts$avgfmt
00015a6c   PRD_SWIHANDLE
00015a6c   PRD_swi
00015a6c   _PRD_swi
00015a74   PRD_swi$sts$maxfmt
00015a7c   PRD_swi$sts$sumfmt
00015a84   PRD_swi$sts$avgfmt
00015a8e   Ping_SWI$sts$maxfmt
00015a96   Ping_SWI$sts$sumfmt
00015a98   Ping_SWI
00015a98   _Ping_SWI
00015a9e   Ping_SWI$sts$avgfmt
00015aa8   Pong_SWI$sts$maxfmt
00015ab0   Pong_SWI$sts$sumfmt
00015ab8   Pong_SWI$sts$avgfmt
00015ac2   TSK_idle$sts$maxfmt
00015ac4   Pong_SWI
00015ac4   _Pong_SWI
00015aca   TSK_idle$sts$sumfmt
00015ad2   TSK_idle$sts$avgfmt
00015adc   LED_toggle$sts$maxfmt
00015ae4   LED_toggle$sts$sumfmt
00015aec   LED_toggle$sts$avgfmt
00015af0   LED_Toggle$sts$stsobj
00015af0   STS_A_TABBEG
00015af0   SWI_A_TABEND
00015af0   _STS_A_TABBEG
00015af4   LED_Toggle$sts
00015af6   IDL_busyObj$maxfmt
00015af9   IDL_busyObj$sumfmt
00015afc   IDL_busyObj$avgfmt
00015b00   KNL_swi$sts$stsobj
00015b04   KNL_swi$sts
00015b10   PRD_swi$sts$stsobj
00015b14   PRD_swi$sts
00015b20   Ping_SWI$sts$stsobj
00015b24   Ping_SWI$sts
00015b30   Pong_SWI$sts$stsobj
00015b34   Pong_SWI$sts
00015b40   TSK_idle$sts$stsobj
00015b44   TSK_idle$sts
00015b50   LED_toggle$sts$stsobj
00015b54   LED_toggle$sts
00015b60   IDL_busyObj$stsobj
00015b64   IDL_busyObj
00015b64   _IDL_busyObj
00015b70   HST_A_TABBEG
00015b70   STS_A_TABEND
00015b70   _HST_A_TABBEG
00015b70   _STS_A_TABEND
00015b74   RTA_fromHost
00015b74   _RTA_fromHost
00015b7c   RTA_fromHost$rtdx
00015b90   RTA_toHost
00015b90   _RTA_toHost
00015b98   RTA_toHost$rtdx
00015bac   HST_A_TABEND
00015bac   LOG_A_TABBEG
00015bac   LOG_system
00015bac   _HST_A_TABEND
00015bac   _LOG_A_TABBEG
00015bac   _LOG_system
00015bc4   _myLOG
00015bc4   myLOG
00015bdc   LOG_A_TABEND
00015bdc   _LOG_A_TABEND
00015be8   _SEM_LEDToggle
00015c30   LED_Toggle
00015c30   PRD_A_TABBEG
00015c30   _LED_Toggle
00015c4c   LED_Toggle$aaa
00015c50   IDL_A_CALBEG
00015c50   IDL_cpuLoad$
00015c50   PRD_A_TABEND
00015c54   LNK_dataPump$
00015c58   RTA_dispatcher$
00015c5c   IDL_END$
00015c60   SYS$config
00015c70   ___pinit__
00015c70   pinit
00015c7c   TRC_cinit
00015c80   TRC_R_mask
00015c80   _TRC_R_mask
00015c84   GBL_initdone
00020000   _w
00024000   _BufferInputSpec
00024400   _outBuffer0
00024800   _outBuffer1
00024c00   _outBuffer2
00025000   _outBufferSum
00025220   _carryBuffer0
00025310   _carryBuffer1
000254f0   _carryBuffer2
000255e0   _g00
00025620   _g01
00025660   _g10
000256a0   _g11
000256e0   _h00
00025720   _h01
00025760   _h10
000257a0   _h11
000257e0   _g00Spec
00025be0   _g01Spec
00025fe0   _g10Spec
000263e0   _g11Spec
000267e0   _h00Spec
00026be0   _h01Spec
00026fe0   _h10Spec
000273e0   _h11Spec
000277e0   _resultingSpec0
00027be0   _resultingSpec1
00027fe0   _resultingSpec2
000283e0   _Buffer_in_ping
000284f0   _Buffer_in_pong
00028600   _Buffer_out_ping
00028710   _Buffer_out_pong
00036ee8   CLK_LTIMEMULT
00036ee8   GBL_FREQ
01940000   CLK_REGS
01940000   _CLK_REGS
082039a3   HWI_INTRMULTHIGH
310718a4   HWI_INTRMULTLOW
80000000   SDRAM$B
80000000   _SDRAM_base
80008000   myLOG$buf
ffffffff   HST_DSMBUFSEG
ffffffff   IRAM
ffffffff   RTDX_DATAMEMSEG
ffffffff   _IRAM
ffffffff   ___TI_pprof_out_hndl
ffffffff   ___TI_prof_data_size
ffffffff   ___TI_prof_data_start
ffffffff   ___binit__
ffffffff   ___c_args__
ffffffff   _myMEM
ffffffff   binit
ffffffff   myMEM

[879 symbols]
