******************************************************************************
               TMS320C6x Linker PC v7.4.16                     
******************************************************************************
>> Linked Sat May 19 14:12:41 2018

OUTPUT FILE NAME:   <SSB.out>
ENTRY POINT SYMBOL: "_c_int00"  address: 00013b80


MEMORY CONFIGURATION

         name            origin    length      used     unused   attr    fill
----------------------  --------  ---------  --------  --------  ----  --------
  IRAM                  00000000   00020000  000155a1  0000aa5f  RWIX
  myMEM                 00020000   00020000  00011188  0000ee78  RWIX
  SDRAM                 80000000   0006e000  00008080  00065f80  RWIX


SECTION ALLOCATION MAP

 output                                  attributes/
section   page    origin      length       input sections
--------  ----  ----------  ----------   ----------------
.data      0    00000000    00000000     UNINITIALIZED

.vers      0    00000000    00000040     COPY SECTION
                  00000000    00000040     BIOS_configcfg.obj (.vers)

.hwi_vec   0    00000000    00000200     
                  00000000    00000200     BIOS_configcfg.obj (.hwi_vec)

.cinit     0    00000200    0000565c     
                  00000200    000042fc     skeletonmod flo.obj (.cinit)
                  000044fc    00000004     --HOLE-- [fill = 0]
                  00004500    00000864     BIOS_configcfg.obj (.cinit)
                  00004d64    00000004     --HOLE-- [fill = 0]
                  00004d68    0000026c     bios.a67 : biosdata.o67 (.cinit)
                  00004fd4    00000004     --HOLE-- [fill = 0]
                  00004fd8    000001a4              : knl.o67 (.cinit)
                  0000517c    00000004     --HOLE-- [fill = 0]
                  00005180    0000012c     csl6713.lib : csl_irq.obj (.cinit)
                  000052ac    00000004     --HOLE-- [fill = 0]
                  000052b0    000000b0     bios.a67 : swi.o67 (.cinit)
                  00005360    00000080              : tsk.o67 (.cinit)
                  000053e0    00000070     csl6713.lib : csl_edma.obj (.cinit)
                  00005450    00000060     bios.a67 : tsk_stup.o67 (.cinit)
                  000054b0    0000005c     lnkrtdx.a67 : rtdx.o67 (.cinit)
                  0000550c    00000004     --HOLE-- [fill = 0]
                  00005510    00000054     csl6713.lib : csl_mcbsp.obj (.cinit)
                  00005564    00000004     --HOLE-- [fill = 0]
                  00005568    0000004c     bios.a67 : rta.o67 (.cinit)
                  000055b4    00000004     --HOLE-- [fill = 0]
                  000055b8    0000004c     csl6713.lib : csl_timer.obj (.cinit)
                  00005604    00000004     --HOLE-- [fill = 0]
                  00005608    0000004c     rtdx.lib : buffer1.o62 (.cinit)
                  00005654    00000004     --HOLE-- [fill = 0]
                  00005658    00000048     config_AIC23.obj (.cinit)
                  000056a0    0000003c     csl6713.lib : csl.obj (.cinit)
                  000056dc    00000004     --HOLE-- [fill = 0]
                  000056e0    00000034     bios.a67 : hwi.o67 (.cinit)
                  00005714    00000004     --HOLE-- [fill = 0]
                  00005718    0000002c              : utl_putc.o67 (.cinit)
                  00005744    00000004     --HOLE-- [fill = 0]
                  00005748    0000002c     rts6700.lib : exit.obj (.cinit)
                  00005774    00000004     --HOLE-- [fill = 0]
                  00005778    00000024     bios.a67 : obj_init.o67 (.cinit)
                  0000579c    00000004     --HOLE-- [fill = 0]
                  000057a0    0000001c              : sys.o67 (.cinit)
                  000057bc    00000004     --HOLE-- [fill = 0]
                  000057c0    0000001c     rts6700.lib : _lock.obj (.cinit)
                  000057dc    00000004     --HOLE-- [fill = 0]
                  000057e0    0000001c                 : atexit.obj (.cinit)
                  000057fc    00000004     --HOLE-- [fill = 0]
                  00005800    00000018     bios.a67 : knl_tick.o67 (.cinit)
                  00005818    0000000c              : gbl_setL2CacheMode.o67 (.cinit)
                  00005824    00000004     --HOLE-- [fill = 0]
                  00005828    0000000c              : idl_busy.o67 (.cinit)
                  00005834    00000004     --HOLE-- [fill = 0]
                  00005838    0000000c              : knl_swit.o67 (.cinit)
                  00005844    00000004     --HOLE-- [fill = 0]
                  00005848    0000000c     rts6700.lib : sinit.obj (.cinit)
                  00005854    00000004     --HOLE-- [fill = 0]
                  00005858    00000004     (.pad.cinit) [fill = 0]

.args      0    0000585c    00000004     
                  0000585c    00000004     --HOLE-- [fill = 0]

.text      0    00005860    00004880     
                  00005860    00001020     skeletonmod flo.obj (.text)
                  00006880    00000640     dsp67x.lib : DSPF_sp_icfftr2_dif.obj (.text)
                  00006ec0    000004e0                : DSPF_sp_cfftr2_dit.obj (.text)
                  000073a0    00000480     dsk6713bsl.lib : dsk6713.obj (.text)
                  00007820    00000380     fastFolding.obj (.text)
                  00007ba0    00000300     rts6700.lib : divf.obj (.text:__divf)
                  00007ea0    00000280     csl6713.lib : csl_edma.obj (.text:_EDMA_open)
                  00008120    00000280     config_AIC23.obj (.text)
                  000083a0    00000240     rts6700.lib : memcpy62.obj (.text:_memcpy)
                  000085e0    00000220     csl6713.lib : csl.obj (.text:__CSL_init)
                  00008800    000001e0     dsk6713bsl.lib : dsk6713_led.obj (.text)
                  000089e0    000001c0     csl6713.lib : csl_irq.obj (.text:_IRQ_map)
                  00008ba0    000001c0                 : csl_irq.obj (.text:_mux2Tables)
                  00008d60    000001a0                 : csl_edma.obj (.text:_EDMA_allocTable)
                  00008f00    000001a0                 : csl_mcbsp.obj (.text:_MCBSP_reset)
                  000090a0    00000180     bios.a67 : gbl_cslpllinit62.o67 (.text)
                  00009220    00000160     rts6700.lib : sinit.obj (.text:_call_dtors)
                  00009380    00000140     csl6713.lib : csl_edma.obj (.text:_EDMA_reset)
                  000094c0    00000140                 : csl_timer.obj (.text:_TIMER_open)
                  00009600    00000120                 : csl_timer.obj (.text:_TIMER_reset)
                  00009720    00000100                 : csl_edma.obj (.text:_EDMA_intAlloc)
                  00009820    00000100                 : csl_mcbsp.obj (.text:_MCBSP_open)
                  00009920    00000100                 : csl_mcbsp.obj (.text:_MCBSP_start)
                  00009a20    000000e0     rts6700.lib : strasg.obj (.text:__strasg)
                  00009b00    000000e0                 : atexit.obj (.text:_atexit)
                  00009be0    000000c0     bios.a67 : tsk_stup.o67 (.text)
                  00009ca0    000000a0     csl6713.lib : csl_mcbsp.obj (.text:_MCBSP_config)
                  00009d40    000000a0                 : csl_irq.obj (.text:__IRQ_init)
                  00009de0    000000a0                 : csl_irq.obj (.text:_setMux)
                  00009e80    00000080     dsk6713bsl.lib : dsk6713_dip.obj (.text)
                  00009f00    00000060     csl6713.lib : csl_edma.obj (.text:_EDMA_disableChannel)
                  00009f60    00000060                 : csl_edma.obj (.text:_EDMA_enableChannel)
                  00009fc0    00000040     rts6700.lib : sinit.obj (.text:___add_dtor)
                  0000a000    00000020     csl6713.lib : csl.obj (.text:_CSL6713_LIB_)
                  0000a020    00000020                 : csl_mcbsp.obj (.text:_MCBSP_write)
                  0000a040    00000020                 : csl_mcbsp.obj (.text:_MCBSP_xrdy)
                  0000a060    00000020     rts6700.lib : _lock.obj (.text:__nop)
                  0000a080    00000020                 : _lock.obj (.text:__register_lock)
                  0000a0a0    00000020                 : _lock.obj (.text:__register_unlock)
                  0000a0c0    00000020     csl6713.lib : csl_irq.obj (.text)

.bios      0    0000a0e0    00004220     
                  0000a0e0    00000600     lnkrtdx.a67 : rtdx.o67 (.bios)
                  0000a6e0    000005e0     bios.a67 : gbl_setL2CacheMode.o67 (.bios)
                  0000acc0    00000540              : swi.o67 (.bios)
                  0000b200    00000460              : hwi_disp_asm.o67 (.bios)
                  0000b660    000003a0              : prd.o67 (.bios)
                  0000ba00    000002c0              : knl_run.o67 (.bios)
                  0000bcc0    000002c0              : rta.o67 (.bios)
                  0000bf80    000002c0              : sem_pend.o67 (.bios)
                  0000c240    00000260              : knl_tick.o67 (.bios)
                  0000c4a0    00000240              : pip.o67 (.bios)
                  0000c6e0    00000220              : sem_dopo.o67 (.bios)
                  0000c900    00000200              : tsk_setu.o67 (.bios)
                  0000cb00    000001c0              : knl_swit.o67 (.bios)
                  0000ccc0    000001c0     biosC6000.a67 : clk.o67 (.bios)
                  0000ce80    000001a0     bios.a67 : tsk_exit.o67 (.bios)
                  0000d020    00000180              : autoinit.o67 (.bios)
                  0000d1a0    00000180              : tsk_stup.o67 (.bios)
                  0000d320    00000140              : knl_chec.o67 (.bios)
                  0000d460    000000e0              : gbl_cslcacheinit.o67 (.bios)
                  0000d540    000000e0              : knl_exit.o67 (.bios)
                  0000d620    000000e0              : sem_post.o67 (.bios)
                  0000d700    000000e0              : sem_post_asm.o67 (.bios)
                  0000d7e0    000000e0     biosC6000.a67 : clk_meas.o67 (.bios)
                  0000d8c0    000000c0     bios.a67 : knl_ipos.o67 (.bios)
                  0000d980    000000c0              : knl_post.o67 (.bios)
                  0000da40    000000c0              : lck.o67 (.bios)
                  0000db00    000000c0              : sys_exit.o67 (.bios)
                  0000dbc0    000000c0     biosC6000.a67 : clk_htime.o67 (.bios)
                  0000dc80    00000080     bios.a67 : fxn.o67 (.bios)
                  0000dd00    00000080              : idl_busy.o67 (.bios)
                  0000dd80    00000080              : log.o67 (.bios)
                  0000de00    00000080              : sts.o67 (.bios)
                  0000de80    00000080     biosC6000.a67 : idl_cal.o67 (.bios)
                  0000df00    00000060     bios.a67 : hwi_c.o67 (.bios)
                  0000df60    00000060              : sem_pend_binary.o67 (.bios)
                  0000dfc0    00000060              : sem_pend_counting.o67 (.bios)
                  0000e020    00000060              : sys_abor.o67 (.bios)
                  0000e080    00000060              : utl_putc.o67 (.bios)
                  0000e0e0    00000060     biosC6000.a67 : clk_start.o67 (.bios)
                  0000e140    00000040     bios.a67 : idl_stub.o67 (.bios)
                  0000e180    00000040              : rta_andn.o67 (.bios)
                  0000e1c0    00000040              : utl_doab.o67 (.bios)
                  0000e200    00000040     biosC6000.a67 : clk_stop.o67 (.bios)
                  0000e240    00000020     bios.a67 : fxn_c.o67 (.bios)
                  0000e260    00000020              : gbl_vers.o67 (.bios)
                  0000e280    00000020              : idl.o67 (.bios)
                  0000e2a0    00000020              : sts_set.o67 (.bios)
                  0000e2c0    00000020              : utl_doer.o67 (.bios)
                  0000e2e0    00000020              : utl_halt.o67 (.bios)

.stack     0    0000e300    00004000     UNINITIALIZED
                  0000e300    00004000     --HOLE--

.rtdx_text 
*          0    00012300    00000ea0     
                  00012300    00000400     rtdx.lib : rtdx_mon.o62 (.rtdx_text:_RTDX_Poll)
                  00012700    00000340              : buffer1.o62 (.rtdx_text:_RTDX_Buffer_WriteCB)
                  00012a40    00000300              : buffer1.o62 (.rtdx_text:_RTDX_write_next)
                  00012d40    00000140              : rtdx_mon.o62 (.rtdx_text:_RTDX_Mon_Queue)
                  00012e80    000000e0              : buffer1.o62 (.rtdx_text:_claim)
                  00012f60    00000080              : rtdx_mon.o62 (.rtdx_text:_RTDX_Init_RT_Monitor)
                  00012fe0    00000060              : buffer1.o62 (.rtdx_text:_RTDX_Buffer_Initialize)
                  00013040    00000060              : buffer2.o62 (.rtdx_text:_RTDX_Buffer_ReadCB)
                  000130a0    00000040              : buffer1.o62 (.rtdx_text:_RTDX_Buffer_Size)
                  000130e0    00000040              : rtdx_mon.o62 (.rtdx_text:_RTDX_Final_RT_Monitor)
                  00013120    00000020              : buffer2.o62 (.rtdx_text:_RTDX_Buffer_Read)
                  00013140    00000020              : buffer1.o62 (.rtdx_text:_RTDX_Buffer_Write)
                  00013160    00000020              : rtdx_mon.o62 (.rtdx_text:_RTDX_checksum)
                  00013180    00000020              : intr_tgt.o62 (.rtdx_text)

.far       0    000131a0    00000608     UNINITIALIZED
                  000131a0    00000188     rts6700.lib : atexit.obj (.far)
                  00013328    000000f4     csl6713.lib : csl_irq.obj (.far)
                  0001341c    000000d8     bios.a67 : knl.o67 (.far)
                  000134f4    0000005c              : tsk.o67 (.far)
                  00013550    00000054              : obj_init.o67 (.far)
                  000135a4    00000054     csl6713.lib : csl_edma.obj (.far)
                  000135f8    00000050     bios.a67 : tsk_stup.o67 (.far)
                  00013648    00000050     skeletonmod flo.obj (.far)
                  00013698    00000038     csl6713.lib : csl_mcbsp.obj (.far)
                  000136d0    00000034     config_AIC23.obj (.far)
                  00013704    00000028     csl6713.lib : csl.obj (.far)
                  0001372c    00000024                 : csl_timer.obj (.far)
                  00013750    00000020     bios.a67 : sys.o67 (.far)
                  00013770    00000010              : knl_tick.o67 (.far)
                  00013780    0000000c              : utl_putc.o67 (.far)
                  0001378c    0000000c     rts6700.lib : exit.obj (.far)
                  00013798    00000008                 : _lock.obj (.far)
                  000137a0    00000004                 : sinit.obj (.far)
                  000137a4    00000002     dsk6713bsl.lib : dsk6713.obj (.far)
                  000137a6    00000002                    : dsk6713_led.obj (.far)

.hst1      0    000137a8    00000010     UNINITIALIZED
                  000137a8    00000010     BIOS_configcfg.obj (.hst1)

.clk       0    000137b8    00000008     UNINITIALIZED
                  000137b8    00000008     BIOS_configcfg.obj (.clk)

.sysinit   0    000137c0    00000520     
                  000137c0    000002e0     BIOS_configcfg.obj (.sysinit)
                  00013aa0    000000e0     bios.a67 : mem_init.o67 (.sysinit)
                  00013b80    000000c0              : boot.o67 (.sysinit)
                  00013c40    00000080              : tsk_init.o67 (.sysinit)
                  00013cc0    00000020              : obj_init.o67 (.sysinit)

.rtdx_data 
*          0    00013ce0    0000044c     UNINITIALIZED
                  00013ce0    00000410     BIOS_configcfg.obj (.rtdx_data)
                  000140f0    00000020     rtdx.lib : buffer1.o62 (.rtdx_data)
                  00014110    0000001c              : rtdx_mon.o62 (.rtdx_data)

.mem       0    0001412c    00000004     UNINITIALIZED
                  0001412c    00000004     BIOS_configcfg.obj (.mem)

.LED_toggle$stk 
*          0    00014130    00000400     UNINITIALIZED
                  00014130    00000400     BIOS_configcfg.obj (.LED_toggle$stk)

.TSK_idle$stk 
*          0    00014530    00000400     UNINITIALIZED
                  00014530    00000400     BIOS_configcfg.obj (.TSK_idle$stk)

.bss       0    00014930    00000384     UNINITIALIZED
                  00014930    00000100     bios.a67 : hwi_disp_asm.o67 (.bss)
                  00014a30    000000cc              : biosdata.o67 (.bss)
                  00014afc    0000009c              : swi.o67 (.bss)
                  00014b98    00000048              : knl.o67 (.bss)
                  00014be0    00000040     skeletonmod flo.obj (.bss)
                  00014c20    00000028     BIOS_configcfg.obj (.bss)
                  00014c48    00000018     bios.a67 : hwi.o67 (.bss)
                  00014c60    00000018     lnkrtdx.a67 : rtdx.o67 (.bss)
                  00014c78    00000010     rtdx.lib : buffer1.o62 (.bss)
                  00014c88    0000000c     bios.a67 : tsk.o67 (.bss)
                  00014c94    00000008              : clk_data.o67 (.bss)
                  00014c9c    00000008              : sys.o67 (.bss)
                  00014ca4    00000004              : clk_data2.o67 (.bss)
                  00014ca8    00000004              : gbl_setL2CacheMode.o67 (.bss)
                  00014cac    00000004              : idl_busy.o67 (.bss)
                  00014cb0    00000004              : mem_asm.o67 (.bss)

.trace     0    00014cb4    00000200     
                  00014cb4    00000200     --HOLE-- [fill = 00000000]

.hst       0    00014eb4    0000003c     UNINITIALIZED
                  00014eb4    0000003c     BIOS_configcfg.obj (.hst)

.idl       0    00014ef0    00000010     UNINITIALIZED
                  00014ef0    00000010     BIOS_configcfg.obj (.idl)

.LOG_system$buf 
*          0    00014f00    00000100     UNINITIALIZED
                  00014f00    00000100     BIOS_configcfg.obj (.LOG_system$buf)

.hst0      0    00015000    00000100     UNINITIALIZED
                  00015000    00000100     BIOS_configcfg.obj (.hst0)

.pip       0    00015100    000000c8     UNINITIALIZED
                  00015100    000000c8     BIOS_configcfg.obj (.pip)

.tsk       0    000151c8    000000c0     UNINITIALIZED
                  000151c8    000000c0     BIOS_configcfg.obj (.tsk)

.const     0    00015288    000000b5     
                  00015288    0000004e     bios.a67 : tsk_stup.o67 (.const)
                  000152d6    00000023              : utl_doab.o67 (.const)
                  000152f9    00000022              : utl_doer.o67 (.const)
                  0001531b    00000001     --HOLE-- [fill = 0]
                  0001531c    00000020     dsk6713bsl.lib : dsk6713.obj (.const)
                  0001533c    00000001     bios.a67 : tsk.o67 (.const)

.printf    0    0001533d    000000c4     COPY SECTION
                  0001533d    000000c4     BIOS_configcfg.obj (.printf)

.swi       0    00015340    000000b0     UNINITIALIZED
                  00015340    000000b0     BIOS_configcfg.obj (.swi)

.sts       0    000153f0    00000080     
                  000153f0    00000080     BIOS_configcfg.obj (.sts)

.gblinit   0    00015470    00000058     
                  00015470    00000058     BIOS_configcfg.obj (.gblinit)

.log       0    000154c8    00000030     
                  000154c8    00000030     BIOS_configcfg.obj (.log)

.sem       0    000154f8    0000002c     UNINITIALIZED
                  000154f8    0000002c     BIOS_configcfg.obj (.sem)

.switch    0    00015524    00000028     
                  00015524    00000028     rtdx.lib : rtdx_mon.o62 (.switch)

.prd       0    0001554c    00000020     UNINITIALIZED
                  0001554c    00000020     BIOS_configcfg.obj (.prd)

.idlcal    0    0001556c    00000010     UNINITIALIZED
                  0001556c    00000010     BIOS_configcfg.obj (.idlcal)

.sys       0    0001557c    00000010     UNINITIALIZED
                  0001557c    00000010     BIOS_configcfg.obj (.sys)

.pinit     0    0001558c    0000000c     
                  0001558c    00000004     rtdx.lib : buffer1.o62 (.pinit)
                  00015590    00000004              : rtdx_mon.o62 (.pinit)
                  00015594    00000004     --HOLE-- [fill = 0]

.trcdata   0    00015598    0000000c     
                  00015598    0000000c     bios.a67 : trc.o67 (.trcdata)

.datenpuffer 
*          0    00020000    00011188     UNINITIALIZED
                  00020000    00011188     skeletonmod flo.obj (.datenpuffer)

.SDRAM$heap 
*          0    80000000    00008000     UNINITIALIZED
                  80000000    00008000     --HOLE--

.myLOG$buf 
*          0    80008000    00000080     UNINITIALIZED
                  80008000    00000080     BIOS_configcfg.obj (.myLOG$buf)


GLOBAL SYMBOLS: SORTED ALPHABETICALLY BY Name 

address    name
--------   ----
00014930   $bss
00014930   .bss
00000000   .data
00005860   .text
0001397c   BIOS$$CLKOFF
0001393c   BIOS$$CLKON
000137c0   BIOS_init
000139e4   BIOS_start
00000000   BUF$
00000001   BUF_ENABLED
00000001   CLK$
000137b8   CLK_A_TABBEG
00000001   CLK_CALDIV
00000004   CLK_CALMULT
0000dbba   CLK_COUNTSPMS
00000000   CLK_COUNTSPMSHIGH
00014a58   CLK_D_idletime
00014a54   CLK_D_isrhook
00014a50   CLK_D_tabbeg
00014a4c   CLK_D_timefxn
0000dbc0   CLK_F_getfhtime
0000dbe0   CLK_F_gethtime
0000ccc0   CLK_F_getltime
0000dbe0   CLK_F_getshtime
0000ccd4   CLK_F_isr
0000ce34   CLK_F_itime
0000b200   CLK_HOOKFXN
00000001   CLK_HTIMEDIV
00000004   CLK_HTIMEMULT
0000dbba   CLK_HTIMEPERLTIME
00004000   CLK_INTBIT
00000001   CLK_LTIMEDIV
00036ee8   CLK_LTIMEMULT
000003e8   CLK_MICROSECS
0000dbba   CLK_PRD
00000000   CLK_PRDHIGH
01940000   CLK_REGS
00014a48   CLK_R_time
00000020   CLK_TCR
00000000   CLK_TDDR
00000000   CLK_TDDRHIGH
0000dbe0   CLK_TIMEFXN
00000000   CLK_TIMERNUM
00000001   CLK_USETIMER
000137bc   CLK_null
00000000   DEV$
00000000   DGN$
00000000   DHL$
00000000   DHL_gChannelsAvailable
00000000   DIO$
00000000   DIO_NUMSWIBASE
00000000   DIO_NUMTSKBASE
00000000   DIO_STATIC
00000000   DPI$
0000dc80   FXN_F_nop
0000dc88   FXN_F_run
0000dcd8   FXN_F_zero
00000001   GBL$
00005205   GBL_A_VERSION
00000000   GBL_BIGENDIAN
00000000   GBL_C641XL2PRIORITY
00000000   GBL_CACHE
00000001   GBL_CALLCSLCFGINIT
00004e20   GBL_CLKIN
00001770   GBL_CLKTYPE
00001a39   GBL_DSPSUBTYPE
0000003e   GBL_DSPTYPE
00000001   GBL_ENABLEINST
00000042   GBL_FOOTPRINT
00036ee8   GBL_FREQ
00002226   GBL_L2ALLOC
00000000   GBL_L2CONFIGALLOC
00000001   GBL_L2CONFIGURE
00000001   GBL_L2MARMASK
00000000   GBL_L2MARMASK1
00000000   GBL_L2MARMASK2
00000000   GBL_L2MARMASK3
00000000   GBL_L2MARMASK4
00000000   GBL_L2MARMASK5
00000000   GBL_L2MODE
00000000   GBL_L2PRIORITY
00000000   GBL_NULL
00000000   GBL_PROCID
00000000   GBL_ROM
00000000   GBL_SUPPORTCSL
0000dbef   GBL_TRCMASKVALUE
00000001   GBL_USERINIT
000090c8   GBL_USERINITFXN
00000001   GBL_boot
000155a0   GBL_initdone
0000e300   GBL_stackbeg
000122ff   GBL_stackend
00000000   GIO$
0000e240   GIO_CREATEFXN
0000e240   GIO_DELETEFXN
0000e240   GIO_PENDFXN
0000e240   GIO_POSTFXN
00000000   HOOK$
00000000   HOOK_KNLID
00000001   HST$
00014eb4   HST_A_TABBEG
00014ef0   HST_A_TABEND
00000000   HST_DSM
ffffffff   HST_DSMBUFSEG
00000400   HST_DSMMEMSIZE
00014ac4   HST_D_chanmask
00014ac8   HST_D_tabbeg
00014acc   HST_D_tabend
000000ff   HST_MAXFRAMEALLOWED
00000040   HST_MAXFRAMESET
00000000   HST_NONE
00000001   HST_RTDX
00000001   HWI$
00000000   HWI_A_VECS
00004108   HWI_CFGDISPATCHED
00014c58   HWI_D_bss
00014c5c   HWI_D_ccmask
00014c48   HWI_D_spsave
0000b200   HWI_F_dispatch
00000000   HWI_GENERATE_RESET_VEC
0000000a   HWI_INT10
00000000   HWI_INT10$hwi
0000000b   HWI_INT11
00000000   HWI_INT11$hwi
0000000c   HWI_INT12
00000000   HWI_INT12$hwi
0000000d   HWI_INT13
00000000   HWI_INT13$hwi
0000000e   HWI_INT14
00000000   HWI_INT14$hwi
0000000f   HWI_INT15
00000000   HWI_INT15$hwi
00000004   HWI_INT4
00000000   HWI_INT4$hwi
00000005   HWI_INT5
00000000   HWI_INT5$hwi
00000006   HWI_INT6
00000000   HWI_INT6$hwi
00000007   HWI_INT7
00000000   HWI_INT7$hwi
00000008   HWI_INT8
00000000   HWI_INT8$hwi
00000009   HWI_INT9
00000000   HWI_INT9$hwi
082039a3   HWI_INTRMULTHIGH
310718a4   HWI_INTRMULTLOW
00000001   HWI_NMI
00000000   HWI_NMI$hwi
00000000   HWI_POLARITYMASK
00000002   HWI_RESERVED0
00000000   HWI_RESERVED0$hwi
00000003   HWI_RESERVED1
00000000   HWI_RESERVED1$hwi
00000000   HWI_RESET
00000000   HWI_RESET$hwi
00000001   HWI_ZEROTAB
00000001   IDL$
0001556c   IDL_A_CALBEG
00014ef0   IDL_A_TABBEG
00000006   IDL_CALIBRERROR
0000e140   IDL_CALIBRFXN
00014cac   IDL_D_busyObj
00014a38   IDL_D_calbeg
00014a34   IDL_D_calibrate
00014a30   IDL_D_tabbeg
00014efc   IDL_END
00015578   IDL_END$
0000dd00   IDL_F_busy
0000de80   IDL_F_calibrate
0000e280   IDL_F_loop
0000e140   IDL_F_stub
00000001   IDL_USECLKIDLTIME
00015464   IDL_busyObj
000153fc   IDL_busyObj$avgfmt
00000001   IDL_busyObj$filter
00000001   IDL_busyObj$iA
00000000   IDL_busyObj$iB
00000001   IDL_busyObj$iC
000153f6   IDL_busyObj$maxfmt
00000000   IDL_busyObj$operation
00015460   IDL_busyObj$stsobj
000153f9   IDL_busyObj$sumfmt
00000002   IDL_busyObj$unittype
00014ef0   IDL_cpuLoad
0001556c   IDL_cpuLoad$
ffffffff   IRAM
00000001   ISRC$
0000cc80   KNL_glue
00015340   KNL_swi
00000001   KNL_swi$dorta
00000000   KNL_swi$ord
00000000   KNL_swi$pri
00015404   KNL_swi$sts
0001536a   KNL_swi$sts$avgfmt
00000002   KNL_swi$sts$filter
00000001   KNL_swi$sts$filtmaxmult
00000001   KNL_swi$sts$filtsummult
0001535a   KNL_swi$sts$maxfmt
00015400   KNL_swi$sts$stsobj
00015362   KNL_swi$sts$sumfmt
00000000   KNL_swi$sts$unittype
00000000   KNL_swi$swi
00000001   LCK$
0001554c   LED_Toggle
00015568   LED_Toggle$aaa
00000000   LED_Toggle$mode
00000005   LED_Toggle$ord
000003e8   LED_Toggle$period
00000000   LED_Toggle$prd
000153f4   LED_Toggle$sts
0001534f   LED_Toggle$sts$avgfmt
00000000   LED_Toggle$sts$filter
0001533d   LED_Toggle$sts$maxfmt
000153f0   LED_Toggle$sts$stsobj
00015346   LED_Toggle$sts$sumfmt
00000002   LED_Toggle$sts$unittype
00015234   LED_toggle
00000003   LED_toggle$ord
00000001   LED_toggle$pri
00014130   LED_toggle$stack
000144c8   LED_toggle$stkptr
00015454   LED_toggle$sts
000153ec   LED_toggle$sts$avgfmt
00000002   LED_toggle$sts$filter
00000001   LED_toggle$sts$filtmaxmult
00000001   LED_toggle$sts$filtsummult
000153dc   LED_toggle$sts$maxfmt
00015450   LED_toggle$sts$stsobj
000153e4   LED_toggle$sts$sumfmt
00000000   LED_toggle$sts$unittype
00000000   LED_toggle$tsk
0000a0e0   LNK_F_checkBufferCall
0000a160   LNK_F_dataPump
0000a100   LNK_F_getChanPtr
0000a158   LNK_F_init
0000a6a4   LNK_F_readCallBack
00014ef4   LNK_dataPump
00015570   LNK_dataPump$
00014c64   LNK_dspFrameReadyMask
00014c60   LNK_dspFrameRequestMask
0000a400   LNK_newin
0000a540   LNK_newout
0000a174   LNK_rcloop
0000a240   LNK_rdrtry
00014c6c   LNK_readDone
00014c70   LNK_readFail
00014c68   LNK_readPend
0000a250   LNK_rrloop
00014c74   LNK_writeFail
0000a324   LNK_wrloop
0000a314   LNK_wrrtry
00000001   LOG$
000154c8   LOG_A_TABBEG
000154f8   LOG_A_TABEND
00000002   LOG_A_TABLEN
00014a3c   LOG_D_system
00000001   LOG_ENABLED
0000dd80   LOG_F_event
000154c8   LOG_system
00014f00   LOG_system$buf
00000000   LOG_system$datatype
00000000   LOG_system$log
00000040   LOG_system$size
00000000   MBX$
00000001   MEM$
00014c2c   MEM_MALLOCSEG
00000000   MEM_NULL
00014c2c   MEM_SEGZERO
00000000   MEM_USEMPC
00000001   MEM_gNumHeap
00000000   MSGQ$
00000000   MSGQ_USEMSGQ
00000000   OBJ$
00000000   PIP$
00015100   PIP_A_TABBEG
000151c8   PIP_A_TABEND
00000002   PIP_A_TABLEN
00014a40   PIP_D_tabbeg
00014a44   PIP_D_tablen
0000c534   PIP_F_give
0000c534   PIP_F_probe
0000c608   PIP_F_start
0000c4a0   PIP_F_take
00000064   PIP_OBJSIZE
00000000   PIP_gNextId
00000002   PIP_gNumEmbed
00000000   POOL$
00000000   POOL_USEPOOL
00000001   PRD$
0001554c   PRD_A_TABBEG
0001556c   PRD_A_TABEND
00000001   PRD_A_TABLEN
00014a80   PRD_D_cur
00014a84   PRD_D_elapsed
00014a88   PRD_D_prevtim
00014a8c   PRD_D_scalar
00014a90   PRD_D_swihandle
00014a94   PRD_D_tabbeg
00014a98   PRD_D_tablen
00014a9c   PRD_D_thook
00014a7c   PRD_D_tick
0000b660   PRD_F_swi
0000b920   PRD_F_tick
00000008   PRD_SCALAR
0001536c   PRD_SWIHANDLE
0000c480   PRD_THOOKFXN
000137b8   PRD_clock
0001536c   PRD_swi
00000001   PRD_swi$dorta
00000000   PRD_swi$ord
00000001   PRD_swi$pri
00015414   PRD_swi$sts
00015384   PRD_swi$sts$avgfmt
00000002   PRD_swi$sts$filter
00000001   PRD_swi$sts$filtmaxmult
00000001   PRD_swi$sts$filtsummult
00015374   PRD_swi$sts$maxfmt
00015410   PRD_swi$sts$stsobj
0001537c   PRD_swi$sts$sumfmt
00000000   PRD_swi$sts$unittype
00000000   PRD_swi$swi
00015398   Ping_SWI
00000001   Ping_SWI$dorta
00000001   Ping_SWI$ord
00000002   Ping_SWI$pri
00015424   Ping_SWI$sts
0001539e   Ping_SWI$sts$avgfmt
00000002   Ping_SWI$sts$filter
00000001   Ping_SWI$sts$filtmaxmult
00000001   Ping_SWI$sts$filtsummult
0001538e   Ping_SWI$sts$maxfmt
00015420   Ping_SWI$sts$stsobj
00015396   Ping_SWI$sts$sumfmt
00000000   Ping_SWI$sts$unittype
00000000   Ping_SWI$swi
000153c4   Pong_SWI
00000001   Pong_SWI$dorta
00000002   Pong_SWI$ord
00000002   Pong_SWI$pri
00015434   Pong_SWI$sts
000153b8   Pong_SWI$sts$avgfmt
00000002   Pong_SWI$sts$filter
00000001   Pong_SWI$sts$filtmaxmult
00000001   Pong_SWI$sts$filtsummult
000153a8   Pong_SWI$sts$maxfmt
00015430   Pong_SWI$sts$stsobj
000153b0   Pong_SWI$sts$sumfmt
00000000   Pong_SWI$sts$unittype
00000000   Pong_SWI$swi
00000001   QUE$
00014aa0   RTA_D_fromHost
00014aa8   RTA_D_logval
00014ab8   RTA_D_stsval
00014aa4   RTA_D_toHost
0000e180   RTA_F_andn
0000bdb8   RTA_F_dispatch
0000bcc0   RTA_F_getlog
0000bd04   RTA_F_getsts
0000e1a0   RTA_F_or
0000bd4c   RTA_F_readblk
0000bd78   RTA_F_resetmem
0000bd6c   RTA_F_writeword
00014ef8   RTA_dispatcher
00015574   RTA_dispatcher$
0000be08   RTA_execute
00014eb8   RTA_fromHost
000137a8   RTA_fromHost$buf
00000004   RTA_fromHost$framesize
00000000   RTA_fromHost$hst
00000001   RTA_fromHost$id
00000000   RTA_fromHost$mode
00015100   RTA_fromHost$pipe
00015130   RTA_fromHost$pipe$aaa
00015160   RTA_fromHost$pipe$bbb
00014c30   RTA_fromHost$pipe$dtab
00015104   RTA_fromHost$pipe$rd
00015134   RTA_fromHost$pipe$wr
00014ec0   RTA_fromHost$rtdx
00014ed4   RTA_toHost
00015000   RTA_toHost$buf
00000040   RTA_toHost$framesize
00000000   RTA_toHost$hst
00000000   RTA_toHost$id
00000001   RTA_toHost$mode
00015164   RTA_toHost$pipe
00015194   RTA_toHost$pipe$aaa
000151c4   RTA_toHost$pipe$bbb
00014c3c   RTA_toHost$pipe$dtab
00015168   RTA_toHost$pipe$rd
00015198   RTA_toHost$pipe$wr
00014edc   RTA_toHost$rtdx
00000001   RTDX$
00000408   RTDX_BUFMEMSIZE
ffffffff   RTDX_DATAMEMSEG
00000000   RTDX_MODE
00000001   RTDX_NORMALIZED_HDR
00000001   RTDX_USERTDX
00000000   RTDX_USERTEXECUTION
00014c2c   SDRAM
80000000   SDRAM$B
00008000   SDRAM$L
00000001   SEM$
00000000   SIO$
00000001   STS$
000153f0   STS_A_TABBEG
00015470   STS_A_TABEND
0000de38   STS_F_add
0000de00   STS_F_delta
0000de64   STS_F_reset
00000001   SWI$
00015340   SWI_A_TABBEG
000153f0   SWI_A_TABEND
00000004   SWI_A_TABLEN
00014b14   SWI_D_curfxn
00014b04   SWI_D_curmask
00014b10   SWI_D_curmbox
00014b08   SWI_D_curset
00014b00   SWI_D_execaddr
00014b1c   SWI_D_inswi
00014b0c   SWI_D_lock
00014b18   SWI_D_rdybeg
00014b20   SWI_D_rdytab
00014afc   SWI_D_runaddr
00000000   SWI_EHOOKFXN
0000aedc   SWI_EXECFXN
0000acc0   SWI_F_enable
0000aedc   SWI_F_exec
0000af08   SWI_F_iexec
0000ad30   SWI_F_post
0000af98   SWI_F_run
00000000   SWI_IHOOKFXN
0000af98   SWI_RUNFXN
00000001   SYS$
0001557c   SYS$config
0000e1c0   SYS_ABORTFXN
0000e2c0   SYS_ERRORFXN
0000e2e0   SYS_EXITFXN
0000e080   SYS_PUTCFXN
0001559c   TRC_R_mask
00015598   TRC_cinit
00000001   TSK$
00000000   TSK_NUM_HOOKS
00000001   TSK_PRIORITY
00000000   TSK_READYFXN
00000000   TSK_STACKSEG
00000400   TSK_STACKSIZE
00000000   TSK_SWITCHFXN
0000e240   TSK_VCREATEFXN
0000e240   TSK_VDELETEFXN
0000e240   TSK_VEXITFXN
000151d4   TSK_idle
00000001   TSK_idle$ord
00000000   TSK_idle$pri
00014530   TSK_idle$stack
000148c8   TSK_idle$stkptr
00015444   TSK_idle$sts
000153d2   TSK_idle$sts$avgfmt
00000002   TSK_idle$sts$filter
00000001   TSK_idle$sts$filtmaxmult
00000001   TSK_idle$sts$filtsummult
000153c2   TSK_idle$sts$maxfmt
00015440   TSK_idle$sts$stsobj
000153ca   TSK_idle$sts$sumfmt
00000000   TSK_idle$sts$unittype
00000000   TSK_idle$tsk
00000000   UDEV$
000137c0   _BIOS_init
000139e4   _BIOS_start
0002f278   _Buffer_in_ping
0002fa3c   _Buffer_in_pong
00030200   _Buffer_out_ping
000309c4   _Buffer_out_pong
0000dbba   _CLK_COUNTSPMS
00014c94   _CLK_DFLTMICROSECS
00014a78   _CLK_D_countspms
00014a6c   _CLK_D_dirty
00014c98   _CLK_D_microseconds
00014a70   _CLK_D_prd
00014a74   _CLK_D_tddr
0000ce34   _CLK_F_itime
0000dbba   _CLK_PRD
01940000   _CLK_REGS
00000000   _CLK_TDDR
00000000   _CLK_TIMERNUM
00000001   _CLK_USETIMER
00014a5c   _CLK_htimeDiv
00014a60   _CLK_htimeMult
00014ca4   _CLK_htimePerLtime
0000ce34   _CLK_itime
00014a64   _CLK_ltimeDiv
00014a68   _CLK_ltimeMult
0000d7e0   _CLK_measure
0000e0e0   _CLK_start
0000e200   _CLK_stop
0000a000   _CSL6713_LIB_
00008120   _Config_DSK6713_AIC23
00009e88   _DSK6713_DIP_get
00009e80   _DSK6713_DIP_init
00008800   _DSK6713_LED_init
00008840   _DSK6713_LED_off
000088b0   _DSK6713_LED_on
00008920   _DSK6713_LED_toggle
000077b4   _DSK6713_getVersion
000073ec   _DSK6713_init
00007708   _DSK6713_rget
0000771c   _DSK6713_rset
000137a4   _DSK6713_version
00007730   _DSK6713_wait
00007788   _DSK6713_waitusec
00006ec0   _DSPF_sp_cfftr2_dit
00006880   _DSPF_sp_icfftr2_dif
00008d60   _EDMA_allocTable
00009f00   _EDMA_disableChannel
00009f60   _EDMA_enableChannel
00009720   _EDMA_intAlloc
00006340   _EDMA_interrupt_service
00007ea0   _EDMA_open
00009380   _EDMA_reset
0000e240   _FXN_F_nop
0000dc88   _FXN_F_run
0000dcd8   _FXN_F_zero
00000000   _GBL_CACHE
00014ad4   _GBL_clkIn
0000d460   _GBL_cslCacheInit
00014ad8   _GBL_freq
0000e260   _GBL_getVersion
00014ad0   _GBL_procId
000090c8   _GBL_setPLLto225MHz
00014eb4   _HST_A_TABBEG
00014ef0   _HST_A_TABEND
00004108   _HWI_CFGDISPATCHED
00014c54   _HWI_D_inhwi
00014c48   _HWI_D_spsave
0000b200   _HWI_F_dispatch
0000000a   _HWI_INT10
0000000b   _HWI_INT11
0000000c   _HWI_INT12
0000000d   _HWI_INT13
0000000e   _HWI_INT14
0000000f   _HWI_INT15
00000004   _HWI_INT4
00000005   _HWI_INT5
00000006   _HWI_INT6
00000007   _HWI_INT7
00000008   _HWI_INT8
00000009   _HWI_INT9
00000001   _HWI_NMI
00000002   _HWI_RESERVED0
00000003   _HWI_RESERVED1
00000000   _HWI_RESET
000122f8   _HWI_STKBOTTOM
0000e300   _HWI_STKTOP
00014c48   _HWI_data
0000df00   _HWI_disable
00014930   _HWI_dispatchTab
0000df18   _HWI_enable
0000df2c   _HWI_restore
00015464   _IDL_busyObj
00014ef0   _IDL_cpuLoad
0000e280   _IDL_loop
ffffffff   _IRAM
000089e0   _IRQ_map
00014ba0   _KNL_alarm
0000d320   _KNL_check
00014bc4   _KNL_curqueue
00014bb4   _KNL_curtask
00014bbc   _KNL_curtime
000134bc   _KNL_dummy
0000d594   _KNL_enter
0000d540   _KNL_exit
0000d3f8   _KNL_idle
00014bdc   _KNL_idlefxn
00014ba8   _KNL_inactive
0000d8c0   _KNL_ipost
0000d41c   _KNL_max
00014bc8   _KNL_maxqueue
0000d980   _KNL_post
00014bb8   _KNL_prevtask
00014bac   _KNL_priority
0001341c   _KNL_queues
0000ba00   _KNL_run
0000cb00   _KNL_saveIsrFrame
00014bb0   _KNL_set
00014ba4   _KNL_setpri
00015340   _KNL_swi
00014bc0   _KNL_swiptr
0000cbcc   _KNL_switch
00014bd0   _KNL_tcreatefxn
00014bd4   _KNL_tdeletefxn
0000c480   _KNL_tick
00014bd8   _KNL_treadyfxn
00014bcc   _KNL_tswitchfxn
00014b98   _KNL_wFlag
00014b9c   _KNL_wList
0000da70   _LCK_pend
0000da40   _LCK_post
0001554c   _LED_Toggle
00015234   _LED_toggle
00014ef4   _LNK_dataPump
00014c64   _LNK_dspFrameReadyMask
00014c60   _LNK_dspFrameRequestMask
00014c6c   _LNK_readDone
00014c70   _LNK_readFail
00014c68   _LNK_readPend
00014c74   _LNK_writeFail
000154c8   _LOG_A_TABBEG
000154f8   _LOG_A_TABEND
00000002   _LOG_A_TABLEN
00014a3c   _LOG_D_system
0000dd80   _LOG_event
000154c8   _LOG_system
00009ca0   _MCBSP_config
00009820   _MCBSP_open
00008f00   _MCBSP_reset
00009920   _MCBSP_start
0000a020   _MCBSP_write
0000a040   _MCBSP_xrdy
00014cb0   _MEM
00014adc   _MEM_D_NUMSEGMENTS
00014ae4   _MEM_D_freelist
00014ae8   _MEM_D_lockaddr
00014ae0   _MEM_D_memtab
00014aec   _MEM_D_unlockaddr
00013aa0   _MEM_init
00014c20   _MEM_memtab
00013cc0   _OBJ_init
00013588   _OBJ_segtab
00013550   _OBJ_table
00015100   _PIP_A_TABBEG
000151c8   _PIP_A_TABEND
00014a7c   _PRD_D_tick
000137b8   _PRD_clock
0001536c   _PRD_swi
00015398   _Ping_SWI
000153c4   _Pong_SWI
00014ef8   _RTA_dispatcher
00014eb8   _RTA_fromHost
00014ed4   _RTA_toHost
00013ce0   _RTDX_Buffer
000140ec   _RTDX_Buffer_End
00012fe0   _RTDX_Buffer_Initialize
00013120   _RTDX_Buffer_Read
00013040   _RTDX_Buffer_ReadCB
000130a0   _RTDX_Buffer_Size
000140e8   _RTDX_Buffer_Start
00013140   _RTDX_Buffer_Write
00012700   _RTDX_Buffer_WriteCB
000130e0   _RTDX_Final_RT_Monitor
00012f60   _RTDX_Init_RT_Monitor
00000002   _RTDX_JTAGONLY
00013180   _RTDX_Mask_IER
00012d40   _RTDX_Mon_Queue
00012300   _RTDX_Poll
00000000   _RTDX_interrupt_mask
000140fc   _RTDX_writing
00014c2c   _SDRAM
80000000   _SDRAM_base
00008000   _SDRAM_length
00015504   _SEM_LEDToggle
0000dfc0   _SEM_pend
0000df60   _SEM_pendBinary
0000bf80   _SEM_pendEnterKnl
0000d700   _SEM_post
0000d700   _SEM_postBinary
0000d620   _SEM_postEnterKnl
000153f0   _STS_A_TABBEG
00015470   _STS_A_TABEND
0000de38   _STS_add
0000de00   _STS_delta
0000de64   _STS_reset
0000e2a0   _STS_set
00014b14   _SWI_D_curfxn
00014b04   _SWI_D_curmask
00014b08   _SWI_D_curset
00014b00   _SWI_D_execaddr
00014b1c   _SWI_D_inswi
00014b0c   _SWI_D_lock
00014b18   _SWI_D_rdybeg
00014afc   _SWI_D_runaddr
00006664   _SWI_LEDToggle
00014afc   _SWI_data
0000ad30   _SWI_post
00014af0   _SYS
00014cb4   _SYS_PUTCBEG
00014eb3   _SYS_PUTCEND
0000e020   _SYS_abort
0000db00   _SYS_exit
00013750   _SYS_exitStack
00014c9c   _SYS_exitStackPtr
00014ca0   _SYS_exitStackTop
000094c0   _TIMER_open
00009600   _TIMER_reset
0001559c   _TRC_R_mask
00014c90   _TSK
000134f4   _TSK_ATTRS
00013510   _TSK_config
0000ce80   _TSK_exit
000151d4   _TSK_idle
00013c40   _TSK_init
00014c88   _TSK_nTasks
00014c8c   _TSK_pid
0000c900   _TSK_setup
0000d260   _TSK_startup
00013530   _TSK_timerSem
0000e1c0   _UTL_doAbort
0000e2c0   _UTL_doError
0000e080   _UTL_doPutc
0000e2e0   _UTL_halt
0000ce50   __CLK_lat1beg
0000ce7c   __CLK_lat1end
000085e0   __CSL_init
0000ab14   __GBL_setL2CacheMode
00014af8   __HOOK_NUMHOOKS
00014af4   __HOOK_knlId
0000b200   __HWI_lat1beg
0000b380   __HWI_lat1end
0000b380   __HWI_lat2beg
0000b520   __HWI_lat2end1
0000b4ac   __HWI_lat2end2
0000b540   __HWI_lat3beg
0000b640   __HWI_lat3end1
0000b4dc   __HWI_lat3end2
0000dd00   __IDL_lat1beg
0000dd50   __IDL_lat1end
00013414   __IRQ_dispatchTable
00013350   __IRQ_eventTable
0000a0c0   __IRQ_hookFetchPacket
00009d40   __IRQ_init
000133d4   __IRQ_intTable
0000d370   __KNL_lat1beg
0000d3f8   __KNL_lat1end
0000dd80   __LOG_lat1beg
000136c8   __MCBSP_hDev0
000136cc   __MCBSP_hDev1
00013620   __MEM_mutex
0000bd78   __RTA_lat1beg
0000bdb0   __RTA_lat1end
0000c6e0   __SEM_dopost
00012300   __STACK_END
00004000   __STACK_SIZE
0000ae6c   __SWI_lat1beg
0000af20   __SWI_lat1end
0000af24   __SWI_lat2beg
0000af94   __SWI_lat2end
0000acc0   __SWI_lat3beg
0000ad2c   __SWI_lat3end
0001372c   __TIMER_deviceTable
0001374c   __TIMER_hBios
00013744   __TIMER_hDev0
00013748   __TIMER_hDev1
000135f8   __TSK_mutex
00013794   ___TI_enable_exit_profile_output
ffffffff   ___TI_pprof_out_hndl
ffffffff   ___TI_prof_data_size
ffffffff   ___TI_prof_data_start
00009fc0   ___add_dtor
000131a0   ___atexit_func_id__
ffffffff   ___binit__
00014930   ___bss__
ffffffff   ___c_args__
00000200   ___cinit__
00000000   ___data__
00000000   ___edata__
00014cb4   ___end__
0000a0e0   ___etext__
0001558c   ___pinit__
00005860   ___text__
0000d020   __auto_init
0001378c   __cleanup_ptr
00007ba0   __divf
00013790   __dtors_ptr
00013798   __lock
0000a060   __nop
0000a080   __register_lock
0000a0a0   __register_unlock
0000e300   __stack
00009a20   __strasg
0001379c   __unlock
00007b84   _abs
00009b00   _atexit
000066d4   _buildSpecsOfFilters
00013b80   _c_int00
00009220   _call_dtors
00027000   _carryBuffer
00013668   _configEDMARcv
00013680   _configEDMAXmt
00005b9c   _config_EDMA
000062c4   _config_interrupts
00013648   _datainterface_config
000137a0   _dtors
000078a8   _fastConvolutionOverlapAdd
00027078   _g00
00027278   _g00Spec
000270b8   _g01
00028278   _g01Spec
000270f8   _g10
00029278   _g10Spec
00027138   _g11
0002a278   _g11Spec
00007820   _generateSpectrumOnes
00027178   _h00
0002b278   _h00Spec
000271b8   _h01
0002c278   _h01Spec
000271f8   _h10
0002d278   _h10Spec
00027238   _h11
0002e278   _h11Spec
00014bf4   _hEdmaRcv
00014bfc   _hEdmaReloadRcvPing
00014c04   _hEdmaReloadRcvPong
00014c00   _hEdmaReloadXmtPing
00014c08   _hEdmaReloadXmtPong
00014bf8   _hEdmaXmt
00014c0c   _hMcbsp
00024000   _impuleResponseSpecFilter
000059a8   _main
000083a0   _memcpy
000154e0   _myLOG
ffffffff   _myMEM
00006520   _process_ping_SWI
000065c4   _process_pong_SWI
00014c80   _rtdxNullChanCnt
00014c84   _rtdxNullFuncCnt
000140f0   _rtdx_buffer_state
00014110   _rtdx_mon_state
000082a8   _set_aic23_register
000135b8   _tccAllocTable
00014be4   _tccRcvPing
00014be8   _tccRcvPong
00014bec   _tccXmtPing
00014bf0   _tccXmtPong
00025000   _tempBuffer0
00026000   _tempBuffer1
00006690   _tsk_led_toggle
00014be0   _twiddleFacC
00020000   _w
000090a0   _wait500nS
ffffffff   binit
00000200   cinit
00000000   edata
00014cb4   end
0000a0e0   etext
00000000   hwi0
00000020   hwi1
00000140   hwi10
00000160   hwi11
00000180   hwi12
000001a0   hwi13
000001c0   hwi14
000001e0   hwi15
00000040   hwi2
00000060   hwi3
00000080   hwi4
000000a0   hwi5
000000c0   hwi6
000000e0   hwi7
00000100   hwi8
00000120   hwi9
000154e0   myLOG
80008000   myLOG$buf
00000001   myLOG$datatype
00000000   myLOG$log
00000020   myLOG$size
ffffffff   myMEM
0001558c   pinit


GLOBAL SYMBOLS: SORTED BY Symbol Address 

address    name
--------   ----
00000000   .data
00000000   BUF$
00000000   CLK_COUNTSPMSHIGH
00000000   CLK_PRDHIGH
00000000   CLK_TDDR
00000000   CLK_TDDRHIGH
00000000   CLK_TIMERNUM
00000000   DEV$
00000000   DGN$
00000000   DHL$
00000000   DHL_gChannelsAvailable
00000000   DIO$
00000000   DIO_NUMSWIBASE
00000000   DIO_NUMTSKBASE
00000000   DIO_STATIC
00000000   DPI$
00000000   GBL_BIGENDIAN
00000000   GBL_C641XL2PRIORITY
00000000   GBL_CACHE
00000000   GBL_L2CONFIGALLOC
00000000   GBL_L2MARMASK1
00000000   GBL_L2MARMASK2
00000000   GBL_L2MARMASK3
00000000   GBL_L2MARMASK4
00000000   GBL_L2MARMASK5
00000000   GBL_L2MODE
00000000   GBL_L2PRIORITY
00000000   GBL_NULL
00000000   GBL_PROCID
00000000   GBL_ROM
00000000   GBL_SUPPORTCSL
00000000   GIO$
00000000   HOOK$
00000000   HOOK_KNLID
00000000   HST_DSM
00000000   HST_NONE
00000000   HWI_A_VECS
00000000   HWI_GENERATE_RESET_VEC
00000000   HWI_INT10$hwi
00000000   HWI_INT11$hwi
00000000   HWI_INT12$hwi
00000000   HWI_INT13$hwi
00000000   HWI_INT14$hwi
00000000   HWI_INT15$hwi
00000000   HWI_INT4$hwi
00000000   HWI_INT5$hwi
00000000   HWI_INT6$hwi
00000000   HWI_INT7$hwi
00000000   HWI_INT8$hwi
00000000   HWI_INT9$hwi
00000000   HWI_NMI$hwi
00000000   HWI_POLARITYMASK
00000000   HWI_RESERVED0$hwi
00000000   HWI_RESERVED1$hwi
00000000   HWI_RESET
00000000   HWI_RESET$hwi
00000000   IDL_busyObj$iB
00000000   IDL_busyObj$operation
00000000   KNL_swi$ord
00000000   KNL_swi$pri
00000000   KNL_swi$sts$unittype
00000000   KNL_swi$swi
00000000   LED_Toggle$mode
00000000   LED_Toggle$prd
00000000   LED_Toggle$sts$filter
00000000   LED_toggle$sts$unittype
00000000   LED_toggle$tsk
00000000   LOG_system$datatype
00000000   LOG_system$log
00000000   MBX$
00000000   MEM_NULL
00000000   MEM_USEMPC
00000000   MSGQ$
00000000   MSGQ_USEMSGQ
00000000   OBJ$
00000000   PIP$
00000000   PIP_gNextId
00000000   POOL$
00000000   POOL_USEPOOL
00000000   PRD_swi$ord
00000000   PRD_swi$sts$unittype
00000000   PRD_swi$swi
00000000   Ping_SWI$sts$unittype
00000000   Ping_SWI$swi
00000000   Pong_SWI$sts$unittype
00000000   Pong_SWI$swi
00000000   RTA_fromHost$hst
00000000   RTA_fromHost$mode
00000000   RTA_toHost$hst
00000000   RTA_toHost$id
00000000   RTDX_MODE
00000000   RTDX_USERTEXECUTION
00000000   SIO$
00000000   SWI_EHOOKFXN
00000000   SWI_IHOOKFXN
00000000   TSK_NUM_HOOKS
00000000   TSK_READYFXN
00000000   TSK_STACKSEG
00000000   TSK_SWITCHFXN
00000000   TSK_idle$pri
00000000   TSK_idle$sts$unittype
00000000   TSK_idle$tsk
00000000   UDEV$
00000000   _CLK_TDDR
00000000   _CLK_TIMERNUM
00000000   _GBL_CACHE
00000000   _HWI_RESET
00000000   _RTDX_interrupt_mask
00000000   ___data__
00000000   ___edata__
00000000   edata
00000000   hwi0
00000000   myLOG$log
00000001   BUF_ENABLED
00000001   CLK$
00000001   CLK_CALDIV
00000001   CLK_HTIMEDIV
00000001   CLK_LTIMEDIV
00000001   CLK_USETIMER
00000001   GBL$
00000001   GBL_CALLCSLCFGINIT
00000001   GBL_ENABLEINST
00000001   GBL_L2CONFIGURE
00000001   GBL_L2MARMASK
00000001   GBL_USERINIT
00000001   GBL_boot
00000001   HST$
00000001   HST_RTDX
00000001   HWI$
00000001   HWI_NMI
00000001   HWI_ZEROTAB
00000001   IDL$
00000001   IDL_USECLKIDLTIME
00000001   IDL_busyObj$filter
00000001   IDL_busyObj$iA
00000001   IDL_busyObj$iC
00000001   ISRC$
00000001   KNL_swi$dorta
00000001   KNL_swi$sts$filtmaxmult
00000001   KNL_swi$sts$filtsummult
00000001   LCK$
00000001   LED_toggle$pri
00000001   LED_toggle$sts$filtmaxmult
00000001   LED_toggle$sts$filtsummult
00000001   LOG$
00000001   LOG_ENABLED
00000001   MEM$
00000001   MEM_gNumHeap
00000001   PRD$
00000001   PRD_A_TABLEN
00000001   PRD_swi$dorta
00000001   PRD_swi$pri
00000001   PRD_swi$sts$filtmaxmult
00000001   PRD_swi$sts$filtsummult
00000001   Ping_SWI$dorta
00000001   Ping_SWI$ord
00000001   Ping_SWI$sts$filtmaxmult
00000001   Ping_SWI$sts$filtsummult
00000001   Pong_SWI$dorta
00000001   Pong_SWI$sts$filtmaxmult
00000001   Pong_SWI$sts$filtsummult
00000001   QUE$
00000001   RTA_fromHost$id
00000001   RTA_toHost$mode
00000001   RTDX$
00000001   RTDX_NORMALIZED_HDR
00000001   RTDX_USERTDX
00000001   SEM$
00000001   STS$
00000001   SWI$
00000001   SYS$
00000001   TSK$
00000001   TSK_PRIORITY
00000001   TSK_idle$ord
00000001   TSK_idle$sts$filtmaxmult
00000001   TSK_idle$sts$filtsummult
00000001   _CLK_USETIMER
00000001   _HWI_NMI
00000001   myLOG$datatype
00000002   HWI_RESERVED0
00000002   IDL_busyObj$unittype
00000002   KNL_swi$sts$filter
00000002   LED_Toggle$sts$unittype
00000002   LED_toggle$sts$filter
00000002   LOG_A_TABLEN
00000002   PIP_A_TABLEN
00000002   PIP_gNumEmbed
00000002   PRD_swi$sts$filter
00000002   Ping_SWI$pri
00000002   Ping_SWI$sts$filter
00000002   Pong_SWI$ord
00000002   Pong_SWI$pri
00000002   Pong_SWI$sts$filter
00000002   TSK_idle$sts$filter
00000002   _HWI_RESERVED0
00000002   _LOG_A_TABLEN
00000002   _RTDX_JTAGONLY
00000003   HWI_RESERVED1
00000003   LED_toggle$ord
00000003   _HWI_RESERVED1
00000004   CLK_CALMULT
00000004   CLK_HTIMEMULT
00000004   HWI_INT4
00000004   RTA_fromHost$framesize
00000004   SWI_A_TABLEN
00000004   _HWI_INT4
00000005   HWI_INT5
00000005   LED_Toggle$ord
00000005   _HWI_INT5
00000006   HWI_INT6
00000006   IDL_CALIBRERROR
00000006   _HWI_INT6
00000007   HWI_INT7
00000007   _HWI_INT7
00000008   HWI_INT8
00000008   PRD_SCALAR
00000008   _HWI_INT8
00000009   HWI_INT9
00000009   _HWI_INT9
0000000a   HWI_INT10
0000000a   _HWI_INT10
0000000b   HWI_INT11
0000000b   _HWI_INT11
0000000c   HWI_INT12
0000000c   _HWI_INT12
0000000d   HWI_INT13
0000000d   _HWI_INT13
0000000e   HWI_INT14
0000000e   _HWI_INT14
0000000f   HWI_INT15
0000000f   _HWI_INT15
00000020   CLK_TCR
00000020   hwi1
00000020   myLOG$size
0000003e   GBL_DSPTYPE
00000040   HST_MAXFRAMESET
00000040   LOG_system$size
00000040   RTA_toHost$framesize
00000040   hwi2
00000042   GBL_FOOTPRINT
00000060   hwi3
00000064   PIP_OBJSIZE
00000080   hwi4
000000a0   hwi5
000000c0   hwi6
000000e0   hwi7
000000ff   HST_MAXFRAMEALLOWED
00000100   hwi8
00000120   hwi9
00000140   hwi10
00000160   hwi11
00000180   hwi12
000001a0   hwi13
000001c0   hwi14
000001e0   hwi15
00000200   ___cinit__
00000200   cinit
000003e8   CLK_MICROSECS
000003e8   LED_Toggle$period
00000400   HST_DSMMEMSIZE
00000400   TSK_STACKSIZE
00000408   RTDX_BUFMEMSIZE
00001770   GBL_CLKTYPE
00001a39   GBL_DSPSUBTYPE
00002226   GBL_L2ALLOC
00004000   CLK_INTBIT
00004000   __STACK_SIZE
00004108   HWI_CFGDISPATCHED
00004108   _HWI_CFGDISPATCHED
00004e20   GBL_CLKIN
00005205   GBL_A_VERSION
00005860   .text
00005860   ___text__
000059a8   _main
00005b9c   _config_EDMA
000062c4   _config_interrupts
00006340   _EDMA_interrupt_service
00006520   _process_ping_SWI
000065c4   _process_pong_SWI
00006664   _SWI_LEDToggle
00006690   _tsk_led_toggle
000066d4   _buildSpecsOfFilters
00006880   _DSPF_sp_icfftr2_dif
00006ec0   _DSPF_sp_cfftr2_dit
000073ec   _DSK6713_init
00007708   _DSK6713_rget
0000771c   _DSK6713_rset
00007730   _DSK6713_wait
00007788   _DSK6713_waitusec
000077b4   _DSK6713_getVersion
00007820   _generateSpectrumOnes
000078a8   _fastConvolutionOverlapAdd
00007b84   _abs
00007ba0   __divf
00007ea0   _EDMA_open
00008000   SDRAM$L
00008000   _SDRAM_length
00008120   _Config_DSK6713_AIC23
000082a8   _set_aic23_register
000083a0   _memcpy
000085e0   __CSL_init
00008800   _DSK6713_LED_init
00008840   _DSK6713_LED_off
000088b0   _DSK6713_LED_on
00008920   _DSK6713_LED_toggle
000089e0   _IRQ_map
00008d60   _EDMA_allocTable
00008f00   _MCBSP_reset
000090a0   _wait500nS
000090c8   GBL_USERINITFXN
000090c8   _GBL_setPLLto225MHz
00009220   _call_dtors
00009380   _EDMA_reset
000094c0   _TIMER_open
00009600   _TIMER_reset
00009720   _EDMA_intAlloc
00009820   _MCBSP_open
00009920   _MCBSP_start
00009a20   __strasg
00009b00   _atexit
00009ca0   _MCBSP_config
00009d40   __IRQ_init
00009e80   _DSK6713_DIP_init
00009e88   _DSK6713_DIP_get
00009f00   _EDMA_disableChannel
00009f60   _EDMA_enableChannel
00009fc0   ___add_dtor
0000a000   _CSL6713_LIB_
0000a020   _MCBSP_write
0000a040   _MCBSP_xrdy
0000a060   __nop
0000a080   __register_lock
0000a0a0   __register_unlock
0000a0c0   __IRQ_hookFetchPacket
0000a0e0   LNK_F_checkBufferCall
0000a0e0   ___etext__
0000a0e0   etext
0000a100   LNK_F_getChanPtr
0000a158   LNK_F_init
0000a160   LNK_F_dataPump
0000a174   LNK_rcloop
0000a240   LNK_rdrtry
0000a250   LNK_rrloop
0000a314   LNK_wrrtry
0000a324   LNK_wrloop
0000a400   LNK_newin
0000a540   LNK_newout
0000a6a4   LNK_F_readCallBack
0000ab14   __GBL_setL2CacheMode
0000acc0   SWI_F_enable
0000acc0   __SWI_lat3beg
0000ad2c   __SWI_lat3end
0000ad30   SWI_F_post
0000ad30   _SWI_post
0000ae6c   __SWI_lat1beg
0000aedc   SWI_EXECFXN
0000aedc   SWI_F_exec
0000af08   SWI_F_iexec
0000af20   __SWI_lat1end
0000af24   __SWI_lat2beg
0000af94   __SWI_lat2end
0000af98   SWI_F_run
0000af98   SWI_RUNFXN
0000b200   CLK_HOOKFXN
0000b200   HWI_F_dispatch
0000b200   _HWI_F_dispatch
0000b200   __HWI_lat1beg
0000b380   __HWI_lat1end
0000b380   __HWI_lat2beg
0000b4ac   __HWI_lat2end2
0000b4dc   __HWI_lat3end2
0000b520   __HWI_lat2end1
0000b540   __HWI_lat3beg
0000b640   __HWI_lat3end1
0000b660   PRD_F_swi
0000b920   PRD_F_tick
0000ba00   _KNL_run
0000bcc0   RTA_F_getlog
0000bd04   RTA_F_getsts
0000bd4c   RTA_F_readblk
0000bd6c   RTA_F_writeword
0000bd78   RTA_F_resetmem
0000bd78   __RTA_lat1beg
0000bdb0   __RTA_lat1end
0000bdb8   RTA_F_dispatch
0000be08   RTA_execute
0000bf80   _SEM_pendEnterKnl
0000c480   PRD_THOOKFXN
0000c480   _KNL_tick
0000c4a0   PIP_F_take
0000c534   PIP_F_give
0000c534   PIP_F_probe
0000c608   PIP_F_start
0000c6e0   __SEM_dopost
0000c900   _TSK_setup
0000cb00   _KNL_saveIsrFrame
0000cbcc   _KNL_switch
0000cc80   KNL_glue
0000ccc0   CLK_F_getltime
0000ccd4   CLK_F_isr
0000ce34   CLK_F_itime
0000ce34   _CLK_F_itime
0000ce34   _CLK_itime
0000ce50   __CLK_lat1beg
0000ce7c   __CLK_lat1end
0000ce80   _TSK_exit
0000d020   __auto_init
0000d260   _TSK_startup
0000d320   _KNL_check
0000d370   __KNL_lat1beg
0000d3f8   _KNL_idle
0000d3f8   __KNL_lat1end
0000d41c   _KNL_max
0000d460   _GBL_cslCacheInit
0000d540   _KNL_exit
0000d594   _KNL_enter
0000d620   _SEM_postEnterKnl
0000d700   _SEM_post
0000d700   _SEM_postBinary
0000d7e0   _CLK_measure
0000d8c0   _KNL_ipost
0000d980   _KNL_post
0000da40   _LCK_post
0000da70   _LCK_pend
0000db00   _SYS_exit
0000dbba   CLK_COUNTSPMS
0000dbba   CLK_HTIMEPERLTIME
0000dbba   CLK_PRD
0000dbba   _CLK_COUNTSPMS
0000dbba   _CLK_PRD
0000dbc0   CLK_F_getfhtime
0000dbe0   CLK_F_gethtime
0000dbe0   CLK_F_getshtime
0000dbe0   CLK_TIMEFXN
0000dbef   GBL_TRCMASKVALUE
0000dc80   FXN_F_nop
0000dc88   FXN_F_run
0000dc88   _FXN_F_run
0000dcd8   FXN_F_zero
0000dcd8   _FXN_F_zero
0000dd00   IDL_F_busy
0000dd00   __IDL_lat1beg
0000dd50   __IDL_lat1end
0000dd80   LOG_F_event
0000dd80   _LOG_event
0000dd80   __LOG_lat1beg
0000de00   STS_F_delta
0000de00   _STS_delta
0000de38   STS_F_add
0000de38   _STS_add
0000de64   STS_F_reset
0000de64   _STS_reset
0000de80   IDL_F_calibrate
0000df00   _HWI_disable
0000df18   _HWI_enable
0000df2c   _HWI_restore
0000df60   _SEM_pendBinary
0000dfc0   _SEM_pend
0000e020   _SYS_abort
0000e080   SYS_PUTCFXN
0000e080   _UTL_doPutc
0000e0e0   _CLK_start
0000e140   IDL_CALIBRFXN
0000e140   IDL_F_stub
0000e180   RTA_F_andn
0000e1a0   RTA_F_or
0000e1c0   SYS_ABORTFXN
0000e1c0   _UTL_doAbort
0000e200   _CLK_stop
0000e240   GIO_CREATEFXN
0000e240   GIO_DELETEFXN
0000e240   GIO_PENDFXN
0000e240   GIO_POSTFXN
0000e240   TSK_VCREATEFXN
0000e240   TSK_VDELETEFXN
0000e240   TSK_VEXITFXN
0000e240   _FXN_F_nop
0000e260   _GBL_getVersion
0000e280   IDL_F_loop
0000e280   _IDL_loop
0000e2a0   _STS_set
0000e2c0   SYS_ERRORFXN
0000e2c0   _UTL_doError
0000e2e0   SYS_EXITFXN
0000e2e0   _UTL_halt
0000e300   GBL_stackbeg
0000e300   _HWI_STKTOP
0000e300   __stack
000122f8   _HWI_STKBOTTOM
000122ff   GBL_stackend
00012300   _RTDX_Poll
00012300   __STACK_END
00012700   _RTDX_Buffer_WriteCB
00012d40   _RTDX_Mon_Queue
00012f60   _RTDX_Init_RT_Monitor
00012fe0   _RTDX_Buffer_Initialize
00013040   _RTDX_Buffer_ReadCB
000130a0   _RTDX_Buffer_Size
000130e0   _RTDX_Final_RT_Monitor
00013120   _RTDX_Buffer_Read
00013140   _RTDX_Buffer_Write
00013180   _RTDX_Mask_IER
000131a0   ___atexit_func_id__
00013350   __IRQ_eventTable
000133d4   __IRQ_intTable
00013414   __IRQ_dispatchTable
0001341c   _KNL_queues
000134bc   _KNL_dummy
000134f4   _TSK_ATTRS
00013510   _TSK_config
00013530   _TSK_timerSem
00013550   _OBJ_table
00013588   _OBJ_segtab
000135b8   _tccAllocTable
000135f8   __TSK_mutex
00013620   __MEM_mutex
00013648   _datainterface_config
00013668   _configEDMARcv
00013680   _configEDMAXmt
000136c8   __MCBSP_hDev0
000136cc   __MCBSP_hDev1
0001372c   __TIMER_deviceTable
00013744   __TIMER_hDev0
00013748   __TIMER_hDev1
0001374c   __TIMER_hBios
00013750   _SYS_exitStack
0001378c   __cleanup_ptr
00013790   __dtors_ptr
00013794   ___TI_enable_exit_profile_output
00013798   __lock
0001379c   __unlock
000137a0   _dtors
000137a4   _DSK6713_version
000137a8   RTA_fromHost$buf
000137b8   CLK_A_TABBEG
000137b8   PRD_clock
000137b8   _PRD_clock
000137bc   CLK_null
000137c0   BIOS_init
000137c0   _BIOS_init
0001393c   BIOS$$CLKON
0001397c   BIOS$$CLKOFF
000139e4   BIOS_start
000139e4   _BIOS_start
00013aa0   _MEM_init
00013b80   _c_int00
00013c40   _TSK_init
00013cc0   _OBJ_init
00013ce0   _RTDX_Buffer
000140e8   _RTDX_Buffer_Start
000140ec   _RTDX_Buffer_End
000140f0   _rtdx_buffer_state
000140fc   _RTDX_writing
00014110   _rtdx_mon_state
00014130   LED_toggle$stack
000144c8   LED_toggle$stkptr
00014530   TSK_idle$stack
000148c8   TSK_idle$stkptr
00014930   $bss
00014930   .bss
00014930   _HWI_dispatchTab
00014930   ___bss__
00014a30   IDL_D_tabbeg
00014a34   IDL_D_calibrate
00014a38   IDL_D_calbeg
00014a3c   LOG_D_system
00014a3c   _LOG_D_system
00014a40   PIP_D_tabbeg
00014a44   PIP_D_tablen
00014a48   CLK_R_time
00014a4c   CLK_D_timefxn
00014a50   CLK_D_tabbeg
00014a54   CLK_D_isrhook
00014a58   CLK_D_idletime
00014a5c   _CLK_htimeDiv
00014a60   _CLK_htimeMult
00014a64   _CLK_ltimeDiv
00014a68   _CLK_ltimeMult
00014a6c   _CLK_D_dirty
00014a70   _CLK_D_prd
00014a74   _CLK_D_tddr
00014a78   _CLK_D_countspms
00014a7c   PRD_D_tick
00014a7c   _PRD_D_tick
00014a80   PRD_D_cur
00014a84   PRD_D_elapsed
00014a88   PRD_D_prevtim
00014a8c   PRD_D_scalar
00014a90   PRD_D_swihandle
00014a94   PRD_D_tabbeg
00014a98   PRD_D_tablen
00014a9c   PRD_D_thook
00014aa0   RTA_D_fromHost
00014aa4   RTA_D_toHost
00014aa8   RTA_D_logval
00014ab8   RTA_D_stsval
00014ac4   HST_D_chanmask
00014ac8   HST_D_tabbeg
00014acc   HST_D_tabend
00014ad0   _GBL_procId
00014ad4   _GBL_clkIn
00014ad8   _GBL_freq
00014adc   _MEM_D_NUMSEGMENTS
00014ae0   _MEM_D_memtab
00014ae4   _MEM_D_freelist
00014ae8   _MEM_D_lockaddr
00014aec   _MEM_D_unlockaddr
00014af0   _SYS
00014af4   __HOOK_knlId
00014af8   __HOOK_NUMHOOKS
00014afc   SWI_D_runaddr
00014afc   _SWI_D_runaddr
00014afc   _SWI_data
00014b00   SWI_D_execaddr
00014b00   _SWI_D_execaddr
00014b04   SWI_D_curmask
00014b04   _SWI_D_curmask
00014b08   SWI_D_curset
00014b08   _SWI_D_curset
00014b0c   SWI_D_lock
00014b0c   _SWI_D_lock
00014b10   SWI_D_curmbox
00014b14   SWI_D_curfxn
00014b14   _SWI_D_curfxn
00014b18   SWI_D_rdybeg
00014b18   _SWI_D_rdybeg
00014b1c   SWI_D_inswi
00014b1c   _SWI_D_inswi
00014b20   SWI_D_rdytab
00014b98   _KNL_wFlag
00014b9c   _KNL_wList
00014ba0   _KNL_alarm
00014ba4   _KNL_setpri
00014ba8   _KNL_inactive
00014bac   _KNL_priority
00014bb0   _KNL_set
00014bb4   _KNL_curtask
00014bb8   _KNL_prevtask
00014bbc   _KNL_curtime
00014bc0   _KNL_swiptr
00014bc4   _KNL_curqueue
00014bc8   _KNL_maxqueue
00014bcc   _KNL_tswitchfxn
00014bd0   _KNL_tcreatefxn
00014bd4   _KNL_tdeletefxn
00014bd8   _KNL_treadyfxn
00014bdc   _KNL_idlefxn
00014be0   _twiddleFacC
00014be4   _tccRcvPing
00014be8   _tccRcvPong
00014bec   _tccXmtPing
00014bf0   _tccXmtPong
00014bf4   _hEdmaRcv
00014bf8   _hEdmaXmt
00014bfc   _hEdmaReloadRcvPing
00014c00   _hEdmaReloadXmtPing
00014c04   _hEdmaReloadRcvPong
00014c08   _hEdmaReloadXmtPong
00014c0c   _hMcbsp
00014c20   _MEM_memtab
00014c2c   MEM_MALLOCSEG
00014c2c   MEM_SEGZERO
00014c2c   SDRAM
00014c2c   _SDRAM
00014c30   RTA_fromHost$pipe$dtab
00014c3c   RTA_toHost$pipe$dtab
00014c48   HWI_D_spsave
00014c48   _HWI_D_spsave
00014c48   _HWI_data
00014c54   _HWI_D_inhwi
00014c58   HWI_D_bss
00014c5c   HWI_D_ccmask
00014c60   LNK_dspFrameRequestMask
00014c60   _LNK_dspFrameRequestMask
00014c64   LNK_dspFrameReadyMask
00014c64   _LNK_dspFrameReadyMask
00014c68   LNK_readPend
00014c68   _LNK_readPend
00014c6c   LNK_readDone
00014c6c   _LNK_readDone
00014c70   LNK_readFail
00014c70   _LNK_readFail
00014c74   LNK_writeFail
00014c74   _LNK_writeFail
00014c80   _rtdxNullChanCnt
00014c84   _rtdxNullFuncCnt
00014c88   _TSK_nTasks
00014c8c   _TSK_pid
00014c90   _TSK
00014c94   _CLK_DFLTMICROSECS
00014c98   _CLK_D_microseconds
00014c9c   _SYS_exitStackPtr
00014ca0   _SYS_exitStackTop
00014ca4   _CLK_htimePerLtime
00014cac   IDL_D_busyObj
00014cb0   _MEM
00014cb4   _SYS_PUTCBEG
00014cb4   ___end__
00014cb4   end
00014eb3   _SYS_PUTCEND
00014eb4   HST_A_TABBEG
00014eb4   _HST_A_TABBEG
00014eb8   RTA_fromHost
00014eb8   _RTA_fromHost
00014ec0   RTA_fromHost$rtdx
00014ed4   RTA_toHost
00014ed4   _RTA_toHost
00014edc   RTA_toHost$rtdx
00014ef0   HST_A_TABEND
00014ef0   IDL_A_TABBEG
00014ef0   IDL_cpuLoad
00014ef0   _HST_A_TABEND
00014ef0   _IDL_cpuLoad
00014ef4   LNK_dataPump
00014ef4   _LNK_dataPump
00014ef8   RTA_dispatcher
00014ef8   _RTA_dispatcher
00014efc   IDL_END
00014f00   LOG_system$buf
00015000   RTA_toHost$buf
00015100   PIP_A_TABBEG
00015100   RTA_fromHost$pipe
00015100   _PIP_A_TABBEG
00015104   RTA_fromHost$pipe$rd
00015130   RTA_fromHost$pipe$aaa
00015134   RTA_fromHost$pipe$wr
00015160   RTA_fromHost$pipe$bbb
00015164   RTA_toHost$pipe
00015168   RTA_toHost$pipe$rd
00015194   RTA_toHost$pipe$aaa
00015198   RTA_toHost$pipe$wr
000151c4   RTA_toHost$pipe$bbb
000151c8   PIP_A_TABEND
000151c8   _PIP_A_TABEND
000151d4   TSK_idle
000151d4   _TSK_idle
00015234   LED_toggle
00015234   _LED_toggle
0001533d   LED_Toggle$sts$maxfmt
00015340   KNL_swi
00015340   SWI_A_TABBEG
00015340   _KNL_swi
00015346   LED_Toggle$sts$sumfmt
0001534f   LED_Toggle$sts$avgfmt
0001535a   KNL_swi$sts$maxfmt
00015362   KNL_swi$sts$sumfmt
0001536a   KNL_swi$sts$avgfmt
0001536c   PRD_SWIHANDLE
0001536c   PRD_swi
0001536c   _PRD_swi
00015374   PRD_swi$sts$maxfmt
0001537c   PRD_swi$sts$sumfmt
00015384   PRD_swi$sts$avgfmt
0001538e   Ping_SWI$sts$maxfmt
00015396   Ping_SWI$sts$sumfmt
00015398   Ping_SWI
00015398   _Ping_SWI
0001539e   Ping_SWI$sts$avgfmt
000153a8   Pong_SWI$sts$maxfmt
000153b0   Pong_SWI$sts$sumfmt
000153b8   Pong_SWI$sts$avgfmt
000153c2   TSK_idle$sts$maxfmt
000153c4   Pong_SWI
000153c4   _Pong_SWI
000153ca   TSK_idle$sts$sumfmt
000153d2   TSK_idle$sts$avgfmt
000153dc   LED_toggle$sts$maxfmt
000153e4   LED_toggle$sts$sumfmt
000153ec   LED_toggle$sts$avgfmt
000153f0   LED_Toggle$sts$stsobj
000153f0   STS_A_TABBEG
000153f0   SWI_A_TABEND
000153f0   _STS_A_TABBEG
000153f4   LED_Toggle$sts
000153f6   IDL_busyObj$maxfmt
000153f9   IDL_busyObj$sumfmt
000153fc   IDL_busyObj$avgfmt
00015400   KNL_swi$sts$stsobj
00015404   KNL_swi$sts
00015410   PRD_swi$sts$stsobj
00015414   PRD_swi$sts
00015420   Ping_SWI$sts$stsobj
00015424   Ping_SWI$sts
00015430   Pong_SWI$sts$stsobj
00015434   Pong_SWI$sts
00015440   TSK_idle$sts$stsobj
00015444   TSK_idle$sts
00015450   LED_toggle$sts$stsobj
00015454   LED_toggle$sts
00015460   IDL_busyObj$stsobj
00015464   IDL_busyObj
00015464   _IDL_busyObj
00015470   STS_A_TABEND
00015470   _STS_A_TABEND
000154c8   LOG_A_TABBEG
000154c8   LOG_system
000154c8   _LOG_A_TABBEG
000154c8   _LOG_system
000154e0   _myLOG
000154e0   myLOG
000154f8   LOG_A_TABEND
000154f8   _LOG_A_TABEND
00015504   _SEM_LEDToggle
0001554c   LED_Toggle
0001554c   PRD_A_TABBEG
0001554c   _LED_Toggle
00015568   LED_Toggle$aaa
0001556c   IDL_A_CALBEG
0001556c   IDL_cpuLoad$
0001556c   PRD_A_TABEND
00015570   LNK_dataPump$
00015574   RTA_dispatcher$
00015578   IDL_END$
0001557c   SYS$config
0001558c   ___pinit__
0001558c   pinit
00015598   TRC_cinit
0001559c   TRC_R_mask
0001559c   _TRC_R_mask
000155a0   GBL_initdone
00020000   _w
00024000   _impuleResponseSpecFilter
00025000   _tempBuffer0
00026000   _tempBuffer1
00027000   _carryBuffer
00027078   _g00
000270b8   _g01
000270f8   _g10
00027138   _g11
00027178   _h00
000271b8   _h01
000271f8   _h10
00027238   _h11
00027278   _g00Spec
00028278   _g01Spec
00029278   _g10Spec
0002a278   _g11Spec
0002b278   _h00Spec
0002c278   _h01Spec
0002d278   _h10Spec
0002e278   _h11Spec
0002f278   _Buffer_in_ping
0002fa3c   _Buffer_in_pong
00030200   _Buffer_out_ping
000309c4   _Buffer_out_pong
00036ee8   CLK_LTIMEMULT
00036ee8   GBL_FREQ
01940000   CLK_REGS
01940000   _CLK_REGS
082039a3   HWI_INTRMULTHIGH
310718a4   HWI_INTRMULTLOW
80000000   SDRAM$B
80000000   _SDRAM_base
80008000   myLOG$buf
ffffffff   HST_DSMBUFSEG
ffffffff   IRAM
ffffffff   RTDX_DATAMEMSEG
ffffffff   _IRAM
ffffffff   ___TI_pprof_out_hndl
ffffffff   ___TI_prof_data_size
ffffffff   ___TI_prof_data_start
ffffffff   ___binit__
ffffffff   ___c_args__
ffffffff   _myMEM
ffffffff   binit
ffffffff   myMEM

[866 symbols]
