******************************************************************************
               TMS320C6x Linker PC v7.4.16                     
******************************************************************************
>> Linked Wed May 23 15:56:31 2018

OUTPUT FILE NAME:   <SSB.out>
ENTRY POINT SYMBOL: "_c_int00"  address: 0000f380


MEMORY CONFIGURATION

         name            origin    length      used     unused   attr    fill
----------------------  --------  ---------  --------  --------  ----  --------
  IRAM                  00000000   00020000  00010d85  0000f27b  RWIX
  myMEM                 00020000   00020000  000184f0  00007b10  RWIX
  SDRAM                 80000000   0006e000  00008080  00065f80  RWIX


SECTION ALLOCATION MAP

 output                                  attributes/
section   page    origin      length       input sections
--------  ----  ----------  ----------   ----------------
.data      0    00000000    00000000     UNINITIALIZED

.vers      0    00000000    00000040     COPY SECTION
                  00000000    00000040     BIOS_configcfg.obj (.vers)

.hwi_vec   0    00000000    00000200     
                  00000000    00000200     BIOS_configcfg.obj (.hwi_vec)

.bios      0    00000200    00004220     
                  00000200    00000600     lnkrtdx.a67 : rtdx.o67 (.bios)
                  00000800    000005e0     bios.a67 : gbl_setL2CacheMode.o67 (.bios)
                  00000de0    00000540              : swi.o67 (.bios)
                  00001320    00000460              : hwi_disp_asm.o67 (.bios)
                  00001780    000003a0              : prd.o67 (.bios)
                  00001b20    000002c0              : knl_run.o67 (.bios)
                  00001de0    000002c0              : rta.o67 (.bios)
                  000020a0    000002c0              : sem_pend.o67 (.bios)
                  00002360    00000260              : knl_tick.o67 (.bios)
                  000025c0    00000240              : pip.o67 (.bios)
                  00002800    00000220              : sem_dopo.o67 (.bios)
                  00002a20    00000200              : tsk_setu.o67 (.bios)
                  00002c20    000001c0              : knl_swit.o67 (.bios)
                  00002de0    000001c0     biosC6000.a67 : clk.o67 (.bios)
                  00002fa0    000001a0     bios.a67 : tsk_exit.o67 (.bios)
                  00003140    00000180              : autoinit.o67 (.bios)
                  000032c0    00000180              : tsk_stup.o67 (.bios)
                  00003440    00000140              : knl_chec.o67 (.bios)
                  00003580    000000e0              : gbl_cslcacheinit.o67 (.bios)
                  00003660    000000e0              : knl_exit.o67 (.bios)
                  00003740    000000e0              : sem_post.o67 (.bios)
                  00003820    000000e0              : sem_post_asm.o67 (.bios)
                  00003900    000000e0     biosC6000.a67 : clk_meas.o67 (.bios)
                  000039e0    000000c0     bios.a67 : knl_ipos.o67 (.bios)
                  00003aa0    000000c0              : knl_post.o67 (.bios)
                  00003b60    000000c0              : lck.o67 (.bios)
                  00003c20    000000c0              : sys_exit.o67 (.bios)
                  00003ce0    000000c0     biosC6000.a67 : clk_htime.o67 (.bios)
                  00003da0    00000080     bios.a67 : fxn.o67 (.bios)
                  00003e20    00000080              : idl_busy.o67 (.bios)
                  00003ea0    00000080              : log.o67 (.bios)
                  00003f20    00000080              : sts.o67 (.bios)
                  00003fa0    00000080     biosC6000.a67 : idl_cal.o67 (.bios)
                  00004020    00000060     bios.a67 : hwi_c.o67 (.bios)
                  00004080    00000060              : sem_pend_binary.o67 (.bios)
                  000040e0    00000060              : sem_pend_counting.o67 (.bios)
                  00004140    00000060              : sys_abor.o67 (.bios)
                  000041a0    00000060              : utl_putc.o67 (.bios)
                  00004200    00000060     biosC6000.a67 : clk_start.o67 (.bios)
                  00004260    00000040     bios.a67 : idl_stub.o67 (.bios)
                  000042a0    00000040              : rta_andn.o67 (.bios)
                  000042e0    00000040              : utl_doab.o67 (.bios)
                  00004320    00000040     biosC6000.a67 : clk_stop.o67 (.bios)
                  00004360    00000020     bios.a67 : fxn_c.o67 (.bios)
                  00004380    00000020              : gbl_vers.o67 (.bios)
                  000043a0    00000020              : idl.o67 (.bios)
                  000043c0    00000020              : sts_set.o67 (.bios)
                  000043e0    00000020              : utl_doer.o67 (.bios)
                  00004400    00000020              : utl_halt.o67 (.bios)

.text      0    00004420    000041a0     
                  00004420    00001540     skeletonmod flo.obj (.text)
                  00005960    00000560     FirInt.obj (.text)
                  00005ec0    00000480     dsk6713bsl.lib : dsk6713.obj (.text)
                  00006340    00000280     csl6713.lib : csl_edma.obj (.text:_EDMA_open)
                  000065c0    00000280     config_AIC23.obj (.text)
                  00006840    00000240     rts6700.lib : memcpy62.obj (.text:_memcpy)
                  00006a80    00000220     csl6713.lib : csl.obj (.text:__CSL_init)
                  00006ca0    000001e0     dsk6713bsl.lib : dsk6713_led.obj (.text)
                  00006e80    000001c0     csl6713.lib : csl_irq.obj (.text:_IRQ_map)
                  00007040    000001c0                 : csl_irq.obj (.text:_mux2Tables)
                  00007200    000001a0                 : csl_edma.obj (.text:_EDMA_allocTable)
                  000073a0    000001a0                 : csl_mcbsp.obj (.text:_MCBSP_reset)
                  00007540    00000180     bios.a67 : gbl_cslpllinit62.o67 (.text)
                  000076c0    00000160     rts6700.lib : sinit.obj (.text:_call_dtors)
                  00007820    00000140     csl6713.lib : csl_edma.obj (.text:_EDMA_reset)
                  00007960    00000140                 : csl_timer.obj (.text:_TIMER_open)
                  00007aa0    00000120                 : csl_timer.obj (.text:_TIMER_reset)
                  00007bc0    00000120     rts6700.lib : divi.obj (.text:__divi)
                  00007ce0    00000100     csl6713.lib : csl_edma.obj (.text:_EDMA_intAlloc)
                  00007de0    00000100                 : csl_mcbsp.obj (.text:_MCBSP_open)
                  00007ee0    00000100                 : csl_mcbsp.obj (.text:_MCBSP_start)
                  00007fe0    000000e0     rts6700.lib : strasg.obj (.text:__strasg)
                  000080c0    000000e0                 : atexit.obj (.text:_atexit)
                  000081a0    000000c0     bios.a67 : tsk_stup.o67 (.text)
                  00008260    000000a0     csl6713.lib : csl_irq.obj (.text:__IRQ_init)
                  00008300    000000a0                 : csl_irq.obj (.text:_setMux)
                  000083a0    00000080     dsk6713bsl.lib : dsk6713_dip.obj (.text)
                  00008420    00000060     csl6713.lib : csl_edma.obj (.text:_EDMA_disableChannel)
                  00008480    00000060                 : csl_edma.obj (.text:_EDMA_enableChannel)
                  000084e0    00000040     rts6700.lib : sinit.obj (.text:___add_dtor)
                  00008520    00000020     csl6713.lib : csl.obj (.text:_CSL6713_LIB_)
                  00008540    00000020     rts6700.lib : _lock.obj (.text:__nop)
                  00008560    00000020                 : _lock.obj (.text:__register_lock)
                  00008580    00000020                 : _lock.obj (.text:__register_unlock)
                  000085a0    00000020     csl6713.lib : csl_irq.obj (.text)

.stack     0    000085c0    00004000     UNINITIALIZED
                  000085c0    00004000     --HOLE--

.cinit     0    0000c5c0    00001524     
                  0000c5c0    00000864     BIOS_configcfg.obj (.cinit)
                  0000ce24    00000004     --HOLE-- [fill = 0]
                  0000ce28    0000026c     bios.a67 : biosdata.o67 (.cinit)
                  0000d094    00000004     --HOLE-- [fill = 0]
                  0000d098    000001c4     skeletonmod flo.obj (.cinit)
                  0000d25c    00000004     --HOLE-- [fill = 0]
                  0000d260    000001a4     bios.a67 : knl.o67 (.cinit)
                  0000d404    00000004     --HOLE-- [fill = 0]
                  0000d408    0000012c     csl6713.lib : csl_irq.obj (.cinit)
                  0000d534    00000004     --HOLE-- [fill = 0]
                  0000d538    000000b0     bios.a67 : swi.o67 (.cinit)
                  0000d5e8    00000080              : tsk.o67 (.cinit)
                  0000d668    00000070     csl6713.lib : csl_edma.obj (.cinit)
                  0000d6d8    00000060     bios.a67 : tsk_stup.o67 (.cinit)
                  0000d738    0000005c     lnkrtdx.a67 : rtdx.o67 (.cinit)
                  0000d794    00000004     --HOLE-- [fill = 0]
                  0000d798    00000054     csl6713.lib : csl_mcbsp.obj (.cinit)
                  0000d7ec    00000004     --HOLE-- [fill = 0]
                  0000d7f0    0000004c     bios.a67 : rta.o67 (.cinit)
                  0000d83c    00000004     --HOLE-- [fill = 0]
                  0000d840    0000004c     csl6713.lib : csl_timer.obj (.cinit)
                  0000d88c    00000004     --HOLE-- [fill = 0]
                  0000d890    0000004c     rtdx.lib : buffer1.o62 (.cinit)
                  0000d8dc    00000004     --HOLE-- [fill = 0]
                  0000d8e0    00000048     config_AIC23.obj (.cinit)
                  0000d928    0000003c     csl6713.lib : csl.obj (.cinit)
                  0000d964    00000004     --HOLE-- [fill = 0]
                  0000d968    00000034     bios.a67 : hwi.o67 (.cinit)
                  0000d99c    00000004     --HOLE-- [fill = 0]
                  0000d9a0    0000002c              : utl_putc.o67 (.cinit)
                  0000d9cc    00000004     --HOLE-- [fill = 0]
                  0000d9d0    0000002c     rts6700.lib : exit.obj (.cinit)
                  0000d9fc    00000004     --HOLE-- [fill = 0]
                  0000da00    00000024     bios.a67 : obj_init.o67 (.cinit)
                  0000da24    00000004     --HOLE-- [fill = 0]
                  0000da28    0000001c              : sys.o67 (.cinit)
                  0000da44    00000004     --HOLE-- [fill = 0]
                  0000da48    0000001c     rts6700.lib : _lock.obj (.cinit)
                  0000da64    00000004     --HOLE-- [fill = 0]
                  0000da68    0000001c                 : atexit.obj (.cinit)
                  0000da84    00000004     --HOLE-- [fill = 0]
                  0000da88    00000018     bios.a67 : knl_tick.o67 (.cinit)
                  0000daa0    0000000c              : gbl_setL2CacheMode.o67 (.cinit)
                  0000daac    00000004     --HOLE-- [fill = 0]
                  0000dab0    0000000c              : idl_busy.o67 (.cinit)
                  0000dabc    00000004     --HOLE-- [fill = 0]
                  0000dac0    0000000c              : knl_swit.o67 (.cinit)
                  0000dacc    00000004     --HOLE-- [fill = 0]
                  0000dad0    0000000c     rts6700.lib : sinit.obj (.cinit)
                  0000dadc    00000004     --HOLE-- [fill = 0]
                  0000dae0    00000004     (.pad.cinit) [fill = 0]

.hst1      0    0000dae4    00000010     UNINITIALIZED
                  0000dae4    00000010     BIOS_configcfg.obj (.hst1)

.pinit     0    0000daf4    0000000c     
                  0000daf4    00000004     rtdx.lib : buffer1.o62 (.pinit)
                  0000daf8    00000004              : rtdx_mon.o62 (.pinit)
                  0000dafc    00000004     --HOLE-- [fill = 0]

.rtdx_text 
*          0    0000db00    00000ea0     
                  0000db00    00000400     rtdx.lib : rtdx_mon.o62 (.rtdx_text:_RTDX_Poll)
                  0000df00    00000340              : buffer1.o62 (.rtdx_text:_RTDX_Buffer_WriteCB)
                  0000e240    00000300              : buffer1.o62 (.rtdx_text:_RTDX_write_next)
                  0000e540    00000140              : rtdx_mon.o62 (.rtdx_text:_RTDX_Mon_Queue)
                  0000e680    000000e0              : buffer1.o62 (.rtdx_text:_claim)
                  0000e760    00000080              : rtdx_mon.o62 (.rtdx_text:_RTDX_Init_RT_Monitor)
                  0000e7e0    00000060              : buffer1.o62 (.rtdx_text:_RTDX_Buffer_Initialize)
                  0000e840    00000060              : buffer2.o62 (.rtdx_text:_RTDX_Buffer_ReadCB)
                  0000e8a0    00000040              : buffer1.o62 (.rtdx_text:_RTDX_Buffer_Size)
                  0000e8e0    00000040              : rtdx_mon.o62 (.rtdx_text:_RTDX_Final_RT_Monitor)
                  0000e920    00000020              : buffer2.o62 (.rtdx_text:_RTDX_Buffer_Read)
                  0000e940    00000020              : buffer1.o62 (.rtdx_text:_RTDX_Buffer_Write)
                  0000e960    00000020              : rtdx_mon.o62 (.rtdx_text:_RTDX_checksum)
                  0000e980    00000020              : intr_tgt.o62 (.rtdx_text)

.far       0    0000e9a0    00000608     UNINITIALIZED
                  0000e9a0    00000188     rts6700.lib : atexit.obj (.far)
                  0000eb28    000000f4     csl6713.lib : csl_irq.obj (.far)
                  0000ec1c    000000d8     bios.a67 : knl.o67 (.far)
                  0000ecf4    0000005c              : tsk.o67 (.far)
                  0000ed50    00000054              : obj_init.o67 (.far)
                  0000eda4    00000054     csl6713.lib : csl_edma.obj (.far)
                  0000edf8    00000050     bios.a67 : tsk_stup.o67 (.far)
                  0000ee48    00000050     skeletonmod flo.obj (.far)
                  0000ee98    00000038     csl6713.lib : csl_mcbsp.obj (.far)
                  0000eed0    00000034     config_AIC23.obj (.far)
                  0000ef04    00000028     csl6713.lib : csl.obj (.far)
                  0000ef2c    00000024                 : csl_timer.obj (.far)
                  0000ef50    00000020     bios.a67 : sys.o67 (.far)
                  0000ef70    00000010              : knl_tick.o67 (.far)
                  0000ef80    0000000c              : utl_putc.o67 (.far)
                  0000ef8c    0000000c     rts6700.lib : exit.obj (.far)
                  0000ef98    00000008                 : _lock.obj (.far)
                  0000efa0    00000004                 : sinit.obj (.far)
                  0000efa4    00000002     dsk6713bsl.lib : dsk6713.obj (.far)
                  0000efa6    00000002                    : dsk6713_led.obj (.far)

.idl       0    0000efa8    00000010     UNINITIALIZED
                  0000efa8    00000010     BIOS_configcfg.obj (.idl)

.clk       0    0000efb8    00000008     UNINITIALIZED
                  0000efb8    00000008     BIOS_configcfg.obj (.clk)

.sysinit   0    0000efc0    00000520     
                  0000efc0    000002e0     BIOS_configcfg.obj (.sysinit)
                  0000f2a0    000000e0     bios.a67 : mem_init.o67 (.sysinit)
                  0000f380    000000c0              : boot.o67 (.sysinit)
                  0000f440    00000080              : tsk_init.o67 (.sysinit)
                  0000f4c0    00000020              : obj_init.o67 (.sysinit)

.rtdx_data 
*          0    0000f4e0    0000044c     UNINITIALIZED
                  0000f4e0    00000410     BIOS_configcfg.obj (.rtdx_data)
                  0000f8f0    00000020     rtdx.lib : buffer1.o62 (.rtdx_data)
                  0000f910    0000001c              : rtdx_mon.o62 (.rtdx_data)

.args      0    0000f92c    00000004     
                  0000f92c    00000004     --HOLE-- [fill = 0]

.LED_toggle$stk 
*          0    0000f930    00000400     UNINITIALIZED
                  0000f930    00000400     BIOS_configcfg.obj (.LED_toggle$stk)

.TSK_idle$stk 
*          0    0000fd30    00000400     UNINITIALIZED
                  0000fd30    00000400     BIOS_configcfg.obj (.TSK_idle$stk)

.bss       0    00010130    00000380     UNINITIALIZED
                  00010130    00000100     bios.a67 : hwi_disp_asm.o67 (.bss)
                  00010230    000000cc              : biosdata.o67 (.bss)
                  000102fc    0000009c              : swi.o67 (.bss)
                  00010398    00000048              : knl.o67 (.bss)
                  000103e0    0000003c     skeletonmod flo.obj (.bss)
                  0001041c    00000028     BIOS_configcfg.obj (.bss)
                  00010444    00000018     bios.a67 : hwi.o67 (.bss)
                  0001045c    00000018     lnkrtdx.a67 : rtdx.o67 (.bss)
                  00010474    00000010     rtdx.lib : buffer1.o62 (.bss)
                  00010484    0000000c     bios.a67 : tsk.o67 (.bss)
                  00010490    00000008              : clk_data.o67 (.bss)
                  00010498    00000008              : sys.o67 (.bss)
                  000104a0    00000004              : clk_data2.o67 (.bss)
                  000104a4    00000004              : gbl_setL2CacheMode.o67 (.bss)
                  000104a8    00000004              : idl_busy.o67 (.bss)
                  000104ac    00000004              : mem_asm.o67 (.bss)

.trace     0    000104b0    00000200     
                  000104b0    00000200     --HOLE-- [fill = 00000000]

.hst       0    000106b0    0000003c     UNINITIALIZED
                  000106b0    0000003c     BIOS_configcfg.obj (.hst)

.idlcal    0    000106ec    00000010     UNINITIALIZED
                  000106ec    00000010     BIOS_configcfg.obj (.idlcal)

.mem       0    000106fc    00000004     UNINITIALIZED
                  000106fc    00000004     BIOS_configcfg.obj (.mem)

.LOG_system$buf 
*          0    00010700    00000100     UNINITIALIZED
                  00010700    00000100     BIOS_configcfg.obj (.LOG_system$buf)

.hst0      0    00010800    00000100     UNINITIALIZED
                  00010800    00000100     BIOS_configcfg.obj (.hst0)

.pip       0    00010900    000000c8     UNINITIALIZED
                  00010900    000000c8     BIOS_configcfg.obj (.pip)

.tsk       0    000109c8    000000c0     UNINITIALIZED
                  000109c8    000000c0     BIOS_configcfg.obj (.tsk)

.const     0    00010a88    000000b5     
                  00010a88    0000004e     bios.a67 : tsk_stup.o67 (.const)
                  00010ad6    00000023              : utl_doab.o67 (.const)
                  00010af9    00000022              : utl_doer.o67 (.const)
                  00010b1b    00000001     --HOLE-- [fill = 0]
                  00010b1c    00000020     dsk6713bsl.lib : dsk6713.obj (.const)
                  00010b3c    00000001     bios.a67 : tsk.o67 (.const)

.printf    0    00010b3d    000000c4     COPY SECTION
                  00010b3d    000000c4     BIOS_configcfg.obj (.printf)

.swi       0    00010b40    000000b0     UNINITIALIZED
                  00010b40    000000b0     BIOS_configcfg.obj (.swi)

.sts       0    00010bf0    00000080     
                  00010bf0    00000080     BIOS_configcfg.obj (.sts)

.gblinit   0    00010c70    00000058     
                  00010c70    00000058     BIOS_configcfg.obj (.gblinit)

.log       0    00010cc8    00000030     
                  00010cc8    00000030     BIOS_configcfg.obj (.log)

.sem       0    00010cf8    0000002c     UNINITIALIZED
                  00010cf8    0000002c     BIOS_configcfg.obj (.sem)

.switch    0    00010d24    00000028     
                  00010d24    00000028     rtdx.lib : rtdx_mon.o62 (.switch)

.prd       0    00010d4c    00000020     UNINITIALIZED
                  00010d4c    00000020     BIOS_configcfg.obj (.prd)

.sys       0    00010d6c    00000010     UNINITIALIZED
                  00010d6c    00000010     BIOS_configcfg.obj (.sys)

.trcdata   0    00010d7c    0000000c     
                  00010d7c    0000000c     bios.a67 : trc.o67 (.trcdata)

.datenpuffer 
*          0    00020000    000184f0     UNINITIALIZED
                  00020000    000184f0     skeletonmod flo.obj (.datenpuffer)

.SDRAM$heap 
*          0    80000000    00008000     UNINITIALIZED
                  80000000    00008000     --HOLE--

.myLOG$buf 
*          0    80008000    00000080     UNINITIALIZED
                  80008000    00000080     BIOS_configcfg.obj (.myLOG$buf)


GLOBAL SYMBOLS: SORTED ALPHABETICALLY BY Name 

address    name
--------   ----
00010130   $bss
00010130   .bss
00000000   .data
00004420   .text
0000f17c   BIOS$$CLKOFF
0000f13c   BIOS$$CLKON
0000efc0   BIOS_init
0000f1e4   BIOS_start
00000000   BUF$
00000001   BUF_ENABLED
00000001   CLK$
0000efb8   CLK_A_TABBEG
00000001   CLK_CALDIV
00000004   CLK_CALMULT
0000dbba   CLK_COUNTSPMS
00000000   CLK_COUNTSPMSHIGH
00010258   CLK_D_idletime
00010254   CLK_D_isrhook
00010250   CLK_D_tabbeg
0001024c   CLK_D_timefxn
00003ce0   CLK_F_getfhtime
00003d00   CLK_F_gethtime
00002de0   CLK_F_getltime
00003d00   CLK_F_getshtime
00002df4   CLK_F_isr
00002f54   CLK_F_itime
00001320   CLK_HOOKFXN
00000001   CLK_HTIMEDIV
00000004   CLK_HTIMEMULT
0000dbba   CLK_HTIMEPERLTIME
00004000   CLK_INTBIT
00000001   CLK_LTIMEDIV
00036ee8   CLK_LTIMEMULT
000003e8   CLK_MICROSECS
0000dbba   CLK_PRD
00000000   CLK_PRDHIGH
01940000   CLK_REGS
00010248   CLK_R_time
00000020   CLK_TCR
00000000   CLK_TDDR
00000000   CLK_TDDRHIGH
00003d00   CLK_TIMEFXN
00000000   CLK_TIMERNUM
00000001   CLK_USETIMER
0000efbc   CLK_null
00000000   DEV$
00000000   DGN$
00000000   DHL$
00000000   DHL_gChannelsAvailable
00000000   DIO$
00000000   DIO_NUMSWIBASE
00000000   DIO_NUMTSKBASE
00000000   DIO_STATIC
00000000   DPI$
00003da0   FXN_F_nop
00003da8   FXN_F_run
00003df8   FXN_F_zero
00000001   GBL$
00005205   GBL_A_VERSION
00000000   GBL_BIGENDIAN
00000000   GBL_C641XL2PRIORITY
00000000   GBL_CACHE
00000001   GBL_CALLCSLCFGINIT
00004e20   GBL_CLKIN
00001770   GBL_CLKTYPE
00001a39   GBL_DSPSUBTYPE
0000003e   GBL_DSPTYPE
00000001   GBL_ENABLEINST
00000042   GBL_FOOTPRINT
00036ee8   GBL_FREQ
00002226   GBL_L2ALLOC
00000000   GBL_L2CONFIGALLOC
00000001   GBL_L2CONFIGURE
00000001   GBL_L2MARMASK
00000000   GBL_L2MARMASK1
00000000   GBL_L2MARMASK2
00000000   GBL_L2MARMASK3
00000000   GBL_L2MARMASK4
00000000   GBL_L2MARMASK5
00000000   GBL_L2MODE
00000000   GBL_L2PRIORITY
00000000   GBL_NULL
00000000   GBL_PROCID
00000000   GBL_ROM
00000000   GBL_SUPPORTCSL
0000dbef   GBL_TRCMASKVALUE
00000001   GBL_USERINIT
00007568   GBL_USERINITFXN
00000001   GBL_boot
00010d84   GBL_initdone
000085c0   GBL_stackbeg
0000c5bf   GBL_stackend
00000000   GIO$
00004360   GIO_CREATEFXN
00004360   GIO_DELETEFXN
00004360   GIO_PENDFXN
00004360   GIO_POSTFXN
00000000   HOOK$
00000000   HOOK_KNLID
00000001   HST$
000106b0   HST_A_TABBEG
000106ec   HST_A_TABEND
00000000   HST_DSM
ffffffff   HST_DSMBUFSEG
00000400   HST_DSMMEMSIZE
000102c4   HST_D_chanmask
000102c8   HST_D_tabbeg
000102cc   HST_D_tabend
000000ff   HST_MAXFRAMEALLOWED
00000040   HST_MAXFRAMESET
00000000   HST_NONE
00000001   HST_RTDX
00000001   HWI$
00000000   HWI_A_VECS
00004108   HWI_CFGDISPATCHED
00010454   HWI_D_bss
00010458   HWI_D_ccmask
00010444   HWI_D_spsave
00001320   HWI_F_dispatch
00000000   HWI_GENERATE_RESET_VEC
0000000a   HWI_INT10
00000000   HWI_INT10$hwi
0000000b   HWI_INT11
00000000   HWI_INT11$hwi
0000000c   HWI_INT12
00000000   HWI_INT12$hwi
0000000d   HWI_INT13
00000000   HWI_INT13$hwi
0000000e   HWI_INT14
00000000   HWI_INT14$hwi
0000000f   HWI_INT15
00000000   HWI_INT15$hwi
00000004   HWI_INT4
00000000   HWI_INT4$hwi
00000005   HWI_INT5
00000000   HWI_INT5$hwi
00000006   HWI_INT6
00000000   HWI_INT6$hwi
00000007   HWI_INT7
00000000   HWI_INT7$hwi
00000008   HWI_INT8
00000000   HWI_INT8$hwi
00000009   HWI_INT9
00000000   HWI_INT9$hwi
082039a3   HWI_INTRMULTHIGH
310718a4   HWI_INTRMULTLOW
00000001   HWI_NMI
00000000   HWI_NMI$hwi
00000000   HWI_POLARITYMASK
00000002   HWI_RESERVED0
00000000   HWI_RESERVED0$hwi
00000003   HWI_RESERVED1
00000000   HWI_RESERVED1$hwi
00000000   HWI_RESET
00000000   HWI_RESET$hwi
00000001   HWI_ZEROTAB
00000001   IDL$
000106ec   IDL_A_CALBEG
0000efa8   IDL_A_TABBEG
00000006   IDL_CALIBRERROR
00004260   IDL_CALIBRFXN
000104a8   IDL_D_busyObj
00010238   IDL_D_calbeg
00010234   IDL_D_calibrate
00010230   IDL_D_tabbeg
0000efb4   IDL_END
000106f8   IDL_END$
00003e20   IDL_F_busy
00003fa0   IDL_F_calibrate
000043a0   IDL_F_loop
00004260   IDL_F_stub
00000001   IDL_USECLKIDLTIME
00010c64   IDL_busyObj
00010bfc   IDL_busyObj$avgfmt
00000001   IDL_busyObj$filter
00000001   IDL_busyObj$iA
00000000   IDL_busyObj$iB
00000001   IDL_busyObj$iC
00010bf6   IDL_busyObj$maxfmt
00000000   IDL_busyObj$operation
00010c60   IDL_busyObj$stsobj
00010bf9   IDL_busyObj$sumfmt
00000002   IDL_busyObj$unittype
0000efa8   IDL_cpuLoad
000106ec   IDL_cpuLoad$
ffffffff   IRAM
00000001   ISRC$
00002da0   KNL_glue
00010b40   KNL_swi
00000001   KNL_swi$dorta
00000000   KNL_swi$ord
00000000   KNL_swi$pri
00010c04   KNL_swi$sts
00010b6a   KNL_swi$sts$avgfmt
00000002   KNL_swi$sts$filter
00000001   KNL_swi$sts$filtmaxmult
00000001   KNL_swi$sts$filtsummult
00010b5a   KNL_swi$sts$maxfmt
00010c00   KNL_swi$sts$stsobj
00010b62   KNL_swi$sts$sumfmt
00000000   KNL_swi$sts$unittype
00000000   KNL_swi$swi
00000001   LCK$
00010d4c   LED_Toggle
00010d68   LED_Toggle$aaa
00000000   LED_Toggle$mode
00000005   LED_Toggle$ord
000003e8   LED_Toggle$period
00000000   LED_Toggle$prd
00010bf4   LED_Toggle$sts
00010b4f   LED_Toggle$sts$avgfmt
00000000   LED_Toggle$sts$filter
00010b3d   LED_Toggle$sts$maxfmt
00010bf0   LED_Toggle$sts$stsobj
00010b46   LED_Toggle$sts$sumfmt
00000002   LED_Toggle$sts$unittype
00010a34   LED_toggle
00000003   LED_toggle$ord
00000001   LED_toggle$pri
0000f930   LED_toggle$stack
0000fcc8   LED_toggle$stkptr
00010c54   LED_toggle$sts
00010bec   LED_toggle$sts$avgfmt
00000002   LED_toggle$sts$filter
00000001   LED_toggle$sts$filtmaxmult
00000001   LED_toggle$sts$filtsummult
00010bdc   LED_toggle$sts$maxfmt
00010c50   LED_toggle$sts$stsobj
00010be4   LED_toggle$sts$sumfmt
00000000   LED_toggle$sts$unittype
00000000   LED_toggle$tsk
00000200   LNK_F_checkBufferCall
00000280   LNK_F_dataPump
00000220   LNK_F_getChanPtr
00000278   LNK_F_init
000007c4   LNK_F_readCallBack
0000efac   LNK_dataPump
000106f0   LNK_dataPump$
00010460   LNK_dspFrameReadyMask
0001045c   LNK_dspFrameRequestMask
00000520   LNK_newin
00000660   LNK_newout
00000294   LNK_rcloop
00000360   LNK_rdrtry
00010468   LNK_readDone
0001046c   LNK_readFail
00010464   LNK_readPend
00000370   LNK_rrloop
00010470   LNK_writeFail
00000444   LNK_wrloop
00000434   LNK_wrrtry
00000001   LOG$
00010cc8   LOG_A_TABBEG
00010cf8   LOG_A_TABEND
00000002   LOG_A_TABLEN
0001023c   LOG_D_system
00000001   LOG_ENABLED
00003ea0   LOG_F_event
00010cc8   LOG_system
00010700   LOG_system$buf
00000000   LOG_system$datatype
00000000   LOG_system$log
00000040   LOG_system$size
00000000   MBX$
00000001   MEM$
00010428   MEM_MALLOCSEG
00000000   MEM_NULL
00010428   MEM_SEGZERO
00000000   MEM_USEMPC
00000001   MEM_gNumHeap
00000000   MSGQ$
00000000   MSGQ_USEMSGQ
00000000   OBJ$
00000000   PIP$
00010900   PIP_A_TABBEG
000109c8   PIP_A_TABEND
00000002   PIP_A_TABLEN
00010240   PIP_D_tabbeg
00010244   PIP_D_tablen
00002654   PIP_F_give
00002654   PIP_F_probe
00002728   PIP_F_start
000025c0   PIP_F_take
00000064   PIP_OBJSIZE
00000000   PIP_gNextId
00000002   PIP_gNumEmbed
00000000   POOL$
00000000   POOL_USEPOOL
00000001   PRD$
00010d4c   PRD_A_TABBEG
00010d6c   PRD_A_TABEND
00000001   PRD_A_TABLEN
00010280   PRD_D_cur
00010284   PRD_D_elapsed
00010288   PRD_D_prevtim
0001028c   PRD_D_scalar
00010290   PRD_D_swihandle
00010294   PRD_D_tabbeg
00010298   PRD_D_tablen
0001029c   PRD_D_thook
0001027c   PRD_D_tick
00001780   PRD_F_swi
00001a40   PRD_F_tick
00000008   PRD_SCALAR
00010b6c   PRD_SWIHANDLE
000025a0   PRD_THOOKFXN
0000efb8   PRD_clock
00010b6c   PRD_swi
00000001   PRD_swi$dorta
00000000   PRD_swi$ord
00000001   PRD_swi$pri
00010c14   PRD_swi$sts
00010b84   PRD_swi$sts$avgfmt
00000002   PRD_swi$sts$filter
00000001   PRD_swi$sts$filtmaxmult
00000001   PRD_swi$sts$filtsummult
00010b74   PRD_swi$sts$maxfmt
00010c10   PRD_swi$sts$stsobj
00010b7c   PRD_swi$sts$sumfmt
00000000   PRD_swi$sts$unittype
00000000   PRD_swi$swi
00010b98   Ping_SWI
00000001   Ping_SWI$dorta
00000001   Ping_SWI$ord
00000002   Ping_SWI$pri
00010c24   Ping_SWI$sts
00010b9e   Ping_SWI$sts$avgfmt
00000002   Ping_SWI$sts$filter
00000001   Ping_SWI$sts$filtmaxmult
00000001   Ping_SWI$sts$filtsummult
00010b8e   Ping_SWI$sts$maxfmt
00010c20   Ping_SWI$sts$stsobj
00010b96   Ping_SWI$sts$sumfmt
00000000   Ping_SWI$sts$unittype
00000000   Ping_SWI$swi
00010bc4   Pong_SWI
00000001   Pong_SWI$dorta
00000002   Pong_SWI$ord
00000002   Pong_SWI$pri
00010c34   Pong_SWI$sts
00010bb8   Pong_SWI$sts$avgfmt
00000002   Pong_SWI$sts$filter
00000001   Pong_SWI$sts$filtmaxmult
00000001   Pong_SWI$sts$filtsummult
00010ba8   Pong_SWI$sts$maxfmt
00010c30   Pong_SWI$sts$stsobj
00010bb0   Pong_SWI$sts$sumfmt
00000000   Pong_SWI$sts$unittype
00000000   Pong_SWI$swi
00000001   QUE$
000102a0   RTA_D_fromHost
000102a8   RTA_D_logval
000102b8   RTA_D_stsval
000102a4   RTA_D_toHost
000042a0   RTA_F_andn
00001ed8   RTA_F_dispatch
00001de0   RTA_F_getlog
00001e24   RTA_F_getsts
000042c0   RTA_F_or
00001e6c   RTA_F_readblk
00001e98   RTA_F_resetmem
00001e8c   RTA_F_writeword
0000efb0   RTA_dispatcher
000106f4   RTA_dispatcher$
00001f28   RTA_execute
000106b4   RTA_fromHost
0000dae4   RTA_fromHost$buf
00000004   RTA_fromHost$framesize
00000000   RTA_fromHost$hst
00000001   RTA_fromHost$id
00000000   RTA_fromHost$mode
00010900   RTA_fromHost$pipe
00010930   RTA_fromHost$pipe$aaa
00010960   RTA_fromHost$pipe$bbb
0001042c   RTA_fromHost$pipe$dtab
00010904   RTA_fromHost$pipe$rd
00010934   RTA_fromHost$pipe$wr
000106bc   RTA_fromHost$rtdx
000106d0   RTA_toHost
00010800   RTA_toHost$buf
00000040   RTA_toHost$framesize
00000000   RTA_toHost$hst
00000000   RTA_toHost$id
00000001   RTA_toHost$mode
00010964   RTA_toHost$pipe
00010994   RTA_toHost$pipe$aaa
000109c4   RTA_toHost$pipe$bbb
00010438   RTA_toHost$pipe$dtab
00010968   RTA_toHost$pipe$rd
00010998   RTA_toHost$pipe$wr
000106d8   RTA_toHost$rtdx
00000001   RTDX$
00000408   RTDX_BUFMEMSIZE
ffffffff   RTDX_DATAMEMSEG
00000000   RTDX_MODE
00000001   RTDX_NORMALIZED_HDR
00000001   RTDX_USERTDX
00000000   RTDX_USERTEXECUTION
00010428   SDRAM
80000000   SDRAM$B
00008000   SDRAM$L
00000001   SEM$
00000000   SIO$
00000001   STS$
00010bf0   STS_A_TABBEG
00010c70   STS_A_TABEND
00003f58   STS_F_add
00003f20   STS_F_delta
00003f84   STS_F_reset
00000001   SWI$
00010b40   SWI_A_TABBEG
00010bf0   SWI_A_TABEND
00000004   SWI_A_TABLEN
00010314   SWI_D_curfxn
00010304   SWI_D_curmask
00010310   SWI_D_curmbox
00010308   SWI_D_curset
00010300   SWI_D_execaddr
0001031c   SWI_D_inswi
0001030c   SWI_D_lock
00010318   SWI_D_rdybeg
00010320   SWI_D_rdytab
000102fc   SWI_D_runaddr
00000000   SWI_EHOOKFXN
00000ffc   SWI_EXECFXN
00000de0   SWI_F_enable
00000ffc   SWI_F_exec
00001028   SWI_F_iexec
00000e50   SWI_F_post
000010b8   SWI_F_run
00000000   SWI_IHOOKFXN
000010b8   SWI_RUNFXN
00000001   SYS$
00010d6c   SYS$config
000042e0   SYS_ABORTFXN
000043e0   SYS_ERRORFXN
00004400   SYS_EXITFXN
000041a0   SYS_PUTCFXN
00010d80   TRC_R_mask
00010d7c   TRC_cinit
00000001   TSK$
00000000   TSK_NUM_HOOKS
00000001   TSK_PRIORITY
00000000   TSK_READYFXN
00000000   TSK_STACKSEG
00000400   TSK_STACKSIZE
00000000   TSK_SWITCHFXN
00004360   TSK_VCREATEFXN
00004360   TSK_VDELETEFXN
00004360   TSK_VEXITFXN
000109d4   TSK_idle
00000001   TSK_idle$ord
00000000   TSK_idle$pri
0000fd30   TSK_idle$stack
000100c8   TSK_idle$stkptr
00010c44   TSK_idle$sts
00010bd2   TSK_idle$sts$avgfmt
00000002   TSK_idle$sts$filter
00000001   TSK_idle$sts$filtmaxmult
00000001   TSK_idle$sts$filtsummult
00010bc2   TSK_idle$sts$maxfmt
00010c40   TSK_idle$sts$stsobj
00010bca   TSK_idle$sts$sumfmt
00000000   TSK_idle$sts$unittype
00000000   TSK_idle$tsk
00000000   UDEV$
0000efc0   _BIOS_init
0000f1e4   _BIOS_start
00020000   _Bca0
0002e000   _Bca01
00022000   _Bca1
00032000   _Bca11
00026000   _Bca2
00030000   _Bca21
00028000   _Bcd1
0002c000   _Bcd1d
00024000   _Bcd2
0002a000   _Bcd21
000344f0   _Buffer_in_ping
000354f0   _Buffer_in_pong
000364f0   _Buffer_out_ping
000374f0   _Buffer_out_pong
0000dbba   _CLK_COUNTSPMS
00010490   _CLK_DFLTMICROSECS
00010278   _CLK_D_countspms
0001026c   _CLK_D_dirty
00010494   _CLK_D_microseconds
00010270   _CLK_D_prd
00010274   _CLK_D_tddr
00002f54   _CLK_F_itime
0000dbba   _CLK_PRD
01940000   _CLK_REGS
00000000   _CLK_TDDR
00000000   _CLK_TIMERNUM
00000001   _CLK_USETIMER
0001025c   _CLK_htimeDiv
00010260   _CLK_htimeMult
000104a0   _CLK_htimePerLtime
00002f54   _CLK_itime
00010264   _CLK_ltimeDiv
00010268   _CLK_ltimeMult
00003900   _CLK_measure
00004200   _CLK_start
00004320   _CLK_stop
00008520   _CSL6713_LIB_
00034000   _Cca0
00034080   _Cca1
00034180   _Cca2
00034200   _Ccd1
00034370   _Ccd1d
00034100   _Ccd2
000342f0   _Ccd21
000065c0   _Config_DSK6713_AIC23
000083a8   _DSK6713_DIP_get
000083a0   _DSK6713_DIP_init
00006ca0   _DSK6713_LED_init
00006ce0   _DSK6713_LED_off
00006d50   _DSK6713_LED_on
00006dc0   _DSK6713_LED_toggle
000062d4   _DSK6713_getVersion
00005f0c   _DSK6713_init
00006228   _DSK6713_rget
0000623c   _DSK6713_rset
0000efa4   _DSK6713_version
00006250   _DSK6713_wait
000062a8   _DSK6713_waitusec
00007200   _EDMA_allocTable
00008420   _EDMA_disableChannel
00008480   _EDMA_enableChannel
00007ce0   _EDMA_intAlloc
000057d8   _EDMA_interrupt_service
00006340   _EDMA_open
00007820   _EDMA_reset
00004360   _FXN_F_nop
00003da8   _FXN_F_run
00003df8   _FXN_F_zero
00000000   _GBL_CACHE
000102d4   _GBL_clkIn
00003580   _GBL_cslCacheInit
000102d8   _GBL_freq
00004380   _GBL_getVersion
000102d0   _GBL_procId
00007568   _GBL_setPLLto225MHz
000106b0   _HST_A_TABBEG
000106ec   _HST_A_TABEND
00004108   _HWI_CFGDISPATCHED
00010450   _HWI_D_inhwi
00010444   _HWI_D_spsave
00001320   _HWI_F_dispatch
0000000a   _HWI_INT10
0000000b   _HWI_INT11
0000000c   _HWI_INT12
0000000d   _HWI_INT13
0000000e   _HWI_INT14
0000000f   _HWI_INT15
00000004   _HWI_INT4
00000005   _HWI_INT5
00000006   _HWI_INT6
00000007   _HWI_INT7
00000008   _HWI_INT8
00000009   _HWI_INT9
00000001   _HWI_NMI
00000002   _HWI_RESERVED0
00000003   _HWI_RESERVED1
00000000   _HWI_RESET
0000c5b8   _HWI_STKBOTTOM
000085c0   _HWI_STKTOP
00010444   _HWI_data
00004020   _HWI_disable
00010130   _HWI_dispatchTab
00004038   _HWI_enable
0000404c   _HWI_restore
00010c64   _IDL_busyObj
0000efa8   _IDL_cpuLoad
000043a0   _IDL_loop
ffffffff   _IRAM
00006e80   _IRQ_map
000103a0   _KNL_alarm
00003440   _KNL_check
000103c4   _KNL_curqueue
000103b4   _KNL_curtask
000103bc   _KNL_curtime
0000ecbc   _KNL_dummy
000036b4   _KNL_enter
00003660   _KNL_exit
00003518   _KNL_idle
000103dc   _KNL_idlefxn
000103a8   _KNL_inactive
000039e0   _KNL_ipost
0000353c   _KNL_max
000103c8   _KNL_maxqueue
00003aa0   _KNL_post
000103b8   _KNL_prevtask
000103ac   _KNL_priority
0000ec1c   _KNL_queues
00001b20   _KNL_run
00002c20   _KNL_saveIsrFrame
000103b0   _KNL_set
000103a4   _KNL_setpri
00010b40   _KNL_swi
000103c0   _KNL_swiptr
00002cec   _KNL_switch
000103d0   _KNL_tcreatefxn
000103d4   _KNL_tdeletefxn
000025a0   _KNL_tick
000103d8   _KNL_treadyfxn
000103cc   _KNL_tswitchfxn
00010398   _KNL_wFlag
0001039c   _KNL_wList
00003b90   _LCK_pend
00003b60   _LCK_post
00010d4c   _LED_Toggle
00010a34   _LED_toggle
0000efac   _LNK_dataPump
00010460   _LNK_dspFrameReadyMask
0001045c   _LNK_dspFrameRequestMask
00010468   _LNK_readDone
0001046c   _LNK_readFail
00010464   _LNK_readPend
00010470   _LNK_writeFail
00010cc8   _LOG_A_TABBEG
00010cf8   _LOG_A_TABEND
00000002   _LOG_A_TABLEN
0001023c   _LOG_D_system
00003ea0   _LOG_event
00010cc8   _LOG_system
00007de0   _MCBSP_open
000073a0   _MCBSP_reset
00007ee0   _MCBSP_start
000104ac   _MEM
000102dc   _MEM_D_NUMSEGMENTS
000102e4   _MEM_D_freelist
000102e8   _MEM_D_lockaddr
000102e0   _MEM_D_memtab
000102ec   _MEM_D_unlockaddr
0000f2a0   _MEM_init
0001041c   _MEM_memtab
0000f4c0   _OBJ_init
0000ed88   _OBJ_segtab
0000ed50   _OBJ_table
00010900   _PIP_A_TABBEG
000109c8   _PIP_A_TABEND
0001027c   _PRD_D_tick
0000efb8   _PRD_clock
00010b6c   _PRD_swi
00010b98   _Ping_SWI
00010bc4   _Pong_SWI
0000efb0   _RTA_dispatcher
000106b4   _RTA_fromHost
000106d0   _RTA_toHost
0000f4e0   _RTDX_Buffer
0000f8ec   _RTDX_Buffer_End
0000e7e0   _RTDX_Buffer_Initialize
0000e920   _RTDX_Buffer_Read
0000e840   _RTDX_Buffer_ReadCB
0000e8a0   _RTDX_Buffer_Size
0000f8e8   _RTDX_Buffer_Start
0000e940   _RTDX_Buffer_Write
0000df00   _RTDX_Buffer_WriteCB
0000e8e0   _RTDX_Final_RT_Monitor
0000e760   _RTDX_Init_RT_Monitor
00000002   _RTDX_JTAGONLY
0000e980   _RTDX_Mask_IER
0000e540   _RTDX_Mon_Queue
0000db00   _RTDX_Poll
00000000   _RTDX_interrupt_mask
0000f8fc   _RTDX_writing
00010428   _SDRAM
80000000   _SDRAM_base
00008000   _SDRAM_length
00010d04   _SEM_LEDToggle
000040e0   _SEM_pend
00004080   _SEM_pendBinary
000020a0   _SEM_pendEnterKnl
00003820   _SEM_post
00003820   _SEM_postBinary
00003740   _SEM_postEnterKnl
00010bf0   _STS_A_TABBEG
00010c70   _STS_A_TABEND
00003f58   _STS_add
00003f20   _STS_delta
00003f84   _STS_reset
000043c0   _STS_set
00010314   _SWI_D_curfxn
00010304   _SWI_D_curmask
00010308   _SWI_D_curset
00010300   _SWI_D_execaddr
0001031c   _SWI_D_inswi
0001030c   _SWI_D_lock
00010318   _SWI_D_rdybeg
000102fc   _SWI_D_runaddr
000057ac   _SWI_LEDToggle
000102fc   _SWI_data
00000e50   _SWI_post
000102f0   _SYS
000104b0   _SYS_PUTCBEG
000106af   _SYS_PUTCEND
00004140   _SYS_abort
00003c20   _SYS_exit
0000ef50   _SYS_exitStack
00010498   _SYS_exitStackPtr
0001049c   _SYS_exitStackTop
00007960   _TIMER_open
00007aa0   _TIMER_reset
00010d80   _TRC_R_mask
0001048c   _TSK
0000ecf4   _TSK_ATTRS
0000ed10   _TSK_config
00002fa0   _TSK_exit
000109d4   _TSK_idle
0000f440   _TSK_init
00010484   _TSK_nTasks
00010488   _TSK_pid
00002a20   _TSK_setup
00003380   _TSK_startup
0000ed30   _TSK_timerSem
000042e0   _UTL_doAbort
000043e0   _UTL_doError
000041a0   _UTL_doPutc
00004400   _UTL_halt
00002f70   __CLK_lat1beg
00002f9c   __CLK_lat1end
00006a80   __CSL_init
00000c34   __GBL_setL2CacheMode
000102f8   __HOOK_NUMHOOKS
000102f4   __HOOK_knlId
00001320   __HWI_lat1beg
000014a0   __HWI_lat1end
000014a0   __HWI_lat2beg
00001640   __HWI_lat2end1
000015cc   __HWI_lat2end2
00001660   __HWI_lat3beg
00001760   __HWI_lat3end1
000015fc   __HWI_lat3end2
00003e20   __IDL_lat1beg
00003e70   __IDL_lat1end
0000ec14   __IRQ_dispatchTable
0000eb50   __IRQ_eventTable
000085a0   __IRQ_hookFetchPacket
00008260   __IRQ_init
0000ebd4   __IRQ_intTable
00003490   __KNL_lat1beg
00003518   __KNL_lat1end
00003ea0   __LOG_lat1beg
0000eec8   __MCBSP_hDev0
0000eecc   __MCBSP_hDev1
0000ee20   __MEM_mutex
00001e98   __RTA_lat1beg
00001ed0   __RTA_lat1end
00002800   __SEM_dopost
0000c5c0   __STACK_END
00004000   __STACK_SIZE
00000f8c   __SWI_lat1beg
00001040   __SWI_lat1end
00001044   __SWI_lat2beg
000010b4   __SWI_lat2end
00000de0   __SWI_lat3beg
00000e4c   __SWI_lat3end
0000ef2c   __TIMER_deviceTable
0000ef4c   __TIMER_hBios
0000ef44   __TIMER_hDev0
0000ef48   __TIMER_hDev1
0000edf8   __TSK_mutex
0000ef94   ___TI_enable_exit_profile_output
ffffffff   ___TI_pprof_out_hndl
ffffffff   ___TI_prof_data_size
ffffffff   ___TI_prof_data_start
000084e0   ___add_dtor
0000e9a0   ___atexit_func_id__
ffffffff   ___binit__
00010130   ___bss__
ffffffff   ___c_args__
0000c5c0   ___cinit__
00000000   ___data__
00000000   ___edata__
000104b0   ___end__
000085c0   ___etext__
0000daf4   ___pinit__
00004420   ___text__
00003140   __auto_init
00007bc0   __c6xabi_divi
0000ef8c   __cleanup_ptr
00007bc0   __divi
0000ef90   __dtors_ptr
0000ef98   __lock
00008540   __nop
00008560   __register_lock
00008580   __register_unlock
000085c0   __stack
00007fe0   __strasg
0000ef9c   __unlock
000080c0   _atexit
00005cd0   _att
0000f380   _c_int00
000076c0   _call_dtors
0000ee68   _configEDMARcv
0000ee80   _configEDMAXmt
00004b70   _config_EDMA
00005554   _config_interrupts
00005c08   _convertToFloat
00005c6c   _convertToShort
0000ee48   _datainterface_config
00005d34   _delay
0000efa0   _dtors
000343f0   _g00
00034430   _g01
00034470   _h00
000344b0   _h01
000103f0   _hEdmaRcv
000103f8   _hEdmaReloadRcvPing
00010400   _hEdmaReloadRcvPong
000103fc   _hEdmaReloadXmtPing
00010404   _hEdmaReloadXmtPong
000103f4   _hEdmaXmt
00010408   _hMcbsp
00004858   _initBuffers
000055c0   _main
00006840   _memcpy
00010ce0   _myLOG
ffffffff   _myMEM
0000446c   _process
00005998   _processStereoFir
00004828   _process_ping_SWI
000047f8   _process_pong_SWI
0001047c   _rtdxNullChanCnt
00010480   _rtdxNullFuncCnt
0000f8f0   _rtdx_buffer_state
0000f910   _rtdx_mon_state
00006790   _set_aic23_register
00005960   _stupidMemCopy
00005e34   _sum
0000edb8   _tccAllocTable
000103e0   _tccRcvPing
000103e4   _tccRcvPong
000103e8   _tccXmtPing
000103ec   _tccXmtPong
00004420   _tsk_led_toggle
00007540   _wait500nS
ffffffff   binit
0000c5c0   cinit
00000000   edata
000104b0   end
000085c0   etext
00000000   hwi0
00000020   hwi1
00000140   hwi10
00000160   hwi11
00000180   hwi12
000001a0   hwi13
000001c0   hwi14
000001e0   hwi15
00000040   hwi2
00000060   hwi3
00000080   hwi4
000000a0   hwi5
000000c0   hwi6
000000e0   hwi7
00000100   hwi8
00000120   hwi9
00010ce0   myLOG
80008000   myLOG$buf
00000001   myLOG$datatype
00000000   myLOG$log
00000020   myLOG$size
ffffffff   myMEM
0000daf4   pinit


GLOBAL SYMBOLS: SORTED BY Symbol Address 

address    name
--------   ----
00000000   .data
00000000   BUF$
00000000   CLK_COUNTSPMSHIGH
00000000   CLK_PRDHIGH
00000000   CLK_TDDR
00000000   CLK_TDDRHIGH
00000000   CLK_TIMERNUM
00000000   DEV$
00000000   DGN$
00000000   DHL$
00000000   DHL_gChannelsAvailable
00000000   DIO$
00000000   DIO_NUMSWIBASE
00000000   DIO_NUMTSKBASE
00000000   DIO_STATIC
00000000   DPI$
00000000   GBL_BIGENDIAN
00000000   GBL_C641XL2PRIORITY
00000000   GBL_CACHE
00000000   GBL_L2CONFIGALLOC
00000000   GBL_L2MARMASK1
00000000   GBL_L2MARMASK2
00000000   GBL_L2MARMASK3
00000000   GBL_L2MARMASK4
00000000   GBL_L2MARMASK5
00000000   GBL_L2MODE
00000000   GBL_L2PRIORITY
00000000   GBL_NULL
00000000   GBL_PROCID
00000000   GBL_ROM
00000000   GBL_SUPPORTCSL
00000000   GIO$
00000000   HOOK$
00000000   HOOK_KNLID
00000000   HST_DSM
00000000   HST_NONE
00000000   HWI_A_VECS
00000000   HWI_GENERATE_RESET_VEC
00000000   HWI_INT10$hwi
00000000   HWI_INT11$hwi
00000000   HWI_INT12$hwi
00000000   HWI_INT13$hwi
00000000   HWI_INT14$hwi
00000000   HWI_INT15$hwi
00000000   HWI_INT4$hwi
00000000   HWI_INT5$hwi
00000000   HWI_INT6$hwi
00000000   HWI_INT7$hwi
00000000   HWI_INT8$hwi
00000000   HWI_INT9$hwi
00000000   HWI_NMI$hwi
00000000   HWI_POLARITYMASK
00000000   HWI_RESERVED0$hwi
00000000   HWI_RESERVED1$hwi
00000000   HWI_RESET
00000000   HWI_RESET$hwi
00000000   IDL_busyObj$iB
00000000   IDL_busyObj$operation
00000000   KNL_swi$ord
00000000   KNL_swi$pri
00000000   KNL_swi$sts$unittype
00000000   KNL_swi$swi
00000000   LED_Toggle$mode
00000000   LED_Toggle$prd
00000000   LED_Toggle$sts$filter
00000000   LED_toggle$sts$unittype
00000000   LED_toggle$tsk
00000000   LOG_system$datatype
00000000   LOG_system$log
00000000   MBX$
00000000   MEM_NULL
00000000   MEM_USEMPC
00000000   MSGQ$
00000000   MSGQ_USEMSGQ
00000000   OBJ$
00000000   PIP$
00000000   PIP_gNextId
00000000   POOL$
00000000   POOL_USEPOOL
00000000   PRD_swi$ord
00000000   PRD_swi$sts$unittype
00000000   PRD_swi$swi
00000000   Ping_SWI$sts$unittype
00000000   Ping_SWI$swi
00000000   Pong_SWI$sts$unittype
00000000   Pong_SWI$swi
00000000   RTA_fromHost$hst
00000000   RTA_fromHost$mode
00000000   RTA_toHost$hst
00000000   RTA_toHost$id
00000000   RTDX_MODE
00000000   RTDX_USERTEXECUTION
00000000   SIO$
00000000   SWI_EHOOKFXN
00000000   SWI_IHOOKFXN
00000000   TSK_NUM_HOOKS
00000000   TSK_READYFXN
00000000   TSK_STACKSEG
00000000   TSK_SWITCHFXN
00000000   TSK_idle$pri
00000000   TSK_idle$sts$unittype
00000000   TSK_idle$tsk
00000000   UDEV$
00000000   _CLK_TDDR
00000000   _CLK_TIMERNUM
00000000   _GBL_CACHE
00000000   _HWI_RESET
00000000   _RTDX_interrupt_mask
00000000   ___data__
00000000   ___edata__
00000000   edata
00000000   hwi0
00000000   myLOG$log
00000001   BUF_ENABLED
00000001   CLK$
00000001   CLK_CALDIV
00000001   CLK_HTIMEDIV
00000001   CLK_LTIMEDIV
00000001   CLK_USETIMER
00000001   GBL$
00000001   GBL_CALLCSLCFGINIT
00000001   GBL_ENABLEINST
00000001   GBL_L2CONFIGURE
00000001   GBL_L2MARMASK
00000001   GBL_USERINIT
00000001   GBL_boot
00000001   HST$
00000001   HST_RTDX
00000001   HWI$
00000001   HWI_NMI
00000001   HWI_ZEROTAB
00000001   IDL$
00000001   IDL_USECLKIDLTIME
00000001   IDL_busyObj$filter
00000001   IDL_busyObj$iA
00000001   IDL_busyObj$iC
00000001   ISRC$
00000001   KNL_swi$dorta
00000001   KNL_swi$sts$filtmaxmult
00000001   KNL_swi$sts$filtsummult
00000001   LCK$
00000001   LED_toggle$pri
00000001   LED_toggle$sts$filtmaxmult
00000001   LED_toggle$sts$filtsummult
00000001   LOG$
00000001   LOG_ENABLED
00000001   MEM$
00000001   MEM_gNumHeap
00000001   PRD$
00000001   PRD_A_TABLEN
00000001   PRD_swi$dorta
00000001   PRD_swi$pri
00000001   PRD_swi$sts$filtmaxmult
00000001   PRD_swi$sts$filtsummult
00000001   Ping_SWI$dorta
00000001   Ping_SWI$ord
00000001   Ping_SWI$sts$filtmaxmult
00000001   Ping_SWI$sts$filtsummult
00000001   Pong_SWI$dorta
00000001   Pong_SWI$sts$filtmaxmult
00000001   Pong_SWI$sts$filtsummult
00000001   QUE$
00000001   RTA_fromHost$id
00000001   RTA_toHost$mode
00000001   RTDX$
00000001   RTDX_NORMALIZED_HDR
00000001   RTDX_USERTDX
00000001   SEM$
00000001   STS$
00000001   SWI$
00000001   SYS$
00000001   TSK$
00000001   TSK_PRIORITY
00000001   TSK_idle$ord
00000001   TSK_idle$sts$filtmaxmult
00000001   TSK_idle$sts$filtsummult
00000001   _CLK_USETIMER
00000001   _HWI_NMI
00000001   myLOG$datatype
00000002   HWI_RESERVED0
00000002   IDL_busyObj$unittype
00000002   KNL_swi$sts$filter
00000002   LED_Toggle$sts$unittype
00000002   LED_toggle$sts$filter
00000002   LOG_A_TABLEN
00000002   PIP_A_TABLEN
00000002   PIP_gNumEmbed
00000002   PRD_swi$sts$filter
00000002   Ping_SWI$pri
00000002   Ping_SWI$sts$filter
00000002   Pong_SWI$ord
00000002   Pong_SWI$pri
00000002   Pong_SWI$sts$filter
00000002   TSK_idle$sts$filter
00000002   _HWI_RESERVED0
00000002   _LOG_A_TABLEN
00000002   _RTDX_JTAGONLY
00000003   HWI_RESERVED1
00000003   LED_toggle$ord
00000003   _HWI_RESERVED1
00000004   CLK_CALMULT
00000004   CLK_HTIMEMULT
00000004   HWI_INT4
00000004   RTA_fromHost$framesize
00000004   SWI_A_TABLEN
00000004   _HWI_INT4
00000005   HWI_INT5
00000005   LED_Toggle$ord
00000005   _HWI_INT5
00000006   HWI_INT6
00000006   IDL_CALIBRERROR
00000006   _HWI_INT6
00000007   HWI_INT7
00000007   _HWI_INT7
00000008   HWI_INT8
00000008   PRD_SCALAR
00000008   _HWI_INT8
00000009   HWI_INT9
00000009   _HWI_INT9
0000000a   HWI_INT10
0000000a   _HWI_INT10
0000000b   HWI_INT11
0000000b   _HWI_INT11
0000000c   HWI_INT12
0000000c   _HWI_INT12
0000000d   HWI_INT13
0000000d   _HWI_INT13
0000000e   HWI_INT14
0000000e   _HWI_INT14
0000000f   HWI_INT15
0000000f   _HWI_INT15
00000020   CLK_TCR
00000020   hwi1
00000020   myLOG$size
0000003e   GBL_DSPTYPE
00000040   HST_MAXFRAMESET
00000040   LOG_system$size
00000040   RTA_toHost$framesize
00000040   hwi2
00000042   GBL_FOOTPRINT
00000060   hwi3
00000064   PIP_OBJSIZE
00000080   hwi4
000000a0   hwi5
000000c0   hwi6
000000e0   hwi7
000000ff   HST_MAXFRAMEALLOWED
00000100   hwi8
00000120   hwi9
00000140   hwi10
00000160   hwi11
00000180   hwi12
000001a0   hwi13
000001c0   hwi14
000001e0   hwi15
00000200   LNK_F_checkBufferCall
00000220   LNK_F_getChanPtr
00000278   LNK_F_init
00000280   LNK_F_dataPump
00000294   LNK_rcloop
00000360   LNK_rdrtry
00000370   LNK_rrloop
000003e8   CLK_MICROSECS
000003e8   LED_Toggle$period
00000400   HST_DSMMEMSIZE
00000400   TSK_STACKSIZE
00000408   RTDX_BUFMEMSIZE
00000434   LNK_wrrtry
00000444   LNK_wrloop
00000520   LNK_newin
00000660   LNK_newout
000007c4   LNK_F_readCallBack
00000c34   __GBL_setL2CacheMode
00000de0   SWI_F_enable
00000de0   __SWI_lat3beg
00000e4c   __SWI_lat3end
00000e50   SWI_F_post
00000e50   _SWI_post
00000f8c   __SWI_lat1beg
00000ffc   SWI_EXECFXN
00000ffc   SWI_F_exec
00001028   SWI_F_iexec
00001040   __SWI_lat1end
00001044   __SWI_lat2beg
000010b4   __SWI_lat2end
000010b8   SWI_F_run
000010b8   SWI_RUNFXN
00001320   CLK_HOOKFXN
00001320   HWI_F_dispatch
00001320   _HWI_F_dispatch
00001320   __HWI_lat1beg
000014a0   __HWI_lat1end
000014a0   __HWI_lat2beg
000015cc   __HWI_lat2end2
000015fc   __HWI_lat3end2
00001640   __HWI_lat2end1
00001660   __HWI_lat3beg
00001760   __HWI_lat3end1
00001770   GBL_CLKTYPE
00001780   PRD_F_swi
00001a39   GBL_DSPSUBTYPE
00001a40   PRD_F_tick
00001b20   _KNL_run
00001de0   RTA_F_getlog
00001e24   RTA_F_getsts
00001e6c   RTA_F_readblk
00001e8c   RTA_F_writeword
00001e98   RTA_F_resetmem
00001e98   __RTA_lat1beg
00001ed0   __RTA_lat1end
00001ed8   RTA_F_dispatch
00001f28   RTA_execute
000020a0   _SEM_pendEnterKnl
00002226   GBL_L2ALLOC
000025a0   PRD_THOOKFXN
000025a0   _KNL_tick
000025c0   PIP_F_take
00002654   PIP_F_give
00002654   PIP_F_probe
00002728   PIP_F_start
00002800   __SEM_dopost
00002a20   _TSK_setup
00002c20   _KNL_saveIsrFrame
00002cec   _KNL_switch
00002da0   KNL_glue
00002de0   CLK_F_getltime
00002df4   CLK_F_isr
00002f54   CLK_F_itime
00002f54   _CLK_F_itime
00002f54   _CLK_itime
00002f70   __CLK_lat1beg
00002f9c   __CLK_lat1end
00002fa0   _TSK_exit
00003140   __auto_init
00003380   _TSK_startup
00003440   _KNL_check
00003490   __KNL_lat1beg
00003518   _KNL_idle
00003518   __KNL_lat1end
0000353c   _KNL_max
00003580   _GBL_cslCacheInit
00003660   _KNL_exit
000036b4   _KNL_enter
00003740   _SEM_postEnterKnl
00003820   _SEM_post
00003820   _SEM_postBinary
00003900   _CLK_measure
000039e0   _KNL_ipost
00003aa0   _KNL_post
00003b60   _LCK_post
00003b90   _LCK_pend
00003c20   _SYS_exit
00003ce0   CLK_F_getfhtime
00003d00   CLK_F_gethtime
00003d00   CLK_F_getshtime
00003d00   CLK_TIMEFXN
00003da0   FXN_F_nop
00003da8   FXN_F_run
00003da8   _FXN_F_run
00003df8   FXN_F_zero
00003df8   _FXN_F_zero
00003e20   IDL_F_busy
00003e20   __IDL_lat1beg
00003e70   __IDL_lat1end
00003ea0   LOG_F_event
00003ea0   _LOG_event
00003ea0   __LOG_lat1beg
00003f20   STS_F_delta
00003f20   _STS_delta
00003f58   STS_F_add
00003f58   _STS_add
00003f84   STS_F_reset
00003f84   _STS_reset
00003fa0   IDL_F_calibrate
00004000   CLK_INTBIT
00004000   __STACK_SIZE
00004020   _HWI_disable
00004038   _HWI_enable
0000404c   _HWI_restore
00004080   _SEM_pendBinary
000040e0   _SEM_pend
00004108   HWI_CFGDISPATCHED
00004108   _HWI_CFGDISPATCHED
00004140   _SYS_abort
000041a0   SYS_PUTCFXN
000041a0   _UTL_doPutc
00004200   _CLK_start
00004260   IDL_CALIBRFXN
00004260   IDL_F_stub
000042a0   RTA_F_andn
000042c0   RTA_F_or
000042e0   SYS_ABORTFXN
000042e0   _UTL_doAbort
00004320   _CLK_stop
00004360   GIO_CREATEFXN
00004360   GIO_DELETEFXN
00004360   GIO_PENDFXN
00004360   GIO_POSTFXN
00004360   TSK_VCREATEFXN
00004360   TSK_VDELETEFXN
00004360   TSK_VEXITFXN
00004360   _FXN_F_nop
00004380   _GBL_getVersion
000043a0   IDL_F_loop
000043a0   _IDL_loop
000043c0   _STS_set
000043e0   SYS_ERRORFXN
000043e0   _UTL_doError
00004400   SYS_EXITFXN
00004400   _UTL_halt
00004420   .text
00004420   ___text__
00004420   _tsk_led_toggle
0000446c   _process
000047f8   _process_pong_SWI
00004828   _process_ping_SWI
00004858   _initBuffers
00004b70   _config_EDMA
00004e20   GBL_CLKIN
00005205   GBL_A_VERSION
00005554   _config_interrupts
000055c0   _main
000057ac   _SWI_LEDToggle
000057d8   _EDMA_interrupt_service
00005960   _stupidMemCopy
00005998   _processStereoFir
00005c08   _convertToFloat
00005c6c   _convertToShort
00005cd0   _att
00005d34   _delay
00005e34   _sum
00005f0c   _DSK6713_init
00006228   _DSK6713_rget
0000623c   _DSK6713_rset
00006250   _DSK6713_wait
000062a8   _DSK6713_waitusec
000062d4   _DSK6713_getVersion
00006340   _EDMA_open
000065c0   _Config_DSK6713_AIC23
00006790   _set_aic23_register
00006840   _memcpy
00006a80   __CSL_init
00006ca0   _DSK6713_LED_init
00006ce0   _DSK6713_LED_off
00006d50   _DSK6713_LED_on
00006dc0   _DSK6713_LED_toggle
00006e80   _IRQ_map
00007200   _EDMA_allocTable
000073a0   _MCBSP_reset
00007540   _wait500nS
00007568   GBL_USERINITFXN
00007568   _GBL_setPLLto225MHz
000076c0   _call_dtors
00007820   _EDMA_reset
00007960   _TIMER_open
00007aa0   _TIMER_reset
00007bc0   __c6xabi_divi
00007bc0   __divi
00007ce0   _EDMA_intAlloc
00007de0   _MCBSP_open
00007ee0   _MCBSP_start
00007fe0   __strasg
00008000   SDRAM$L
00008000   _SDRAM_length
000080c0   _atexit
00008260   __IRQ_init
000083a0   _DSK6713_DIP_init
000083a8   _DSK6713_DIP_get
00008420   _EDMA_disableChannel
00008480   _EDMA_enableChannel
000084e0   ___add_dtor
00008520   _CSL6713_LIB_
00008540   __nop
00008560   __register_lock
00008580   __register_unlock
000085a0   __IRQ_hookFetchPacket
000085c0   GBL_stackbeg
000085c0   _HWI_STKTOP
000085c0   ___etext__
000085c0   __stack
000085c0   etext
0000c5b8   _HWI_STKBOTTOM
0000c5bf   GBL_stackend
0000c5c0   __STACK_END
0000c5c0   ___cinit__
0000c5c0   cinit
0000dae4   RTA_fromHost$buf
0000daf4   ___pinit__
0000daf4   pinit
0000db00   _RTDX_Poll
0000dbba   CLK_COUNTSPMS
0000dbba   CLK_HTIMEPERLTIME
0000dbba   CLK_PRD
0000dbba   _CLK_COUNTSPMS
0000dbba   _CLK_PRD
0000dbef   GBL_TRCMASKVALUE
0000df00   _RTDX_Buffer_WriteCB
0000e540   _RTDX_Mon_Queue
0000e760   _RTDX_Init_RT_Monitor
0000e7e0   _RTDX_Buffer_Initialize
0000e840   _RTDX_Buffer_ReadCB
0000e8a0   _RTDX_Buffer_Size
0000e8e0   _RTDX_Final_RT_Monitor
0000e920   _RTDX_Buffer_Read
0000e940   _RTDX_Buffer_Write
0000e980   _RTDX_Mask_IER
0000e9a0   ___atexit_func_id__
0000eb50   __IRQ_eventTable
0000ebd4   __IRQ_intTable
0000ec14   __IRQ_dispatchTable
0000ec1c   _KNL_queues
0000ecbc   _KNL_dummy
0000ecf4   _TSK_ATTRS
0000ed10   _TSK_config
0000ed30   _TSK_timerSem
0000ed50   _OBJ_table
0000ed88   _OBJ_segtab
0000edb8   _tccAllocTable
0000edf8   __TSK_mutex
0000ee20   __MEM_mutex
0000ee48   _datainterface_config
0000ee68   _configEDMARcv
0000ee80   _configEDMAXmt
0000eec8   __MCBSP_hDev0
0000eecc   __MCBSP_hDev1
0000ef2c   __TIMER_deviceTable
0000ef44   __TIMER_hDev0
0000ef48   __TIMER_hDev1
0000ef4c   __TIMER_hBios
0000ef50   _SYS_exitStack
0000ef8c   __cleanup_ptr
0000ef90   __dtors_ptr
0000ef94   ___TI_enable_exit_profile_output
0000ef98   __lock
0000ef9c   __unlock
0000efa0   _dtors
0000efa4   _DSK6713_version
0000efa8   IDL_A_TABBEG
0000efa8   IDL_cpuLoad
0000efa8   _IDL_cpuLoad
0000efac   LNK_dataPump
0000efac   _LNK_dataPump
0000efb0   RTA_dispatcher
0000efb0   _RTA_dispatcher
0000efb4   IDL_END
0000efb8   CLK_A_TABBEG
0000efb8   PRD_clock
0000efb8   _PRD_clock
0000efbc   CLK_null
0000efc0   BIOS_init
0000efc0   _BIOS_init
0000f13c   BIOS$$CLKON
0000f17c   BIOS$$CLKOFF
0000f1e4   BIOS_start
0000f1e4   _BIOS_start
0000f2a0   _MEM_init
0000f380   _c_int00
0000f440   _TSK_init
0000f4c0   _OBJ_init
0000f4e0   _RTDX_Buffer
0000f8e8   _RTDX_Buffer_Start
0000f8ec   _RTDX_Buffer_End
0000f8f0   _rtdx_buffer_state
0000f8fc   _RTDX_writing
0000f910   _rtdx_mon_state
0000f930   LED_toggle$stack
0000fcc8   LED_toggle$stkptr
0000fd30   TSK_idle$stack
000100c8   TSK_idle$stkptr
00010130   $bss
00010130   .bss
00010130   _HWI_dispatchTab
00010130   ___bss__
00010230   IDL_D_tabbeg
00010234   IDL_D_calibrate
00010238   IDL_D_calbeg
0001023c   LOG_D_system
0001023c   _LOG_D_system
00010240   PIP_D_tabbeg
00010244   PIP_D_tablen
00010248   CLK_R_time
0001024c   CLK_D_timefxn
00010250   CLK_D_tabbeg
00010254   CLK_D_isrhook
00010258   CLK_D_idletime
0001025c   _CLK_htimeDiv
00010260   _CLK_htimeMult
00010264   _CLK_ltimeDiv
00010268   _CLK_ltimeMult
0001026c   _CLK_D_dirty
00010270   _CLK_D_prd
00010274   _CLK_D_tddr
00010278   _CLK_D_countspms
0001027c   PRD_D_tick
0001027c   _PRD_D_tick
00010280   PRD_D_cur
00010284   PRD_D_elapsed
00010288   PRD_D_prevtim
0001028c   PRD_D_scalar
00010290   PRD_D_swihandle
00010294   PRD_D_tabbeg
00010298   PRD_D_tablen
0001029c   PRD_D_thook
000102a0   RTA_D_fromHost
000102a4   RTA_D_toHost
000102a8   RTA_D_logval
000102b8   RTA_D_stsval
000102c4   HST_D_chanmask
000102c8   HST_D_tabbeg
000102cc   HST_D_tabend
000102d0   _GBL_procId
000102d4   _GBL_clkIn
000102d8   _GBL_freq
000102dc   _MEM_D_NUMSEGMENTS
000102e0   _MEM_D_memtab
000102e4   _MEM_D_freelist
000102e8   _MEM_D_lockaddr
000102ec   _MEM_D_unlockaddr
000102f0   _SYS
000102f4   __HOOK_knlId
000102f8   __HOOK_NUMHOOKS
000102fc   SWI_D_runaddr
000102fc   _SWI_D_runaddr
000102fc   _SWI_data
00010300   SWI_D_execaddr
00010300   _SWI_D_execaddr
00010304   SWI_D_curmask
00010304   _SWI_D_curmask
00010308   SWI_D_curset
00010308   _SWI_D_curset
0001030c   SWI_D_lock
0001030c   _SWI_D_lock
00010310   SWI_D_curmbox
00010314   SWI_D_curfxn
00010314   _SWI_D_curfxn
00010318   SWI_D_rdybeg
00010318   _SWI_D_rdybeg
0001031c   SWI_D_inswi
0001031c   _SWI_D_inswi
00010320   SWI_D_rdytab
00010398   _KNL_wFlag
0001039c   _KNL_wList
000103a0   _KNL_alarm
000103a4   _KNL_setpri
000103a8   _KNL_inactive
000103ac   _KNL_priority
000103b0   _KNL_set
000103b4   _KNL_curtask
000103b8   _KNL_prevtask
000103bc   _KNL_curtime
000103c0   _KNL_swiptr
000103c4   _KNL_curqueue
000103c8   _KNL_maxqueue
000103cc   _KNL_tswitchfxn
000103d0   _KNL_tcreatefxn
000103d4   _KNL_tdeletefxn
000103d8   _KNL_treadyfxn
000103dc   _KNL_idlefxn
000103e0   _tccRcvPing
000103e4   _tccRcvPong
000103e8   _tccXmtPing
000103ec   _tccXmtPong
000103f0   _hEdmaRcv
000103f4   _hEdmaXmt
000103f8   _hEdmaReloadRcvPing
000103fc   _hEdmaReloadXmtPing
00010400   _hEdmaReloadRcvPong
00010404   _hEdmaReloadXmtPong
00010408   _hMcbsp
0001041c   _MEM_memtab
00010428   MEM_MALLOCSEG
00010428   MEM_SEGZERO
00010428   SDRAM
00010428   _SDRAM
0001042c   RTA_fromHost$pipe$dtab
00010438   RTA_toHost$pipe$dtab
00010444   HWI_D_spsave
00010444   _HWI_D_spsave
00010444   _HWI_data
00010450   _HWI_D_inhwi
00010454   HWI_D_bss
00010458   HWI_D_ccmask
0001045c   LNK_dspFrameRequestMask
0001045c   _LNK_dspFrameRequestMask
00010460   LNK_dspFrameReadyMask
00010460   _LNK_dspFrameReadyMask
00010464   LNK_readPend
00010464   _LNK_readPend
00010468   LNK_readDone
00010468   _LNK_readDone
0001046c   LNK_readFail
0001046c   _LNK_readFail
00010470   LNK_writeFail
00010470   _LNK_writeFail
0001047c   _rtdxNullChanCnt
00010480   _rtdxNullFuncCnt
00010484   _TSK_nTasks
00010488   _TSK_pid
0001048c   _TSK
00010490   _CLK_DFLTMICROSECS
00010494   _CLK_D_microseconds
00010498   _SYS_exitStackPtr
0001049c   _SYS_exitStackTop
000104a0   _CLK_htimePerLtime
000104a8   IDL_D_busyObj
000104ac   _MEM
000104b0   _SYS_PUTCBEG
000104b0   ___end__
000104b0   end
000106af   _SYS_PUTCEND
000106b0   HST_A_TABBEG
000106b0   _HST_A_TABBEG
000106b4   RTA_fromHost
000106b4   _RTA_fromHost
000106bc   RTA_fromHost$rtdx
000106d0   RTA_toHost
000106d0   _RTA_toHost
000106d8   RTA_toHost$rtdx
000106ec   HST_A_TABEND
000106ec   IDL_A_CALBEG
000106ec   IDL_cpuLoad$
000106ec   _HST_A_TABEND
000106f0   LNK_dataPump$
000106f4   RTA_dispatcher$
000106f8   IDL_END$
00010700   LOG_system$buf
00010800   RTA_toHost$buf
00010900   PIP_A_TABBEG
00010900   RTA_fromHost$pipe
00010900   _PIP_A_TABBEG
00010904   RTA_fromHost$pipe$rd
00010930   RTA_fromHost$pipe$aaa
00010934   RTA_fromHost$pipe$wr
00010960   RTA_fromHost$pipe$bbb
00010964   RTA_toHost$pipe
00010968   RTA_toHost$pipe$rd
00010994   RTA_toHost$pipe$aaa
00010998   RTA_toHost$pipe$wr
000109c4   RTA_toHost$pipe$bbb
000109c8   PIP_A_TABEND
000109c8   _PIP_A_TABEND
000109d4   TSK_idle
000109d4   _TSK_idle
00010a34   LED_toggle
00010a34   _LED_toggle
00010b3d   LED_Toggle$sts$maxfmt
00010b40   KNL_swi
00010b40   SWI_A_TABBEG
00010b40   _KNL_swi
00010b46   LED_Toggle$sts$sumfmt
00010b4f   LED_Toggle$sts$avgfmt
00010b5a   KNL_swi$sts$maxfmt
00010b62   KNL_swi$sts$sumfmt
00010b6a   KNL_swi$sts$avgfmt
00010b6c   PRD_SWIHANDLE
00010b6c   PRD_swi
00010b6c   _PRD_swi
00010b74   PRD_swi$sts$maxfmt
00010b7c   PRD_swi$sts$sumfmt
00010b84   PRD_swi$sts$avgfmt
00010b8e   Ping_SWI$sts$maxfmt
00010b96   Ping_SWI$sts$sumfmt
00010b98   Ping_SWI
00010b98   _Ping_SWI
00010b9e   Ping_SWI$sts$avgfmt
00010ba8   Pong_SWI$sts$maxfmt
00010bb0   Pong_SWI$sts$sumfmt
00010bb8   Pong_SWI$sts$avgfmt
00010bc2   TSK_idle$sts$maxfmt
00010bc4   Pong_SWI
00010bc4   _Pong_SWI
00010bca   TSK_idle$sts$sumfmt
00010bd2   TSK_idle$sts$avgfmt
00010bdc   LED_toggle$sts$maxfmt
00010be4   LED_toggle$sts$sumfmt
00010bec   LED_toggle$sts$avgfmt
00010bf0   LED_Toggle$sts$stsobj
00010bf0   STS_A_TABBEG
00010bf0   SWI_A_TABEND
00010bf0   _STS_A_TABBEG
00010bf4   LED_Toggle$sts
00010bf6   IDL_busyObj$maxfmt
00010bf9   IDL_busyObj$sumfmt
00010bfc   IDL_busyObj$avgfmt
00010c00   KNL_swi$sts$stsobj
00010c04   KNL_swi$sts
00010c10   PRD_swi$sts$stsobj
00010c14   PRD_swi$sts
00010c20   Ping_SWI$sts$stsobj
00010c24   Ping_SWI$sts
00010c30   Pong_SWI$sts$stsobj
00010c34   Pong_SWI$sts
00010c40   TSK_idle$sts$stsobj
00010c44   TSK_idle$sts
00010c50   LED_toggle$sts$stsobj
00010c54   LED_toggle$sts
00010c60   IDL_busyObj$stsobj
00010c64   IDL_busyObj
00010c64   _IDL_busyObj
00010c70   STS_A_TABEND
00010c70   _STS_A_TABEND
00010cc8   LOG_A_TABBEG
00010cc8   LOG_system
00010cc8   _LOG_A_TABBEG
00010cc8   _LOG_system
00010ce0   _myLOG
00010ce0   myLOG
00010cf8   LOG_A_TABEND
00010cf8   _LOG_A_TABEND
00010d04   _SEM_LEDToggle
00010d4c   LED_Toggle
00010d4c   PRD_A_TABBEG
00010d4c   _LED_Toggle
00010d68   LED_Toggle$aaa
00010d6c   PRD_A_TABEND
00010d6c   SYS$config
00010d7c   TRC_cinit
00010d80   TRC_R_mask
00010d80   _TRC_R_mask
00010d84   GBL_initdone
00020000   _Bca0
00022000   _Bca1
00024000   _Bcd2
00026000   _Bca2
00028000   _Bcd1
0002a000   _Bcd21
0002c000   _Bcd1d
0002e000   _Bca01
00030000   _Bca21
00032000   _Bca11
00034000   _Cca0
00034080   _Cca1
00034100   _Ccd2
00034180   _Cca2
00034200   _Ccd1
000342f0   _Ccd21
00034370   _Ccd1d
000343f0   _g00
00034430   _g01
00034470   _h00
000344b0   _h01
000344f0   _Buffer_in_ping
000354f0   _Buffer_in_pong
000364f0   _Buffer_out_ping
00036ee8   CLK_LTIMEMULT
00036ee8   GBL_FREQ
000374f0   _Buffer_out_pong
01940000   CLK_REGS
01940000   _CLK_REGS
082039a3   HWI_INTRMULTHIGH
310718a4   HWI_INTRMULTLOW
80000000   SDRAM$B
80000000   _SDRAM_base
80008000   myLOG$buf
ffffffff   HST_DSMBUFSEG
ffffffff   IRAM
ffffffff   RTDX_DATAMEMSEG
ffffffff   _IRAM
ffffffff   ___TI_pprof_out_hndl
ffffffff   ___TI_prof_data_size
ffffffff   ___TI_prof_data_start
ffffffff   ___binit__
ffffffff   ___c_args__
ffffffff   _myMEM
ffffffff   binit
ffffffff   myMEM

[866 symbols]
