******************************************************************************
               TMS320C6x Linker PC v7.4.16                     
******************************************************************************
>> Linked Wed May 30 18:41:09 2018

OUTPUT FILE NAME:   <SSB.out>
ENTRY POINT SYMBOL: "_c_int00"  address: 0000f080


MEMORY CONFIGURATION

         name            origin    length      used     unused   attr    fill
----------------------  --------  ---------  --------  --------  ----  --------
  IRAM                  00000000   00015554  00010a8d  00004ac7  RWIX
  myMEM                 00015554   0002aaac  00028cc0  00001dec  RWIX
  SDRAM                 80000000   0006e000  00008080  00065f80  RWIX


SECTION ALLOCATION MAP

 output                                  attributes/
section   page    origin      length       input sections
--------  ----  ----------  ----------   ----------------
.data      0    00000000    00000000     UNINITIALIZED

.vers      0    00000000    00000040     COPY SECTION
                  00000000    00000040     BIOS_configcfg.obj (.vers)

.hwi_vec   0    00000000    00000200     
                  00000000    00000200     BIOS_configcfg.obj (.hwi_vec)

.bios      0    00000200    00004220     
                  00000200    00000600     lnkrtdx.a67 : rtdx.o67 (.bios)
                  00000800    000005e0     bios.a67 : gbl_setL2CacheMode.o67 (.bios)
                  00000de0    00000540              : swi.o67 (.bios)
                  00001320    00000460              : hwi_disp_asm.o67 (.bios)
                  00001780    000003a0              : prd.o67 (.bios)
                  00001b20    000002c0              : knl_run.o67 (.bios)
                  00001de0    000002c0              : rta.o67 (.bios)
                  000020a0    000002c0              : sem_pend.o67 (.bios)
                  00002360    00000260              : knl_tick.o67 (.bios)
                  000025c0    00000240              : pip.o67 (.bios)
                  00002800    00000220              : sem_dopo.o67 (.bios)
                  00002a20    00000200              : tsk_setu.o67 (.bios)
                  00002c20    000001c0              : knl_swit.o67 (.bios)
                  00002de0    000001c0     biosC6000.a67 : clk.o67 (.bios)
                  00002fa0    000001a0     bios.a67 : tsk_exit.o67 (.bios)
                  00003140    00000180              : autoinit.o67 (.bios)
                  000032c0    00000180              : tsk_stup.o67 (.bios)
                  00003440    00000140              : knl_chec.o67 (.bios)
                  00003580    000000e0              : gbl_cslcacheinit.o67 (.bios)
                  00003660    000000e0              : knl_exit.o67 (.bios)
                  00003740    000000e0              : sem_post.o67 (.bios)
                  00003820    000000e0              : sem_post_asm.o67 (.bios)
                  00003900    000000e0     biosC6000.a67 : clk_meas.o67 (.bios)
                  000039e0    000000c0     bios.a67 : knl_ipos.o67 (.bios)
                  00003aa0    000000c0              : knl_post.o67 (.bios)
                  00003b60    000000c0              : lck.o67 (.bios)
                  00003c20    000000c0              : sys_exit.o67 (.bios)
                  00003ce0    000000c0     biosC6000.a67 : clk_htime.o67 (.bios)
                  00003da0    00000080     bios.a67 : fxn.o67 (.bios)
                  00003e20    00000080              : idl_busy.o67 (.bios)
                  00003ea0    00000080              : log.o67 (.bios)
                  00003f20    00000080              : sts.o67 (.bios)
                  00003fa0    00000080     biosC6000.a67 : idl_cal.o67 (.bios)
                  00004020    00000060     bios.a67 : hwi_c.o67 (.bios)
                  00004080    00000060              : sem_pend_binary.o67 (.bios)
                  000040e0    00000060              : sem_pend_counting.o67 (.bios)
                  00004140    00000060              : sys_abor.o67 (.bios)
                  000041a0    00000060              : utl_putc.o67 (.bios)
                  00004200    00000060     biosC6000.a67 : clk_start.o67 (.bios)
                  00004260    00000040     bios.a67 : idl_stub.o67 (.bios)
                  000042a0    00000040              : rta_andn.o67 (.bios)
                  000042e0    00000040              : utl_doab.o67 (.bios)
                  00004320    00000040     biosC6000.a67 : clk_stop.o67 (.bios)
                  00004360    00000020     bios.a67 : fxn_c.o67 (.bios)
                  00004380    00000020              : gbl_vers.o67 (.bios)
                  000043a0    00000020              : idl.o67 (.bios)
                  000043c0    00000020              : sts_set.o67 (.bios)
                  000043e0    00000020              : utl_doer.o67 (.bios)
                  00004400    00000020              : utl_halt.o67 (.bios)

.stack     0    00004420    00004000     UNINITIALIZED
                  00004420    00004000     --HOLE--

.text      0    00008420    00003f20     
                  00008420    00001040     skeleton.obj (.text)
                  00009460    000007e0     cic.obj (.text)
                  00009c40    00000480     dsk6713bsl.lib : dsk6713.obj (.text)
                  0000a0c0    00000280     csl6713.lib : csl_edma.obj (.text:_EDMA_open)
                  0000a340    00000280     config_AIC23.obj (.text)
                  0000a5c0    00000240     rts6700.lib : memcpy62.obj (.text:_memcpy)
                  0000a800    00000220     csl6713.lib : csl.obj (.text:__CSL_init)
                  0000aa20    000001e0     dsk6713bsl.lib : dsk6713_led.obj (.text)
                  0000ac00    000001c0     csl6713.lib : csl_irq.obj (.text:_IRQ_map)
                  0000adc0    000001c0                 : csl_irq.obj (.text:_mux2Tables)
                  0000af80    000001a0                 : csl_edma.obj (.text:_EDMA_allocTable)
                  0000b120    000001a0                 : csl_mcbsp.obj (.text:_MCBSP_reset)
                  0000b2c0    00000180     bios.a67 : gbl_cslpllinit62.o67 (.text)
                  0000b440    00000160     rts6700.lib : sinit.obj (.text:_call_dtors)
                  0000b5a0    00000140     csl6713.lib : csl_edma.obj (.text:_EDMA_reset)
                  0000b6e0    00000140                 : csl_timer.obj (.text:_TIMER_open)
                  0000b820    00000120                 : csl_timer.obj (.text:_TIMER_reset)
                  0000b940    00000120     rts6700.lib : divi.obj (.text:__divi)
                  0000ba60    00000100     csl6713.lib : csl_edma.obj (.text:_EDMA_intAlloc)
                  0000bb60    00000100                 : csl_mcbsp.obj (.text:_MCBSP_open)
                  0000bc60    00000100                 : csl_mcbsp.obj (.text:_MCBSP_start)
                  0000bd60    000000e0     rts6700.lib : strasg.obj (.text:__strasg)
                  0000be40    000000e0                 : atexit.obj (.text:_atexit)
                  0000bf20    000000c0     bios.a67 : tsk_stup.o67 (.text)
                  0000bfe0    000000a0     csl6713.lib : csl_irq.obj (.text:__IRQ_init)
                  0000c080    000000a0                 : csl_irq.obj (.text:_setMux)
                  0000c120    00000080     dsk6713bsl.lib : dsk6713_dip.obj (.text)
                  0000c1a0    00000060     csl6713.lib : csl_edma.obj (.text:_EDMA_disableChannel)
                  0000c200    00000060                 : csl_edma.obj (.text:_EDMA_enableChannel)
                  0000c260    00000040     rts6700.lib : sinit.obj (.text:___add_dtor)
                  0000c2a0    00000020     csl6713.lib : csl.obj (.text:_CSL6713_LIB_)
                  0000c2c0    00000020     rts6700.lib : _lock.obj (.text:__nop)
                  0000c2e0    00000020                 : _lock.obj (.text:__register_lock)
                  0000c300    00000020                 : _lock.obj (.text:__register_unlock)
                  0000c320    00000020     csl6713.lib : csl_irq.obj (.text)

.cinit     0    0000c340    000014ac     
                  0000c340    00000864     BIOS_configcfg.obj (.cinit)
                  0000cba4    00000004     --HOLE-- [fill = 0]
                  0000cba8    0000026c     bios.a67 : biosdata.o67 (.cinit)
                  0000ce14    00000004     --HOLE-- [fill = 0]
                  0000ce18    000001a4              : knl.o67 (.cinit)
                  0000cfbc    00000004     --HOLE-- [fill = 0]
                  0000cfc0    0000014c     skeleton.obj (.cinit)
                  0000d10c    00000004     --HOLE-- [fill = 0]
                  0000d110    0000012c     csl6713.lib : csl_irq.obj (.cinit)
                  0000d23c    00000004     --HOLE-- [fill = 0]
                  0000d240    000000b0     bios.a67 : swi.o67 (.cinit)
                  0000d2f0    00000080              : tsk.o67 (.cinit)
                  0000d370    00000070     csl6713.lib : csl_edma.obj (.cinit)
                  0000d3e0    00000060     bios.a67 : tsk_stup.o67 (.cinit)
                  0000d440    0000005c     lnkrtdx.a67 : rtdx.o67 (.cinit)
                  0000d49c    00000004     --HOLE-- [fill = 0]
                  0000d4a0    00000054     csl6713.lib : csl_mcbsp.obj (.cinit)
                  0000d4f4    00000004     --HOLE-- [fill = 0]
                  0000d4f8    0000004c     bios.a67 : rta.o67 (.cinit)
                  0000d544    00000004     --HOLE-- [fill = 0]
                  0000d548    0000004c     csl6713.lib : csl_timer.obj (.cinit)
                  0000d594    00000004     --HOLE-- [fill = 0]
                  0000d598    0000004c     rtdx.lib : buffer1.o62 (.cinit)
                  0000d5e4    00000004     --HOLE-- [fill = 0]
                  0000d5e8    00000048     config_AIC23.obj (.cinit)
                  0000d630    0000003c     csl6713.lib : csl.obj (.cinit)
                  0000d66c    00000004     --HOLE-- [fill = 0]
                  0000d670    00000034     bios.a67 : hwi.o67 (.cinit)
                  0000d6a4    00000004     --HOLE-- [fill = 0]
                  0000d6a8    0000002c              : utl_putc.o67 (.cinit)
                  0000d6d4    00000004     --HOLE-- [fill = 0]
                  0000d6d8    0000002c     rts6700.lib : exit.obj (.cinit)
                  0000d704    00000004     --HOLE-- [fill = 0]
                  0000d708    00000024     bios.a67 : obj_init.o67 (.cinit)
                  0000d72c    00000004     --HOLE-- [fill = 0]
                  0000d730    0000001c              : sys.o67 (.cinit)
                  0000d74c    00000004     --HOLE-- [fill = 0]
                  0000d750    0000001c     rts6700.lib : _lock.obj (.cinit)
                  0000d76c    00000004     --HOLE-- [fill = 0]
                  0000d770    0000001c                 : atexit.obj (.cinit)
                  0000d78c    00000004     --HOLE-- [fill = 0]
                  0000d790    00000018     bios.a67 : knl_tick.o67 (.cinit)
                  0000d7a8    0000000c              : gbl_setL2CacheMode.o67 (.cinit)
                  0000d7b4    00000004     --HOLE-- [fill = 0]
                  0000d7b8    0000000c              : idl_busy.o67 (.cinit)
                  0000d7c4    00000004     --HOLE-- [fill = 0]
                  0000d7c8    0000000c              : knl_swit.o67 (.cinit)
                  0000d7d4    00000004     --HOLE-- [fill = 0]
                  0000d7d8    0000000c     rts6700.lib : sinit.obj (.cinit)
                  0000d7e4    00000004     --HOLE-- [fill = 0]
                  0000d7e8    00000004     (.pad.cinit) [fill = 0]

.hst1      0    0000d7ec    00000010     UNINITIALIZED
                  0000d7ec    00000010     BIOS_configcfg.obj (.hst1)

.args      0    0000d7fc    00000004     
                  0000d7fc    00000004     --HOLE-- [fill = 0]

.rtdx_text 
*          0    0000d800    00000ea0     
                  0000d800    00000400     rtdx.lib : rtdx_mon.o62 (.rtdx_text:_RTDX_Poll)
                  0000dc00    00000340              : buffer1.o62 (.rtdx_text:_RTDX_Buffer_WriteCB)
                  0000df40    00000300              : buffer1.o62 (.rtdx_text:_RTDX_write_next)
                  0000e240    00000140              : rtdx_mon.o62 (.rtdx_text:_RTDX_Mon_Queue)
                  0000e380    000000e0              : buffer1.o62 (.rtdx_text:_claim)
                  0000e460    00000080              : rtdx_mon.o62 (.rtdx_text:_RTDX_Init_RT_Monitor)
                  0000e4e0    00000060              : buffer1.o62 (.rtdx_text:_RTDX_Buffer_Initialize)
                  0000e540    00000060              : buffer2.o62 (.rtdx_text:_RTDX_Buffer_ReadCB)
                  0000e5a0    00000040              : buffer1.o62 (.rtdx_text:_RTDX_Buffer_Size)
                  0000e5e0    00000040              : rtdx_mon.o62 (.rtdx_text:_RTDX_Final_RT_Monitor)
                  0000e620    00000020              : buffer2.o62 (.rtdx_text:_RTDX_Buffer_Read)
                  0000e640    00000020              : buffer1.o62 (.rtdx_text:_RTDX_Buffer_Write)
                  0000e660    00000020              : rtdx_mon.o62 (.rtdx_text:_RTDX_checksum)
                  0000e680    00000020              : intr_tgt.o62 (.rtdx_text)

.far       0    0000e6a0    00000608     UNINITIALIZED
                  0000e6a0    00000188     rts6700.lib : atexit.obj (.far)
                  0000e828    000000f4     csl6713.lib : csl_irq.obj (.far)
                  0000e91c    000000d8     bios.a67 : knl.o67 (.far)
                  0000e9f4    0000005c              : tsk.o67 (.far)
                  0000ea50    00000054              : obj_init.o67 (.far)
                  0000eaa4    00000054     csl6713.lib : csl_edma.obj (.far)
                  0000eaf8    00000050     bios.a67 : tsk_stup.o67 (.far)
                  0000eb48    00000050     skeleton.obj (.far)
                  0000eb98    00000038     csl6713.lib : csl_mcbsp.obj (.far)
                  0000ebd0    00000034     config_AIC23.obj (.far)
                  0000ec04    00000028     csl6713.lib : csl.obj (.far)
                  0000ec2c    00000024                 : csl_timer.obj (.far)
                  0000ec50    00000020     bios.a67 : sys.o67 (.far)
                  0000ec70    00000010              : knl_tick.o67 (.far)
                  0000ec80    0000000c              : utl_putc.o67 (.far)
                  0000ec8c    0000000c     rts6700.lib : exit.obj (.far)
                  0000ec98    00000008                 : _lock.obj (.far)
                  0000eca0    00000004                 : sinit.obj (.far)
                  0000eca4    00000002     dsk6713bsl.lib : dsk6713.obj (.far)
                  0000eca6    00000002                    : dsk6713_led.obj (.far)

.idl       0    0000eca8    00000010     UNINITIALIZED
                  0000eca8    00000010     BIOS_configcfg.obj (.idl)

.clk       0    0000ecb8    00000008     UNINITIALIZED
                  0000ecb8    00000008     BIOS_configcfg.obj (.clk)

.sysinit   0    0000ecc0    00000520     
                  0000ecc0    000002e0     BIOS_configcfg.obj (.sysinit)
                  0000efa0    000000e0     bios.a67 : mem_init.o67 (.sysinit)
                  0000f080    000000c0              : boot.o67 (.sysinit)
                  0000f140    00000080              : tsk_init.o67 (.sysinit)
                  0000f1c0    00000020              : obj_init.o67 (.sysinit)

.rtdx_data 
*          0    0000f1e0    0000044c     UNINITIALIZED
                  0000f1e0    00000410     BIOS_configcfg.obj (.rtdx_data)
                  0000f5f0    00000020     rtdx.lib : buffer1.o62 (.rtdx_data)
                  0000f610    0000001c              : rtdx_mon.o62 (.rtdx_data)

.mem       0    0000f62c    00000004     UNINITIALIZED
                  0000f62c    00000004     BIOS_configcfg.obj (.mem)

.LED_toggle$stk 
*          0    0000f630    00000400     UNINITIALIZED
                  0000f630    00000400     BIOS_configcfg.obj (.LED_toggle$stk)

.TSK_idle$stk 
*          0    0000fa30    00000400     UNINITIALIZED
                  0000fa30    00000400     BIOS_configcfg.obj (.TSK_idle$stk)

.bss       0    0000fe30    00000380     UNINITIALIZED
                  0000fe30    00000100     bios.a67 : hwi_disp_asm.o67 (.bss)
                  0000ff30    000000cc              : biosdata.o67 (.bss)
                  0000fffc    0000009c              : swi.o67 (.bss)
                  00010098    00000048              : knl.o67 (.bss)
                  000100e0    0000003c     skeleton.obj (.bss)
                  0001011c    00000028     BIOS_configcfg.obj (.bss)
                  00010144    00000018     bios.a67 : hwi.o67 (.bss)
                  0001015c    00000018     lnkrtdx.a67 : rtdx.o67 (.bss)
                  00010174    00000010     rtdx.lib : buffer1.o62 (.bss)
                  00010184    0000000c     bios.a67 : tsk.o67 (.bss)
                  00010190    00000008              : clk_data.o67 (.bss)
                  00010198    00000008              : sys.o67 (.bss)
                  000101a0    00000004              : clk_data2.o67 (.bss)
                  000101a4    00000004              : gbl_setL2CacheMode.o67 (.bss)
                  000101a8    00000004              : idl_busy.o67 (.bss)
                  000101ac    00000004              : mem_asm.o67 (.bss)

.trace     0    000101b0    00000200     
                  000101b0    00000200     --HOLE-- [fill = 00000000]

.hst       0    000103b0    0000003c     UNINITIALIZED
                  000103b0    0000003c     BIOS_configcfg.obj (.hst)

.idlcal    0    000103ec    00000010     UNINITIALIZED
                  000103ec    00000010     BIOS_configcfg.obj (.idlcal)

.LOG_system$buf 
*          0    00010400    00000100     UNINITIALIZED
                  00010400    00000100     BIOS_configcfg.obj (.LOG_system$buf)

.hst0      0    00010500    00000100     UNINITIALIZED
                  00010500    00000100     BIOS_configcfg.obj (.hst0)

.pip       0    00010600    000000c8     UNINITIALIZED
                  00010600    000000c8     BIOS_configcfg.obj (.pip)

.tsk       0    000106c8    000000c0     UNINITIALIZED
                  000106c8    000000c0     BIOS_configcfg.obj (.tsk)

.const     0    00010788    000000b5     
                  00010788    0000004e     bios.a67 : tsk_stup.o67 (.const)
                  000107d6    00000023              : utl_doab.o67 (.const)
                  000107f9    00000022              : utl_doer.o67 (.const)
                  0001081b    00000001     --HOLE-- [fill = 0]
                  0001081c    00000020     dsk6713bsl.lib : dsk6713.obj (.const)
                  0001083c    00000001     bios.a67 : tsk.o67 (.const)

.printf    0    0001083d    000000c4     COPY SECTION
                  0001083d    000000c4     BIOS_configcfg.obj (.printf)

.swi       0    00010840    000000b0     UNINITIALIZED
                  00010840    000000b0     BIOS_configcfg.obj (.swi)

.sts       0    000108f0    00000080     
                  000108f0    00000080     BIOS_configcfg.obj (.sts)

.gblinit   0    00010970    00000058     
                  00010970    00000058     BIOS_configcfg.obj (.gblinit)

.log       0    000109c8    00000030     
                  000109c8    00000030     BIOS_configcfg.obj (.log)

.sem       0    000109f8    0000002c     UNINITIALIZED
                  000109f8    0000002c     BIOS_configcfg.obj (.sem)

.switch    0    00010a24    00000028     
                  00010a24    00000028     rtdx.lib : rtdx_mon.o62 (.switch)

.prd       0    00010a4c    00000020     UNINITIALIZED
                  00010a4c    00000020     BIOS_configcfg.obj (.prd)

.sys       0    00010a6c    00000010     UNINITIALIZED
                  00010a6c    00000010     BIOS_configcfg.obj (.sys)

.pinit     0    00010a7c    0000000c     
                  00010a7c    00000004     rtdx.lib : buffer1.o62 (.pinit)
                  00010a80    00000004              : rtdx_mon.o62 (.pinit)
                  00010a84    00000004     --HOLE-- [fill = 0]

.trcdata   0    00010a88    0000000c     
                  00010a88    0000000c     bios.a67 : trc.o67 (.trcdata)

.datenpuffer 
*          0    00015554    00028cc0     UNINITIALIZED
                  00015554    00028cc0     skeleton.obj (.datenpuffer)

.SDRAM$heap 
*          0    80000000    00008000     UNINITIALIZED
                  80000000    00008000     --HOLE--

.myLOG$buf 
*          0    80008000    00000080     UNINITIALIZED
                  80008000    00000080     BIOS_configcfg.obj (.myLOG$buf)


GLOBAL SYMBOLS: SORTED ALPHABETICALLY BY Name 

address    name
--------   ----
0000fe30   $bss
0000fe30   .bss
00000000   .data
00008420   .text
0000ee7c   BIOS$$CLKOFF
0000ee3c   BIOS$$CLKON
0000ecc0   BIOS_init
0000eee4   BIOS_start
00000000   BUF$
00000001   BUF_ENABLED
00000001   CLK$
0000ecb8   CLK_A_TABBEG
00000001   CLK_CALDIV
00000004   CLK_CALMULT
0000dbba   CLK_COUNTSPMS
00000000   CLK_COUNTSPMSHIGH
0000ff58   CLK_D_idletime
0000ff54   CLK_D_isrhook
0000ff50   CLK_D_tabbeg
0000ff4c   CLK_D_timefxn
00003ce0   CLK_F_getfhtime
00003d00   CLK_F_gethtime
00002de0   CLK_F_getltime
00003d00   CLK_F_getshtime
00002df4   CLK_F_isr
00002f54   CLK_F_itime
00001320   CLK_HOOKFXN
00000001   CLK_HTIMEDIV
00000004   CLK_HTIMEMULT
0000dbba   CLK_HTIMEPERLTIME
00004000   CLK_INTBIT
00000001   CLK_LTIMEDIV
00036ee8   CLK_LTIMEMULT
000003e8   CLK_MICROSECS
0000dbba   CLK_PRD
00000000   CLK_PRDHIGH
01940000   CLK_REGS
0000ff48   CLK_R_time
00000020   CLK_TCR
00000000   CLK_TDDR
00000000   CLK_TDDRHIGH
00003d00   CLK_TIMEFXN
00000000   CLK_TIMERNUM
00000001   CLK_USETIMER
0000ecbc   CLK_null
00000000   DEV$
00000000   DGN$
00000000   DHL$
00000000   DHL_gChannelsAvailable
00000000   DIO$
00000000   DIO_NUMSWIBASE
00000000   DIO_NUMTSKBASE
00000000   DIO_STATIC
00000000   DPI$
00003da0   FXN_F_nop
00003da8   FXN_F_run
00003df8   FXN_F_zero
00000001   GBL$
00005205   GBL_A_VERSION
00000000   GBL_BIGENDIAN
00000000   GBL_C641XL2PRIORITY
00000000   GBL_CACHE
00000001   GBL_CALLCSLCFGINIT
00004e20   GBL_CLKIN
00001770   GBL_CLKTYPE
00001a39   GBL_DSPSUBTYPE
0000003e   GBL_DSPTYPE
00000001   GBL_ENABLEINST
00000042   GBL_FOOTPRINT
00036ee8   GBL_FREQ
00002226   GBL_L2ALLOC
00000000   GBL_L2CONFIGALLOC
00000001   GBL_L2CONFIGURE
00000001   GBL_L2MARMASK
00000000   GBL_L2MARMASK1
00000000   GBL_L2MARMASK2
00000000   GBL_L2MARMASK3
00000000   GBL_L2MARMASK4
00000000   GBL_L2MARMASK5
00000000   GBL_L2MODE
00000000   GBL_L2PRIORITY
00000000   GBL_NULL
00000000   GBL_PROCID
00000000   GBL_ROM
00000000   GBL_SUPPORTCSL
0000dbef   GBL_TRCMASKVALUE
00000001   GBL_USERINIT
0000b2e8   GBL_USERINITFXN
00000001   GBL_boot
00010a90   GBL_initdone
00004420   GBL_stackbeg
0000841f   GBL_stackend
00000000   GIO$
00004360   GIO_CREATEFXN
00004360   GIO_DELETEFXN
00004360   GIO_PENDFXN
00004360   GIO_POSTFXN
00000000   HOOK$
00000000   HOOK_KNLID
00000001   HST$
000103b0   HST_A_TABBEG
000103ec   HST_A_TABEND
00000000   HST_DSM
ffffffff   HST_DSMBUFSEG
00000400   HST_DSMMEMSIZE
0000ffc4   HST_D_chanmask
0000ffc8   HST_D_tabbeg
0000ffcc   HST_D_tabend
000000ff   HST_MAXFRAMEALLOWED
00000040   HST_MAXFRAMESET
00000000   HST_NONE
00000001   HST_RTDX
00000001   HWI$
00000000   HWI_A_VECS
00004108   HWI_CFGDISPATCHED
00010154   HWI_D_bss
00010158   HWI_D_ccmask
00010144   HWI_D_spsave
00001320   HWI_F_dispatch
00000000   HWI_GENERATE_RESET_VEC
0000000a   HWI_INT10
00000000   HWI_INT10$hwi
0000000b   HWI_INT11
00000000   HWI_INT11$hwi
0000000c   HWI_INT12
00000000   HWI_INT12$hwi
0000000d   HWI_INT13
00000000   HWI_INT13$hwi
0000000e   HWI_INT14
00000000   HWI_INT14$hwi
0000000f   HWI_INT15
00000000   HWI_INT15$hwi
00000004   HWI_INT4
00000000   HWI_INT4$hwi
00000005   HWI_INT5
00000000   HWI_INT5$hwi
00000006   HWI_INT6
00000000   HWI_INT6$hwi
00000007   HWI_INT7
00000000   HWI_INT7$hwi
00000008   HWI_INT8
00000000   HWI_INT8$hwi
00000009   HWI_INT9
00000000   HWI_INT9$hwi
082039a3   HWI_INTRMULTHIGH
310718a4   HWI_INTRMULTLOW
00000001   HWI_NMI
00000000   HWI_NMI$hwi
00000000   HWI_POLARITYMASK
00000002   HWI_RESERVED0
00000000   HWI_RESERVED0$hwi
00000003   HWI_RESERVED1
00000000   HWI_RESERVED1$hwi
00000000   HWI_RESET
00000000   HWI_RESET$hwi
00000001   HWI_ZEROTAB
00000001   IDL$
000103ec   IDL_A_CALBEG
0000eca8   IDL_A_TABBEG
00000006   IDL_CALIBRERROR
00004260   IDL_CALIBRFXN
000101a8   IDL_D_busyObj
0000ff38   IDL_D_calbeg
0000ff34   IDL_D_calibrate
0000ff30   IDL_D_tabbeg
0000ecb4   IDL_END
000103f8   IDL_END$
00003e20   IDL_F_busy
00003fa0   IDL_F_calibrate
000043a0   IDL_F_loop
00004260   IDL_F_stub
00000001   IDL_USECLKIDLTIME
00010964   IDL_busyObj
000108fc   IDL_busyObj$avgfmt
00000001   IDL_busyObj$filter
00000001   IDL_busyObj$iA
00000000   IDL_busyObj$iB
00000001   IDL_busyObj$iC
000108f6   IDL_busyObj$maxfmt
00000000   IDL_busyObj$operation
00010960   IDL_busyObj$stsobj
000108f9   IDL_busyObj$sumfmt
00000002   IDL_busyObj$unittype
0000eca8   IDL_cpuLoad
000103ec   IDL_cpuLoad$
ffffffff   IRAM
00000001   ISRC$
00002da0   KNL_glue
00010840   KNL_swi
00000001   KNL_swi$dorta
00000000   KNL_swi$ord
00000000   KNL_swi$pri
00010904   KNL_swi$sts
0001086a   KNL_swi$sts$avgfmt
00000002   KNL_swi$sts$filter
00000001   KNL_swi$sts$filtmaxmult
00000001   KNL_swi$sts$filtsummult
0001085a   KNL_swi$sts$maxfmt
00010900   KNL_swi$sts$stsobj
00010862   KNL_swi$sts$sumfmt
00000000   KNL_swi$sts$unittype
00000000   KNL_swi$swi
00000001   LCK$
00010a4c   LED_Toggle
00010a68   LED_Toggle$aaa
00000000   LED_Toggle$mode
00000005   LED_Toggle$ord
000003e8   LED_Toggle$period
00000000   LED_Toggle$prd
000108f4   LED_Toggle$sts
0001084f   LED_Toggle$sts$avgfmt
00000000   LED_Toggle$sts$filter
0001083d   LED_Toggle$sts$maxfmt
000108f0   LED_Toggle$sts$stsobj
00010846   LED_Toggle$sts$sumfmt
00000002   LED_Toggle$sts$unittype
00010734   LED_toggle
00000003   LED_toggle$ord
00000001   LED_toggle$pri
0000f630   LED_toggle$stack
0000f9c8   LED_toggle$stkptr
00010954   LED_toggle$sts
000108ec   LED_toggle$sts$avgfmt
00000002   LED_toggle$sts$filter
00000001   LED_toggle$sts$filtmaxmult
00000001   LED_toggle$sts$filtsummult
000108dc   LED_toggle$sts$maxfmt
00010950   LED_toggle$sts$stsobj
000108e4   LED_toggle$sts$sumfmt
00000000   LED_toggle$sts$unittype
00000000   LED_toggle$tsk
00000200   LNK_F_checkBufferCall
00000280   LNK_F_dataPump
00000220   LNK_F_getChanPtr
00000278   LNK_F_init
000007c4   LNK_F_readCallBack
0000ecac   LNK_dataPump
000103f0   LNK_dataPump$
00010160   LNK_dspFrameReadyMask
0001015c   LNK_dspFrameRequestMask
00000520   LNK_newin
00000660   LNK_newout
00000294   LNK_rcloop
00000360   LNK_rdrtry
00010168   LNK_readDone
0001016c   LNK_readFail
00010164   LNK_readPend
00000370   LNK_rrloop
00010170   LNK_writeFail
00000444   LNK_wrloop
00000434   LNK_wrrtry
00000001   LOG$
000109c8   LOG_A_TABBEG
000109f8   LOG_A_TABEND
00000002   LOG_A_TABLEN
0000ff3c   LOG_D_system
00000001   LOG_ENABLED
00003ea0   LOG_F_event
000109c8   LOG_system
00010400   LOG_system$buf
00000000   LOG_system$datatype
00000000   LOG_system$log
00000040   LOG_system$size
00000000   MBX$
00000001   MEM$
00010128   MEM_MALLOCSEG
00000000   MEM_NULL
00010128   MEM_SEGZERO
00000000   MEM_USEMPC
00000001   MEM_gNumHeap
00000000   MSGQ$
00000000   MSGQ_USEMSGQ
00000000   OBJ$
00000000   PIP$
00010600   PIP_A_TABBEG
000106c8   PIP_A_TABEND
00000002   PIP_A_TABLEN
0000ff40   PIP_D_tabbeg
0000ff44   PIP_D_tablen
00002654   PIP_F_give
00002654   PIP_F_probe
00002728   PIP_F_start
000025c0   PIP_F_take
00000064   PIP_OBJSIZE
00000000   PIP_gNextId
00000002   PIP_gNumEmbed
00000000   POOL$
00000000   POOL_USEPOOL
00000001   PRD$
00010a4c   PRD_A_TABBEG
00010a6c   PRD_A_TABEND
00000001   PRD_A_TABLEN
0000ff80   PRD_D_cur
0000ff84   PRD_D_elapsed
0000ff88   PRD_D_prevtim
0000ff8c   PRD_D_scalar
0000ff90   PRD_D_swihandle
0000ff94   PRD_D_tabbeg
0000ff98   PRD_D_tablen
0000ff9c   PRD_D_thook
0000ff7c   PRD_D_tick
00001780   PRD_F_swi
00001a40   PRD_F_tick
00000008   PRD_SCALAR
0001086c   PRD_SWIHANDLE
000025a0   PRD_THOOKFXN
0000ecb8   PRD_clock
0001086c   PRD_swi
00000001   PRD_swi$dorta
00000000   PRD_swi$ord
00000001   PRD_swi$pri
00010914   PRD_swi$sts
00010884   PRD_swi$sts$avgfmt
00000002   PRD_swi$sts$filter
00000001   PRD_swi$sts$filtmaxmult
00000001   PRD_swi$sts$filtsummult
00010874   PRD_swi$sts$maxfmt
00010910   PRD_swi$sts$stsobj
0001087c   PRD_swi$sts$sumfmt
00000000   PRD_swi$sts$unittype
00000000   PRD_swi$swi
00010898   Ping_SWI
00000001   Ping_SWI$dorta
00000001   Ping_SWI$ord
00000002   Ping_SWI$pri
00010924   Ping_SWI$sts
0001089e   Ping_SWI$sts$avgfmt
00000002   Ping_SWI$sts$filter
00000001   Ping_SWI$sts$filtmaxmult
00000001   Ping_SWI$sts$filtsummult
0001088e   Ping_SWI$sts$maxfmt
00010920   Ping_SWI$sts$stsobj
00010896   Ping_SWI$sts$sumfmt
00000000   Ping_SWI$sts$unittype
00000000   Ping_SWI$swi
000108c4   Pong_SWI
00000001   Pong_SWI$dorta
00000002   Pong_SWI$ord
00000002   Pong_SWI$pri
00010934   Pong_SWI$sts
000108b8   Pong_SWI$sts$avgfmt
00000002   Pong_SWI$sts$filter
00000001   Pong_SWI$sts$filtmaxmult
00000001   Pong_SWI$sts$filtsummult
000108a8   Pong_SWI$sts$maxfmt
00010930   Pong_SWI$sts$stsobj
000108b0   Pong_SWI$sts$sumfmt
00000000   Pong_SWI$sts$unittype
00000000   Pong_SWI$swi
00000001   QUE$
0000ffa0   RTA_D_fromHost
0000ffa8   RTA_D_logval
0000ffb8   RTA_D_stsval
0000ffa4   RTA_D_toHost
000042a0   RTA_F_andn
00001ed8   RTA_F_dispatch
00001de0   RTA_F_getlog
00001e24   RTA_F_getsts
000042c0   RTA_F_or
00001e6c   RTA_F_readblk
00001e98   RTA_F_resetmem
00001e8c   RTA_F_writeword
0000ecb0   RTA_dispatcher
000103f4   RTA_dispatcher$
00001f28   RTA_execute
000103b4   RTA_fromHost
0000d7ec   RTA_fromHost$buf
00000004   RTA_fromHost$framesize
00000000   RTA_fromHost$hst
00000001   RTA_fromHost$id
00000000   RTA_fromHost$mode
00010600   RTA_fromHost$pipe
00010630   RTA_fromHost$pipe$aaa
00010660   RTA_fromHost$pipe$bbb
0001012c   RTA_fromHost$pipe$dtab
00010604   RTA_fromHost$pipe$rd
00010634   RTA_fromHost$pipe$wr
000103bc   RTA_fromHost$rtdx
000103d0   RTA_toHost
00010500   RTA_toHost$buf
00000040   RTA_toHost$framesize
00000000   RTA_toHost$hst
00000000   RTA_toHost$id
00000001   RTA_toHost$mode
00010664   RTA_toHost$pipe
00010694   RTA_toHost$pipe$aaa
000106c4   RTA_toHost$pipe$bbb
00010138   RTA_toHost$pipe$dtab
00010668   RTA_toHost$pipe$rd
00010698   RTA_toHost$pipe$wr
000103d8   RTA_toHost$rtdx
00000001   RTDX$
00000408   RTDX_BUFMEMSIZE
ffffffff   RTDX_DATAMEMSEG
00000000   RTDX_MODE
00000001   RTDX_NORMALIZED_HDR
00000001   RTDX_USERTDX
00000000   RTDX_USERTEXECUTION
00010128   SDRAM
80000000   SDRAM$B
00008000   SDRAM$L
00000001   SEM$
00000000   SIO$
00000001   STS$
000108f0   STS_A_TABBEG
00010970   STS_A_TABEND
00003f58   STS_F_add
00003f20   STS_F_delta
00003f84   STS_F_reset
00000001   SWI$
00010840   SWI_A_TABBEG
000108f0   SWI_A_TABEND
00000004   SWI_A_TABLEN
00010014   SWI_D_curfxn
00010004   SWI_D_curmask
00010010   SWI_D_curmbox
00010008   SWI_D_curset
00010000   SWI_D_execaddr
0001001c   SWI_D_inswi
0001000c   SWI_D_lock
00010018   SWI_D_rdybeg
00010020   SWI_D_rdytab
0000fffc   SWI_D_runaddr
00000000   SWI_EHOOKFXN
00000ffc   SWI_EXECFXN
00000de0   SWI_F_enable
00000ffc   SWI_F_exec
00001028   SWI_F_iexec
00000e50   SWI_F_post
000010b8   SWI_F_run
00000000   SWI_IHOOKFXN
000010b8   SWI_RUNFXN
00000001   SYS$
00010a6c   SYS$config
000042e0   SYS_ABORTFXN
000043e0   SYS_ERRORFXN
00004400   SYS_EXITFXN
000041a0   SYS_PUTCFXN
00010a8c   TRC_R_mask
00010a88   TRC_cinit
00000001   TSK$
00000000   TSK_NUM_HOOKS
00000001   TSK_PRIORITY
00000000   TSK_READYFXN
00000000   TSK_STACKSEG
00000400   TSK_STACKSIZE
00000000   TSK_SWITCHFXN
00004360   TSK_VCREATEFXN
00004360   TSK_VDELETEFXN
00004360   TSK_VEXITFXN
000106d4   TSK_idle
00000001   TSK_idle$ord
00000000   TSK_idle$pri
0000fa30   TSK_idle$stack
0000fdc8   TSK_idle$stkptr
00010944   TSK_idle$sts
000108d2   TSK_idle$sts$avgfmt
00000002   TSK_idle$sts$filter
00000001   TSK_idle$sts$filtmaxmult
00000001   TSK_idle$sts$filtsummult
000108c2   TSK_idle$sts$maxfmt
00010940   TSK_idle$sts$stsobj
000108ca   TSK_idle$sts$sumfmt
00000000   TSK_idle$sts$unittype
00000000   TSK_idle$tsk
00000000   UDEV$
0000ecc0   _BIOS_init
0000eee4   _BIOS_start
00036214   _Buffer_in_ping
00038214   _Buffer_in_pong
0003a214   _Buffer_out_ping
0003c214   _Buffer_out_pong
0000dbba   _CLK_COUNTSPMS
00010190   _CLK_DFLTMICROSECS
0000ff78   _CLK_D_countspms
0000ff6c   _CLK_D_dirty
00010194   _CLK_D_microseconds
0000ff70   _CLK_D_prd
0000ff74   _CLK_D_tddr
00002f54   _CLK_F_itime
0000dbba   _CLK_PRD
01940000   _CLK_REGS
00000000   _CLK_TDDR
00000000   _CLK_TIMERNUM
00000001   _CLK_USETIMER
0000ff5c   _CLK_htimeDiv
0000ff60   _CLK_htimeMult
000101a0   _CLK_htimePerLtime
00002f54   _CLK_itime
0000ff64   _CLK_ltimeDiv
0000ff68   _CLK_ltimeMult
00003900   _CLK_measure
00004200   _CLK_start
00004320   _CLK_stop
0000c2a0   _CSL6713_LIB_
0000a3f8   _Config_DSK6713_AIC23
0000c128   _DSK6713_DIP_get
0000c120   _DSK6713_DIP_init
0000aa20   _DSK6713_LED_init
0000aa60   _DSK6713_LED_off
0000aad0   _DSK6713_LED_on
0000ab40   _DSK6713_LED_toggle
0000a054   _DSK6713_getVersion
00009c8c   _DSK6713_init
00009fa8   _DSK6713_rget
00009fbc   _DSK6713_rset
0000eca4   _DSK6713_version
00009fd0   _DSK6713_wait
0000a028   _DSK6713_waitusec
0000af80   _EDMA_allocTable
0000c1a0   _EDMA_disableChannel
0000c200   _EDMA_enableChannel
0000ba60   _EDMA_intAlloc
000092d8   _EDMA_interrupt_service
0000a0c0   _EDMA_open
0000b5a0   _EDMA_reset
00004360   _FXN_F_nop
00003da8   _FXN_F_run
00003df8   _FXN_F_zero
00000000   _GBL_CACHE
0000ffd4   _GBL_clkIn
00003580   _GBL_cslCacheInit
0000ffd8   _GBL_freq
00004380   _GBL_getVersion
0000ffd0   _GBL_procId
0000b2e8   _GBL_setPLLto225MHz
000103b0   _HST_A_TABBEG
000103ec   _HST_A_TABEND
00004108   _HWI_CFGDISPATCHED
00010150   _HWI_D_inhwi
00010144   _HWI_D_spsave
00001320   _HWI_F_dispatch
0000000a   _HWI_INT10
0000000b   _HWI_INT11
0000000c   _HWI_INT12
0000000d   _HWI_INT13
0000000e   _HWI_INT14
0000000f   _HWI_INT15
00000004   _HWI_INT4
00000005   _HWI_INT5
00000006   _HWI_INT6
00000007   _HWI_INT7
00000008   _HWI_INT8
00000009   _HWI_INT9
00000001   _HWI_NMI
00000002   _HWI_RESERVED0
00000003   _HWI_RESERVED1
00000000   _HWI_RESET
00008418   _HWI_STKBOTTOM
00004420   _HWI_STKTOP
00010144   _HWI_data
00004020   _HWI_disable
0000fe30   _HWI_dispatchTab
00004038   _HWI_enable
0000404c   _HWI_restore
00015554   _Hlp
00010964   _IDL_busyObj
0000eca8   _IDL_cpuLoad
000043a0   _IDL_loop
ffffffff   _IRAM
0000ac00   _IRQ_map
000100a0   _KNL_alarm
00003440   _KNL_check
000100c4   _KNL_curqueue
000100b4   _KNL_curtask
000100bc   _KNL_curtime
0000e9bc   _KNL_dummy
000036b4   _KNL_enter
00003660   _KNL_exit
00003518   _KNL_idle
000100dc   _KNL_idlefxn
000100a8   _KNL_inactive
000039e0   _KNL_ipost
0000353c   _KNL_max
000100c8   _KNL_maxqueue
00003aa0   _KNL_post
000100b8   _KNL_prevtask
000100ac   _KNL_priority
0000e91c   _KNL_queues
00001b20   _KNL_run
00002c20   _KNL_saveIsrFrame
000100b0   _KNL_set
000100a4   _KNL_setpri
00010840   _KNL_swi
000100c0   _KNL_swiptr
00002cec   _KNL_switch
000100d0   _KNL_tcreatefxn
000100d4   _KNL_tdeletefxn
000025a0   _KNL_tick
000100d8   _KNL_treadyfxn
000100cc   _KNL_tswitchfxn
00010098   _KNL_wFlag
0001009c   _KNL_wList
00003b90   _LCK_pend
00003b60   _LCK_post
00010a4c   _LED_Toggle
00010734   _LED_toggle
0000ecac   _LNK_dataPump
00010160   _LNK_dspFrameReadyMask
0001015c   _LNK_dspFrameRequestMask
00010168   _LNK_readDone
0001016c   _LNK_readFail
00010164   _LNK_readPend
00010170   _LNK_writeFail
000109c8   _LOG_A_TABBEG
000109f8   _LOG_A_TABEND
00000002   _LOG_A_TABLEN
0000ff3c   _LOG_D_system
00003ea0   _LOG_event
000109c8   _LOG_system
0000bb60   _MCBSP_open
0000b120   _MCBSP_reset
0000bc60   _MCBSP_start
000101ac   _MEM
0000ffdc   _MEM_D_NUMSEGMENTS
0000ffe4   _MEM_D_freelist
0000ffe8   _MEM_D_lockaddr
0000ffe0   _MEM_D_memtab
0000ffec   _MEM_D_unlockaddr
0000efa0   _MEM_init
0001011c   _MEM_memtab
0000f1c0   _OBJ_init
0000ea88   _OBJ_segtab
0000ea50   _OBJ_table
00010600   _PIP_A_TABBEG
000106c8   _PIP_A_TABEND
0000ff7c   _PRD_D_tick
0000ecb8   _PRD_clock
0001086c   _PRD_swi
00010898   _Ping_SWI
000108c4   _Pong_SWI
0000ecb0   _RTA_dispatcher
000103b4   _RTA_fromHost
000103d0   _RTA_toHost
0000f1e0   _RTDX_Buffer
0000f5ec   _RTDX_Buffer_End
0000e4e0   _RTDX_Buffer_Initialize
0000e620   _RTDX_Buffer_Read
0000e540   _RTDX_Buffer_ReadCB
0000e5a0   _RTDX_Buffer_Size
0000f5e8   _RTDX_Buffer_Start
0000e640   _RTDX_Buffer_Write
0000dc00   _RTDX_Buffer_WriteCB
0000e5e0   _RTDX_Final_RT_Monitor
0000e460   _RTDX_Init_RT_Monitor
00000002   _RTDX_JTAGONLY
0000e680   _RTDX_Mask_IER
0000e240   _RTDX_Mon_Queue
0000d800   _RTDX_Poll
00000000   _RTDX_interrupt_mask
0000f5fc   _RTDX_writing
00010128   _SDRAM
80000000   _SDRAM_base
00008000   _SDRAM_length
00010a04   _SEM_LEDToggle
000040e0   _SEM_pend
00004080   _SEM_pendBinary
000020a0   _SEM_pendEnterKnl
00003820   _SEM_post
00003820   _SEM_postBinary
00003740   _SEM_postEnterKnl
000108f0   _STS_A_TABBEG
00010970   _STS_A_TABEND
00003f58   _STS_add
00003f20   _STS_delta
00003f84   _STS_reset
000043c0   _STS_set
00010014   _SWI_D_curfxn
00010004   _SWI_D_curmask
00010008   _SWI_D_curset
00010000   _SWI_D_execaddr
0001001c   _SWI_D_inswi
0001000c   _SWI_D_lock
00010018   _SWI_D_rdybeg
0000fffc   _SWI_D_runaddr
000092ac   _SWI_LEDToggle
0000fffc   _SWI_data
00000e50   _SWI_post
0000fff0   _SYS
000101b0   _SYS_PUTCBEG
000103af   _SYS_PUTCEND
00004140   _SYS_abort
00003c20   _SYS_exit
0000ec50   _SYS_exitStack
00010198   _SYS_exitStackPtr
0001019c   _SYS_exitStackTop
00009824   _StereoFir
0000b6e0   _TIMER_open
0000b820   _TIMER_reset
00010a8c   _TRC_R_mask
0001018c   _TSK
0000e9f4   _TSK_ATTRS
0000ea10   _TSK_config
00002fa0   _TSK_exit
000106d4   _TSK_idle
0000f140   _TSK_init
00010184   _TSK_nTasks
00010188   _TSK_pid
00002a20   _TSK_setup
00003380   _TSK_startup
0000ea30   _TSK_timerSem
00009740   _ToFloat
000096c0   _ToShort
000042e0   _UTL_doAbort
000043e0   _UTL_doError
000041a0   _UTL_doPutc
00004400   _UTL_halt
00002f70   __CLK_lat1beg
00002f9c   __CLK_lat1end
0000a800   __CSL_init
00000c34   __GBL_setL2CacheMode
0000fff8   __HOOK_NUMHOOKS
0000fff4   __HOOK_knlId
00001320   __HWI_lat1beg
000014a0   __HWI_lat1end
000014a0   __HWI_lat2beg
00001640   __HWI_lat2end1
000015cc   __HWI_lat2end2
00001660   __HWI_lat3beg
00001760   __HWI_lat3end1
000015fc   __HWI_lat3end2
00003e20   __IDL_lat1beg
00003e70   __IDL_lat1end
0000e914   __IRQ_dispatchTable
0000e850   __IRQ_eventTable
0000c320   __IRQ_hookFetchPacket
0000bfe0   __IRQ_init
0000e8d4   __IRQ_intTable
00003490   __KNL_lat1beg
00003518   __KNL_lat1end
00003ea0   __LOG_lat1beg
0000ebc8   __MCBSP_hDev0
0000ebcc   __MCBSP_hDev1
0000eb20   __MEM_mutex
00001e98   __RTA_lat1beg
00001ed0   __RTA_lat1end
00002800   __SEM_dopost
00008420   __STACK_END
00004000   __STACK_SIZE
00000f8c   __SWI_lat1beg
00001040   __SWI_lat1end
00001044   __SWI_lat2beg
000010b4   __SWI_lat2end
00000de0   __SWI_lat3beg
00000e4c   __SWI_lat3end
0000ec2c   __TIMER_deviceTable
0000ec4c   __TIMER_hBios
0000ec44   __TIMER_hDev0
0000ec48   __TIMER_hDev1
0000eaf8   __TSK_mutex
0000ec94   ___TI_enable_exit_profile_output
ffffffff   ___TI_pprof_out_hndl
ffffffff   ___TI_prof_data_size
ffffffff   ___TI_prof_data_start
0000c260   ___add_dtor
0000e6a0   ___atexit_func_id__
ffffffff   ___binit__
0000fe30   ___bss__
ffffffff   ___c_args__
0000c340   ___cinit__
00000000   ___data__
00000000   ___edata__
000101b0   ___end__
0000c340   ___etext__
00010a7c   ___pinit__
00008420   ___text__
00003140   __auto_init
0000b940   __c6xabi_divi
0000ec8c   __cleanup_ptr
0000b940   __divi
0000ec90   __dtors_ptr
0000ec98   __lock
0000c2c0   __nop
0000c2e0   __register_lock
0000c300   __register_unlock
00004420   __stack
0000bd60   __strasg
0000ec9c   __unlock
0000be40   _atexit
0002d5f4   _c0
0002d744   _c1
0002d894   _c2
0002d9e4   _c3
0002db34   _c4
0002dc84   _c5
0000f080   _c_int00
0000b440   _call_dtors
000320a4   _cc0
000320ac   _cc1
000320b4   _cc2
000320bc   _cc3
000320c4   _cc4
000320cc   _cc5
000320d4   _chp
00032074   _ci0
0003207c   _ci1
00032084   _ci2
0003208c   _ci3
00032094   _ci4
0003209c   _ci5
0000eb68   _configEDMARcv
0000eb80   _configEDMAXmt
00008860   _config_EDMA
00009054   _config_interrupts
0000eb48   _datainterface_config
000095c0   _differentiate
0002ddd4   _dn
00009570   _downSample
0000eca0   _dtors
000100f0   _hEdmaRcv
000100f8   _hEdmaReloadRcvPing
00010100   _hEdmaReloadRcvPong
000100fc   _hEdmaReloadXmtPing
00010104   _hEdmaReloadXmtPong
000100f4   _hEdmaXmt
00010108   _hMcbsp
00031f24   _hp
000155f4   _i0
000195f4   _i1
0001d5f4   _i2
000215f4   _i3
000255f4   _i4
000295f4   _i5
00008680   _initBuffers
000094e4   _integrate
000090c0   _main
0000a5c0   _memcpy
000109e0   _myLOG
ffffffff   _myMEM
00032214   _out
0000846c   _process
00008650   _process_ping_SWI
00008620   _process_pong_SWI
0001017c   _rtdxNullChanCnt
00010180   _rtdxNullFuncCnt
0000f5f0   _rtdx_buffer_state
0000f610   _rtdx_mon_state
0000a340   _set_aic23_register
0000eab8   _tccAllocTable
000100e0   _tccRcvPing
000100e4   _tccRcvPong
000100e8   _tccXmtPing
000100ec   _tccXmtPong
00008420   _tsk_led_toggle
00031dd4   _up
00009460   _upSample
0000b2c0   _wait500nS
ffffffff   binit
0000c340   cinit
00000000   edata
000101b0   end
0000c340   etext
00000000   hwi0
00000020   hwi1
00000140   hwi10
00000160   hwi11
00000180   hwi12
000001a0   hwi13
000001c0   hwi14
000001e0   hwi15
00000040   hwi2
00000060   hwi3
00000080   hwi4
000000a0   hwi5
000000c0   hwi6
000000e0   hwi7
00000100   hwi8
00000120   hwi9
000109e0   myLOG
80008000   myLOG$buf
00000001   myLOG$datatype
00000000   myLOG$log
00000020   myLOG$size
ffffffff   myMEM
00010a7c   pinit


GLOBAL SYMBOLS: SORTED BY Symbol Address 

address    name
--------   ----
00000000   .data
00000000   BUF$
00000000   CLK_COUNTSPMSHIGH
00000000   CLK_PRDHIGH
00000000   CLK_TDDR
00000000   CLK_TDDRHIGH
00000000   CLK_TIMERNUM
00000000   DEV$
00000000   DGN$
00000000   DHL$
00000000   DHL_gChannelsAvailable
00000000   DIO$
00000000   DIO_NUMSWIBASE
00000000   DIO_NUMTSKBASE
00000000   DIO_STATIC
00000000   DPI$
00000000   GBL_BIGENDIAN
00000000   GBL_C641XL2PRIORITY
00000000   GBL_CACHE
00000000   GBL_L2CONFIGALLOC
00000000   GBL_L2MARMASK1
00000000   GBL_L2MARMASK2
00000000   GBL_L2MARMASK3
00000000   GBL_L2MARMASK4
00000000   GBL_L2MARMASK5
00000000   GBL_L2MODE
00000000   GBL_L2PRIORITY
00000000   GBL_NULL
00000000   GBL_PROCID
00000000   GBL_ROM
00000000   GBL_SUPPORTCSL
00000000   GIO$
00000000   HOOK$
00000000   HOOK_KNLID
00000000   HST_DSM
00000000   HST_NONE
00000000   HWI_A_VECS
00000000   HWI_GENERATE_RESET_VEC
00000000   HWI_INT10$hwi
00000000   HWI_INT11$hwi
00000000   HWI_INT12$hwi
00000000   HWI_INT13$hwi
00000000   HWI_INT14$hwi
00000000   HWI_INT15$hwi
00000000   HWI_INT4$hwi
00000000   HWI_INT5$hwi
00000000   HWI_INT6$hwi
00000000   HWI_INT7$hwi
00000000   HWI_INT8$hwi
00000000   HWI_INT9$hwi
00000000   HWI_NMI$hwi
00000000   HWI_POLARITYMASK
00000000   HWI_RESERVED0$hwi
00000000   HWI_RESERVED1$hwi
00000000   HWI_RESET
00000000   HWI_RESET$hwi
00000000   IDL_busyObj$iB
00000000   IDL_busyObj$operation
00000000   KNL_swi$ord
00000000   KNL_swi$pri
00000000   KNL_swi$sts$unittype
00000000   KNL_swi$swi
00000000   LED_Toggle$mode
00000000   LED_Toggle$prd
00000000   LED_Toggle$sts$filter
00000000   LED_toggle$sts$unittype
00000000   LED_toggle$tsk
00000000   LOG_system$datatype
00000000   LOG_system$log
00000000   MBX$
00000000   MEM_NULL
00000000   MEM_USEMPC
00000000   MSGQ$
00000000   MSGQ_USEMSGQ
00000000   OBJ$
00000000   PIP$
00000000   PIP_gNextId
00000000   POOL$
00000000   POOL_USEPOOL
00000000   PRD_swi$ord
00000000   PRD_swi$sts$unittype
00000000   PRD_swi$swi
00000000   Ping_SWI$sts$unittype
00000000   Ping_SWI$swi
00000000   Pong_SWI$sts$unittype
00000000   Pong_SWI$swi
00000000   RTA_fromHost$hst
00000000   RTA_fromHost$mode
00000000   RTA_toHost$hst
00000000   RTA_toHost$id
00000000   RTDX_MODE
00000000   RTDX_USERTEXECUTION
00000000   SIO$
00000000   SWI_EHOOKFXN
00000000   SWI_IHOOKFXN
00000000   TSK_NUM_HOOKS
00000000   TSK_READYFXN
00000000   TSK_STACKSEG
00000000   TSK_SWITCHFXN
00000000   TSK_idle$pri
00000000   TSK_idle$sts$unittype
00000000   TSK_idle$tsk
00000000   UDEV$
00000000   _CLK_TDDR
00000000   _CLK_TIMERNUM
00000000   _GBL_CACHE
00000000   _HWI_RESET
00000000   _RTDX_interrupt_mask
00000000   ___data__
00000000   ___edata__
00000000   edata
00000000   hwi0
00000000   myLOG$log
00000001   BUF_ENABLED
00000001   CLK$
00000001   CLK_CALDIV
00000001   CLK_HTIMEDIV
00000001   CLK_LTIMEDIV
00000001   CLK_USETIMER
00000001   GBL$
00000001   GBL_CALLCSLCFGINIT
00000001   GBL_ENABLEINST
00000001   GBL_L2CONFIGURE
00000001   GBL_L2MARMASK
00000001   GBL_USERINIT
00000001   GBL_boot
00000001   HST$
00000001   HST_RTDX
00000001   HWI$
00000001   HWI_NMI
00000001   HWI_ZEROTAB
00000001   IDL$
00000001   IDL_USECLKIDLTIME
00000001   IDL_busyObj$filter
00000001   IDL_busyObj$iA
00000001   IDL_busyObj$iC
00000001   ISRC$
00000001   KNL_swi$dorta
00000001   KNL_swi$sts$filtmaxmult
00000001   KNL_swi$sts$filtsummult
00000001   LCK$
00000001   LED_toggle$pri
00000001   LED_toggle$sts$filtmaxmult
00000001   LED_toggle$sts$filtsummult
00000001   LOG$
00000001   LOG_ENABLED
00000001   MEM$
00000001   MEM_gNumHeap
00000001   PRD$
00000001   PRD_A_TABLEN
00000001   PRD_swi$dorta
00000001   PRD_swi$pri
00000001   PRD_swi$sts$filtmaxmult
00000001   PRD_swi$sts$filtsummult
00000001   Ping_SWI$dorta
00000001   Ping_SWI$ord
00000001   Ping_SWI$sts$filtmaxmult
00000001   Ping_SWI$sts$filtsummult
00000001   Pong_SWI$dorta
00000001   Pong_SWI$sts$filtmaxmult
00000001   Pong_SWI$sts$filtsummult
00000001   QUE$
00000001   RTA_fromHost$id
00000001   RTA_toHost$mode
00000001   RTDX$
00000001   RTDX_NORMALIZED_HDR
00000001   RTDX_USERTDX
00000001   SEM$
00000001   STS$
00000001   SWI$
00000001   SYS$
00000001   TSK$
00000001   TSK_PRIORITY
00000001   TSK_idle$ord
00000001   TSK_idle$sts$filtmaxmult
00000001   TSK_idle$sts$filtsummult
00000001   _CLK_USETIMER
00000001   _HWI_NMI
00000001   myLOG$datatype
00000002   HWI_RESERVED0
00000002   IDL_busyObj$unittype
00000002   KNL_swi$sts$filter
00000002   LED_Toggle$sts$unittype
00000002   LED_toggle$sts$filter
00000002   LOG_A_TABLEN
00000002   PIP_A_TABLEN
00000002   PIP_gNumEmbed
00000002   PRD_swi$sts$filter
00000002   Ping_SWI$pri
00000002   Ping_SWI$sts$filter
00000002   Pong_SWI$ord
00000002   Pong_SWI$pri
00000002   Pong_SWI$sts$filter
00000002   TSK_idle$sts$filter
00000002   _HWI_RESERVED0
00000002   _LOG_A_TABLEN
00000002   _RTDX_JTAGONLY
00000003   HWI_RESERVED1
00000003   LED_toggle$ord
00000003   _HWI_RESERVED1
00000004   CLK_CALMULT
00000004   CLK_HTIMEMULT
00000004   HWI_INT4
00000004   RTA_fromHost$framesize
00000004   SWI_A_TABLEN
00000004   _HWI_INT4
00000005   HWI_INT5
00000005   LED_Toggle$ord
00000005   _HWI_INT5
00000006   HWI_INT6
00000006   IDL_CALIBRERROR
00000006   _HWI_INT6
00000007   HWI_INT7
00000007   _HWI_INT7
00000008   HWI_INT8
00000008   PRD_SCALAR
00000008   _HWI_INT8
00000009   HWI_INT9
00000009   _HWI_INT9
0000000a   HWI_INT10
0000000a   _HWI_INT10
0000000b   HWI_INT11
0000000b   _HWI_INT11
0000000c   HWI_INT12
0000000c   _HWI_INT12
0000000d   HWI_INT13
0000000d   _HWI_INT13
0000000e   HWI_INT14
0000000e   _HWI_INT14
0000000f   HWI_INT15
0000000f   _HWI_INT15
00000020   CLK_TCR
00000020   hwi1
00000020   myLOG$size
0000003e   GBL_DSPTYPE
00000040   HST_MAXFRAMESET
00000040   LOG_system$size
00000040   RTA_toHost$framesize
00000040   hwi2
00000042   GBL_FOOTPRINT
00000060   hwi3
00000064   PIP_OBJSIZE
00000080   hwi4
000000a0   hwi5
000000c0   hwi6
000000e0   hwi7
000000ff   HST_MAXFRAMEALLOWED
00000100   hwi8
00000120   hwi9
00000140   hwi10
00000160   hwi11
00000180   hwi12
000001a0   hwi13
000001c0   hwi14
000001e0   hwi15
00000200   LNK_F_checkBufferCall
00000220   LNK_F_getChanPtr
00000278   LNK_F_init
00000280   LNK_F_dataPump
00000294   LNK_rcloop
00000360   LNK_rdrtry
00000370   LNK_rrloop
000003e8   CLK_MICROSECS
000003e8   LED_Toggle$period
00000400   HST_DSMMEMSIZE
00000400   TSK_STACKSIZE
00000408   RTDX_BUFMEMSIZE
00000434   LNK_wrrtry
00000444   LNK_wrloop
00000520   LNK_newin
00000660   LNK_newout
000007c4   LNK_F_readCallBack
00000c34   __GBL_setL2CacheMode
00000de0   SWI_F_enable
00000de0   __SWI_lat3beg
00000e4c   __SWI_lat3end
00000e50   SWI_F_post
00000e50   _SWI_post
00000f8c   __SWI_lat1beg
00000ffc   SWI_EXECFXN
00000ffc   SWI_F_exec
00001028   SWI_F_iexec
00001040   __SWI_lat1end
00001044   __SWI_lat2beg
000010b4   __SWI_lat2end
000010b8   SWI_F_run
000010b8   SWI_RUNFXN
00001320   CLK_HOOKFXN
00001320   HWI_F_dispatch
00001320   _HWI_F_dispatch
00001320   __HWI_lat1beg
000014a0   __HWI_lat1end
000014a0   __HWI_lat2beg
000015cc   __HWI_lat2end2
000015fc   __HWI_lat3end2
00001640   __HWI_lat2end1
00001660   __HWI_lat3beg
00001760   __HWI_lat3end1
00001770   GBL_CLKTYPE
00001780   PRD_F_swi
00001a39   GBL_DSPSUBTYPE
00001a40   PRD_F_tick
00001b20   _KNL_run
00001de0   RTA_F_getlog
00001e24   RTA_F_getsts
00001e6c   RTA_F_readblk
00001e8c   RTA_F_writeword
00001e98   RTA_F_resetmem
00001e98   __RTA_lat1beg
00001ed0   __RTA_lat1end
00001ed8   RTA_F_dispatch
00001f28   RTA_execute
000020a0   _SEM_pendEnterKnl
00002226   GBL_L2ALLOC
000025a0   PRD_THOOKFXN
000025a0   _KNL_tick
000025c0   PIP_F_take
00002654   PIP_F_give
00002654   PIP_F_probe
00002728   PIP_F_start
00002800   __SEM_dopost
00002a20   _TSK_setup
00002c20   _KNL_saveIsrFrame
00002cec   _KNL_switch
00002da0   KNL_glue
00002de0   CLK_F_getltime
00002df4   CLK_F_isr
00002f54   CLK_F_itime
00002f54   _CLK_F_itime
00002f54   _CLK_itime
00002f70   __CLK_lat1beg
00002f9c   __CLK_lat1end
00002fa0   _TSK_exit
00003140   __auto_init
00003380   _TSK_startup
00003440   _KNL_check
00003490   __KNL_lat1beg
00003518   _KNL_idle
00003518   __KNL_lat1end
0000353c   _KNL_max
00003580   _GBL_cslCacheInit
00003660   _KNL_exit
000036b4   _KNL_enter
00003740   _SEM_postEnterKnl
00003820   _SEM_post
00003820   _SEM_postBinary
00003900   _CLK_measure
000039e0   _KNL_ipost
00003aa0   _KNL_post
00003b60   _LCK_post
00003b90   _LCK_pend
00003c20   _SYS_exit
00003ce0   CLK_F_getfhtime
00003d00   CLK_F_gethtime
00003d00   CLK_F_getshtime
00003d00   CLK_TIMEFXN
00003da0   FXN_F_nop
00003da8   FXN_F_run
00003da8   _FXN_F_run
00003df8   FXN_F_zero
00003df8   _FXN_F_zero
00003e20   IDL_F_busy
00003e20   __IDL_lat1beg
00003e70   __IDL_lat1end
00003ea0   LOG_F_event
00003ea0   _LOG_event
00003ea0   __LOG_lat1beg
00003f20   STS_F_delta
00003f20   _STS_delta
00003f58   STS_F_add
00003f58   _STS_add
00003f84   STS_F_reset
00003f84   _STS_reset
00003fa0   IDL_F_calibrate
00004000   CLK_INTBIT
00004000   __STACK_SIZE
00004020   _HWI_disable
00004038   _HWI_enable
0000404c   _HWI_restore
00004080   _SEM_pendBinary
000040e0   _SEM_pend
00004108   HWI_CFGDISPATCHED
00004108   _HWI_CFGDISPATCHED
00004140   _SYS_abort
000041a0   SYS_PUTCFXN
000041a0   _UTL_doPutc
00004200   _CLK_start
00004260   IDL_CALIBRFXN
00004260   IDL_F_stub
000042a0   RTA_F_andn
000042c0   RTA_F_or
000042e0   SYS_ABORTFXN
000042e0   _UTL_doAbort
00004320   _CLK_stop
00004360   GIO_CREATEFXN
00004360   GIO_DELETEFXN
00004360   GIO_PENDFXN
00004360   GIO_POSTFXN
00004360   TSK_VCREATEFXN
00004360   TSK_VDELETEFXN
00004360   TSK_VEXITFXN
00004360   _FXN_F_nop
00004380   _GBL_getVersion
000043a0   IDL_F_loop
000043a0   _IDL_loop
000043c0   _STS_set
000043e0   SYS_ERRORFXN
000043e0   _UTL_doError
00004400   SYS_EXITFXN
00004400   _UTL_halt
00004420   GBL_stackbeg
00004420   _HWI_STKTOP
00004420   __stack
00004e20   GBL_CLKIN
00005205   GBL_A_VERSION
00008000   SDRAM$L
00008000   _SDRAM_length
00008418   _HWI_STKBOTTOM
0000841f   GBL_stackend
00008420   .text
00008420   __STACK_END
00008420   ___text__
00008420   _tsk_led_toggle
0000846c   _process
00008620   _process_pong_SWI
00008650   _process_ping_SWI
00008680   _initBuffers
00008860   _config_EDMA
00009054   _config_interrupts
000090c0   _main
000092ac   _SWI_LEDToggle
000092d8   _EDMA_interrupt_service
00009460   _upSample
000094e4   _integrate
00009570   _downSample
000095c0   _differentiate
000096c0   _ToShort
00009740   _ToFloat
00009824   _StereoFir
00009c8c   _DSK6713_init
00009fa8   _DSK6713_rget
00009fbc   _DSK6713_rset
00009fd0   _DSK6713_wait
0000a028   _DSK6713_waitusec
0000a054   _DSK6713_getVersion
0000a0c0   _EDMA_open
0000a340   _set_aic23_register
0000a3f8   _Config_DSK6713_AIC23
0000a5c0   _memcpy
0000a800   __CSL_init
0000aa20   _DSK6713_LED_init
0000aa60   _DSK6713_LED_off
0000aad0   _DSK6713_LED_on
0000ab40   _DSK6713_LED_toggle
0000ac00   _IRQ_map
0000af80   _EDMA_allocTable
0000b120   _MCBSP_reset
0000b2c0   _wait500nS
0000b2e8   GBL_USERINITFXN
0000b2e8   _GBL_setPLLto225MHz
0000b440   _call_dtors
0000b5a0   _EDMA_reset
0000b6e0   _TIMER_open
0000b820   _TIMER_reset
0000b940   __c6xabi_divi
0000b940   __divi
0000ba60   _EDMA_intAlloc
0000bb60   _MCBSP_open
0000bc60   _MCBSP_start
0000bd60   __strasg
0000be40   _atexit
0000bfe0   __IRQ_init
0000c120   _DSK6713_DIP_init
0000c128   _DSK6713_DIP_get
0000c1a0   _EDMA_disableChannel
0000c200   _EDMA_enableChannel
0000c260   ___add_dtor
0000c2a0   _CSL6713_LIB_
0000c2c0   __nop
0000c2e0   __register_lock
0000c300   __register_unlock
0000c320   __IRQ_hookFetchPacket
0000c340   ___cinit__
0000c340   ___etext__
0000c340   cinit
0000c340   etext
0000d7ec   RTA_fromHost$buf
0000d800   _RTDX_Poll
0000dbba   CLK_COUNTSPMS
0000dbba   CLK_HTIMEPERLTIME
0000dbba   CLK_PRD
0000dbba   _CLK_COUNTSPMS
0000dbba   _CLK_PRD
0000dbef   GBL_TRCMASKVALUE
0000dc00   _RTDX_Buffer_WriteCB
0000e240   _RTDX_Mon_Queue
0000e460   _RTDX_Init_RT_Monitor
0000e4e0   _RTDX_Buffer_Initialize
0000e540   _RTDX_Buffer_ReadCB
0000e5a0   _RTDX_Buffer_Size
0000e5e0   _RTDX_Final_RT_Monitor
0000e620   _RTDX_Buffer_Read
0000e640   _RTDX_Buffer_Write
0000e680   _RTDX_Mask_IER
0000e6a0   ___atexit_func_id__
0000e850   __IRQ_eventTable
0000e8d4   __IRQ_intTable
0000e914   __IRQ_dispatchTable
0000e91c   _KNL_queues
0000e9bc   _KNL_dummy
0000e9f4   _TSK_ATTRS
0000ea10   _TSK_config
0000ea30   _TSK_timerSem
0000ea50   _OBJ_table
0000ea88   _OBJ_segtab
0000eab8   _tccAllocTable
0000eaf8   __TSK_mutex
0000eb20   __MEM_mutex
0000eb48   _datainterface_config
0000eb68   _configEDMARcv
0000eb80   _configEDMAXmt
0000ebc8   __MCBSP_hDev0
0000ebcc   __MCBSP_hDev1
0000ec2c   __TIMER_deviceTable
0000ec44   __TIMER_hDev0
0000ec48   __TIMER_hDev1
0000ec4c   __TIMER_hBios
0000ec50   _SYS_exitStack
0000ec8c   __cleanup_ptr
0000ec90   __dtors_ptr
0000ec94   ___TI_enable_exit_profile_output
0000ec98   __lock
0000ec9c   __unlock
0000eca0   _dtors
0000eca4   _DSK6713_version
0000eca8   IDL_A_TABBEG
0000eca8   IDL_cpuLoad
0000eca8   _IDL_cpuLoad
0000ecac   LNK_dataPump
0000ecac   _LNK_dataPump
0000ecb0   RTA_dispatcher
0000ecb0   _RTA_dispatcher
0000ecb4   IDL_END
0000ecb8   CLK_A_TABBEG
0000ecb8   PRD_clock
0000ecb8   _PRD_clock
0000ecbc   CLK_null
0000ecc0   BIOS_init
0000ecc0   _BIOS_init
0000ee3c   BIOS$$CLKON
0000ee7c   BIOS$$CLKOFF
0000eee4   BIOS_start
0000eee4   _BIOS_start
0000efa0   _MEM_init
0000f080   _c_int00
0000f140   _TSK_init
0000f1c0   _OBJ_init
0000f1e0   _RTDX_Buffer
0000f5e8   _RTDX_Buffer_Start
0000f5ec   _RTDX_Buffer_End
0000f5f0   _rtdx_buffer_state
0000f5fc   _RTDX_writing
0000f610   _rtdx_mon_state
0000f630   LED_toggle$stack
0000f9c8   LED_toggle$stkptr
0000fa30   TSK_idle$stack
0000fdc8   TSK_idle$stkptr
0000fe30   $bss
0000fe30   .bss
0000fe30   _HWI_dispatchTab
0000fe30   ___bss__
0000ff30   IDL_D_tabbeg
0000ff34   IDL_D_calibrate
0000ff38   IDL_D_calbeg
0000ff3c   LOG_D_system
0000ff3c   _LOG_D_system
0000ff40   PIP_D_tabbeg
0000ff44   PIP_D_tablen
0000ff48   CLK_R_time
0000ff4c   CLK_D_timefxn
0000ff50   CLK_D_tabbeg
0000ff54   CLK_D_isrhook
0000ff58   CLK_D_idletime
0000ff5c   _CLK_htimeDiv
0000ff60   _CLK_htimeMult
0000ff64   _CLK_ltimeDiv
0000ff68   _CLK_ltimeMult
0000ff6c   _CLK_D_dirty
0000ff70   _CLK_D_prd
0000ff74   _CLK_D_tddr
0000ff78   _CLK_D_countspms
0000ff7c   PRD_D_tick
0000ff7c   _PRD_D_tick
0000ff80   PRD_D_cur
0000ff84   PRD_D_elapsed
0000ff88   PRD_D_prevtim
0000ff8c   PRD_D_scalar
0000ff90   PRD_D_swihandle
0000ff94   PRD_D_tabbeg
0000ff98   PRD_D_tablen
0000ff9c   PRD_D_thook
0000ffa0   RTA_D_fromHost
0000ffa4   RTA_D_toHost
0000ffa8   RTA_D_logval
0000ffb8   RTA_D_stsval
0000ffc4   HST_D_chanmask
0000ffc8   HST_D_tabbeg
0000ffcc   HST_D_tabend
0000ffd0   _GBL_procId
0000ffd4   _GBL_clkIn
0000ffd8   _GBL_freq
0000ffdc   _MEM_D_NUMSEGMENTS
0000ffe0   _MEM_D_memtab
0000ffe4   _MEM_D_freelist
0000ffe8   _MEM_D_lockaddr
0000ffec   _MEM_D_unlockaddr
0000fff0   _SYS
0000fff4   __HOOK_knlId
0000fff8   __HOOK_NUMHOOKS
0000fffc   SWI_D_runaddr
0000fffc   _SWI_D_runaddr
0000fffc   _SWI_data
00010000   SWI_D_execaddr
00010000   _SWI_D_execaddr
00010004   SWI_D_curmask
00010004   _SWI_D_curmask
00010008   SWI_D_curset
00010008   _SWI_D_curset
0001000c   SWI_D_lock
0001000c   _SWI_D_lock
00010010   SWI_D_curmbox
00010014   SWI_D_curfxn
00010014   _SWI_D_curfxn
00010018   SWI_D_rdybeg
00010018   _SWI_D_rdybeg
0001001c   SWI_D_inswi
0001001c   _SWI_D_inswi
00010020   SWI_D_rdytab
00010098   _KNL_wFlag
0001009c   _KNL_wList
000100a0   _KNL_alarm
000100a4   _KNL_setpri
000100a8   _KNL_inactive
000100ac   _KNL_priority
000100b0   _KNL_set
000100b4   _KNL_curtask
000100b8   _KNL_prevtask
000100bc   _KNL_curtime
000100c0   _KNL_swiptr
000100c4   _KNL_curqueue
000100c8   _KNL_maxqueue
000100cc   _KNL_tswitchfxn
000100d0   _KNL_tcreatefxn
000100d4   _KNL_tdeletefxn
000100d8   _KNL_treadyfxn
000100dc   _KNL_idlefxn
000100e0   _tccRcvPing
000100e4   _tccRcvPong
000100e8   _tccXmtPing
000100ec   _tccXmtPong
000100f0   _hEdmaRcv
000100f4   _hEdmaXmt
000100f8   _hEdmaReloadRcvPing
000100fc   _hEdmaReloadXmtPing
00010100   _hEdmaReloadRcvPong
00010104   _hEdmaReloadXmtPong
00010108   _hMcbsp
0001011c   _MEM_memtab
00010128   MEM_MALLOCSEG
00010128   MEM_SEGZERO
00010128   SDRAM
00010128   _SDRAM
0001012c   RTA_fromHost$pipe$dtab
00010138   RTA_toHost$pipe$dtab
00010144   HWI_D_spsave
00010144   _HWI_D_spsave
00010144   _HWI_data
00010150   _HWI_D_inhwi
00010154   HWI_D_bss
00010158   HWI_D_ccmask
0001015c   LNK_dspFrameRequestMask
0001015c   _LNK_dspFrameRequestMask
00010160   LNK_dspFrameReadyMask
00010160   _LNK_dspFrameReadyMask
00010164   LNK_readPend
00010164   _LNK_readPend
00010168   LNK_readDone
00010168   _LNK_readDone
0001016c   LNK_readFail
0001016c   _LNK_readFail
00010170   LNK_writeFail
00010170   _LNK_writeFail
0001017c   _rtdxNullChanCnt
00010180   _rtdxNullFuncCnt
00010184   _TSK_nTasks
00010188   _TSK_pid
0001018c   _TSK
00010190   _CLK_DFLTMICROSECS
00010194   _CLK_D_microseconds
00010198   _SYS_exitStackPtr
0001019c   _SYS_exitStackTop
000101a0   _CLK_htimePerLtime
000101a8   IDL_D_busyObj
000101ac   _MEM
000101b0   _SYS_PUTCBEG
000101b0   ___end__
000101b0   end
000103af   _SYS_PUTCEND
000103b0   HST_A_TABBEG
000103b0   _HST_A_TABBEG
000103b4   RTA_fromHost
000103b4   _RTA_fromHost
000103bc   RTA_fromHost$rtdx
000103d0   RTA_toHost
000103d0   _RTA_toHost
000103d8   RTA_toHost$rtdx
000103ec   HST_A_TABEND
000103ec   IDL_A_CALBEG
000103ec   IDL_cpuLoad$
000103ec   _HST_A_TABEND
000103f0   LNK_dataPump$
000103f4   RTA_dispatcher$
000103f8   IDL_END$
00010400   LOG_system$buf
00010500   RTA_toHost$buf
00010600   PIP_A_TABBEG
00010600   RTA_fromHost$pipe
00010600   _PIP_A_TABBEG
00010604   RTA_fromHost$pipe$rd
00010630   RTA_fromHost$pipe$aaa
00010634   RTA_fromHost$pipe$wr
00010660   RTA_fromHost$pipe$bbb
00010664   RTA_toHost$pipe
00010668   RTA_toHost$pipe$rd
00010694   RTA_toHost$pipe$aaa
00010698   RTA_toHost$pipe$wr
000106c4   RTA_toHost$pipe$bbb
000106c8   PIP_A_TABEND
000106c8   _PIP_A_TABEND
000106d4   TSK_idle
000106d4   _TSK_idle
00010734   LED_toggle
00010734   _LED_toggle
0001083d   LED_Toggle$sts$maxfmt
00010840   KNL_swi
00010840   SWI_A_TABBEG
00010840   _KNL_swi
00010846   LED_Toggle$sts$sumfmt
0001084f   LED_Toggle$sts$avgfmt
0001085a   KNL_swi$sts$maxfmt
00010862   KNL_swi$sts$sumfmt
0001086a   KNL_swi$sts$avgfmt
0001086c   PRD_SWIHANDLE
0001086c   PRD_swi
0001086c   _PRD_swi
00010874   PRD_swi$sts$maxfmt
0001087c   PRD_swi$sts$sumfmt
00010884   PRD_swi$sts$avgfmt
0001088e   Ping_SWI$sts$maxfmt
00010896   Ping_SWI$sts$sumfmt
00010898   Ping_SWI
00010898   _Ping_SWI
0001089e   Ping_SWI$sts$avgfmt
000108a8   Pong_SWI$sts$maxfmt
000108b0   Pong_SWI$sts$sumfmt
000108b8   Pong_SWI$sts$avgfmt
000108c2   TSK_idle$sts$maxfmt
000108c4   Pong_SWI
000108c4   _Pong_SWI
000108ca   TSK_idle$sts$sumfmt
000108d2   TSK_idle$sts$avgfmt
000108dc   LED_toggle$sts$maxfmt
000108e4   LED_toggle$sts$sumfmt
000108ec   LED_toggle$sts$avgfmt
000108f0   LED_Toggle$sts$stsobj
000108f0   STS_A_TABBEG
000108f0   SWI_A_TABEND
000108f0   _STS_A_TABBEG
000108f4   LED_Toggle$sts
000108f6   IDL_busyObj$maxfmt
000108f9   IDL_busyObj$sumfmt
000108fc   IDL_busyObj$avgfmt
00010900   KNL_swi$sts$stsobj
00010904   KNL_swi$sts
00010910   PRD_swi$sts$stsobj
00010914   PRD_swi$sts
00010920   Ping_SWI$sts$stsobj
00010924   Ping_SWI$sts
00010930   Pong_SWI$sts$stsobj
00010934   Pong_SWI$sts
00010940   TSK_idle$sts$stsobj
00010944   TSK_idle$sts
00010950   LED_toggle$sts$stsobj
00010954   LED_toggle$sts
00010960   IDL_busyObj$stsobj
00010964   IDL_busyObj
00010964   _IDL_busyObj
00010970   STS_A_TABEND
00010970   _STS_A_TABEND
000109c8   LOG_A_TABBEG
000109c8   LOG_system
000109c8   _LOG_A_TABBEG
000109c8   _LOG_system
000109e0   _myLOG
000109e0   myLOG
000109f8   LOG_A_TABEND
000109f8   _LOG_A_TABEND
00010a04   _SEM_LEDToggle
00010a4c   LED_Toggle
00010a4c   PRD_A_TABBEG
00010a4c   _LED_Toggle
00010a68   LED_Toggle$aaa
00010a6c   PRD_A_TABEND
00010a6c   SYS$config
00010a7c   ___pinit__
00010a7c   pinit
00010a88   TRC_cinit
00010a8c   TRC_R_mask
00010a8c   _TRC_R_mask
00010a90   GBL_initdone
00015554   _Hlp
000155f4   _i0
000195f4   _i1
0001d5f4   _i2
000215f4   _i3
000255f4   _i4
000295f4   _i5
0002d5f4   _c0
0002d744   _c1
0002d894   _c2
0002d9e4   _c3
0002db34   _c4
0002dc84   _c5
0002ddd4   _dn
00031dd4   _up
00031f24   _hp
00032074   _ci0
0003207c   _ci1
00032084   _ci2
0003208c   _ci3
00032094   _ci4
0003209c   _ci5
000320a4   _cc0
000320ac   _cc1
000320b4   _cc2
000320bc   _cc3
000320c4   _cc4
000320cc   _cc5
000320d4   _chp
00032214   _out
00036214   _Buffer_in_ping
00036ee8   CLK_LTIMEMULT
00036ee8   GBL_FREQ
00038214   _Buffer_in_pong
0003a214   _Buffer_out_ping
0003c214   _Buffer_out_pong
01940000   CLK_REGS
01940000   _CLK_REGS
082039a3   HWI_INTRMULTHIGH
310718a4   HWI_INTRMULTLOW
80000000   SDRAM$B
80000000   _SDRAM_base
80008000   myLOG$buf
ffffffff   HST_DSMBUFSEG
ffffffff   IRAM
ffffffff   RTDX_DATAMEMSEG
ffffffff   _IRAM
ffffffff   ___TI_pprof_out_hndl
ffffffff   ___TI_prof_data_size
ffffffff   ___TI_prof_data_start
ffffffff   ___binit__
ffffffff   ___c_args__
ffffffff   _myMEM
ffffffff   binit
ffffffff   myMEM

[875 symbols]
