<?xml version="1.0"?>
<link_info>
   <banner>TMS320C6x Linker PC v7.4.16</banner>
   <copyright>Copyright (c) 1996-2015 Texas Instruments Incorporated</copyright>
   <link_time>0x5b0e8c7e</link_time>
   <output_file>SSB.out</output_file>
   <entry_point>
      <name>_c_int00</name>
      <address>0xe460</address>
   </entry_point>
   <input_file_list>
      <input_file id="fl-2">
         <path>.\</path>
         <kind>object</kind>
         <file>BIOS_configcfg.obj</file>
         <name>BIOS_configcfg.obj</name>
      </input_file>
      <input_file id="fl-3">
         <path>.\</path>
         <kind>object</kind>
         <file>BIOS_configcfg_c.obj</file>
         <name>BIOS_configcfg_c.obj</name>
      </input_file>
      <input_file id="fl-4">
         <path>.\</path>
         <kind>object</kind>
         <file>config_AIC23.obj</file>
         <name>config_AIC23.obj</name>
      </input_file>
      <input_file id="fl-5">
         <path>.\</path>
         <kind>object</kind>
         <file>skeleton.obj</file>
         <name>skeleton.obj</name>
      </input_file>
      <input_file id="fl-15">
         <path>C:\ti\bios_5_42_02_10\packages\ti\bios\lib\</path>
         <kind>archive</kind>
         <file>biosC6000.a67</file>
         <name>clk_htime.o67</name>
      </input_file>
      <input_file id="fl-16">
         <path>C:\ti\bios_5_42_02_10\packages\ti\bios\lib\</path>
         <kind>archive</kind>
         <file>bios.a67</file>
         <name>biosdata.o67</name>
      </input_file>
      <input_file id="fl-17">
         <path>C:\ti\bios_5_42_02_10\packages\ti\bios\lib\</path>
         <kind>archive</kind>
         <file>bios.a67</file>
         <name>hwi_disp_asm.o67</name>
      </input_file>
      <input_file id="fl-18">
         <path>C:\ti\bios_5_42_02_10\packages\ti\bios\lib\</path>
         <kind>archive</kind>
         <file>bios.a67</file>
         <name>idl_stub.o67</name>
      </input_file>
      <input_file id="fl-19">
         <path>C:\ti\bios_5_42_02_10\packages\ti\bios\lib\</path>
         <kind>archive</kind>
         <file>lnkrtdx.a67</file>
         <name>rtdx.o67</name>
      </input_file>
      <input_file id="fl-1a">
         <path>C:\ti\bios_5_42_02_10\packages\ti\bios\lib\</path>
         <kind>archive</kind>
         <file>bios.a67</file>
         <name>swi.o67</name>
      </input_file>
      <input_file id="fl-1b">
         <path>C:\ti\bios_5_42_02_10\packages\ti\bios\lib\</path>
         <kind>archive</kind>
         <file>bios.a67</file>
         <name>fxn_c.o67</name>
      </input_file>
      <input_file id="fl-1c">
         <path>C:\ti\bios_5_42_02_10\packages\ti\bios\lib\</path>
         <kind>archive</kind>
         <file>bios.a67</file>
         <name>gbl_cslpllinit62.o67</name>
      </input_file>
      <input_file id="fl-1d">
         <path>C:\ti\bios_5_42_02_10\packages\ti\bios\lib\</path>
         <kind>archive</kind>
         <file>bios.a67</file>
         <name>knl_tick.o67</name>
      </input_file>
      <input_file id="fl-1e">
         <path>C:\ti\bios_5_42_02_10\packages\ti\bios\lib\</path>
         <kind>archive</kind>
         <file>bios.a67</file>
         <name>utl_doab.o67</name>
      </input_file>
      <input_file id="fl-1f">
         <path>C:\ti\bios_5_42_02_10\packages\ti\bios\lib\</path>
         <kind>archive</kind>
         <file>bios.a67</file>
         <name>utl_doer.o67</name>
      </input_file>
      <input_file id="fl-20">
         <path>C:\ti\bios_5_42_02_10\packages\ti\bios\lib\</path>
         <kind>archive</kind>
         <file>bios.a67</file>
         <name>utl_putc.o67</name>
      </input_file>
      <input_file id="fl-21">
         <path>C:\ti\bios_5_42_02_10\packages\ti\bios\lib\</path>
         <kind>archive</kind>
         <file>bios.a67</file>
         <name>utl_halt.o67</name>
      </input_file>
      <input_file id="fl-22">
         <path>C:\ti\bios_5_42_02_10\packages\ti\bios\lib\</path>
         <kind>archive</kind>
         <file>biosC6000.a67</file>
         <name>clk.o67</name>
      </input_file>
      <input_file id="fl-23">
         <path>C:\ti\bios_5_42_02_10\packages\ti\bios\lib\</path>
         <kind>archive</kind>
         <file>bios.a67</file>
         <name>fxn.o67</name>
      </input_file>
      <input_file id="fl-24">
         <path>C:\ti\bios_5_42_02_10\packages\ti\bios\lib\</path>
         <kind>archive</kind>
         <file>bios.a67</file>
         <name>boot.o67</name>
      </input_file>
      <input_file id="fl-25">
         <path>C:\ti\bios_5_42_02_10\packages\ti\bios\lib\</path>
         <kind>archive</kind>
         <file>bios.a67</file>
         <name>trc.o67</name>
      </input_file>
      <input_file id="fl-26">
         <path>C:\ti\bios_5_42_02_10\packages\ti\bios\lib\</path>
         <kind>archive</kind>
         <file>bios.a67</file>
         <name>hwi.o67</name>
      </input_file>
      <input_file id="fl-27">
         <path>C:\ti\bios_5_42_02_10\packages\ti\bios\lib\</path>
         <kind>archive</kind>
         <file>bios.a67</file>
         <name>idl_busy.o67</name>
      </input_file>
      <input_file id="fl-28">
         <path>C:\ti\bios_5_42_02_10\packages\ti\bios\lib\</path>
         <kind>archive</kind>
         <file>biosC6000.a67</file>
         <name>idl_cal.o67</name>
      </input_file>
      <input_file id="fl-29">
         <path>C:\ti\bios_5_42_02_10\packages\ti\bios\lib\</path>
         <kind>archive</kind>
         <file>bios.a67</file>
         <name>idl.o67</name>
      </input_file>
      <input_file id="fl-2a">
         <path>C:\ti\bios_5_42_02_10\packages\ti\bios\lib\</path>
         <kind>archive</kind>
         <file>bios.a67</file>
         <name>knl_swit.o67</name>
      </input_file>
      <input_file id="fl-2b">
         <path>C:\ti\bios_5_42_02_10\packages\ti\bios\lib\</path>
         <kind>archive</kind>
         <file>bios.a67</file>
         <name>log.o67</name>
      </input_file>
      <input_file id="fl-2c">
         <path>C:\ti\bios_5_42_02_10\packages\ti\bios\lib\</path>
         <kind>archive</kind>
         <file>bios.a67</file>
         <name>pip.o67</name>
      </input_file>
      <input_file id="fl-2d">
         <path>C:\ti\bios_5_42_02_10\packages\ti\bios\lib\</path>
         <kind>archive</kind>
         <file>bios.a67</file>
         <name>prd.o67</name>
      </input_file>
      <input_file id="fl-2e">
         <path>C:\ti\bios_5_42_02_10\packages\ti\bios\lib\</path>
         <kind>archive</kind>
         <file>bios.a67</file>
         <name>rta.o67</name>
      </input_file>
      <input_file id="fl-2f">
         <path>C:\ti\bios_5_42_02_10\packages\ti\bios\lib\</path>
         <kind>archive</kind>
         <file>bios.a67</file>
         <name>rta_andn.o67</name>
      </input_file>
      <input_file id="fl-30">
         <path>C:\ti\bios_5_42_02_10\packages\ti\bios\lib\</path>
         <kind>archive</kind>
         <file>bios.a67</file>
         <name>sts.o67</name>
      </input_file>
      <input_file id="fl-31">
         <path>C:\ti\bios_5_42_02_10\packages\ti\bios\lib\</path>
         <kind>archive</kind>
         <file>bios.a67</file>
         <name>clk_data.o67</name>
      </input_file>
      <input_file id="fl-32">
         <path>C:\ti\bios_5_42_02_10\packages\ti\bios\lib\</path>
         <kind>archive</kind>
         <file>bios.a67</file>
         <name>clk_data2.o67</name>
      </input_file>
      <input_file id="fl-33">
         <path>C:\ti\bios_5_42_02_10\packages\ti\bios\lib\</path>
         <kind>archive</kind>
         <file>biosC6000.a67</file>
         <name>clk_meas.o67</name>
      </input_file>
      <input_file id="fl-34">
         <path>C:\ti\bios_5_42_02_10\packages\ti\bios\lib\</path>
         <kind>archive</kind>
         <file>biosC6000.a67</file>
         <name>clk_start.o67</name>
      </input_file>
      <input_file id="fl-35">
         <path>C:\ti\bios_5_42_02_10\packages\ti\bios\lib\</path>
         <kind>archive</kind>
         <file>biosC6000.a67</file>
         <name>clk_stop.o67</name>
      </input_file>
      <input_file id="fl-36">
         <path>C:\ti\C6xCSL\lib_3x\</path>
         <kind>archive</kind>
         <file>csl6713.lib</file>
         <name>csl.obj</name>
      </input_file>
      <input_file id="fl-37">
         <path>C:\ti\DSK6713\c6000\dsk6713\lib\</path>
         <kind>archive</kind>
         <file>dsk6713bsl.lib</file>
         <name>dsk6713_dip.obj</name>
      </input_file>
      <input_file id="fl-38">
         <path>C:\ti\DSK6713\c6000\dsk6713\lib\</path>
         <kind>archive</kind>
         <file>dsk6713bsl.lib</file>
         <name>dsk6713_led.obj</name>
      </input_file>
      <input_file id="fl-39">
         <path>C:\ti\DSK6713\c6000\dsk6713\lib\</path>
         <kind>archive</kind>
         <file>dsk6713bsl.lib</file>
         <name>dsk6713.obj</name>
      </input_file>
      <input_file id="fl-3a">
         <path>C:\ti\C6xCSL\lib_3x\</path>
         <kind>archive</kind>
         <file>csl6713.lib</file>
         <name>csl_edma.obj</name>
      </input_file>
      <input_file id="fl-3b">
         <path>C:\ti\bios_5_42_02_10\packages\ti\bios\lib\</path>
         <kind>archive</kind>
         <file>bios.a67</file>
         <name>gbl_cslcacheinit.o67</name>
      </input_file>
      <input_file id="fl-3c">
         <path>C:\ti\bios_5_42_02_10\packages\ti\bios\lib\</path>
         <kind>archive</kind>
         <file>bios.a67</file>
         <name>gbl_vers.o67</name>
      </input_file>
      <input_file id="fl-3d">
         <path>C:\ti\bios_5_42_02_10\packages\ti\bios\lib\</path>
         <kind>archive</kind>
         <file>bios.a67</file>
         <name>hwi_c.o67</name>
      </input_file>
      <input_file id="fl-3e">
         <path>C:\ti\C6xCSL\lib_3x\</path>
         <kind>archive</kind>
         <file>csl6713.lib</file>
         <name>csl_irq.obj</name>
      </input_file>
      <input_file id="fl-3f">
         <path>C:\ti\bios_5_42_02_10\packages\ti\bios\lib\</path>
         <kind>archive</kind>
         <file>bios.a67</file>
         <name>knl.o67</name>
      </input_file>
      <input_file id="fl-40">
         <path>C:\ti\bios_5_42_02_10\packages\ti\bios\lib\</path>
         <kind>archive</kind>
         <file>bios.a67</file>
         <name>knl_exit.o67</name>
      </input_file>
      <input_file id="fl-41">
         <path>C:\ti\bios_5_42_02_10\packages\ti\bios\lib\</path>
         <kind>archive</kind>
         <file>bios.a67</file>
         <name>knl_chec.o67</name>
      </input_file>
      <input_file id="fl-42">
         <path>C:\ti\bios_5_42_02_10\packages\ti\bios\lib\</path>
         <kind>archive</kind>
         <file>bios.a67</file>
         <name>knl_post.o67</name>
      </input_file>
      <input_file id="fl-43">
         <path>C:\ti\bios_5_42_02_10\packages\ti\bios\lib\</path>
         <kind>archive</kind>
         <file>bios.a67</file>
         <name>knl_ipos.o67</name>
      </input_file>
      <input_file id="fl-44">
         <path>C:\ti\bios_5_42_02_10\packages\ti\bios\lib\</path>
         <kind>archive</kind>
         <file>bios.a67</file>
         <name>knl_run.o67</name>
      </input_file>
      <input_file id="fl-45">
         <path>C:\ti\C6xCSL\lib_3x\</path>
         <kind>archive</kind>
         <file>csl6713.lib</file>
         <name>csl_mcbsp.obj</name>
      </input_file>
      <input_file id="fl-46">
         <path>C:\ti\bios_5_42_02_10\packages\ti\bios\lib\</path>
         <kind>archive</kind>
         <file>bios.a67</file>
         <name>mem_asm.o67</name>
      </input_file>
      <input_file id="fl-47">
         <path>C:\ti\bios_5_42_02_10\packages\ti\bios\lib\</path>
         <kind>archive</kind>
         <file>bios.a67</file>
         <name>mem_init.o67</name>
      </input_file>
      <input_file id="fl-48">
         <path>C:\ti\bios_5_42_02_10\packages\ti\bios\lib\</path>
         <kind>archive</kind>
         <file>bios.a67</file>
         <name>obj_init.o67</name>
      </input_file>
      <input_file id="fl-49">
         <path>C:\ti\bios_5_42_02_10\packages\ti\rtdx\lib\c6000\</path>
         <kind>archive</kind>
         <file>rtdx.lib</file>
         <name>buffer2.o62</name>
      </input_file>
      <input_file id="fl-4a">
         <path>C:\ti\bios_5_42_02_10\packages\ti\rtdx\lib\c6000\</path>
         <kind>archive</kind>
         <file>rtdx.lib</file>
         <name>buffer1.o62</name>
      </input_file>
      <input_file id="fl-4b">
         <path>C:\ti\bios_5_42_02_10\packages\ti\rtdx\lib\c6000\</path>
         <kind>archive</kind>
         <file>rtdx.lib</file>
         <name>intr_tgt.o62</name>
      </input_file>
      <input_file id="fl-4c">
         <path>C:\ti\bios_5_42_02_10\packages\ti\rtdx\lib\c6000\</path>
         <kind>archive</kind>
         <file>rtdx.lib</file>
         <name>rtdx_mon.o62</name>
      </input_file>
      <input_file id="fl-4d">
         <path>C:\ti\bios_5_42_02_10\packages\ti\bios\lib\</path>
         <kind>archive</kind>
         <file>bios.a67</file>
         <name>sem_pend_binary.o67</name>
      </input_file>
      <input_file id="fl-4e">
         <path>C:\ti\bios_5_42_02_10\packages\ti\bios\lib\</path>
         <kind>archive</kind>
         <file>bios.a67</file>
         <name>sem_pend.o67</name>
      </input_file>
      <input_file id="fl-4f">
         <path>C:\ti\bios_5_42_02_10\packages\ti\bios\lib\</path>
         <kind>archive</kind>
         <file>bios.a67</file>
         <name>sem_post_asm.o67</name>
      </input_file>
      <input_file id="fl-50">
         <path>C:\ti\bios_5_42_02_10\packages\ti\bios\lib\</path>
         <kind>archive</kind>
         <file>bios.a67</file>
         <name>sem_post.o67</name>
      </input_file>
      <input_file id="fl-51">
         <path>C:\ti\bios_5_42_02_10\packages\ti\bios\lib\</path>
         <kind>archive</kind>
         <file>bios.a67</file>
         <name>sts_set.o67</name>
      </input_file>
      <input_file id="fl-52">
         <path>C:\ti\C6xCSL\lib_3x\</path>
         <kind>archive</kind>
         <file>csl6713.lib</file>
         <name>csl_timer.obj</name>
      </input_file>
      <input_file id="fl-53">
         <path>C:\ti\bios_5_42_02_10\packages\ti\bios\lib\</path>
         <kind>archive</kind>
         <file>bios.a67</file>
         <name>tsk.o67</name>
      </input_file>
      <input_file id="fl-54">
         <path>C:\ti\bios_5_42_02_10\packages\ti\bios\lib\</path>
         <kind>archive</kind>
         <file>bios.a67</file>
         <name>tsk_exit.o67</name>
      </input_file>
      <input_file id="fl-55">
         <path>C:\ti\bios_5_42_02_10\packages\ti\bios\lib\</path>
         <kind>archive</kind>
         <file>bios.a67</file>
         <name>sys_exit.o67</name>
      </input_file>
      <input_file id="fl-56">
         <path>C:\ti\bios_5_42_02_10\packages\ti\bios\lib\</path>
         <kind>archive</kind>
         <file>bios.a67</file>
         <name>sys.o67</name>
      </input_file>
      <input_file id="fl-57">
         <path>C:\ti\bios_5_42_02_10\packages\ti\bios\lib\</path>
         <kind>archive</kind>
         <file>bios.a67</file>
         <name>tsk_init.o67</name>
      </input_file>
      <input_file id="fl-58">
         <path>C:\ti\bios_5_42_02_10\packages\ti\bios\lib\</path>
         <kind>archive</kind>
         <file>bios.a67</file>
         <name>tsk_setu.o67</name>
      </input_file>
      <input_file id="fl-59">
         <path>C:\ti\bios_5_42_02_10\packages\ti\bios\lib\</path>
         <kind>archive</kind>
         <file>bios.a67</file>
         <name>tsk_stup.o67</name>
      </input_file>
      <input_file id="fl-5a">
         <path>C:\ti\bios_5_42_02_10\packages\ti\bios\lib\</path>
         <kind>archive</kind>
         <file>bios.a67</file>
         <name>lck.o67</name>
      </input_file>
      <input_file id="fl-5b">
         <path>C:\ti\bios_5_42_02_10\packages\ti\bios\lib\</path>
         <kind>archive</kind>
         <file>bios.a67</file>
         <name>sem_pend_counting.o67</name>
      </input_file>
      <input_file id="fl-5c">
         <path>C:\ti\bios_5_42_02_10\packages\ti\bios\lib\</path>
         <kind>archive</kind>
         <file>bios.a67</file>
         <name>sys_abor.o67</name>
      </input_file>
      <input_file id="fl-5d">
         <path>C:\ti\bios_5_42_02_10\packages\ti\bios\lib\</path>
         <kind>archive</kind>
         <file>bios.a67</file>
         <name>gbl_setL2CacheMode.o67</name>
      </input_file>
      <input_file id="fl-5e">
         <path>C:\ti\bios_5_42_02_10\packages\ti\bios\lib\</path>
         <kind>archive</kind>
         <file>bios.a67</file>
         <name>sem_dopo.o67</name>
      </input_file>
      <input_file id="fl-5f">
         <path>C:\ti\bios_5_42_02_10\packages\ti\bios\lib\</path>
         <kind>archive</kind>
         <file>bios.a67</file>
         <name>autoinit.o67</name>
      </input_file>
      <input_file id="fl-60">
         <path>C:\ti\ccsv6\tools\compiler\c6000_7.4.16\lib\</path>
         <kind>archive</kind>
         <file>rts6700.lib</file>
         <name>_lock.obj</name>
      </input_file>
      <input_file id="fl-61">
         <path>C:\ti\ccsv6\tools\compiler\c6000_7.4.16\lib\</path>
         <kind>archive</kind>
         <file>rts6700.lib</file>
         <name>strasg.obj</name>
      </input_file>
      <input_file id="fl-62">
         <path>C:\ti\ccsv6\tools\compiler\c6000_7.4.16\lib\</path>
         <kind>archive</kind>
         <file>rts6700.lib</file>
         <name>atexit.obj</name>
      </input_file>
      <input_file id="fl-63">
         <path>C:\ti\ccsv6\tools\compiler\c6000_7.4.16\lib\</path>
         <kind>archive</kind>
         <file>rts6700.lib</file>
         <name>sinit.obj</name>
      </input_file>
      <input_file id="fl-64">
         <path>C:\ti\ccsv6\tools\compiler\c6000_7.4.16\lib\</path>
         <kind>archive</kind>
         <file>rts6700.lib</file>
         <name>exit.obj</name>
      </input_file>
      <input_file id="fl-65">
         <path>C:\ti\ccsv6\tools\compiler\c6000_7.4.16\lib\</path>
         <kind>archive</kind>
         <file>rts6700.lib</file>
         <name>memcpy62.obj</name>
      </input_file>
   </input_file_list>
   <object_component_list>
      <object_component id="oc-78">
         <name>.datenpuffer</name>
         <uninitialized>true</uninitialized>
         <run_address>0x20000</run_address>
         <size>0x1000</size>
         <input_file_ref idref="fl-5"/>
      </object_component>
      <object_component id="oc-69">
         <name>.vers</name>
         <load_address>0x0</load_address>
         <run_address>0x0</run_address>
         <size>0x40</size>
         <input_file_ref idref="fl-2"/>
      </object_component>
      <object_component id="oc-55">
         <name>.clk</name>
         <uninitialized>true</uninitialized>
         <run_address>0xe098</run_address>
         <size>0x8</size>
         <input_file_ref idref="fl-2"/>
      </object_component>
      <object_component id="oc-56">
         <name>.prd</name>
         <uninitialized>true</uninitialized>
         <run_address>0xfe30</run_address>
         <size>0x20</size>
         <input_file_ref idref="fl-2"/>
      </object_component>
      <object_component id="oc-8">
         <name>HWI_A_VECS</name>
         <load_address>0x0</load_address>
         <run_address>0x0</run_address>
         <size>0x0</size>
      </object_component>
      <object_component id="oc-5d">
         <name>.hwi_vec</name>
         <load_address>0x0</load_address>
         <run_address>0x0</run_address>
         <size>0x200</size>
         <input_file_ref idref="fl-2"/>
      </object_component>
      <object_component id="oc-5e">
         <name>.swi</name>
         <uninitialized>true</uninitialized>
         <run_address>0xfc40</run_address>
         <size>0xb0</size>
         <input_file_ref idref="fl-2"/>
      </object_component>
      <object_component id="oc-5f">
         <name>.tsk</name>
         <uninitialized>true</uninitialized>
         <run_address>0xfac8</run_address>
         <size>0xc0</size>
         <input_file_ref idref="fl-2"/>
      </object_component>
      <object_component id="oc-63">
         <name>.idl</name>
         <uninitialized>true</uninitialized>
         <run_address>0xe088</run_address>
         <size>0x10</size>
         <input_file_ref idref="fl-2"/>
      </object_component>
      <object_component id="oc-62">
         <name>.idlcal</name>
         <uninitialized>true</uninitialized>
         <run_address>0xf7e8</run_address>
         <size>0x10</size>
         <input_file_ref idref="fl-2"/>
      </object_component>
      <object_component id="oc-4a">
         <name>.bss</name>
         <uninitialized>true</uninitialized>
         <run_address>0xf4fc</run_address>
         <size>0x28</size>
         <input_file_ref idref="fl-2"/>
      </object_component>
      <object_component id="oc-75">
         <name>.bss</name>
         <uninitialized>true</uninitialized>
         <run_address>0xf4c0</run_address>
         <size>0x3c</size>
         <input_file_ref idref="fl-5"/>
      </object_component>
      <object_component id="oc-80">
         <name>.bss</name>
         <uninitialized>true</uninitialized>
         <run_address>0xf310</run_address>
         <size>0xcc</size>
         <input_file_ref idref="fl-16"/>
      </object_component>
      <object_component id="oc-82">
         <name>.bss</name>
         <uninitialized>true</uninitialized>
         <run_address>0xf210</run_address>
         <size>0x100</size>
         <input_file_ref idref="fl-17"/>
      </object_component>
      <object_component id="oc-89">
         <name>.bss</name>
         <uninitialized>true</uninitialized>
         <run_address>0xf53c</run_address>
         <size>0x18</size>
         <input_file_ref idref="fl-19"/>
      </object_component>
      <object_component id="oc-8f">
         <name>.bss</name>
         <uninitialized>true</uninitialized>
         <run_address>0xf3dc</run_address>
         <size>0x9c</size>
         <input_file_ref idref="fl-1a"/>
      </object_component>
      <object_component id="oc-bd">
         <name>.bss</name>
         <uninitialized>true</uninitialized>
         <run_address>0xf524</run_address>
         <size>0x18</size>
         <input_file_ref idref="fl-26"/>
      </object_component>
      <object_component id="oc-bf">
         <name>.bss</name>
         <uninitialized>true</uninitialized>
         <run_address>0xf588</run_address>
         <size>0x4</size>
         <input_file_ref idref="fl-27"/>
      </object_component>
      <object_component id="oc-eb">
         <name>.bss</name>
         <uninitialized>true</uninitialized>
         <run_address>0xf570</run_address>
         <size>0x8</size>
         <input_file_ref idref="fl-31"/>
      </object_component>
      <object_component id="oc-ee">
         <name>.bss</name>
         <uninitialized>true</uninitialized>
         <run_address>0xf580</run_address>
         <size>0x4</size>
         <input_file_ref idref="fl-32"/>
      </object_component>
      <object_component id="oc-128">
         <name>.bss</name>
         <uninitialized>true</uninitialized>
         <run_address>0xf478</run_address>
         <size>0x48</size>
         <input_file_ref idref="fl-3f"/>
      </object_component>
      <object_component id="oc-146">
         <name>.bss</name>
         <uninitialized>true</uninitialized>
         <run_address>0xf58c</run_address>
         <size>0x4</size>
         <input_file_ref idref="fl-46"/>
      </object_component>
      <object_component id="oc-154">
         <name>.bss</name>
         <uninitialized>true</uninitialized>
         <run_address>0xf554</run_address>
         <size>0x10</size>
         <input_file_ref idref="fl-4a"/>
      </object_component>
      <object_component id="oc-17d">
         <name>.bss</name>
         <uninitialized>true</uninitialized>
         <run_address>0xf564</run_address>
         <size>0xc</size>
         <input_file_ref idref="fl-53"/>
      </object_component>
      <object_component id="oc-18b">
         <name>.bss</name>
         <uninitialized>true</uninitialized>
         <run_address>0xf578</run_address>
         <size>0x8</size>
         <input_file_ref idref="fl-56"/>
      </object_component>
      <object_component id="oc-1ac">
         <name>.bss</name>
         <uninitialized>true</uninitialized>
         <run_address>0xf584</run_address>
         <size>0x4</size>
         <input_file_ref idref="fl-5d"/>
      </object_component>
      <object_component id="oc-71">
         <name>.far</name>
         <uninitialized>true</uninitialized>
         <run_address>0xdfb0</run_address>
         <size>0x34</size>
         <input_file_ref idref="fl-4"/>
      </object_component>
      <object_component id="oc-79">
         <name>.far</name>
         <uninitialized>true</uninitialized>
         <run_address>0xdf28</run_address>
         <size>0x50</size>
         <input_file_ref idref="fl-5"/>
      </object_component>
      <object_component id="oc-9c">
         <name>.far</name>
         <uninitialized>true</uninitialized>
         <run_address>0xe050</run_address>
         <size>0x10</size>
         <input_file_ref idref="fl-1d"/>
      </object_component>
      <object_component id="oc-a9">
         <name>.far</name>
         <uninitialized>true</uninitialized>
         <run_address>0xe060</run_address>
         <size>0xc</size>
         <input_file_ref idref="fl-20"/>
      </object_component>
      <object_component id="oc-fe">
         <name>.far</name>
         <uninitialized>true</uninitialized>
         <run_address>0xdfe4</run_address>
         <size>0x28</size>
         <input_file_ref idref="fl-36"/>
      </object_component>
      <object_component id="oc-107">
         <name>.far</name>
         <uninitialized>true</uninitialized>
         <run_address>0xe086</run_address>
         <size>0x2</size>
         <input_file_ref idref="fl-38"/>
      </object_component>
      <object_component id="oc-10c">
         <name>.far</name>
         <uninitialized>true</uninitialized>
         <run_address>0xe084</run_address>
         <size>0x2</size>
         <input_file_ref idref="fl-39"/>
      </object_component>
      <object_component id="oc-112">
         <name>.far</name>
         <uninitialized>true</uninitialized>
         <run_address>0xde84</run_address>
         <size>0x54</size>
         <input_file_ref idref="fl-3a"/>
      </object_component>
      <object_component id="oc-124">
         <name>.far</name>
         <uninitialized>true</uninitialized>
         <run_address>0xdc08</run_address>
         <size>0xf4</size>
         <input_file_ref idref="fl-3e"/>
      </object_component>
      <object_component id="oc-12b">
         <name>.far</name>
         <uninitialized>true</uninitialized>
         <run_address>0xdcfc</run_address>
         <size>0xd8</size>
         <input_file_ref idref="fl-3f"/>
      </object_component>
      <object_component id="oc-142">
         <name>.far</name>
         <uninitialized>true</uninitialized>
         <run_address>0xdf78</run_address>
         <size>0x38</size>
         <input_file_ref idref="fl-45"/>
      </object_component>
      <object_component id="oc-14d">
         <name>.far</name>
         <uninitialized>true</uninitialized>
         <run_address>0xde30</run_address>
         <size>0x54</size>
         <input_file_ref idref="fl-48"/>
      </object_component>
      <object_component id="oc-179">
         <name>.far</name>
         <uninitialized>true</uninitialized>
         <run_address>0xe00c</run_address>
         <size>0x24</size>
         <input_file_ref idref="fl-52"/>
      </object_component>
      <object_component id="oc-180">
         <name>.far</name>
         <uninitialized>true</uninitialized>
         <run_address>0xddd4</run_address>
         <size>0x5c</size>
         <input_file_ref idref="fl-53"/>
      </object_component>
      <object_component id="oc-18e">
         <name>.far</name>
         <uninitialized>true</uninitialized>
         <run_address>0xe030</run_address>
         <size>0x20</size>
         <input_file_ref idref="fl-56"/>
      </object_component>
      <object_component id="oc-19b">
         <name>.far</name>
         <uninitialized>true</uninitialized>
         <run_address>0xded8</run_address>
         <size>0x50</size>
         <input_file_ref idref="fl-59"/>
      </object_component>
      <object_component id="oc-1bc">
         <name>.far</name>
         <uninitialized>true</uninitialized>
         <run_address>0xe078</run_address>
         <size>0x8</size>
         <input_file_ref idref="fl-60"/>
      </object_component>
      <object_component id="oc-1c4">
         <name>.far</name>
         <uninitialized>true</uninitialized>
         <run_address>0xda80</run_address>
         <size>0x188</size>
         <input_file_ref idref="fl-62"/>
      </object_component>
      <object_component id="oc-1c9">
         <name>.far</name>
         <uninitialized>true</uninitialized>
         <run_address>0xe080</run_address>
         <size>0x4</size>
         <input_file_ref idref="fl-63"/>
      </object_component>
      <object_component id="oc-1ce">
         <name>.far</name>
         <uninitialized>true</uninitialized>
         <run_address>0xe06c</run_address>
         <size>0xc</size>
         <input_file_ref idref="fl-64"/>
      </object_component>
      <object_component id="oc-67">
         <name>.sem</name>
         <uninitialized>true</uninitialized>
         <run_address>0xfddc</run_address>
         <size>0x2c</size>
         <input_file_ref idref="fl-2"/>
      </object_component>
      <object_component id="oc-51">
         <name>.mem</name>
         <uninitialized>true</uninitialized>
         <run_address>0xf7f8</run_address>
         <size>0x4</size>
         <input_file_ref idref="fl-2"/>
      </object_component>
      <object_component id="oc-8b">
         <name>.bios</name>
         <load_address>0x200</load_address>
         <run_address>0x200</run_address>
         <size>0x600</size>
         <input_file_ref idref="fl-19"/>
      </object_component>
      <object_component id="oc-1af">
         <name>.bios</name>
         <load_address>0x800</load_address>
         <run_address>0x800</run_address>
         <size>0x5e0</size>
         <input_file_ref idref="fl-5d"/>
      </object_component>
      <object_component id="oc-47">
         <name>.bios</name>
         <load_address>0xde0</load_address>
         <run_address>0xde0</run_address>
         <size>0x540</size>
         <input_file_ref idref="fl-1a"/>
      </object_component>
      <object_component id="oc-48">
         <name>.bios</name>
         <load_address>0x1320</load_address>
         <run_address>0x1320</run_address>
         <size>0x460</size>
         <input_file_ref idref="fl-17"/>
      </object_component>
      <object_component id="oc-da">
         <name>.bios</name>
         <load_address>0x1780</load_address>
         <run_address>0x1780</run_address>
         <size>0x3a0</size>
         <input_file_ref idref="fl-2d"/>
      </object_component>
      <object_component id="oc-13e">
         <name>.bios</name>
         <load_address>0x1b20</load_address>
         <run_address>0x1b20</run_address>
         <size>0x2c0</size>
         <input_file_ref idref="fl-44"/>
      </object_component>
      <object_component id="oc-df">
         <name>.bios</name>
         <load_address>0x1de0</load_address>
         <run_address>0x1de0</run_address>
         <size>0x2c0</size>
         <input_file_ref idref="fl-2e"/>
      </object_component>
      <object_component id="oc-169">
         <name>.bios</name>
         <load_address>0x20a0</load_address>
         <run_address>0x20a0</run_address>
         <size>0x2c0</size>
         <input_file_ref idref="fl-4e"/>
      </object_component>
      <object_component id="oc-4c">
         <name>.bios</name>
         <load_address>0x2360</load_address>
         <run_address>0x2360</run_address>
         <size>0x260</size>
         <input_file_ref idref="fl-1d"/>
      </object_component>
      <object_component id="oc-d6">
         <name>.bios</name>
         <load_address>0x25c0</load_address>
         <run_address>0x25c0</run_address>
         <size>0x240</size>
         <input_file_ref idref="fl-2c"/>
      </object_component>
      <object_component id="oc-1b3">
         <name>.bios</name>
         <load_address>0x2800</load_address>
         <run_address>0x2800</run_address>
         <size>0x220</size>
         <input_file_ref idref="fl-5e"/>
      </object_component>
      <object_component id="oc-195">
         <name>.bios</name>
         <load_address>0x2a20</load_address>
         <run_address>0x2a20</run_address>
         <size>0x200</size>
         <input_file_ref idref="fl-58"/>
      </object_component>
      <object_component id="oc-ce">
         <name>.bios</name>
         <load_address>0x2c20</load_address>
         <run_address>0x2c20</run_address>
         <size>0x1c0</size>
         <input_file_ref idref="fl-2a"/>
      </object_component>
      <object_component id="oc-af">
         <name>.bios</name>
         <load_address>0x2de0</load_address>
         <run_address>0x2de0</run_address>
         <size>0x1c0</size>
         <input_file_ref idref="fl-22"/>
      </object_component>
      <object_component id="oc-184">
         <name>.bios</name>
         <load_address>0x2fa0</load_address>
         <run_address>0x2fa0</run_address>
         <size>0x1a0</size>
         <input_file_ref idref="fl-54"/>
      </object_component>
      <object_component id="oc-1b7">
         <name>.bios</name>
         <load_address>0x3140</load_address>
         <run_address>0x3140</run_address>
         <size>0x180</size>
         <input_file_ref idref="fl-5f"/>
      </object_component>
      <object_component id="oc-19c">
         <name>.bios</name>
         <load_address>0x32c0</load_address>
         <run_address>0x32c0</run_address>
         <size>0x180</size>
         <input_file_ref idref="fl-59"/>
      </object_component>
      <object_component id="oc-131">
         <name>.bios</name>
         <load_address>0x3440</load_address>
         <run_address>0x3440</run_address>
         <size>0x140</size>
         <input_file_ref idref="fl-41"/>
      </object_component>
      <object_component id="oc-117">
         <name>.bios</name>
         <load_address>0x3580</load_address>
         <run_address>0x3580</run_address>
         <size>0xe0</size>
         <input_file_ref idref="fl-3b"/>
      </object_component>
      <object_component id="oc-12e">
         <name>.bios</name>
         <load_address>0x3660</load_address>
         <run_address>0x3660</run_address>
         <size>0xe0</size>
         <input_file_ref idref="fl-40"/>
      </object_component>
      <object_component id="oc-171">
         <name>.bios</name>
         <load_address>0x3740</load_address>
         <run_address>0x3740</run_address>
         <size>0xe0</size>
         <input_file_ref idref="fl-50"/>
      </object_component>
      <object_component id="oc-16c">
         <name>.bios</name>
         <load_address>0x3820</load_address>
         <run_address>0x3820</run_address>
         <size>0xe0</size>
         <input_file_ref idref="fl-4f"/>
      </object_component>
      <object_component id="oc-f1">
         <name>.bios</name>
         <load_address>0x3900</load_address>
         <run_address>0x3900</run_address>
         <size>0xe0</size>
         <input_file_ref idref="fl-33"/>
      </object_component>
      <object_component id="oc-13a">
         <name>.bios</name>
         <load_address>0x39e0</load_address>
         <run_address>0x39e0</run_address>
         <size>0xc0</size>
         <input_file_ref idref="fl-43"/>
      </object_component>
      <object_component id="oc-136">
         <name>.bios</name>
         <load_address>0x3aa0</load_address>
         <run_address>0x3aa0</run_address>
         <size>0xc0</size>
         <input_file_ref idref="fl-42"/>
      </object_component>
      <object_component id="oc-1a1">
         <name>.bios</name>
         <load_address>0x3b60</load_address>
         <run_address>0x3b60</run_address>
         <size>0xc0</size>
         <input_file_ref idref="fl-5a"/>
      </object_component>
      <object_component id="oc-188">
         <name>.bios</name>
         <load_address>0x3c20</load_address>
         <run_address>0x3c20</run_address>
         <size>0xc0</size>
         <input_file_ref idref="fl-55"/>
      </object_component>
      <object_component id="oc-49">
         <name>.bios</name>
         <load_address>0x3ce0</load_address>
         <run_address>0x3ce0</run_address>
         <size>0xc0</size>
         <input_file_ref idref="fl-15"/>
      </object_component>
      <object_component id="oc-b3">
         <name>.bios</name>
         <load_address>0x3da0</load_address>
         <run_address>0x3da0</run_address>
         <size>0x80</size>
         <input_file_ref idref="fl-23"/>
      </object_component>
      <object_component id="oc-c1">
         <name>.bios</name>
         <load_address>0x3e20</load_address>
         <run_address>0x3e20</run_address>
         <size>0x80</size>
         <input_file_ref idref="fl-27"/>
      </object_component>
      <object_component id="oc-d2">
         <name>.bios</name>
         <load_address>0x3ea0</load_address>
         <run_address>0x3ea0</run_address>
         <size>0x80</size>
         <input_file_ref idref="fl-2b"/>
      </object_component>
      <object_component id="oc-e7">
         <name>.bios</name>
         <load_address>0x3f20</load_address>
         <run_address>0x3f20</run_address>
         <size>0x80</size>
         <input_file_ref idref="fl-30"/>
      </object_component>
      <object_component id="oc-c5">
         <name>.bios</name>
         <load_address>0x3fa0</load_address>
         <run_address>0x3fa0</run_address>
         <size>0x80</size>
         <input_file_ref idref="fl-28"/>
      </object_component>
      <object_component id="oc-11e">
         <name>.bios</name>
         <load_address>0x4020</load_address>
         <run_address>0x4020</run_address>
         <size>0x60</size>
         <input_file_ref idref="fl-3d"/>
      </object_component>
      <object_component id="oc-164">
         <name>.bios</name>
         <load_address>0x4080</load_address>
         <run_address>0x4080</run_address>
         <size>0x60</size>
         <input_file_ref idref="fl-4d"/>
      </object_component>
      <object_component id="oc-1a4">
         <name>.bios</name>
         <load_address>0x40e0</load_address>
         <run_address>0x40e0</run_address>
         <size>0x60</size>
         <input_file_ref idref="fl-5b"/>
      </object_component>
      <object_component id="oc-1a9">
         <name>.bios</name>
         <load_address>0x4140</load_address>
         <run_address>0x4140</run_address>
         <size>0x60</size>
         <input_file_ref idref="fl-5c"/>
      </object_component>
      <object_component id="oc-4b">
         <name>.bios</name>
         <load_address>0x41a0</load_address>
         <run_address>0x41a0</run_address>
         <size>0x60</size>
         <input_file_ref idref="fl-20"/>
      </object_component>
      <object_component id="oc-f5">
         <name>.bios</name>
         <load_address>0x4200</load_address>
         <run_address>0x4200</run_address>
         <size>0x60</size>
         <input_file_ref idref="fl-34"/>
      </object_component>
      <object_component id="oc-44">
         <name>.bios</name>
         <load_address>0x4260</load_address>
         <run_address>0x4260</run_address>
         <size>0x40</size>
         <input_file_ref idref="fl-18"/>
      </object_component>
      <object_component id="oc-e3">
         <name>.bios</name>
         <load_address>0x42a0</load_address>
         <run_address>0x42a0</run_address>
         <size>0x40</size>
         <input_file_ref idref="fl-2f"/>
      </object_component>
      <object_component id="oc-43">
         <name>.bios</name>
         <load_address>0x42e0</load_address>
         <run_address>0x42e0</run_address>
         <size>0x40</size>
         <input_file_ref idref="fl-1e"/>
      </object_component>
      <object_component id="oc-f9">
         <name>.bios</name>
         <load_address>0x4320</load_address>
         <run_address>0x4320</run_address>
         <size>0x40</size>
         <input_file_ref idref="fl-35"/>
      </object_component>
      <object_component id="oc-4f">
         <name>.bios</name>
         <load_address>0x4360</load_address>
         <run_address>0x4360</run_address>
         <size>0x20</size>
         <input_file_ref idref="fl-1b"/>
      </object_component>
      <object_component id="oc-11a">
         <name>.bios</name>
         <load_address>0x4380</load_address>
         <run_address>0x4380</run_address>
         <size>0x20</size>
         <input_file_ref idref="fl-3c"/>
      </object_component>
      <object_component id="oc-c9">
         <name>.bios</name>
         <load_address>0x43a0</load_address>
         <run_address>0x43a0</run_address>
         <size>0x20</size>
         <input_file_ref idref="fl-29"/>
      </object_component>
      <object_component id="oc-174">
         <name>.bios</name>
         <load_address>0x43c0</load_address>
         <run_address>0x43c0</run_address>
         <size>0x20</size>
         <input_file_ref idref="fl-51"/>
      </object_component>
      <object_component id="oc-4e">
         <name>.bios</name>
         <load_address>0x43e0</load_address>
         <run_address>0x43e0</run_address>
         <size>0x20</size>
         <input_file_ref idref="fl-1f"/>
      </object_component>
      <object_component id="oc-4d">
         <name>.bios</name>
         <load_address>0x4400</load_address>
         <run_address>0x4400</run_address>
         <size>0x20</size>
         <input_file_ref idref="fl-21"/>
      </object_component>
      <object_component id="oc-158">
         <name>.pinit</name>
         <load_address>0xcbd4</load_address>
         <run_address>0xcbd4</run_address>
         <size>0x4</size>
         <input_file_ref idref="fl-4a"/>
      </object_component>
      <object_component id="oc-161">
         <name>.pinit</name>
         <load_address>0xcbd8</load_address>
         <run_address>0xcbd8</run_address>
         <size>0x4</size>
         <input_file_ref idref="fl-4c"/>
      </object_component>
      <object_component id="oc-54">
         <name>.sys</name>
         <uninitialized>true</uninitialized>
         <run_address>0xfe50</run_address>
         <size>0x10</size>
         <input_file_ref idref="fl-2"/>
      </object_component>
      <object_component id="oc-1d4">
         <name>.text</name>
         <load_address>0x8420</load_address>
         <run_address>0x8420</run_address>
         <size>0xdc0</size>
         <input_file_ref idref="fl-5"/>
      </object_component>
      <object_component id="oc-10b">
         <name>.text</name>
         <load_address>0x91e0</load_address>
         <run_address>0x91e0</run_address>
         <size>0x480</size>
         <input_file_ref idref="fl-39"/>
      </object_component>
      <object_component id="oc-1df">
         <name>.text:_EDMA_open</name>
         <load_address>0x9660</load_address>
         <run_address>0x9660</run_address>
         <size>0x280</size>
         <input_file_ref idref="fl-3a"/>
      </object_component>
      <object_component id="oc-1e5">
         <name>.text</name>
         <load_address>0x98e0</load_address>
         <run_address>0x98e0</run_address>
         <size>0x280</size>
         <input_file_ref idref="fl-4"/>
      </object_component>
      <object_component id="oc-1dd">
         <name>.text:_memcpy</name>
         <load_address>0x9b60</load_address>
         <run_address>0x9b60</run_address>
         <size>0x240</size>
         <input_file_ref idref="fl-65"/>
      </object_component>
      <object_component id="oc-1e4">
         <name>.text:__CSL_init</name>
         <load_address>0x9da0</load_address>
         <run_address>0x9da0</run_address>
         <size>0x220</size>
         <input_file_ref idref="fl-36"/>
      </object_component>
      <object_component id="oc-106">
         <name>.text</name>
         <load_address>0x9fc0</load_address>
         <run_address>0x9fc0</run_address>
         <size>0x1e0</size>
         <input_file_ref idref="fl-38"/>
      </object_component>
      <object_component id="oc-1e2">
         <name>.text:_IRQ_map</name>
         <load_address>0xa1a0</load_address>
         <run_address>0xa1a0</run_address>
         <size>0x1c0</size>
         <input_file_ref idref="fl-3e"/>
      </object_component>
      <object_component id="oc-1fa">
         <name>.text:_mux2Tables</name>
         <load_address>0xa360</load_address>
         <run_address>0xa360</run_address>
         <size>0x1c0</size>
         <input_file_ref idref="fl-3e"/>
      </object_component>
      <object_component id="oc-1e0">
         <name>.text:_EDMA_allocTable</name>
         <load_address>0xa520</load_address>
         <run_address>0xa520</run_address>
         <size>0x1a0</size>
         <input_file_ref idref="fl-3a"/>
      </object_component>
      <object_component id="oc-1f3">
         <name>.text:_MCBSP_reset</name>
         <load_address>0xa6c0</load_address>
         <run_address>0xa6c0</run_address>
         <size>0x1a0</size>
         <input_file_ref idref="fl-45"/>
      </object_component>
      <object_component id="oc-45">
         <name>.text</name>
         <load_address>0xa860</load_address>
         <run_address>0xa860</run_address>
         <size>0x180</size>
         <input_file_ref idref="fl-1c"/>
      </object_component>
      <object_component id="oc-1fc">
         <name>.text:_call_dtors</name>
         <load_address>0xa9e0</load_address>
         <run_address>0xa9e0</run_address>
         <size>0x160</size>
         <input_file_ref idref="fl-63"/>
      </object_component>
      <object_component id="oc-1ee">
         <name>.text:_EDMA_reset</name>
         <load_address>0xab40</load_address>
         <run_address>0xab40</run_address>
         <size>0x140</size>
         <input_file_ref idref="fl-3a"/>
      </object_component>
      <object_component id="oc-1f2">
         <name>.text:_TIMER_open</name>
         <load_address>0xac80</load_address>
         <run_address>0xac80</run_address>
         <size>0x140</size>
         <input_file_ref idref="fl-52"/>
      </object_component>
      <object_component id="oc-1fb">
         <name>.text:_TIMER_reset</name>
         <load_address>0xadc0</load_address>
         <run_address>0xadc0</run_address>
         <size>0x120</size>
         <input_file_ref idref="fl-52"/>
      </object_component>
      <object_component id="oc-1e1">
         <name>.text:_EDMA_intAlloc</name>
         <load_address>0xaee0</load_address>
         <run_address>0xaee0</run_address>
         <size>0x100</size>
         <input_file_ref idref="fl-3a"/>
      </object_component>
      <object_component id="oc-1e6">
         <name>.text:_MCBSP_open</name>
         <load_address>0xafe0</load_address>
         <run_address>0xafe0</run_address>
         <size>0x100</size>
         <input_file_ref idref="fl-45"/>
      </object_component>
      <object_component id="oc-1e7">
         <name>.text:_MCBSP_start</name>
         <load_address>0xb0e0</load_address>
         <run_address>0xb0e0</run_address>
         <size>0x100</size>
         <input_file_ref idref="fl-45"/>
      </object_component>
      <object_component id="oc-1d8">
         <name>.text:__strasg</name>
         <load_address>0xb1e0</load_address>
         <run_address>0xb1e0</run_address>
         <size>0xe0</size>
         <input_file_ref idref="fl-61"/>
      </object_component>
      <object_component id="oc-1ec">
         <name>.text:_atexit</name>
         <load_address>0xb2c0</load_address>
         <run_address>0xb2c0</run_address>
         <size>0xe0</size>
         <input_file_ref idref="fl-62"/>
      </object_component>
      <object_component id="oc-198">
         <name>.text</name>
         <load_address>0xb3a0</load_address>
         <run_address>0xb3a0</run_address>
         <size>0xc0</size>
         <input_file_ref idref="fl-59"/>
      </object_component>
      <object_component id="oc-1f1">
         <name>.text:__IRQ_init</name>
         <load_address>0xb460</load_address>
         <run_address>0xb460</run_address>
         <size>0xa0</size>
         <input_file_ref idref="fl-3e"/>
      </object_component>
      <object_component id="oc-1f0">
         <name>.text:_setMux</name>
         <load_address>0xb500</load_address>
         <run_address>0xb500</run_address>
         <size>0xa0</size>
         <input_file_ref idref="fl-3e"/>
      </object_component>
      <object_component id="oc-102">
         <name>.text</name>
         <load_address>0xb5a0</load_address>
         <run_address>0xb5a0</run_address>
         <size>0x80</size>
         <input_file_ref idref="fl-37"/>
      </object_component>
      <object_component id="oc-1f9">
         <name>.text:_EDMA_disableChannel</name>
         <load_address>0xb620</load_address>
         <run_address>0xb620</run_address>
         <size>0x60</size>
         <input_file_ref idref="fl-3a"/>
      </object_component>
      <object_component id="oc-1ef">
         <name>.text:_EDMA_enableChannel</name>
         <load_address>0xb680</load_address>
         <run_address>0xb680</run_address>
         <size>0x60</size>
         <input_file_ref idref="fl-3a"/>
      </object_component>
      <object_component id="oc-1f8">
         <name>.text:___add_dtor</name>
         <load_address>0xb6e0</load_address>
         <run_address>0xb6e0</run_address>
         <size>0x40</size>
         <input_file_ref idref="fl-63"/>
      </object_component>
      <object_component id="oc-1e3">
         <name>.text:_CSL6713_LIB_</name>
         <load_address>0xb720</load_address>
         <run_address>0xb720</run_address>
         <size>0x20</size>
         <input_file_ref idref="fl-36"/>
      </object_component>
      <object_component id="oc-1de">
         <name>.text:__nop</name>
         <load_address>0xb740</load_address>
         <run_address>0xb740</run_address>
         <size>0x20</size>
         <input_file_ref idref="fl-60"/>
      </object_component>
      <object_component id="oc-1db">
         <name>.text:__register_lock</name>
         <load_address>0xb760</load_address>
         <run_address>0xb760</run_address>
         <size>0x20</size>
         <input_file_ref idref="fl-60"/>
      </object_component>
      <object_component id="oc-1dc">
         <name>.text:__register_unlock</name>
         <load_address>0xb780</load_address>
         <run_address>0xb780</run_address>
         <size>0x20</size>
         <input_file_ref idref="fl-60"/>
      </object_component>
      <object_component id="oc-122">
         <name>.text</name>
         <load_address>0xb7a0</load_address>
         <run_address>0xb7a0</run_address>
         <size>0x20</size>
         <input_file_ref idref="fl-3e"/>
      </object_component>
      <object_component id="oc-52">
         <name>.cinit</name>
         <load_address>0xb7c0</load_address>
         <run_address>0xb7c0</run_address>
         <size>0x864</size>
         <input_file_ref idref="fl-2"/>
      </object_component>
      <object_component id="oc-81">
         <name>.cinit</name>
         <load_address>0xc028</load_address>
         <run_address>0xc028</run_address>
         <size>0x26c</size>
         <input_file_ref idref="fl-16"/>
      </object_component>
      <object_component id="oc-12a">
         <name>.cinit</name>
         <load_address>0xc298</load_address>
         <run_address>0xc298</run_address>
         <size>0x1a4</size>
         <input_file_ref idref="fl-3f"/>
      </object_component>
      <object_component id="oc-123">
         <name>.cinit</name>
         <load_address>0xc440</load_address>
         <run_address>0xc440</run_address>
         <size>0x12c</size>
         <input_file_ref idref="fl-3e"/>
      </object_component>
      <object_component id="oc-90">
         <name>.cinit</name>
         <load_address>0xc570</load_address>
         <run_address>0xc570</run_address>
         <size>0xb0</size>
         <input_file_ref idref="fl-1a"/>
      </object_component>
      <object_component id="oc-77">
         <name>.cinit</name>
         <load_address>0xc620</load_address>
         <run_address>0xc620</run_address>
         <size>0xa4</size>
         <input_file_ref idref="fl-5"/>
      </object_component>
      <object_component id="oc-17f">
         <name>.cinit</name>
         <load_address>0xc6c8</load_address>
         <run_address>0xc6c8</run_address>
         <size>0x80</size>
         <input_file_ref idref="fl-53"/>
      </object_component>
      <object_component id="oc-111">
         <name>.cinit</name>
         <load_address>0xc748</load_address>
         <run_address>0xc748</run_address>
         <size>0x70</size>
         <input_file_ref idref="fl-3a"/>
      </object_component>
      <object_component id="oc-19a">
         <name>.cinit</name>
         <load_address>0xc7b8</load_address>
         <run_address>0xc7b8</run_address>
         <size>0x60</size>
         <input_file_ref idref="fl-59"/>
      </object_component>
      <object_component id="oc-8a">
         <name>.cinit</name>
         <load_address>0xc818</load_address>
         <run_address>0xc818</run_address>
         <size>0x5c</size>
         <input_file_ref idref="fl-19"/>
      </object_component>
      <object_component id="oc-141">
         <name>.cinit</name>
         <load_address>0xc878</load_address>
         <run_address>0xc878</run_address>
         <size>0x54</size>
         <input_file_ref idref="fl-45"/>
      </object_component>
      <object_component id="oc-de">
         <name>.cinit</name>
         <load_address>0xc8d0</load_address>
         <run_address>0xc8d0</run_address>
         <size>0x4c</size>
         <input_file_ref idref="fl-2e"/>
      </object_component>
      <object_component id="oc-178">
         <name>.cinit</name>
         <load_address>0xc920</load_address>
         <run_address>0xc920</run_address>
         <size>0x4c</size>
         <input_file_ref idref="fl-52"/>
      </object_component>
      <object_component id="oc-156">
         <name>.cinit</name>
         <load_address>0xc970</load_address>
         <run_address>0xc970</run_address>
         <size>0x4c</size>
         <input_file_ref idref="fl-4a"/>
      </object_component>
      <object_component id="oc-70">
         <name>.cinit</name>
         <load_address>0xc9c0</load_address>
         <run_address>0xc9c0</run_address>
         <size>0x48</size>
         <input_file_ref idref="fl-4"/>
      </object_component>
      <object_component id="oc-fd">
         <name>.cinit</name>
         <load_address>0xca08</load_address>
         <run_address>0xca08</run_address>
         <size>0x3c</size>
         <input_file_ref idref="fl-36"/>
      </object_component>
      <object_component id="oc-be">
         <name>.cinit</name>
         <load_address>0xca48</load_address>
         <run_address>0xca48</run_address>
         <size>0x34</size>
         <input_file_ref idref="fl-26"/>
      </object_component>
      <object_component id="oc-a8">
         <name>.cinit</name>
         <load_address>0xca80</load_address>
         <run_address>0xca80</run_address>
         <size>0x2c</size>
         <input_file_ref idref="fl-20"/>
      </object_component>
      <object_component id="oc-1cd">
         <name>.cinit</name>
         <load_address>0xcab0</load_address>
         <run_address>0xcab0</run_address>
         <size>0x2c</size>
         <input_file_ref idref="fl-64"/>
      </object_component>
      <object_component id="oc-14c">
         <name>.cinit</name>
         <load_address>0xcae0</load_address>
         <run_address>0xcae0</run_address>
         <size>0x24</size>
         <input_file_ref idref="fl-48"/>
      </object_component>
      <object_component id="oc-18d">
         <name>.cinit</name>
         <load_address>0xcb08</load_address>
         <run_address>0xcb08</run_address>
         <size>0x1c</size>
         <input_file_ref idref="fl-56"/>
      </object_component>
      <object_component id="oc-1bb">
         <name>.cinit</name>
         <load_address>0xcb28</load_address>
         <run_address>0xcb28</run_address>
         <size>0x1c</size>
         <input_file_ref idref="fl-60"/>
      </object_component>
      <object_component id="oc-1c3">
         <name>.cinit</name>
         <load_address>0xcb48</load_address>
         <run_address>0xcb48</run_address>
         <size>0x1c</size>
         <input_file_ref idref="fl-62"/>
      </object_component>
      <object_component id="oc-9b">
         <name>.cinit</name>
         <load_address>0xcb68</load_address>
         <run_address>0xcb68</run_address>
         <size>0x18</size>
         <input_file_ref idref="fl-1d"/>
      </object_component>
      <object_component id="oc-1ae">
         <name>.cinit</name>
         <load_address>0xcb80</load_address>
         <run_address>0xcb80</run_address>
         <size>0xc</size>
         <input_file_ref idref="fl-5d"/>
      </object_component>
      <object_component id="oc-c0">
         <name>.cinit</name>
         <load_address>0xcb90</load_address>
         <run_address>0xcb90</run_address>
         <size>0xc</size>
         <input_file_ref idref="fl-27"/>
      </object_component>
      <object_component id="oc-cd">
         <name>.cinit</name>
         <load_address>0xcba0</load_address>
         <run_address>0xcba0</run_address>
         <size>0xc</size>
         <input_file_ref idref="fl-2a"/>
      </object_component>
      <object_component id="oc-1c8">
         <name>.cinit</name>
         <load_address>0xcbb0</load_address>
         <run_address>0xcbb0</run_address>
         <size>0xc</size>
         <input_file_ref idref="fl-63"/>
      </object_component>
      <object_component id="oc-1e9">
         <name>.switch</name>
         <load_address>0xfe08</load_address>
         <run_address>0xfe08</run_address>
         <size>0x28</size>
         <input_file_ref idref="fl-4c"/>
      </object_component>
      <object_component id="oc-50">
         <name>.gblinit</name>
         <load_address>0xf790</load_address>
         <run_address>0xf790</run_address>
         <size>0x58</size>
         <input_file_ref idref="fl-2"/>
      </object_component>
      <object_component id="oc-68">
         <name>.sysinit</name>
         <load_address>0xe0a0</load_address>
         <run_address>0xe0a0</run_address>
         <size>0x2e0</size>
         <input_file_ref idref="fl-2"/>
      </object_component>
      <object_component id="oc-148">
         <name>.sysinit</name>
         <load_address>0xe380</load_address>
         <run_address>0xe380</run_address>
         <size>0xe0</size>
         <input_file_ref idref="fl-47"/>
      </object_component>
      <object_component id="oc-46">
         <name>.sysinit</name>
         <load_address>0xe460</load_address>
         <run_address>0xe460</run_address>
         <size>0xc0</size>
         <input_file_ref idref="fl-24"/>
      </object_component>
      <object_component id="oc-191">
         <name>.sysinit</name>
         <load_address>0xe520</load_address>
         <run_address>0xe520</run_address>
         <size>0x80</size>
         <input_file_ref idref="fl-57"/>
      </object_component>
      <object_component id="oc-14e">
         <name>.sysinit</name>
         <load_address>0xe5a0</load_address>
         <run_address>0xe5a0</run_address>
         <size>0x20</size>
         <input_file_ref idref="fl-48"/>
      </object_component>
      <object_component id="oc-bc">
         <name>.trcdata</name>
         <load_address>0xfe60</load_address>
         <run_address>0xfe60</run_address>
         <size>0xc</size>
         <input_file_ref idref="fl-25"/>
      </object_component>
      <object_component id="oc-53">
         <name>.rtdx_data</name>
         <uninitialized>true</uninitialized>
         <run_address>0xe5c0</run_address>
         <size>0x410</size>
         <input_file_ref idref="fl-2"/>
      </object_component>
      <object_component id="oc-157">
         <name>.rtdx_data</name>
         <uninitialized>true</uninitialized>
         <run_address>0xe9d0</run_address>
         <size>0x20</size>
         <input_file_ref idref="fl-4a"/>
      </object_component>
      <object_component id="oc-160">
         <name>.rtdx_data</name>
         <uninitialized>true</uninitialized>
         <run_address>0xe9f0</run_address>
         <size>0x1c</size>
         <input_file_ref idref="fl-4c"/>
      </object_component>
      <object_component id="oc-1d5">
         <name>.rtdx_text:_RTDX_Poll</name>
         <load_address>0xcbe0</load_address>
         <run_address>0xcbe0</run_address>
         <size>0x400</size>
         <input_file_ref idref="fl-4c"/>
      </object_component>
      <object_component id="oc-1eb">
         <name>.rtdx_text:_RTDX_Buffer_WriteCB</name>
         <load_address>0xcfe0</load_address>
         <run_address>0xcfe0</run_address>
         <size>0x340</size>
         <input_file_ref idref="fl-4a"/>
      </object_component>
      <object_component id="oc-1f6">
         <name>.rtdx_text:_RTDX_write_next</name>
         <load_address>0xd320</load_address>
         <run_address>0xd320</run_address>
         <size>0x300</size>
         <input_file_ref idref="fl-4a"/>
      </object_component>
      <object_component id="oc-1f7">
         <name>.rtdx_text:_RTDX_Mon_Queue</name>
         <load_address>0xd620</load_address>
         <run_address>0xd620</run_address>
         <size>0x140</size>
         <input_file_ref idref="fl-4c"/>
      </object_component>
      <object_component id="oc-1f5">
         <name>.rtdx_text:_claim</name>
         <load_address>0xd760</load_address>
         <run_address>0xd760</run_address>
         <size>0xe0</size>
         <input_file_ref idref="fl-4a"/>
      </object_component>
      <object_component id="oc-1da">
         <name>.rtdx_text:_RTDX_Init_RT_Monitor</name>
         <load_address>0xd840</load_address>
         <run_address>0xd840</run_address>
         <size>0x80</size>
         <input_file_ref idref="fl-4c"/>
      </object_component>
      <object_component id="oc-1d9">
         <name>.rtdx_text:_RTDX_Buffer_Initialize</name>
         <load_address>0xd8c0</load_address>
         <run_address>0xd8c0</run_address>
         <size>0x60</size>
         <input_file_ref idref="fl-4a"/>
      </object_component>
      <object_component id="oc-1ea">
         <name>.rtdx_text:_RTDX_Buffer_ReadCB</name>
         <load_address>0xd920</load_address>
         <run_address>0xd920</run_address>
         <size>0x60</size>
         <input_file_ref idref="fl-49"/>
      </object_component>
      <object_component id="oc-1f4">
         <name>.rtdx_text:_RTDX_Buffer_Size</name>
         <load_address>0xd980</load_address>
         <run_address>0xd980</run_address>
         <size>0x40</size>
         <input_file_ref idref="fl-4a"/>
      </object_component>
      <object_component id="oc-1ed">
         <name>.rtdx_text:_RTDX_Final_RT_Monitor</name>
         <load_address>0xd9c0</load_address>
         <run_address>0xd9c0</run_address>
         <size>0x40</size>
         <input_file_ref idref="fl-4c"/>
      </object_component>
      <object_component id="oc-1d6">
         <name>.rtdx_text:_RTDX_Buffer_Read</name>
         <load_address>0xda00</load_address>
         <run_address>0xda00</run_address>
         <size>0x20</size>
         <input_file_ref idref="fl-49"/>
      </object_component>
      <object_component id="oc-1d7">
         <name>.rtdx_text:_RTDX_Buffer_Write</name>
         <load_address>0xda20</load_address>
         <run_address>0xda20</run_address>
         <size>0x20</size>
         <input_file_ref idref="fl-4a"/>
      </object_component>
      <object_component id="oc-1e8">
         <name>.rtdx_text:_RTDX_checksum</name>
         <load_address>0xda40</load_address>
         <run_address>0xda40</run_address>
         <size>0x20</size>
         <input_file_ref idref="fl-4c"/>
      </object_component>
      <object_component id="oc-15c">
         <name>.rtdx_text</name>
         <load_address>0xda60</load_address>
         <run_address>0xda60</run_address>
         <size>0x20</size>
         <input_file_ref idref="fl-4b"/>
      </object_component>
      <object_component id="oc-60">
         <name>.TSK_idle$stk</name>
         <uninitialized>true</uninitialized>
         <run_address>0xee10</run_address>
         <size>0x400</size>
         <input_file_ref idref="fl-2"/>
      </object_component>
      <object_component id="oc-61">
         <name>.LED_toggle$stk</name>
         <uninitialized>true</uninitialized>
         <run_address>0xea10</run_address>
         <size>0x400</size>
         <input_file_ref idref="fl-2"/>
      </object_component>
      <object_component id="oc-64">
         <name>.LOG_system$buf</name>
         <uninitialized>true</uninitialized>
         <run_address>0xf800</run_address>
         <size>0x100</size>
         <input_file_ref idref="fl-2"/>
      </object_component>
      <object_component id="oc-59">
         <name>.hst1</name>
         <uninitialized>true</uninitialized>
         <run_address>0xcbc4</run_address>
         <size>0x10</size>
         <input_file_ref idref="fl-2"/>
      </object_component>
      <object_component id="oc-5c">
         <name>.hst0</name>
         <uninitialized>true</uninitialized>
         <run_address>0xf900</run_address>
         <size>0x100</size>
         <input_file_ref idref="fl-2"/>
      </object_component>
      <object_component id="oc-19d">
         <name>.const</name>
         <load_address>0xfb88</load_address>
         <run_address>0xfb88</run_address>
         <size>0x4e</size>
         <input_file_ref idref="fl-59"/>
      </object_component>
      <object_component id="oc-a0">
         <name>.const</name>
         <load_address>0xfbd6</load_address>
         <run_address>0xfbd6</run_address>
         <size>0x23</size>
         <input_file_ref idref="fl-1e"/>
      </object_component>
      <object_component id="oc-a4">
         <name>.const</name>
         <load_address>0xfbf9</load_address>
         <run_address>0xfbf9</run_address>
         <size>0x22</size>
         <input_file_ref idref="fl-1f"/>
      </object_component>
      <object_component id="oc-10d">
         <name>.const</name>
         <load_address>0xfc1c</load_address>
         <run_address>0xfc1c</run_address>
         <size>0x20</size>
         <input_file_ref idref="fl-39"/>
      </object_component>
      <object_component id="oc-181">
         <name>.const</name>
         <load_address>0xfc3c</load_address>
         <run_address>0xfc3c</run_address>
         <size>0x1</size>
         <input_file_ref idref="fl-53"/>
      </object_component>
      <object_component id="oc-57">
         <name>.printf</name>
         <load_address>0xfc3d</load_address>
         <run_address>0xfc3d</run_address>
         <size>0xc4</size>
         <input_file_ref idref="fl-2"/>
      </object_component>
      <object_component id="oc-b8">
         <name>.args</name>
         <load_address>0xea0c</load_address>
         <run_address>0xea0c</run_address>
         <size>0x0</size>
         <input_file_ref idref="fl-24"/>
      </object_component>
      <object_component id="oc-36">
         <name>_SYS_PUTCBEG</name>
         <load_address>0xf590</load_address>
         <run_address>0xf590</run_address>
         <size>0x0</size>
      </object_component>
      <object_component id="oc-38">
         <name>_SYS_PUTCEND</name>
         <load_address>0xf790</load_address>
         <run_address>0xf790</run_address>
         <size>0x0</size>
      </object_component>
      <object_component id="oc-5a">
         <name>.hst</name>
         <uninitialized>true</uninitialized>
         <run_address>0xfd70</run_address>
         <size>0x3c</size>
         <input_file_ref idref="fl-2"/>
      </object_component>
      <object_component id="oc-65">
         <name>.log</name>
         <load_address>0xfdac</load_address>
         <run_address>0xfdac</run_address>
         <size>0x30</size>
         <input_file_ref idref="fl-2"/>
      </object_component>
      <object_component id="oc-5b">
         <name>.pip</name>
         <uninitialized>true</uninitialized>
         <run_address>0xfa00</run_address>
         <size>0xc8</size>
         <input_file_ref idref="fl-2"/>
      </object_component>
      <object_component id="oc-58">
         <name>.sts</name>
         <load_address>0xfcf0</load_address>
         <run_address>0xfcf0</run_address>
         <size>0x80</size>
         <input_file_ref idref="fl-2"/>
      </object_component>
      <object_component id="oc-3e">
         <name>GBL_stackbeg</name>
         <uninitialized>true</uninitialized>
         <run_address>0x4420</run_address>
         <size>0x0</size>
      </object_component>
      <object_component id="oc-b9">
         <name>.stack</name>
         <uninitialized>true</uninitialized>
         <run_address>0x4420</run_address>
         <size>0x0</size>
         <input_file_ref idref="fl-24"/>
      </object_component>
      <object_component id="oc-237">
         <name>.stack</name>
         <uninitialized>true</uninitialized>
         <run_address>0x4420</run_address>
         <size>0x0</size>
      </object_component>
      <object_component id="oc-66">
         <name>.myLOG$buf</name>
         <uninitialized>true</uninitialized>
         <run_address>0x80008000</run_address>
         <size>0x80</size>
         <input_file_ref idref="fl-2"/>
      </object_component>
      <object_component id="oc-6a">
         <name>.debug_info</name>
         <load_address>0x0</load_address>
         <run_address>0x0</run_address>
         <size>0x369</size>
         <input_file_ref idref="fl-2"/>
      </object_component>
      <object_component id="oc-6d">
         <name>.debug_info</name>
         <load_address>0x369</load_address>
         <run_address>0x369</run_address>
         <size>0x5d1</size>
         <input_file_ref idref="fl-3"/>
      </object_component>
      <object_component id="oc-6f">
         <name>.debug_info</name>
         <load_address>0x93a</load_address>
         <run_address>0x93a</run_address>
         <size>0xc98</size>
         <input_file_ref idref="fl-4"/>
      </object_component>
      <object_component id="oc-76">
         <name>.debug_info</name>
         <load_address>0x15d2</load_address>
         <run_address>0x15d2</run_address>
         <size>0x1e25</size>
         <input_file_ref idref="fl-5"/>
      </object_component>
      <object_component id="oc-7d">
         <name>.debug_info</name>
         <load_address>0x33f7</load_address>
         <run_address>0x33f7</run_address>
         <size>0xf8</size>
         <input_file_ref idref="fl-15"/>
      </object_component>
      <object_component id="oc-83">
         <name>.debug_info</name>
         <load_address>0x34ef</load_address>
         <run_address>0x34ef</run_address>
         <size>0xb9</size>
         <input_file_ref idref="fl-17"/>
      </object_component>
      <object_component id="oc-86">
         <name>.debug_info</name>
         <load_address>0x35a8</load_address>
         <run_address>0x35a8</run_address>
         <size>0xaf</size>
         <input_file_ref idref="fl-18"/>
      </object_component>
      <object_component id="oc-8c">
         <name>.debug_info</name>
         <load_address>0x3657</load_address>
         <run_address>0x3657</run_address>
         <size>0x1a5</size>
         <input_file_ref idref="fl-19"/>
      </object_component>
      <object_component id="oc-91">
         <name>.debug_info</name>
         <load_address>0x37fc</load_address>
         <run_address>0x37fc</run_address>
         <size>0x13c</size>
         <input_file_ref idref="fl-1a"/>
      </object_component>
      <object_component id="oc-94">
         <name>.debug_info</name>
         <load_address>0x3938</load_address>
         <run_address>0x3938</run_address>
         <size>0x607</size>
         <input_file_ref idref="fl-1b"/>
      </object_component>
      <object_component id="oc-97">
         <name>.debug_info</name>
         <load_address>0x3f3f</load_address>
         <run_address>0x3f3f</run_address>
         <size>0x6f0</size>
         <input_file_ref idref="fl-1c"/>
      </object_component>
      <object_component id="oc-9a">
         <name>.debug_info</name>
         <load_address>0x462f</load_address>
         <run_address>0x462f</run_address>
         <size>0xf1f</size>
         <input_file_ref idref="fl-1d"/>
      </object_component>
      <object_component id="oc-9f">
         <name>.debug_info</name>
         <load_address>0x554e</load_address>
         <run_address>0x554e</run_address>
         <size>0x7fd</size>
         <input_file_ref idref="fl-1e"/>
      </object_component>
      <object_component id="oc-a3">
         <name>.debug_info</name>
         <load_address>0x5d4b</load_address>
         <run_address>0x5d4b</run_address>
         <size>0x7ea</size>
         <input_file_ref idref="fl-1f"/>
      </object_component>
      <object_component id="oc-a7">
         <name>.debug_info</name>
         <load_address>0x6535</load_address>
         <run_address>0x6535</run_address>
         <size>0x6d9</size>
         <input_file_ref idref="fl-20"/>
      </object_component>
      <object_component id="oc-ac">
         <name>.debug_info</name>
         <load_address>0x6c0e</load_address>
         <run_address>0x6c0e</run_address>
         <size>0x690</size>
         <input_file_ref idref="fl-21"/>
      </object_component>
      <object_component id="oc-b0">
         <name>.debug_info</name>
         <load_address>0x729e</load_address>
         <run_address>0x729e</run_address>
         <size>0x112</size>
         <input_file_ref idref="fl-22"/>
      </object_component>
      <object_component id="oc-b4">
         <name>.debug_info</name>
         <load_address>0x73b0</load_address>
         <run_address>0x73b0</run_address>
         <size>0x106</size>
         <input_file_ref idref="fl-23"/>
      </object_component>
      <object_component id="oc-b7">
         <name>.debug_info</name>
         <load_address>0x74b6</load_address>
         <run_address>0x74b6</run_address>
         <size>0x65a</size>
         <input_file_ref idref="fl-24"/>
      </object_component>
      <object_component id="oc-c2">
         <name>.debug_info</name>
         <load_address>0x7b10</load_address>
         <run_address>0x7b10</run_address>
         <size>0xaf</size>
         <input_file_ref idref="fl-27"/>
      </object_component>
      <object_component id="oc-c6">
         <name>.debug_info</name>
         <load_address>0x7bbf</load_address>
         <run_address>0x7bbf</run_address>
         <size>0xb8</size>
         <input_file_ref idref="fl-28"/>
      </object_component>
      <object_component id="oc-ca">
         <name>.debug_info</name>
         <load_address>0x7c77</load_address>
         <run_address>0x7c77</run_address>
         <size>0xaa</size>
         <input_file_ref idref="fl-29"/>
      </object_component>
      <object_component id="oc-cf">
         <name>.debug_info</name>
         <load_address>0x7d21</load_address>
         <run_address>0x7d21</run_address>
         <size>0x11b</size>
         <input_file_ref idref="fl-2a"/>
      </object_component>
      <object_component id="oc-d3">
         <name>.debug_info</name>
         <load_address>0x7e3c</load_address>
         <run_address>0x7e3c</run_address>
         <size>0xaa</size>
         <input_file_ref idref="fl-2b"/>
      </object_component>
      <object_component id="oc-d7">
         <name>.debug_info</name>
         <load_address>0x7ee6</load_address>
         <run_address>0x7ee6</run_address>
         <size>0x10c</size>
         <input_file_ref idref="fl-2c"/>
      </object_component>
      <object_component id="oc-db">
         <name>.debug_info</name>
         <load_address>0x7ff2</load_address>
         <run_address>0x7ff2</run_address>
         <size>0xd8</size>
         <input_file_ref idref="fl-2d"/>
      </object_component>
      <object_component id="oc-e0">
         <name>.debug_info</name>
         <load_address>0x80ca</load_address>
         <run_address>0x80ca</run_address>
         <size>0x1c2</size>
         <input_file_ref idref="fl-2e"/>
      </object_component>
      <object_component id="oc-e4">
         <name>.debug_info</name>
         <load_address>0x828c</load_address>
         <run_address>0x828c</run_address>
         <size>0xdb</size>
         <input_file_ref idref="fl-2f"/>
      </object_component>
      <object_component id="oc-e8">
         <name>.debug_info</name>
         <load_address>0x8367</load_address>
         <run_address>0x8367</run_address>
         <size>0x106</size>
         <input_file_ref idref="fl-30"/>
      </object_component>
      <object_component id="oc-ec">
         <name>.debug_info</name>
         <load_address>0x846d</load_address>
         <run_address>0x846d</run_address>
         <size>0x60b</size>
         <input_file_ref idref="fl-31"/>
      </object_component>
      <object_component id="oc-ef">
         <name>.debug_info</name>
         <load_address>0x8a78</load_address>
         <run_address>0x8a78</run_address>
         <size>0x5e5</size>
         <input_file_ref idref="fl-32"/>
      </object_component>
      <object_component id="oc-f2">
         <name>.debug_info</name>
         <load_address>0x905d</load_address>
         <run_address>0x905d</run_address>
         <size>0xb7</size>
         <input_file_ref idref="fl-33"/>
      </object_component>
      <object_component id="oc-f6">
         <name>.debug_info</name>
         <load_address>0x9114</load_address>
         <run_address>0x9114</run_address>
         <size>0xb4</size>
         <input_file_ref idref="fl-34"/>
      </object_component>
      <object_component id="oc-fa">
         <name>.debug_info</name>
         <load_address>0x91c8</load_address>
         <run_address>0x91c8</run_address>
         <size>0xb1</size>
         <input_file_ref idref="fl-35"/>
      </object_component>
      <object_component id="oc-100">
         <name>.debug_info</name>
         <load_address>0x9279</load_address>
         <run_address>0x9279</run_address>
         <size>0xa13</size>
         <input_file_ref idref="fl-36"/>
      </object_component>
      <object_component id="oc-104">
         <name>.debug_info</name>
         <load_address>0x9c8c</load_address>
         <run_address>0x9c8c</run_address>
         <size>0x4c3</size>
         <input_file_ref idref="fl-37"/>
      </object_component>
      <object_component id="oc-109">
         <name>.debug_info</name>
         <load_address>0xa14f</load_address>
         <run_address>0xa14f</run_address>
         <size>0x60b</size>
         <input_file_ref idref="fl-38"/>
      </object_component>
      <object_component id="oc-10f">
         <name>.debug_info</name>
         <load_address>0xa75a</load_address>
         <run_address>0xa75a</run_address>
         <size>0x8a7</size>
         <input_file_ref idref="fl-39"/>
      </object_component>
      <object_component id="oc-114">
         <name>.debug_info</name>
         <load_address>0xb001</load_address>
         <run_address>0xb001</run_address>
         <size>0xd09</size>
         <input_file_ref idref="fl-3a"/>
      </object_component>
      <object_component id="oc-116">
         <name>.debug_info</name>
         <load_address>0xbd0a</load_address>
         <run_address>0xbd0a</run_address>
[...]
         <object_component_ref idref="oc-10b"/>
      </symbol>
      <symbol id="sm-56e">
         <name>_EDMA_enableChannel</name>
         <value>0xb680</value>
         <object_component_ref idref="oc-1ef"/>
      </symbol>
      <symbol id="sm-56f">
         <name>_EDMA_intAlloc</name>
         <value>0xaee0</value>
         <object_component_ref idref="oc-1e1"/>
      </symbol>
      <symbol id="sm-570">
         <name>_EDMA_reset</name>
         <value>0xab40</value>
         <object_component_ref idref="oc-1ee"/>
      </symbol>
      <symbol id="sm-571">
         <name>_tccAllocTable</name>
         <value>0xde98</value>
         <object_component_ref idref="oc-112"/>
      </symbol>
      <symbol id="sm-572">
         <name>_EDMA_open</name>
         <value>0x9660</value>
         <object_component_ref idref="oc-1df"/>
      </symbol>
      <symbol id="sm-573">
         <name>_EDMA_disableChannel</name>
         <value>0xb620</value>
         <object_component_ref idref="oc-1f9"/>
      </symbol>
      <symbol id="sm-574">
         <name>_EDMA_allocTable</name>
         <value>0xa520</value>
         <object_component_ref idref="oc-1e0"/>
      </symbol>
      <symbol id="sm-57e">
         <name>_GBL_cslCacheInit</name>
         <value>0x3580</value>
         <object_component_ref idref="oc-117"/>
      </symbol>
      <symbol id="sm-586">
         <name>GBL_A_VERSION</name>
         <value>0x5205</value>
      </symbol>
      <symbol id="sm-587">
         <name>_GBL_getVersion</name>
         <value>0x4380</value>
         <object_component_ref idref="oc-11a"/>
      </symbol>
      <symbol id="sm-58f">
         <name>_HWI_restore</name>
         <value>0x404c</value>
         <object_component_ref idref="oc-11e"/>
      </symbol>
      <symbol id="sm-590">
         <name>_HWI_enable</name>
         <value>0x4038</value>
         <object_component_ref idref="oc-11e"/>
      </symbol>
      <symbol id="sm-591">
         <name>_HWI_disable</name>
         <value>0x4020</value>
         <object_component_ref idref="oc-11e"/>
      </symbol>
      <symbol id="sm-5a7">
         <name>__IRQ_eventTable</name>
         <value>0xdc30</value>
         <object_component_ref idref="oc-124"/>
      </symbol>
      <symbol id="sm-5a8">
         <name>__IRQ_intTable</name>
         <value>0xdcb4</value>
         <object_component_ref idref="oc-124"/>
      </symbol>
      <symbol id="sm-5a9">
         <name>_IRQ_map</name>
         <value>0xa1a0</value>
         <object_component_ref idref="oc-1e2"/>
      </symbol>
      <symbol id="sm-5aa">
         <name>__IRQ_init</name>
         <value>0xb460</value>
         <object_component_ref idref="oc-1f1"/>
      </symbol>
      <symbol id="sm-5ab">
         <name>__IRQ_dispatchTable</name>
         <value>0xdcf4</value>
         <object_component_ref idref="oc-124"/>
      </symbol>
      <symbol id="sm-5ac">
         <name>__IRQ_hookFetchPacket</name>
         <value>0xb7a0</value>
         <object_component_ref idref="oc-122"/>
      </symbol>
      <symbol id="sm-5b8">
         <name>_KNL_maxqueue</name>
         <value>0xf4a8</value>
         <object_component_ref idref="oc-128"/>
      </symbol>
      <symbol id="sm-5b9">
         <name>_KNL_inactive</name>
         <value>0xf488</value>
         <object_component_ref idref="oc-128"/>
      </symbol>
      <symbol id="sm-5ba">
         <name>_KNL_tswitchfxn</name>
         <value>0xf4ac</value>
         <object_component_ref idref="oc-128"/>
      </symbol>
      <symbol id="sm-5bb">
         <name>_KNL_setpri</name>
         <value>0xf484</value>
         <object_component_ref idref="oc-128"/>
      </symbol>
      <symbol id="sm-5bc">
         <name>_KNL_swiptr</name>
         <value>0xf4a0</value>
         <object_component_ref idref="oc-128"/>
      </symbol>
      <symbol id="sm-5bd">
         <name>_KNL_dummy</name>
         <value>0xdd9c</value>
         <object_component_ref idref="oc-12b"/>
      </symbol>
      <symbol id="sm-5be">
         <name>_KNL_curtask</name>
         <value>0xf494</value>
         <object_component_ref idref="oc-128"/>
      </symbol>
      <symbol id="sm-5bf">
         <name>_KNL_curqueue</name>
         <value>0xf4a4</value>
         <object_component_ref idref="oc-128"/>
      </symbol>
      <symbol id="sm-5c0">
         <name>_KNL_wList</name>
         <value>0xf47c</value>
         <object_component_ref idref="oc-128"/>
      </symbol>
      <symbol id="sm-5c1">
         <name>_KNL_curtime</name>
         <value>0xf49c</value>
         <object_component_ref idref="oc-128"/>
      </symbol>
      <symbol id="sm-5c2">
         <name>_KNL_set</name>
         <value>0xf490</value>
         <object_component_ref idref="oc-128"/>
      </symbol>
      <symbol id="sm-5c3">
         <name>_KNL_alarm</name>
         <value>0xf480</value>
         <object_component_ref idref="oc-128"/>
      </symbol>
      <symbol id="sm-5c4">
         <name>_KNL_prevtask</name>
         <value>0xf498</value>
         <object_component_ref idref="oc-128"/>
      </symbol>
      <symbol id="sm-5c5">
         <name>_KNL_queues</name>
         <value>0xdcfc</value>
         <object_component_ref idref="oc-12b"/>
      </symbol>
      <symbol id="sm-5c6">
         <name>_KNL_idlefxn</name>
         <value>0xf4bc</value>
         <object_component_ref idref="oc-128"/>
      </symbol>
      <symbol id="sm-5c7">
         <name>_KNL_priority</name>
         <value>0xf48c</value>
         <object_component_ref idref="oc-128"/>
      </symbol>
      <symbol id="sm-5c8">
         <name>_KNL_treadyfxn</name>
         <value>0xf4b8</value>
         <object_component_ref idref="oc-128"/>
      </symbol>
      <symbol id="sm-5c9">
         <name>_KNL_tcreatefxn</name>
         <value>0xf4b0</value>
         <object_component_ref idref="oc-128"/>
      </symbol>
      <symbol id="sm-5ca">
         <name>_KNL_wFlag</name>
         <value>0xf478</value>
         <object_component_ref idref="oc-128"/>
      </symbol>
      <symbol id="sm-5cb">
         <name>_KNL_tdeletefxn</name>
         <value>0xf4b4</value>
         <object_component_ref idref="oc-128"/>
      </symbol>
      <symbol id="sm-5d5">
         <name>_KNL_exit</name>
         <value>0x3660</value>
         <object_component_ref idref="oc-12e"/>
      </symbol>
      <symbol id="sm-5d6">
         <name>_KNL_enter</name>
         <value>0x36b4</value>
         <object_component_ref idref="oc-12e"/>
      </symbol>
      <symbol id="sm-5de">
         <name>__KNL_lat1beg</name>
         <value>0x3490</value>
         <object_component_ref idref="oc-131"/>
      </symbol>
      <symbol id="sm-5df">
         <name>__KNL_lat1end</name>
         <value>0x3518</value>
         <object_component_ref idref="oc-131"/>
      </symbol>
      <symbol id="sm-5e0">
         <name>_KNL_max</name>
         <value>0x353c</value>
         <object_component_ref idref="oc-131"/>
      </symbol>
      <symbol id="sm-5e1">
         <name>_KNL_check</name>
         <value>0x3440</value>
         <object_component_ref idref="oc-131"/>
      </symbol>
      <symbol id="sm-5e2">
         <name>_KNL_idle</name>
         <value>0x3518</value>
         <object_component_ref idref="oc-131"/>
      </symbol>
      <symbol id="sm-5ec">
         <name>_KNL_post</name>
         <value>0x3aa0</value>
         <object_component_ref idref="oc-136"/>
      </symbol>
      <symbol id="sm-5f6">
         <name>_KNL_ipost</name>
         <value>0x39e0</value>
         <object_component_ref idref="oc-13a"/>
      </symbol>
      <symbol id="sm-600">
         <name>_KNL_run</name>
         <value>0x1b20</value>
         <object_component_ref idref="oc-13e"/>
      </symbol>
      <symbol id="sm-612">
         <name>_MCBSP_reset</name>
         <value>0xa6c0</value>
         <object_component_ref idref="oc-1f3"/>
      </symbol>
      <symbol id="sm-613">
         <name>_MCBSP_open</name>
         <value>0xafe0</value>
         <object_component_ref idref="oc-1e6"/>
      </symbol>
      <symbol id="sm-614">
         <name>__MCBSP_hDev0</name>
         <value>0xdfa8</value>
         <object_component_ref idref="oc-142"/>
      </symbol>
      <symbol id="sm-615">
         <name>__MCBSP_hDev1</name>
         <value>0xdfac</value>
         <object_component_ref idref="oc-142"/>
      </symbol>
      <symbol id="sm-616">
         <name>_MCBSP_start</name>
         <value>0xb0e0</value>
         <object_component_ref idref="oc-1e7"/>
      </symbol>
      <symbol id="sm-61a">
         <name>_MEM</name>
         <value>0xf58c</value>
         <object_component_ref idref="oc-146"/>
      </symbol>
      <symbol id="sm-624">
         <name>_MEM_init</name>
         <value>0xe380</value>
         <object_component_ref idref="oc-148"/>
      </symbol>
      <symbol id="sm-632">
         <name>_OBJ_table</name>
         <value>0xde30</value>
         <object_component_ref idref="oc-14d"/>
      </symbol>
      <symbol id="sm-633">
         <name>_OBJ_init</name>
         <value>0xe5a0</value>
         <object_component_ref idref="oc-14e"/>
      </symbol>
      <symbol id="sm-634">
         <name>_OBJ_segtab</name>
         <value>0xde68</value>
         <object_component_ref idref="oc-14d"/>
      </symbol>
      <symbol id="sm-640">
         <name>_RTDX_Buffer_ReadCB</name>
         <value>0xd920</value>
         <object_component_ref idref="oc-1ea"/>
      </symbol>
      <symbol id="sm-641">
         <name>RTDX_NORMALIZED_HDR</name>
         <value>0x1</value>
      </symbol>
      <symbol id="sm-642">
         <name>_RTDX_Buffer_Read</name>
         <value>0xda00</value>
         <object_component_ref idref="oc-1d6"/>
      </symbol>
      <symbol id="sm-65e">
         <name>_rtdx_buffer_state</name>
         <value>0xe9d0</value>
         <object_component_ref idref="oc-157"/>
      </symbol>
      <symbol id="sm-65f">
         <name>_RTDX_Buffer_WriteCB</name>
         <value>0xcfe0</value>
         <object_component_ref idref="oc-1eb"/>
      </symbol>
      <symbol id="sm-660">
         <name>_rtdxNullChanCnt</name>
         <value>0xf55c</value>
         <object_component_ref idref="oc-154"/>
      </symbol>
      <symbol id="sm-661">
         <name>_RTDX_writing</name>
         <value>0xe9dc</value>
         <object_component_ref idref="oc-157"/>
      </symbol>
      <symbol id="sm-662">
         <name>_RTDX_Buffer_Initialize</name>
         <value>0xd8c0</value>
         <object_component_ref idref="oc-1d9"/>
      </symbol>
      <symbol id="sm-663">
         <name>_RTDX_Buffer_Write</name>
         <value>0xda20</value>
         <object_component_ref idref="oc-1d7"/>
      </symbol>
      <symbol id="sm-664">
         <name>_rtdxNullFuncCnt</name>
         <value>0xf560</value>
         <object_component_ref idref="oc-154"/>
      </symbol>
      <symbol id="sm-665">
         <name>_RTDX_Buffer_Size</name>
         <value>0xd980</value>
         <object_component_ref idref="oc-1f4"/>
      </symbol>
      <symbol id="sm-66f">
         <name>_RTDX_Mask_IER</name>
         <value>0xda60</value>
         <object_component_ref idref="oc-15c"/>
      </symbol>
      <symbol id="sm-687">
         <name>_RTDX_Mon_Queue</name>
         <value>0xd620</value>
         <object_component_ref idref="oc-1f7"/>
      </symbol>
      <symbol id="sm-688">
         <name>_rtdx_mon_state</name>
         <value>0xe9f0</value>
         <object_component_ref idref="oc-160"/>
      </symbol>
      <symbol id="sm-689">
         <name>_RTDX_JTAGONLY</name>
         <value>0x2</value>
      </symbol>
      <symbol id="sm-68a">
         <name>_RTDX_Final_RT_Monitor</name>
         <value>0xd9c0</value>
         <object_component_ref idref="oc-1ed"/>
      </symbol>
      <symbol id="sm-68b">
         <name>_RTDX_Poll</name>
         <value>0xcbe0</value>
         <object_component_ref idref="oc-1d5"/>
      </symbol>
      <symbol id="sm-68c">
         <name>_RTDX_Init_RT_Monitor</name>
         <value>0xd840</value>
         <object_component_ref idref="oc-1da"/>
      </symbol>
      <symbol id="sm-694">
         <name>_SEM_pendBinary</name>
         <value>0x4080</value>
         <object_component_ref idref="oc-164"/>
      </symbol>
      <symbol id="sm-69e">
         <name>_SEM_pendEnterKnl</name>
         <value>0x20a0</value>
         <object_component_ref idref="oc-169"/>
      </symbol>
      <symbol id="sm-6a6">
         <name>_SEM_postBinary</name>
         <value>0x3820</value>
         <object_component_ref idref="oc-16c"/>
      </symbol>
      <symbol id="sm-6a7">
         <name>_SEM_post</name>
         <value>0x3820</value>
         <object_component_ref idref="oc-16c"/>
      </symbol>
      <symbol id="sm-6b1">
         <name>_SEM_postEnterKnl</name>
         <value>0x3740</value>
         <object_component_ref idref="oc-171"/>
      </symbol>
      <symbol id="sm-6b9">
         <name>_STS_set</name>
         <value>0x43c0</value>
         <object_component_ref idref="oc-174"/>
      </symbol>
      <symbol id="sm-6c9">
         <name>_TIMER_reset</name>
         <value>0xadc0</value>
         <object_component_ref idref="oc-1fb"/>
      </symbol>
      <symbol id="sm-6ca">
         <name>_TIMER_open</name>
         <value>0xac80</value>
         <object_component_ref idref="oc-1f2"/>
      </symbol>
      <symbol id="sm-6cb">
         <name>__TIMER_hDev0</name>
         <value>0xe024</value>
         <object_component_ref idref="oc-179"/>
      </symbol>
      <symbol id="sm-6cc">
         <name>__TIMER_hDev1</name>
         <value>0xe028</value>
         <object_component_ref idref="oc-179"/>
      </symbol>
      <symbol id="sm-6cd">
         <name>__TIMER_hBios</name>
         <value>0xe02c</value>
         <object_component_ref idref="oc-179"/>
      </symbol>
      <symbol id="sm-6ce">
         <name>__TIMER_deviceTable</name>
         <value>0xe00c</value>
         <object_component_ref idref="oc-179"/>
      </symbol>
      <symbol id="sm-6dc">
         <name>_TSK_nTasks</name>
         <value>0xf564</value>
         <object_component_ref idref="oc-17d"/>
      </symbol>
      <symbol id="sm-6dd">
         <name>_TSK_config</name>
         <value>0xddf0</value>
         <object_component_ref idref="oc-180"/>
      </symbol>
      <symbol id="sm-6de">
         <name>_TSK</name>
         <value>0xf56c</value>
         <object_component_ref idref="oc-17d"/>
      </symbol>
      <symbol id="sm-6df">
         <name>_TSK_timerSem</name>
         <value>0xde10</value>
         <object_component_ref idref="oc-180"/>
      </symbol>
      <symbol id="sm-6e0">
         <name>_TSK_pid</name>
         <value>0xf568</value>
         <object_component_ref idref="oc-17d"/>
      </symbol>
      <symbol id="sm-6e1">
         <name>_TSK_ATTRS</name>
         <value>0xddd4</value>
         <object_component_ref idref="oc-180"/>
      </symbol>
      <symbol id="sm-6eb">
         <name>_TSK_exit</name>
         <value>0x2fa0</value>
         <object_component_ref idref="oc-184"/>
      </symbol>
      <symbol id="sm-6f5">
         <name>_SYS_exit</name>
         <value>0x3c20</value>
         <object_component_ref idref="oc-188"/>
      </symbol>
      <symbol id="sm-701">
         <name>_SYS_exitStack</name>
         <value>0xe030</value>
         <object_component_ref idref="oc-18e"/>
      </symbol>
      <symbol id="sm-702">
         <name>_SYS_exitStackPtr</name>
         <value>0xf578</value>
         <object_component_ref idref="oc-18b"/>
      </symbol>
      <symbol id="sm-703">
         <name>_SYS_exitStackTop</name>
         <value>0xf57c</value>
         <object_component_ref idref="oc-18b"/>
      </symbol>
      <symbol id="sm-70d">
         <name>_TSK_init</name>
         <value>0xe520</value>
         <object_component_ref idref="oc-191"/>
      </symbol>
      <symbol id="sm-717">
         <name>_TSK_setup</name>
         <value>0x2a20</value>
         <object_component_ref idref="oc-195"/>
      </symbol>
      <symbol id="sm-729">
         <name>__MEM_mutex</name>
         <value>0xdf00</value>
         <object_component_ref idref="oc-19b"/>
      </symbol>
      <symbol id="sm-72a">
         <name>_TSK_startup</name>
         <value>0x3380</value>
         <object_component_ref idref="oc-19c"/>
      </symbol>
      <symbol id="sm-72b">
         <name>__TSK_mutex</name>
         <value>0xded8</value>
         <object_component_ref idref="oc-19b"/>
      </symbol>
      <symbol id="sm-735">
         <name>_LCK_pend</name>
         <value>0x3b90</value>
         <object_component_ref idref="oc-1a1"/>
      </symbol>
      <symbol id="sm-736">
         <name>_LCK_post</name>
         <value>0x3b60</value>
         <object_component_ref idref="oc-1a1"/>
      </symbol>
      <symbol id="sm-73e">
         <name>_SEM_pend</name>
         <value>0x40e0</value>
         <object_component_ref idref="oc-1a4"/>
      </symbol>
      <symbol id="sm-748">
         <name>_SYS_abort</name>
         <value>0x4140</value>
         <object_component_ref idref="oc-1a9"/>
      </symbol>
      <symbol id="sm-756">
         <name>__GBL_setL2CacheMode</name>
         <value>0xc34</value>
         <object_component_ref idref="oc-1af"/>
      </symbol>
      <symbol id="sm-760">
         <name>__SEM_dopost</name>
         <value>0x2800</value>
         <object_component_ref idref="oc-1b3"/>
      </symbol>
      <symbol id="sm-76a">
         <name>__auto_init</name>
         <value>0x3140</value>
         <object_component_ref idref="oc-1b7"/>
      </symbol>
      <symbol id="sm-77c">
         <name>__unlock</name>
         <value>0xe07c</value>
         <object_component_ref idref="oc-1bc"/>
      </symbol>
      <symbol id="sm-77d">
         <name>__lock</name>
         <value>0xe078</value>
         <object_component_ref idref="oc-1bc"/>
      </symbol>
      <symbol id="sm-77e">
         <name>__register_lock</name>
         <value>0xb760</value>
         <object_component_ref idref="oc-1db"/>
      </symbol>
      <symbol id="sm-77f">
         <name>__nop</name>
         <value>0xb740</value>
         <object_component_ref idref="oc-1de"/>
      </symbol>
      <symbol id="sm-780">
         <name>__register_unlock</name>
         <value>0xb780</value>
         <object_component_ref idref="oc-1dc"/>
      </symbol>
      <symbol id="sm-788">
         <name>__strasg</name>
         <value>0xb1e0</value>
         <object_component_ref idref="oc-1d8"/>
      </symbol>
      <symbol id="sm-796">
         <name>_atexit</name>
         <value>0xb2c0</value>
         <object_component_ref idref="oc-1ec"/>
      </symbol>
      <symbol id="sm-797">
         <name>___atexit_func_id__</name>
         <value>0xda80</value>
         <object_component_ref idref="oc-1c4"/>
      </symbol>
      <symbol id="sm-7a7">
         <name>_dtors</name>
         <value>0xe080</value>
         <object_component_ref idref="oc-1c9"/>
      </symbol>
      <symbol id="sm-7a8">
         <name>_call_dtors</name>
         <value>0xa9e0</value>
         <object_component_ref idref="oc-1fc"/>
      </symbol>
      <symbol id="sm-7a9">
         <name>___add_dtor</name>
         <value>0xb6e0</value>
         <object_component_ref idref="oc-1f8"/>
      </symbol>
      <symbol id="sm-7b5">
         <name>___TI_enable_exit_profile_output</name>
         <value>0xe074</value>
         <object_component_ref idref="oc-1ce"/>
      </symbol>
      <symbol id="sm-7b6">
         <name>__cleanup_ptr</name>
         <value>0xe06c</value>
         <object_component_ref idref="oc-1ce"/>
      </symbol>
      <symbol id="sm-7b7">
         <name>__dtors_ptr</name>
         <value>0xe070</value>
         <object_component_ref idref="oc-1ce"/>
      </symbol>
      <symbol id="sm-7c1">
         <name>_memcpy</name>
         <value>0x9b60</value>
         <object_component_ref idref="oc-1dd"/>
      </symbol>
   </symbol_table>
</link_info>
