******************************************************************************
               TMS320C6x Linker PC v7.4.18                     
******************************************************************************
>> Linked Thu May 10 15:21:56 2018

OUTPUT FILE NAME:   <DSPLAB.out>
ENTRY POINT SYMBOL: "_c_int00"  address: 0000efa0


MEMORY CONFIGURATION

         name            origin    length      used     unused   attr    fill
----------------------  --------  ---------  --------  --------  ----  --------
  IRAM                  00000000   00037000  000109b9  00026647  RWIX
  myMEM                 00037000   00030000  00004080  0002bf80  RWIX
  SDRAM                 80000000   0006e000  00008080  00065f80  RWIX


SECTION ALLOCATION MAP

 output                                  attributes/
section   page    origin      length       input sections
--------  ----  ----------  ----------   ----------------
.data      0    00000000    00000000     UNINITIALIZED

.vers      0    00000000    00000040     COPY SECTION
                  00000000    00000040     BIOS_configcfg.obj (.vers)

.hwi_vec   0    00000000    00000200     
                  00000000    00000200     BIOS_configcfg.obj (.hwi_vec)

.bios      0    00000200    00004220     
                  00000200    00000600     lnkrtdx.a67 : rtdx.o67 (.bios)
                  00000800    000005e0     bios.a67 : gbl_setL2CacheMode.o67 (.bios)
                  00000de0    00000540              : swi.o67 (.bios)
                  00001320    00000460              : hwi_disp_asm.o67 (.bios)
                  00001780    000003a0              : prd.o67 (.bios)
                  00001b20    000002c0              : knl_run.o67 (.bios)
                  00001de0    000002c0              : rta.o67 (.bios)
                  000020a0    000002c0              : sem_pend.o67 (.bios)
                  00002360    00000260              : knl_tick.o67 (.bios)
                  000025c0    00000240              : pip.o67 (.bios)
                  00002800    00000220              : sem_dopo.o67 (.bios)
                  00002a20    00000200              : tsk_setu.o67 (.bios)
                  00002c20    000001c0              : knl_swit.o67 (.bios)
                  00002de0    000001c0     biosC6000.a67 : clk.o67 (.bios)
                  00002fa0    000001a0     bios.a67 : tsk_exit.o67 (.bios)
                  00003140    00000180              : autoinit.o67 (.bios)
                  000032c0    00000180              : tsk_stup.o67 (.bios)
                  00003440    00000140              : knl_chec.o67 (.bios)
                  00003580    000000e0              : gbl_cslcacheinit.o67 (.bios)
                  00003660    000000e0              : knl_exit.o67 (.bios)
                  00003740    000000e0              : sem_post.o67 (.bios)
                  00003820    000000e0              : sem_post_asm.o67 (.bios)
                  00003900    000000e0     biosC6000.a67 : clk_meas.o67 (.bios)
                  000039e0    000000c0     bios.a67 : knl_ipos.o67 (.bios)
                  00003aa0    000000c0              : knl_post.o67 (.bios)
                  00003b60    000000c0              : lck.o67 (.bios)
                  00003c20    000000c0              : sys_exit.o67 (.bios)
                  00003ce0    000000c0     biosC6000.a67 : clk_htime.o67 (.bios)
                  00003da0    00000080     bios.a67 : fxn.o67 (.bios)
                  00003e20    00000080              : idl_busy.o67 (.bios)
                  00003ea0    00000080              : log.o67 (.bios)
                  00003f20    00000080              : sts.o67 (.bios)
                  00003fa0    00000080     biosC6000.a67 : idl_cal.o67 (.bios)
                  00004020    00000060     bios.a67 : hwi_c.o67 (.bios)
                  00004080    00000060              : sem_pend_binary.o67 (.bios)
                  000040e0    00000060              : sem_pend_counting.o67 (.bios)
                  00004140    00000060              : sys_abor.o67 (.bios)
                  000041a0    00000060              : utl_putc.o67 (.bios)
                  00004200    00000060     biosC6000.a67 : clk_start.o67 (.bios)
                  00004260    00000040     bios.a67 : idl_stub.o67 (.bios)
                  000042a0    00000040              : rta_andn.o67 (.bios)
                  000042e0    00000040              : utl_doab.o67 (.bios)
                  00004320    00000040     biosC6000.a67 : clk_stop.o67 (.bios)
                  00004360    00000020     bios.a67 : fxn_c.o67 (.bios)
                  00004380    00000020              : gbl_vers.o67 (.bios)
                  000043a0    00000020              : idl.o67 (.bios)
                  000043c0    00000020              : sts_set.o67 (.bios)
                  000043e0    00000020              : utl_doer.o67 (.bios)
                  00004400    00000020              : utl_halt.o67 (.bios)

.stack     0    00004420    00004000     UNINITIALIZED
                  00004420    00004000     --HOLE--

.text      0    00008420    00003600     
                  00008420    00000be0     skeletonmod flo.obj (.text)
                  00009000    00000480     dsk6713bsl.lib : dsk6713.obj (.text)
                  00009480    00000420     fastFolding.obj (.text)
                  000098a0    000002a0     config_AIC23.obj (.text)
                  00009b40    00000280     csl6713.lib : csl_edma.obj (.text:_EDMA_open)
                  00009dc0    00000240     rts6700.lib : memcpy62.obj (.text:_memcpy)
                  0000a000    00000220     csl6713.lib : csl.obj (.text:__CSL_init)
                  0000a220    000001e0     dsk6713bsl.lib : dsk6713_led.obj (.text)
                  0000a400    000001c0     csl6713.lib : csl_irq.obj (.text:_IRQ_map)
                  0000a5c0    000001c0                 : csl_irq.obj (.text:_mux2Tables)
                  0000a780    000001a0                 : csl_edma.obj (.text:_EDMA_allocTable)
                  0000a920    000001a0                 : csl_mcbsp.obj (.text:_MCBSP_reset)
                  0000aac0    00000180     bios.a67 : gbl_cslpllinit62.o67 (.text)
                  0000ac40    00000160     rts6700.lib : sinit.obj (.text:_call_dtors)
                  0000ada0    00000140     csl6713.lib : csl_edma.obj (.text:_EDMA_reset)
                  0000aee0    00000140                 : csl_timer.obj (.text:_TIMER_open)
                  0000b020    00000120                 : csl_timer.obj (.text:_TIMER_reset)
                  0000b140    00000100                 : csl_edma.obj (.text:_EDMA_intAlloc)
                  0000b240    00000100                 : csl_mcbsp.obj (.text:_MCBSP_open)
                  0000b340    00000100                 : csl_mcbsp.obj (.text:_MCBSP_start)
                  0000b440    000000e0     rts6700.lib : strasg.obj (.text:__strasg)
                  0000b520    000000e0                 : atexit.obj (.text:_atexit)
                  0000b600    000000c0     bios.a67 : tsk_stup.o67 (.text)
                  0000b6c0    000000a0     csl6713.lib : csl_irq.obj (.text:__IRQ_init)
                  0000b760    000000a0                 : csl_irq.obj (.text:_setMux)
                  0000b800    00000080     dsk6713bsl.lib : dsk6713_dip.obj (.text)
                  0000b880    00000060     csl6713.lib : csl_edma.obj (.text:_EDMA_disableChannel)
                  0000b8e0    00000060                 : csl_edma.obj (.text:_EDMA_enableChannel)
                  0000b940    00000040     rts6700.lib : sinit.obj (.text:___add_dtor)
                  0000b980    00000020     csl6713.lib : csl.obj (.text:_CSL6713_LIB_)
                  0000b9a0    00000020     rts6700.lib : _lock.obj (.text:__nop)
                  0000b9c0    00000020                 : _lock.obj (.text:__register_lock)
                  0000b9e0    00000020                 : _lock.obj (.text:__register_unlock)
                  0000ba00    00000020     csl6713.lib : csl_irq.obj (.text)

.cinit     0    0000ba20    00001ce4     
                  0000ba20    00000984     skeletonmod flo.obj (.cinit)
                  0000c3a4    00000004     --HOLE-- [fill = 0]
                  0000c3a8    00000864     BIOS_configcfg.obj (.cinit)
                  0000cc0c    00000004     --HOLE-- [fill = 0]
                  0000cc10    0000026c     bios.a67 : biosdata.o67 (.cinit)
                  0000ce7c    00000004     --HOLE-- [fill = 0]
                  0000ce80    000001a4              : knl.o67 (.cinit)
                  0000d024    00000004     --HOLE-- [fill = 0]
                  0000d028    0000012c     csl6713.lib : csl_irq.obj (.cinit)
                  0000d154    00000004     --HOLE-- [fill = 0]
                  0000d158    000000b0     bios.a67 : swi.o67 (.cinit)
                  0000d208    00000080              : tsk.o67 (.cinit)
                  0000d288    00000070     csl6713.lib : csl_edma.obj (.cinit)
                  0000d2f8    00000060     bios.a67 : tsk_stup.o67 (.cinit)
                  0000d358    0000005c     lnkrtdx.a67 : rtdx.o67 (.cinit)
                  0000d3b4    00000004     --HOLE-- [fill = 0]
                  0000d3b8    00000054     csl6713.lib : csl_mcbsp.obj (.cinit)
                  0000d40c    00000004     --HOLE-- [fill = 0]
                  0000d410    0000004c     bios.a67 : rta.o67 (.cinit)
                  0000d45c    00000004     --HOLE-- [fill = 0]
                  0000d460    0000004c     csl6713.lib : csl_timer.obj (.cinit)
                  0000d4ac    00000004     --HOLE-- [fill = 0]
                  0000d4b0    0000004c     rtdx.lib : buffer1.o62 (.cinit)
                  0000d4fc    00000004     --HOLE-- [fill = 0]
                  0000d500    00000048     config_AIC23.obj (.cinit)
                  0000d548    0000003c     csl6713.lib : csl.obj (.cinit)
                  0000d584    00000004     --HOLE-- [fill = 0]
                  0000d588    00000034     bios.a67 : hwi.o67 (.cinit)
                  0000d5bc    00000004     --HOLE-- [fill = 0]
                  0000d5c0    0000002c              : utl_putc.o67 (.cinit)
                  0000d5ec    00000004     --HOLE-- [fill = 0]
                  0000d5f0    0000002c     rts6700.lib : exit.obj (.cinit)
                  0000d61c    00000004     --HOLE-- [fill = 0]
                  0000d620    00000024     bios.a67 : obj_init.o67 (.cinit)
                  0000d644    00000004     --HOLE-- [fill = 0]
                  0000d648    0000001c              : sys.o67 (.cinit)
                  0000d664    00000004     --HOLE-- [fill = 0]
                  0000d668    0000001c     rts6700.lib : _lock.obj (.cinit)
                  0000d684    00000004     --HOLE-- [fill = 0]
                  0000d688    0000001c                 : atexit.obj (.cinit)
                  0000d6a4    00000004     --HOLE-- [fill = 0]
                  0000d6a8    00000018     bios.a67 : knl_tick.o67 (.cinit)
                  0000d6c0    0000000c              : gbl_setL2CacheMode.o67 (.cinit)
                  0000d6cc    00000004     --HOLE-- [fill = 0]
                  0000d6d0    0000000c              : idl_busy.o67 (.cinit)
                  0000d6dc    00000004     --HOLE-- [fill = 0]
                  0000d6e0    0000000c              : knl_swit.o67 (.cinit)
                  0000d6ec    00000004     --HOLE-- [fill = 0]
                  0000d6f0    0000000c     rts6700.lib : sinit.obj (.cinit)
                  0000d6fc    00000004     --HOLE-- [fill = 0]
                  0000d700    00000004     (.pad.cinit) [fill = 0]

.hst1      0    0000d704    00000010     UNINITIALIZED
                  0000d704    00000010     BIOS_configcfg.obj (.hst1)

.pinit     0    0000d714    0000000c     
                  0000d714    00000004     rtdx.lib : buffer1.o62 (.pinit)
                  0000d718    00000004              : rtdx_mon.o62 (.pinit)
                  0000d71c    00000004     --HOLE-- [fill = 0]

.rtdx_text 
*          0    0000d720    00000ea0     
                  0000d720    00000400     rtdx.lib : rtdx_mon.o62 (.rtdx_text:_RTDX_Poll)
                  0000db20    00000340              : buffer1.o62 (.rtdx_text:_RTDX_Buffer_WriteCB)
                  0000de60    00000300              : buffer1.o62 (.rtdx_text:_RTDX_write_next)
                  0000e160    00000140              : rtdx_mon.o62 (.rtdx_text:_RTDX_Mon_Queue)
                  0000e2a0    000000e0              : buffer1.o62 (.rtdx_text:_claim)
                  0000e380    00000080              : rtdx_mon.o62 (.rtdx_text:_RTDX_Init_RT_Monitor)
                  0000e400    00000060              : buffer1.o62 (.rtdx_text:_RTDX_Buffer_Initialize)
                  0000e460    00000060              : buffer2.o62 (.rtdx_text:_RTDX_Buffer_ReadCB)
                  0000e4c0    00000040              : buffer1.o62 (.rtdx_text:_RTDX_Buffer_Size)
                  0000e500    00000040              : rtdx_mon.o62 (.rtdx_text:_RTDX_Final_RT_Monitor)
                  0000e540    00000020              : buffer2.o62 (.rtdx_text:_RTDX_Buffer_Read)
                  0000e560    00000020              : buffer1.o62 (.rtdx_text:_RTDX_Buffer_Write)
                  0000e580    00000020              : rtdx_mon.o62 (.rtdx_text:_RTDX_checksum)
                  0000e5a0    00000020              : intr_tgt.o62 (.rtdx_text)

.far       0    0000e5c0    00000608     UNINITIALIZED
                  0000e5c0    00000188     rts6700.lib : atexit.obj (.far)
                  0000e748    000000f4     csl6713.lib : csl_irq.obj (.far)
                  0000e83c    000000d8     bios.a67 : knl.o67 (.far)
                  0000e914    0000005c              : tsk.o67 (.far)
                  0000e970    00000054              : obj_init.o67 (.far)
                  0000e9c4    00000054     csl6713.lib : csl_edma.obj (.far)
                  0000ea18    00000050     bios.a67 : tsk_stup.o67 (.far)
                  0000ea68    00000050     skeletonmod flo.obj (.far)
                  0000eab8    00000038     csl6713.lib : csl_mcbsp.obj (.far)
                  0000eaf0    00000034     config_AIC23.obj (.far)
                  0000eb24    00000028     csl6713.lib : csl.obj (.far)
                  0000eb4c    00000024                 : csl_timer.obj (.far)
                  0000eb70    00000020     bios.a67 : sys.o67 (.far)
                  0000eb90    00000010              : knl_tick.o67 (.far)
                  0000eba0    0000000c              : utl_putc.o67 (.far)
                  0000ebac    0000000c     rts6700.lib : exit.obj (.far)
                  0000ebb8    00000008                 : _lock.obj (.far)
                  0000ebc0    00000004                 : sinit.obj (.far)
                  0000ebc4    00000002     dsk6713bsl.lib : dsk6713.obj (.far)
                  0000ebc6    00000002                    : dsk6713_led.obj (.far)

.idl       0    0000ebc8    00000010     UNINITIALIZED
                  0000ebc8    00000010     BIOS_configcfg.obj (.idl)

.clk       0    0000ebd8    00000008     UNINITIALIZED
                  0000ebd8    00000008     BIOS_configcfg.obj (.clk)

.sysinit   0    0000ebe0    00000520     
                  0000ebe0    000002e0     BIOS_configcfg.obj (.sysinit)
                  0000eec0    000000e0     bios.a67 : mem_init.o67 (.sysinit)
                  0000efa0    000000c0              : boot.o67 (.sysinit)
                  0000f060    00000080              : tsk_init.o67 (.sysinit)
                  0000f0e0    00000020              : obj_init.o67 (.sysinit)

.rtdx_data 
*          0    0000f100    0000044c     UNINITIALIZED
                  0000f100    00000410     BIOS_configcfg.obj (.rtdx_data)
                  0000f510    00000020     rtdx.lib : buffer1.o62 (.rtdx_data)
                  0000f530    0000001c              : rtdx_mon.o62 (.rtdx_data)

.args      0    0000f54c    00000004     
                  0000f54c    00000004     --HOLE-- [fill = 0]

.LED_toggle$stk 
*          0    0000f550    00000400     UNINITIALIZED
                  0000f550    00000400     BIOS_configcfg.obj (.LED_toggle$stk)

.TSK_idle$stk 
*          0    0000f950    00000400     UNINITIALIZED
                  0000f950    00000400     BIOS_configcfg.obj (.TSK_idle$stk)

.bss       0    0000fd50    00000394     UNINITIALIZED
                  0000fd50    00000100     bios.a67 : hwi_disp_asm.o67 (.bss)
                  0000fe50    000000cc              : biosdata.o67 (.bss)
                  0000ff1c    0000009c              : swi.o67 (.bss)
                  0000ffb8    00000050     skeletonmod flo.obj (.bss)
                  00010008    00000048     bios.a67 : knl.o67 (.bss)
                  00010050    00000028     BIOS_configcfg.obj (.bss)
                  00010078    00000018     bios.a67 : hwi.o67 (.bss)
                  00010090    00000018     lnkrtdx.a67 : rtdx.o67 (.bss)
                  000100a8    00000010     rtdx.lib : buffer1.o62 (.bss)
                  000100b8    0000000c     bios.a67 : tsk.o67 (.bss)
                  000100c4    00000008              : clk_data.o67 (.bss)
                  000100cc    00000008              : sys.o67 (.bss)
                  000100d4    00000004              : clk_data2.o67 (.bss)
                  000100d8    00000004              : gbl_setL2CacheMode.o67 (.bss)
                  000100dc    00000004              : idl_busy.o67 (.bss)
                  000100e0    00000004              : mem_asm.o67 (.bss)

.trace     0    000100e4    00000200     
                  000100e4    00000200     --HOLE-- [fill = 00000000]

.idlcal    0    000102e4    00000010     UNINITIALIZED
                  000102e4    00000010     BIOS_configcfg.obj (.idlcal)

.trcdata   0    000102f4    0000000c     
                  000102f4    0000000c     bios.a67 : trc.o67 (.trcdata)

.LOG_system$buf 
*          0    00010300    00000100     UNINITIALIZED
                  00010300    00000100     BIOS_configcfg.obj (.LOG_system$buf)

.hst0      0    00010400    00000100     UNINITIALIZED
                  00010400    00000100     BIOS_configcfg.obj (.hst0)

.pip       0    00010500    000000c8     UNINITIALIZED
                  00010500    000000c8     BIOS_configcfg.obj (.pip)

.tsk       0    000105c8    000000c0     UNINITIALIZED
                  000105c8    000000c0     BIOS_configcfg.obj (.tsk)

.const     0    00010688    000000b5     
                  00010688    0000004e     bios.a67 : tsk_stup.o67 (.const)
                  000106d6    00000023              : utl_doab.o67 (.const)
                  000106f9    00000022              : utl_doer.o67 (.const)
                  0001071b    00000001     --HOLE-- [fill = 0]
                  0001071c    00000020     dsk6713bsl.lib : dsk6713.obj (.const)
                  0001073c    00000001     bios.a67 : tsk.o67 (.const)

.printf    0    0001073d    000000c4     COPY SECTION
                  0001073d    000000c4     BIOS_configcfg.obj (.printf)

.swi       0    00010740    000000b0     UNINITIALIZED
                  00010740    000000b0     BIOS_configcfg.obj (.swi)

.sts       0    000107f0    00000080     
                  000107f0    00000080     BIOS_configcfg.obj (.sts)

.gblinit   0    00010870    00000058     
                  00010870    00000058     BIOS_configcfg.obj (.gblinit)

.hst       0    000108c8    0000003c     UNINITIALIZED
                  000108c8    0000003c     BIOS_configcfg.obj (.hst)

.log       0    00010904    00000030     
                  00010904    00000030     BIOS_configcfg.obj (.log)

.sem       0    00010934    0000002c     UNINITIALIZED
                  00010934    0000002c     BIOS_configcfg.obj (.sem)

.switch    0    00010960    00000028     
                  00010960    00000028     rtdx.lib : rtdx_mon.o62 (.switch)

.prd       0    00010988    00000020     UNINITIALIZED
                  00010988    00000020     BIOS_configcfg.obj (.prd)

.sys       0    000109a8    00000010     UNINITIALIZED
                  000109a8    00000010     BIOS_configcfg.obj (.sys)

.mem       0    000109b8    00000004     UNINITIALIZED
                  000109b8    00000004     BIOS_configcfg.obj (.mem)

.datenpuffer 
*          0    00037000    00004080     UNINITIALIZED
                  00037000    00004080     skeletonmod flo.obj (.datenpuffer)

.SDRAM$heap 
*          0    80000000    00008000     UNINITIALIZED
                  80000000    00008000     --HOLE--

.myLOG$buf 
*          0    80008000    00000080     UNINITIALIZED
                  80008000    00000080     BIOS_configcfg.obj (.myLOG$buf)


GLOBAL SYMBOLS: SORTED ALPHABETICALLY BY Name 

address    name
--------   ----
0000fd50   $bss
0000fd50   .bss
00000000   .data
00008420   .text
0000ed9c   BIOS$$CLKOFF
0000ed5c   BIOS$$CLKON
0000ebe0   BIOS_init
0000ee04   BIOS_start
00000000   BUF$
00000001   BUF_ENABLED
00000001   CLK$
0000ebd8   CLK_A_TABBEG
00000001   CLK_CALDIV
00000004   CLK_CALMULT
0000dbba   CLK_COUNTSPMS
00000000   CLK_COUNTSPMSHIGH
0000fe78   CLK_D_idletime
0000fe74   CLK_D_isrhook
0000fe70   CLK_D_tabbeg
0000fe6c   CLK_D_timefxn
00003ce0   CLK_F_getfhtime
00003d00   CLK_F_gethtime
00002de0   CLK_F_getltime
00003d00   CLK_F_getshtime
00002df4   CLK_F_isr
00002f54   CLK_F_itime
00001320   CLK_HOOKFXN
00000001   CLK_HTIMEDIV
00000004   CLK_HTIMEMULT
0000dbba   CLK_HTIMEPERLTIME
00004000   CLK_INTBIT
00000001   CLK_LTIMEDIV
00036ee8   CLK_LTIMEMULT
000003e8   CLK_MICROSECS
0000dbba   CLK_PRD
00000000   CLK_PRDHIGH
01940000   CLK_REGS
0000fe68   CLK_R_time
00000020   CLK_TCR
00000000   CLK_TDDR
00000000   CLK_TDDRHIGH
00003d00   CLK_TIMEFXN
00000000   CLK_TIMERNUM
00000001   CLK_USETIMER
0000ebdc   CLK_null
00000000   DEV$
00000000   DGN$
00000000   DHL$
00000000   DHL_gChannelsAvailable
00000000   DIO$
00000000   DIO_NUMSWIBASE
00000000   DIO_NUMTSKBASE
00000000   DIO_STATIC
00000000   DPI$
00003da0   FXN_F_nop
00003da8   FXN_F_run
00003df8   FXN_F_zero
00000001   GBL$
00005205   GBL_A_VERSION
00000000   GBL_BIGENDIAN
00000000   GBL_C641XL2PRIORITY
00000000   GBL_CACHE
00000001   GBL_CALLCSLCFGINIT
00004e20   GBL_CLKIN
00001770   GBL_CLKTYPE
00001a39   GBL_DSPSUBTYPE
0000003e   GBL_DSPTYPE
00000001   GBL_ENABLEINST
00000042   GBL_FOOTPRINT
00036ee8   GBL_FREQ
00002226   GBL_L2ALLOC
00000000   GBL_L2CONFIGALLOC
00000001   GBL_L2CONFIGURE
00000001   GBL_L2MARMASK
00000000   GBL_L2MARMASK1
00000000   GBL_L2MARMASK2
00000000   GBL_L2MARMASK3
00000000   GBL_L2MARMASK4
00000000   GBL_L2MARMASK5
00000000   GBL_L2MODE
00000000   GBL_L2PRIORITY
00000000   GBL_NULL
00000000   GBL_PROCID
00000000   GBL_ROM
00000000   GBL_SUPPORTCSL
0000dbef   GBL_TRCMASKVALUE
00000001   GBL_USERINIT
0000aae8   GBL_USERINITFXN
00000001   GBL_boot
000102fc   GBL_initdone
00004420   GBL_stackbeg
0000841f   GBL_stackend
00000000   GIO$
00004360   GIO_CREATEFXN
00004360   GIO_DELETEFXN
00004360   GIO_PENDFXN
00004360   GIO_POSTFXN
00000000   HOOK$
00000000   HOOK_KNLID
00000001   HST$
000108c8   HST_A_TABBEG
00010904   HST_A_TABEND
00000000   HST_DSM
ffffffff   HST_DSMBUFSEG
00000400   HST_DSMMEMSIZE
0000fee4   HST_D_chanmask
0000fee8   HST_D_tabbeg
0000feec   HST_D_tabend
000000ff   HST_MAXFRAMEALLOWED
00000040   HST_MAXFRAMESET
00000000   HST_NONE
00000001   HST_RTDX
00000001   HWI$
00000000   HWI_A_VECS
00004108   HWI_CFGDISPATCHED
00010088   HWI_D_bss
0001008c   HWI_D_ccmask
00010078   HWI_D_spsave
00001320   HWI_F_dispatch
00000000   HWI_GENERATE_RESET_VEC
0000000a   HWI_INT10
00000000   HWI_INT10$hwi
0000000b   HWI_INT11
00000000   HWI_INT11$hwi
0000000c   HWI_INT12
00000000   HWI_INT12$hwi
0000000d   HWI_INT13
00000000   HWI_INT13$hwi
0000000e   HWI_INT14
00000000   HWI_INT14$hwi
0000000f   HWI_INT15
00000000   HWI_INT15$hwi
00000004   HWI_INT4
00000000   HWI_INT4$hwi
00000005   HWI_INT5
00000000   HWI_INT5$hwi
00000006   HWI_INT6
00000000   HWI_INT6$hwi
00000007   HWI_INT7
00000000   HWI_INT7$hwi
00000008   HWI_INT8
00000000   HWI_INT8$hwi
00000009   HWI_INT9
00000000   HWI_INT9$hwi
082039a3   HWI_INTRMULTHIGH
310718a4   HWI_INTRMULTLOW
00000001   HWI_NMI
00000000   HWI_NMI$hwi
00000000   HWI_POLARITYMASK
00000002   HWI_RESERVED0
00000000   HWI_RESERVED0$hwi
00000003   HWI_RESERVED1
00000000   HWI_RESERVED1$hwi
00000000   HWI_RESET
00000000   HWI_RESET$hwi
00000001   HWI_ZEROTAB
00000001   IDL$
000102e4   IDL_A_CALBEG
0000ebc8   IDL_A_TABBEG
00000006   IDL_CALIBRERROR
00004260   IDL_CALIBRFXN
000100dc   IDL_D_busyObj
0000fe58   IDL_D_calbeg
0000fe54   IDL_D_calibrate
0000fe50   IDL_D_tabbeg
0000ebd4   IDL_END
000102f0   IDL_END$
00003e20   IDL_F_busy
00003fa0   IDL_F_calibrate
000043a0   IDL_F_loop
00004260   IDL_F_stub
00000001   IDL_USECLKIDLTIME
00010864   IDL_busyObj
000107fc   IDL_busyObj$avgfmt
00000001   IDL_busyObj$filter
00000001   IDL_busyObj$iA
00000000   IDL_busyObj$iB
00000001   IDL_busyObj$iC
000107f6   IDL_busyObj$maxfmt
00000000   IDL_busyObj$operation
00010860   IDL_busyObj$stsobj
000107f9   IDL_busyObj$sumfmt
00000002   IDL_busyObj$unittype
0000ebc8   IDL_cpuLoad
000102e4   IDL_cpuLoad$
ffffffff   IRAM
00000001   ISRC$
00002da0   KNL_glue
00010740   KNL_swi
00000001   KNL_swi$dorta
00000000   KNL_swi$ord
00000000   KNL_swi$pri
00010804   KNL_swi$sts
0001076a   KNL_swi$sts$avgfmt
00000002   KNL_swi$sts$filter
00000001   KNL_swi$sts$filtmaxmult
00000001   KNL_swi$sts$filtsummult
0001075a   KNL_swi$sts$maxfmt
00010800   KNL_swi$sts$stsobj
00010762   KNL_swi$sts$sumfmt
00000000   KNL_swi$sts$unittype
00000000   KNL_swi$swi
00000001   LCK$
00010988   LED_Toggle
000109a4   LED_Toggle$aaa
00000000   LED_Toggle$mode
00000005   LED_Toggle$ord
000003e8   LED_Toggle$period
00000000   LED_Toggle$prd
000107f4   LED_Toggle$sts
0001074f   LED_Toggle$sts$avgfmt
00000000   LED_Toggle$sts$filter
0001073d   LED_Toggle$sts$maxfmt
000107f0   LED_Toggle$sts$stsobj
00010746   LED_Toggle$sts$sumfmt
00000002   LED_Toggle$sts$unittype
00010634   LED_toggle
00000003   LED_toggle$ord
00000001   LED_toggle$pri
0000f550   LED_toggle$stack
0000f8e8   LED_toggle$stkptr
00010854   LED_toggle$sts
000107ec   LED_toggle$sts$avgfmt
00000002   LED_toggle$sts$filter
00000001   LED_toggle$sts$filtmaxmult
00000001   LED_toggle$sts$filtsummult
000107dc   LED_toggle$sts$maxfmt
00010850   LED_toggle$sts$stsobj
000107e4   LED_toggle$sts$sumfmt
00000000   LED_toggle$sts$unittype
00000000   LED_toggle$tsk
00000200   LNK_F_checkBufferCall
00000280   LNK_F_dataPump
00000220   LNK_F_getChanPtr
00000278   LNK_F_init
000007c4   LNK_F_readCallBack
0000ebcc   LNK_dataPump
000102e8   LNK_dataPump$
00010094   LNK_dspFrameReadyMask
00010090   LNK_dspFrameRequestMask
00000520   LNK_newin
00000660   LNK_newout
00000294   LNK_rcloop
00000360   LNK_rdrtry
0001009c   LNK_readDone
000100a0   LNK_readFail
00010098   LNK_readPend
00000370   LNK_rrloop
000100a4   LNK_writeFail
00000444   LNK_wrloop
00000434   LNK_wrrtry
00000001   LOG$
00010904   LOG_A_TABBEG
00010934   LOG_A_TABEND
00000002   LOG_A_TABLEN
0000fe5c   LOG_D_system
00000001   LOG_ENABLED
00003ea0   LOG_F_event
00010904   LOG_system
00010300   LOG_system$buf
00000000   LOG_system$datatype
00000000   LOG_system$log
00000040   LOG_system$size
00000000   MBX$
00000001   MEM$
0001005c   MEM_MALLOCSEG
00000000   MEM_NULL
0001005c   MEM_SEGZERO
00000000   MEM_USEMPC
00000001   MEM_gNumHeap
00000000   MSGQ$
00000000   MSGQ_USEMSGQ
00000000   OBJ$
00000000   PIP$
00010500   PIP_A_TABBEG
000105c8   PIP_A_TABEND
00000002   PIP_A_TABLEN
0000fe60   PIP_D_tabbeg
0000fe64   PIP_D_tablen
00002654   PIP_F_give
00002654   PIP_F_probe
00002728   PIP_F_start
000025c0   PIP_F_take
00000064   PIP_OBJSIZE
00000000   PIP_gNextId
00000002   PIP_gNumEmbed
00000000   POOL$
00000000   POOL_USEPOOL
00000001   PRD$
00010988   PRD_A_TABBEG
000109a8   PRD_A_TABEND
00000001   PRD_A_TABLEN
0000fea0   PRD_D_cur
0000fea4   PRD_D_elapsed
0000fea8   PRD_D_prevtim
0000feac   PRD_D_scalar
0000feb0   PRD_D_swihandle
0000feb4   PRD_D_tabbeg
0000feb8   PRD_D_tablen
0000febc   PRD_D_thook
0000fe9c   PRD_D_tick
00001780   PRD_F_swi
00001a40   PRD_F_tick
00000008   PRD_SCALAR
0001076c   PRD_SWIHANDLE
000025a0   PRD_THOOKFXN
0000ebd8   PRD_clock
0001076c   PRD_swi
00000001   PRD_swi$dorta
00000000   PRD_swi$ord
00000001   PRD_swi$pri
00010814   PRD_swi$sts
00010784   PRD_swi$sts$avgfmt
00000002   PRD_swi$sts$filter
00000001   PRD_swi$sts$filtmaxmult
00000001   PRD_swi$sts$filtsummult
00010774   PRD_swi$sts$maxfmt
00010810   PRD_swi$sts$stsobj
0001077c   PRD_swi$sts$sumfmt
00000000   PRD_swi$sts$unittype
00000000   PRD_swi$swi
00010798   Ping_SWI
00000001   Ping_SWI$dorta
00000001   Ping_SWI$ord
00000002   Ping_SWI$pri
00010824   Ping_SWI$sts
0001079e   Ping_SWI$sts$avgfmt
00000002   Ping_SWI$sts$filter
00000001   Ping_SWI$sts$filtmaxmult
00000001   Ping_SWI$sts$filtsummult
0001078e   Ping_SWI$sts$maxfmt
00010820   Ping_SWI$sts$stsobj
00010796   Ping_SWI$sts$sumfmt
00000000   Ping_SWI$sts$unittype
00000000   Ping_SWI$swi
000107c4   Pong_SWI
00000001   Pong_SWI$dorta
00000002   Pong_SWI$ord
00000002   Pong_SWI$pri
00010834   Pong_SWI$sts
000107b8   Pong_SWI$sts$avgfmt
00000002   Pong_SWI$sts$filter
00000001   Pong_SWI$sts$filtmaxmult
00000001   Pong_SWI$sts$filtsummult
000107a8   Pong_SWI$sts$maxfmt
00010830   Pong_SWI$sts$stsobj
000107b0   Pong_SWI$sts$sumfmt
00000000   Pong_SWI$sts$unittype
00000000   Pong_SWI$swi
00000001   QUE$
0000fec0   RTA_D_fromHost
0000fec8   RTA_D_logval
0000fed8   RTA_D_stsval
0000fec4   RTA_D_toHost
000042a0   RTA_F_andn
00001ed8   RTA_F_dispatch
00001de0   RTA_F_getlog
00001e24   RTA_F_getsts
000042c0   RTA_F_or
00001e6c   RTA_F_readblk
00001e98   RTA_F_resetmem
00001e8c   RTA_F_writeword
0000ebd0   RTA_dispatcher
000102ec   RTA_dispatcher$
00001f28   RTA_execute
000108cc   RTA_fromHost
0000d704   RTA_fromHost$buf
00000004   RTA_fromHost$framesize
00000000   RTA_fromHost$hst
00000001   RTA_fromHost$id
00000000   RTA_fromHost$mode
00010500   RTA_fromHost$pipe
00010530   RTA_fromHost$pipe$aaa
00010560   RTA_fromHost$pipe$bbb
00010060   RTA_fromHost$pipe$dtab
00010504   RTA_fromHost$pipe$rd
00010534   RTA_fromHost$pipe$wr
000108d4   RTA_fromHost$rtdx
000108e8   RTA_toHost
00010400   RTA_toHost$buf
00000040   RTA_toHost$framesize
00000000   RTA_toHost$hst
00000000   RTA_toHost$id
00000001   RTA_toHost$mode
00010564   RTA_toHost$pipe
00010594   RTA_toHost$pipe$aaa
000105c4   RTA_toHost$pipe$bbb
0001006c   RTA_toHost$pipe$dtab
00010568   RTA_toHost$pipe$rd
00010598   RTA_toHost$pipe$wr
000108f0   RTA_toHost$rtdx
00000001   RTDX$
00000408   RTDX_BUFMEMSIZE
ffffffff   RTDX_DATAMEMSEG
00000000   RTDX_MODE
00000001   RTDX_NORMALIZED_HDR
00000001   RTDX_USERTDX
00000000   RTDX_USERTEXECUTION
0001005c   SDRAM
80000000   SDRAM$B
00008000   SDRAM$L
00000001   SEM$
00000000   SIO$
00000001   STS$
000107f0   STS_A_TABBEG
00010870   STS_A_TABEND
00003f58   STS_F_add
00003f20   STS_F_delta
00003f84   STS_F_reset
00000001   SWI$
00010740   SWI_A_TABBEG
000107f0   SWI_A_TABEND
00000004   SWI_A_TABLEN
0000ff34   SWI_D_curfxn
0000ff24   SWI_D_curmask
0000ff30   SWI_D_curmbox
0000ff28   SWI_D_curset
0000ff20   SWI_D_execaddr
0000ff3c   SWI_D_inswi
0000ff2c   SWI_D_lock
0000ff38   SWI_D_rdybeg
0000ff40   SWI_D_rdytab
0000ff1c   SWI_D_runaddr
00000000   SWI_EHOOKFXN
00000ffc   SWI_EXECFXN
00000de0   SWI_F_enable
00000ffc   SWI_F_exec
00001028   SWI_F_iexec
00000e50   SWI_F_post
000010b8   SWI_F_run
00000000   SWI_IHOOKFXN
000010b8   SWI_RUNFXN
00000001   SYS$
000109a8   SYS$config
000042e0   SYS_ABORTFXN
000043e0   SYS_ERRORFXN
00004400   SYS_EXITFXN
000041a0   SYS_PUTCFXN
000102f8   TRC_R_mask
000102f4   TRC_cinit
00000001   TSK$
00000000   TSK_NUM_HOOKS
00000001   TSK_PRIORITY
00000000   TSK_READYFXN
00000000   TSK_STACKSEG
00000400   TSK_STACKSIZE
00000000   TSK_SWITCHFXN
00004360   TSK_VCREATEFXN
00004360   TSK_VDELETEFXN
00004360   TSK_VEXITFXN
000105d4   TSK_idle
00000001   TSK_idle$ord
00000000   TSK_idle$pri
0000f950   TSK_idle$stack
0000fce8   TSK_idle$stkptr
00010844   TSK_idle$sts
000107d2   TSK_idle$sts$avgfmt
00000002   TSK_idle$sts$filter
00000001   TSK_idle$sts$filtmaxmult
00000001   TSK_idle$sts$filtsummult
000107c2   TSK_idle$sts$maxfmt
00010840   TSK_idle$sts$stsobj
000107ca   TSK_idle$sts$sumfmt
00000000   TSK_idle$sts$unittype
00000000   TSK_idle$tsk
00000000   UDEV$
0000ebe0   _BIOS_init
0000ee04   _BIOS_start
0000ffb8   _BufferInPingC
0000ffbc   _BufferInPongC
0000ffc0   _BufferOutPingC
0000ffc4   _BufferOutPongC
00037000   _Buffer_in_ping
00037800   _Buffer_in_pong
00038000   _Buffer_out_ping
00038800   _Buffer_out_pong
0000dbba   _CLK_COUNTSPMS
000100c4   _CLK_DFLTMICROSECS
0000fe98   _CLK_D_countspms
0000fe8c   _CLK_D_dirty
000100c8   _CLK_D_microseconds
0000fe90   _CLK_D_prd
0000fe94   _CLK_D_tddr
00002f54   _CLK_F_itime
0000dbba   _CLK_PRD
01940000   _CLK_REGS
00000000   _CLK_TDDR
00000000   _CLK_TIMERNUM
00000001   _CLK_USETIMER
0000fe7c   _CLK_htimeDiv
0000fe80   _CLK_htimeMult
000100d4   _CLK_htimePerLtime
00002f54   _CLK_itime
0000fe84   _CLK_ltimeDiv
0000fe88   _CLK_ltimeMult
00003900   _CLK_measure
00004200   _CLK_start
00004320   _CLK_stop
0000b980   _CSL6713_LIB_
00009950   _Config_DSK6713_AIC23
0000b808   _DSK6713_DIP_get
0000b800   _DSK6713_DIP_init
0000a220   _DSK6713_LED_init
0000a260   _DSK6713_LED_off
0000a2d0   _DSK6713_LED_on
0000a340   _DSK6713_LED_toggle
00009414   _DSK6713_getVersion
0000904c   _DSK6713_init
00009368   _DSK6713_rget
0000937c   _DSK6713_rset
0000ebc4   _DSK6713_version
00009390   _DSK6713_wait
000093e8   _DSK6713_waitusec
UNDEFED    _DSPF_sp_cfftr2_dit
UNDEFED    _DSPF_sp_icfftr2_dif
0000a780   _EDMA_allocTable
0000b880   _EDMA_disableChannel
0000b8e0   _EDMA_enableChannel
0000b140   _EDMA_intAlloc
00008e7c   _EDMA_interrupt_service
00009b40   _EDMA_open
0000ada0   _EDMA_reset
0003b000   _FIRCoef
00004360   _FXN_F_nop
00003da8   _FXN_F_run
00003df8   _FXN_F_zero
00000000   _GBL_CACHE
0000fef4   _GBL_clkIn
00003580   _GBL_cslCacheInit
0000fef8   _GBL_freq
00004380   _GBL_getVersion
0000fef0   _GBL_procId
0000aae8   _GBL_setPLLto225MHz
000108c8   _HST_A_TABBEG
00010904   _HST_A_TABEND
00004108   _HWI_CFGDISPATCHED
00010084   _HWI_D_inhwi
00010078   _HWI_D_spsave
00001320   _HWI_F_dispatch
0000000a   _HWI_INT10
0000000b   _HWI_INT11
0000000c   _HWI_INT12
0000000d   _HWI_INT13
0000000e   _HWI_INT14
0000000f   _HWI_INT15
00000004   _HWI_INT4
00000005   _HWI_INT5
00000006   _HWI_INT6
00000007   _HWI_INT7
00000008   _HWI_INT8
00000009   _HWI_INT9
00000001   _HWI_NMI
00000002   _HWI_RESERVED0
00000003   _HWI_RESERVED1
00000000   _HWI_RESET
00008418   _HWI_STKBOTTOM
00004420   _HWI_STKTOP
00010078   _HWI_data
00004020   _HWI_disable
0000fd50   _HWI_dispatchTab
00004038   _HWI_enable
0000404c   _HWI_restore
00010864   _IDL_busyObj
0000ebc8   _IDL_cpuLoad
000043a0   _IDL_loop
ffffffff   _IRAM
0000a400   _IRQ_map
00010010   _KNL_alarm
00003440   _KNL_check
00010034   _KNL_curqueue
00010024   _KNL_curtask
0001002c   _KNL_curtime
0000e8dc   _KNL_dummy
000036b4   _KNL_enter
00003660   _KNL_exit
00003518   _KNL_idle
0001004c   _KNL_idlefxn
00010018   _KNL_inactive
000039e0   _KNL_ipost
0000353c   _KNL_max
00010038   _KNL_maxqueue
00003aa0   _KNL_post
00010028   _KNL_prevtask
0001001c   _KNL_priority
0000e83c   _KNL_queues
00001b20   _KNL_run
00002c20   _KNL_saveIsrFrame
00010020   _KNL_set
00010014   _KNL_setpri
00010740   _KNL_swi
00010030   _KNL_swiptr
00002cec   _KNL_switch
00010040   _KNL_tcreatefxn
00010044   _KNL_tdeletefxn
000025a0   _KNL_tick
00010048   _KNL_treadyfxn
0001003c   _KNL_tswitchfxn
00010008   _KNL_wFlag
0001000c   _KNL_wList
00003b90   _LCK_pend
00003b60   _LCK_post
00010988   _LED_Toggle
00010634   _LED_toggle
0000ebcc   _LNK_dataPump
00010094   _LNK_dspFrameReadyMask
00010090   _LNK_dspFrameRequestMask
0001009c   _LNK_readDone
000100a0   _LNK_readFail
00010098   _LNK_readPend
000100a4   _LNK_writeFail
00010904   _LOG_A_TABBEG
00010934   _LOG_A_TABEND
00000002   _LOG_A_TABLEN
0000fe5c   _LOG_D_system
00003ea0   _LOG_event
00010904   _LOG_system
0000b240   _MCBSP_open
0000a920   _MCBSP_reset
0000b340   _MCBSP_start
000100e0   _MEM
0000fefc   _MEM_D_NUMSEGMENTS
0000ff04   _MEM_D_freelist
0000ff08   _MEM_D_lockaddr
0000ff00   _MEM_D_memtab
0000ff0c   _MEM_D_unlockaddr
0000eec0   _MEM_init
00010050   _MEM_memtab
0000f0e0   _OBJ_init
0000e9a8   _OBJ_segtab
0000e970   _OBJ_table
00010500   _PIP_A_TABBEG
000105c8   _PIP_A_TABEND
0000fe9c   _PRD_D_tick
0000ebd8   _PRD_clock
0001076c   _PRD_swi
00010798   _Ping_SWI
000107c4   _Pong_SWI
0000ebd0   _RTA_dispatcher
000108cc   _RTA_fromHost
000108e8   _RTA_toHost
0000f100   _RTDX_Buffer
0000f50c   _RTDX_Buffer_End
0000e400   _RTDX_Buffer_Initialize
0000e540   _RTDX_Buffer_Read
0000e460   _RTDX_Buffer_ReadCB
0000e4c0   _RTDX_Buffer_Size
0000f508   _RTDX_Buffer_Start
0000e560   _RTDX_Buffer_Write
0000db20   _RTDX_Buffer_WriteCB
0000e500   _RTDX_Final_RT_Monitor
0000e380   _RTDX_Init_RT_Monitor
00000002   _RTDX_JTAGONLY
0000e5a0   _RTDX_Mask_IER
0000e160   _RTDX_Mon_Queue
0000d720   _RTDX_Poll
00000000   _RTDX_interrupt_mask
0000f51c   _RTDX_writing
0001005c   _SDRAM
80000000   _SDRAM_base
00008000   _SDRAM_length
00010940   _SEM_LEDToggle
000040e0   _SEM_pend
00004080   _SEM_pendBinary
000020a0   _SEM_pendEnterKnl
00003820   _SEM_post
00003820   _SEM_postBinary
00003740   _SEM_postEnterKnl
000107f0   _STS_A_TABBEG
00010870   _STS_A_TABEND
00003f58   _STS_add
00003f20   _STS_delta
00003f84   _STS_reset
000043c0   _STS_set
0000ff34   _SWI_D_curfxn
0000ff24   _SWI_D_curmask
0000ff28   _SWI_D_curset
0000ff20   _SWI_D_execaddr
0000ff3c   _SWI_D_inswi
0000ff2c   _SWI_D_lock
0000ff38   _SWI_D_rdybeg
0000ff1c   _SWI_D_runaddr
00008e6c   _SWI_LEDToggle
0000ff1c   _SWI_data
00000e50   _SWI_post
0000ff10   _SYS
000100e4   _SYS_PUTCBEG
000102e3   _SYS_PUTCEND
00004140   _SYS_abort
00003c20   _SYS_exit
0000eb70   _SYS_exitStack
000100cc   _SYS_exitStackPtr
000100d0   _SYS_exitStackTop
0000aee0   _TIMER_open
0000b020   _TIMER_reset
000102f8   _TRC_R_mask
000100c0   _TSK
0000e914   _TSK_ATTRS
0000e930   _TSK_config
00002fa0   _TSK_exit
000105d4   _TSK_idle
0000f060   _TSK_init
000100b8   _TSK_nTasks
000100bc   _TSK_pid
00002a20   _TSK_setup
00003380   _TSK_startup
0000e950   _TSK_timerSem
000042e0   _UTL_doAbort
000043e0   _UTL_doError
000041a0   _UTL_doPutc
00004400   _UTL_halt
00002f70   __CLK_lat1beg
00002f9c   __CLK_lat1end
0000a000   __CSL_init
00000c34   __GBL_setL2CacheMode
0000ff18   __HOOK_NUMHOOKS
0000ff14   __HOOK_knlId
00001320   __HWI_lat1beg
000014a0   __HWI_lat1end
000014a0   __HWI_lat2beg
00001640   __HWI_lat2end1
000015cc   __HWI_lat2end2
00001660   __HWI_lat3beg
00001760   __HWI_lat3end1
000015fc   __HWI_lat3end2
00003e20   __IDL_lat1beg
00003e70   __IDL_lat1end
0000e834   __IRQ_dispatchTable
0000e770   __IRQ_eventTable
0000ba00   __IRQ_hookFetchPacket
0000b6c0   __IRQ_init
0000e7f4   __IRQ_intTable
00003490   __KNL_lat1beg
00003518   __KNL_lat1end
00003ea0   __LOG_lat1beg
0000eae8   __MCBSP_hDev0
0000eaec   __MCBSP_hDev1
0000ea40   __MEM_mutex
00001e98   __RTA_lat1beg
00001ed0   __RTA_lat1end
00002800   __SEM_dopost
00008420   __STACK_END
00004000   __STACK_SIZE
00000f8c   __SWI_lat1beg
00001040   __SWI_lat1end
00001044   __SWI_lat2beg
000010b4   __SWI_lat2end
00000de0   __SWI_lat3beg
00000e4c   __SWI_lat3end
0000eb4c   __TIMER_deviceTable
0000eb6c   __TIMER_hBios
0000eb64   __TIMER_hDev0
0000eb68   __TIMER_hDev1
0000ea18   __TSK_mutex
0000ebb4   ___TI_enable_exit_profile_output
ffffffff   ___TI_pprof_out_hndl
ffffffff   ___TI_prof_data_size
ffffffff   ___TI_prof_data_start
0000b940   ___add_dtor
0000e5c0   ___atexit_func_id__
ffffffff   ___binit__
0000fd50   ___bss__
ffffffff   ___c_args__
0000ba20   ___cinit__
00000000   ___data__
00000000   ___edata__
000100e4   ___end__
0000ba20   ___etext__
0000d714   ___pinit__
00008420   ___text__
00003140   __auto_init
0000ebac   __cleanup_ptr
0000ebb0   __dtors_ptr
0000ebb8   __lock
0000b9a0   __nop
0000b9c0   __register_lock
0000b9e0   __register_unlock
00004420   __stack
0000b440   __strasg
0000ebbc   __unlock
0000b520   _atexit
0000efa0   _c_int00
0000ac40   _call_dtors
0000ea88   _configEDMARcv
0000eaa0   _configEDMAXmt
000085b8   _config_EDMA
00008c24   _config_interrupts
00009828   _convertShortBufferToComplexFloatAndInsulateFirstChannel
0000ea68   _datainterface_config
0000ebc0   _dtors
00009720   _generateSpectrumOnes
0000ffdc   _hEdmaRcv
0000ffe4   _hEdmaReloadRcvPing
0000ffec   _hEdmaReloadRcvPong
0000ffe8   _hEdmaReloadXmtPing
0000fff0   _hEdmaReloadXmtPong
0000ffe0   _hEdmaXmt
0000fff4   _hMcbsp
0003a800   _impuleResponseFilter
00039800   _impuleResponseSpecFilter
00008c80   _main
00009dc0   _memcpy
0001091c   _myLOG
ffffffff   _myMEM
00009480   _processFastFolding
00008478   _process_ping_SWI
00008470   _process_pong_SWI
000100b0   _rtdxNullChanCnt
000100b4   _rtdxNullFuncCnt
0000f510   _rtdx_buffer_state
0000f530   _rtdx_mon_state
000098a0   _set_aic23_register
0000e9d8   _tccAllocTable
0000ffcc   _tccRcvPing
0000ffd0   _tccRcvPong
0000ffd4   _tccXmtPing
0000ffd8   _tccXmtPong
00008420   _tsk_led_toggle
00039000   _twiddleFac
0000ffc8   _twiddleFacC
0000aac0   _wait500nS
ffffffff   binit
0000ba20   cinit
00000000   edata
000100e4   end
0000ba20   etext
00000000   hwi0
00000020   hwi1
00000140   hwi10
00000160   hwi11
00000180   hwi12
000001a0   hwi13
000001c0   hwi14
000001e0   hwi15
00000040   hwi2
00000060   hwi3
00000080   hwi4
000000a0   hwi5
000000c0   hwi6
000000e0   hwi7
00000100   hwi8
00000120   hwi9
0001091c   myLOG
80008000   myLOG$buf
00000001   myLOG$datatype
00000000   myLOG$log
00000020   myLOG$size
ffffffff   myMEM
0000d714   pinit


GLOBAL SYMBOLS: SORTED BY Symbol Address 

address    name
--------   ----
00000000   .data
00000000   BUF$
00000000   CLK_COUNTSPMSHIGH
00000000   CLK_PRDHIGH
00000000   CLK_TDDR
00000000   CLK_TDDRHIGH
00000000   CLK_TIMERNUM
00000000   DEV$
00000000   DGN$
00000000   DHL$
00000000   DHL_gChannelsAvailable
00000000   DIO$
00000000   DIO_NUMSWIBASE
00000000   DIO_NUMTSKBASE
00000000   DIO_STATIC
00000000   DPI$
00000000   GBL_BIGENDIAN
00000000   GBL_C641XL2PRIORITY
00000000   GBL_CACHE
00000000   GBL_L2CONFIGALLOC
00000000   GBL_L2MARMASK1
00000000   GBL_L2MARMASK2
00000000   GBL_L2MARMASK3
00000000   GBL_L2MARMASK4
00000000   GBL_L2MARMASK5
00000000   GBL_L2MODE
00000000   GBL_L2PRIORITY
00000000   GBL_NULL
00000000   GBL_PROCID
00000000   GBL_ROM
00000000   GBL_SUPPORTCSL
00000000   GIO$
00000000   HOOK$
00000000   HOOK_KNLID
00000000   HST_DSM
00000000   HST_NONE
00000000   HWI_A_VECS
00000000   HWI_GENERATE_RESET_VEC
00000000   HWI_INT10$hwi
00000000   HWI_INT11$hwi
00000000   HWI_INT12$hwi
00000000   HWI_INT13$hwi
00000000   HWI_INT14$hwi
00000000   HWI_INT15$hwi
00000000   HWI_INT4$hwi
00000000   HWI_INT5$hwi
00000000   HWI_INT6$hwi
00000000   HWI_INT7$hwi
00000000   HWI_INT8$hwi
00000000   HWI_INT9$hwi
00000000   HWI_NMI$hwi
00000000   HWI_POLARITYMASK
00000000   HWI_RESERVED0$hwi
00000000   HWI_RESERVED1$hwi
00000000   HWI_RESET
00000000   HWI_RESET$hwi
00000000   IDL_busyObj$iB
00000000   IDL_busyObj$operation
00000000   KNL_swi$ord
00000000   KNL_swi$pri
00000000   KNL_swi$sts$unittype
00000000   KNL_swi$swi
00000000   LED_Toggle$mode
00000000   LED_Toggle$prd
00000000   LED_Toggle$sts$filter
00000000   LED_toggle$sts$unittype
00000000   LED_toggle$tsk
00000000   LOG_system$datatype
00000000   LOG_system$log
00000000   MBX$
00000000   MEM_NULL
00000000   MEM_USEMPC
00000000   MSGQ$
00000000   MSGQ_USEMSGQ
00000000   OBJ$
00000000   PIP$
00000000   PIP_gNextId
00000000   POOL$
00000000   POOL_USEPOOL
00000000   PRD_swi$ord
00000000   PRD_swi$sts$unittype
00000000   PRD_swi$swi
00000000   Ping_SWI$sts$unittype
00000000   Ping_SWI$swi
00000000   Pong_SWI$sts$unittype
00000000   Pong_SWI$swi
00000000   RTA_fromHost$hst
00000000   RTA_fromHost$mode
00000000   RTA_toHost$hst
00000000   RTA_toHost$id
00000000   RTDX_MODE
00000000   RTDX_USERTEXECUTION
00000000   SIO$
00000000   SWI_EHOOKFXN
00000000   SWI_IHOOKFXN
00000000   TSK_NUM_HOOKS
00000000   TSK_READYFXN
00000000   TSK_STACKSEG
00000000   TSK_SWITCHFXN
00000000   TSK_idle$pri
00000000   TSK_idle$sts$unittype
00000000   TSK_idle$tsk
00000000   UDEV$
00000000   _CLK_TDDR
00000000   _CLK_TIMERNUM
00000000   _GBL_CACHE
00000000   _HWI_RESET
00000000   _RTDX_interrupt_mask
00000000   ___data__
00000000   ___edata__
00000000   edata
00000000   hwi0
00000000   myLOG$log
00000001   BUF_ENABLED
00000001   CLK$
00000001   CLK_CALDIV
00000001   CLK_HTIMEDIV
00000001   CLK_LTIMEDIV
00000001   CLK_USETIMER
00000001   GBL$
00000001   GBL_CALLCSLCFGINIT
00000001   GBL_ENABLEINST
00000001   GBL_L2CONFIGURE
00000001   GBL_L2MARMASK
00000001   GBL_USERINIT
00000001   GBL_boot
00000001   HST$
00000001   HST_RTDX
00000001   HWI$
00000001   HWI_NMI
00000001   HWI_ZEROTAB
00000001   IDL$
00000001   IDL_USECLKIDLTIME
00000001   IDL_busyObj$filter
00000001   IDL_busyObj$iA
00000001   IDL_busyObj$iC
00000001   ISRC$
00000001   KNL_swi$dorta
00000001   KNL_swi$sts$filtmaxmult
00000001   KNL_swi$sts$filtsummult
00000001   LCK$
00000001   LED_toggle$pri
00000001   LED_toggle$sts$filtmaxmult
00000001   LED_toggle$sts$filtsummult
00000001   LOG$
00000001   LOG_ENABLED
00000001   MEM$
00000001   MEM_gNumHeap
00000001   PRD$
00000001   PRD_A_TABLEN
00000001   PRD_swi$dorta
00000001   PRD_swi$pri
00000001   PRD_swi$sts$filtmaxmult
00000001   PRD_swi$sts$filtsummult
00000001   Ping_SWI$dorta
00000001   Ping_SWI$ord
00000001   Ping_SWI$sts$filtmaxmult
00000001   Ping_SWI$sts$filtsummult
00000001   Pong_SWI$dorta
00000001   Pong_SWI$sts$filtmaxmult
00000001   Pong_SWI$sts$filtsummult
00000001   QUE$
00000001   RTA_fromHost$id
00000001   RTA_toHost$mode
00000001   RTDX$
00000001   RTDX_NORMALIZED_HDR
00000001   RTDX_USERTDX
00000001   SEM$
00000001   STS$
00000001   SWI$
00000001   SYS$
00000001   TSK$
00000001   TSK_PRIORITY
00000001   TSK_idle$ord
00000001   TSK_idle$sts$filtmaxmult
00000001   TSK_idle$sts$filtsummult
00000001   _CLK_USETIMER
00000001   _HWI_NMI
00000001   myLOG$datatype
00000002   HWI_RESERVED0
00000002   IDL_busyObj$unittype
00000002   KNL_swi$sts$filter
00000002   LED_Toggle$sts$unittype
00000002   LED_toggle$sts$filter
00000002   LOG_A_TABLEN
00000002   PIP_A_TABLEN
00000002   PIP_gNumEmbed
00000002   PRD_swi$sts$filter
00000002   Ping_SWI$pri
00000002   Ping_SWI$sts$filter
00000002   Pong_SWI$ord
00000002   Pong_SWI$pri
00000002   Pong_SWI$sts$filter
00000002   TSK_idle$sts$filter
00000002   _HWI_RESERVED0
00000002   _LOG_A_TABLEN
00000002   _RTDX_JTAGONLY
00000003   HWI_RESERVED1
00000003   LED_toggle$ord
00000003   _HWI_RESERVED1
00000004   CLK_CALMULT
00000004   CLK_HTIMEMULT
00000004   HWI_INT4
00000004   RTA_fromHost$framesize
00000004   SWI_A_TABLEN
00000004   _HWI_INT4
00000005   HWI_INT5
00000005   LED_Toggle$ord
00000005   _HWI_INT5
00000006   HWI_INT6
00000006   IDL_CALIBRERROR
00000006   _HWI_INT6
00000007   HWI_INT7
00000007   _HWI_INT7
00000008   HWI_INT8
00000008   PRD_SCALAR
00000008   _HWI_INT8
00000009   HWI_INT9
00000009   _HWI_INT9
0000000a   HWI_INT10
0000000a   _HWI_INT10
0000000b   HWI_INT11
0000000b   _HWI_INT11
0000000c   HWI_INT12
0000000c   _HWI_INT12
0000000d   HWI_INT13
0000000d   _HWI_INT13
0000000e   HWI_INT14
0000000e   _HWI_INT14
0000000f   HWI_INT15
0000000f   _HWI_INT15
00000020   CLK_TCR
00000020   hwi1
00000020   myLOG$size
0000003e   GBL_DSPTYPE
00000040   HST_MAXFRAMESET
00000040   LOG_system$size
00000040   RTA_toHost$framesize
00000040   hwi2
00000042   GBL_FOOTPRINT
00000060   hwi3
00000064   PIP_OBJSIZE
00000080   hwi4
000000a0   hwi5
000000c0   hwi6
000000e0   hwi7
000000ff   HST_MAXFRAMEALLOWED
00000100   hwi8
00000120   hwi9
00000140   hwi10
00000160   hwi11
00000180   hwi12
000001a0   hwi13
000001c0   hwi14
000001e0   hwi15
00000200   LNK_F_checkBufferCall
00000220   LNK_F_getChanPtr
00000278   LNK_F_init
00000280   LNK_F_dataPump
00000294   LNK_rcloop
00000360   LNK_rdrtry
00000370   LNK_rrloop
000003e8   CLK_MICROSECS
000003e8   LED_Toggle$period
00000400   HST_DSMMEMSIZE
00000400   TSK_STACKSIZE
00000408   RTDX_BUFMEMSIZE
00000434   LNK_wrrtry
00000444   LNK_wrloop
00000520   LNK_newin
00000660   LNK_newout
000007c4   LNK_F_readCallBack
00000c34   __GBL_setL2CacheMode
00000de0   SWI_F_enable
00000de0   __SWI_lat3beg
00000e4c   __SWI_lat3end
00000e50   SWI_F_post
00000e50   _SWI_post
00000f8c   __SWI_lat1beg
00000ffc   SWI_EXECFXN
00000ffc   SWI_F_exec
00001028   SWI_F_iexec
00001040   __SWI_lat1end
00001044   __SWI_lat2beg
000010b4   __SWI_lat2end
000010b8   SWI_F_run
000010b8   SWI_RUNFXN
00001320   CLK_HOOKFXN
00001320   HWI_F_dispatch
00001320   _HWI_F_dispatch
00001320   __HWI_lat1beg
000014a0   __HWI_lat1end
000014a0   __HWI_lat2beg
000015cc   __HWI_lat2end2
000015fc   __HWI_lat3end2
00001640   __HWI_lat2end1
00001660   __HWI_lat3beg
00001760   __HWI_lat3end1
00001770   GBL_CLKTYPE
00001780   PRD_F_swi
00001a39   GBL_DSPSUBTYPE
00001a40   PRD_F_tick
00001b20   _KNL_run
00001de0   RTA_F_getlog
00001e24   RTA_F_getsts
00001e6c   RTA_F_readblk
00001e8c   RTA_F_writeword
00001e98   RTA_F_resetmem
00001e98   __RTA_lat1beg
00001ed0   __RTA_lat1end
00001ed8   RTA_F_dispatch
00001f28   RTA_execute
000020a0   _SEM_pendEnterKnl
00002226   GBL_L2ALLOC
000025a0   PRD_THOOKFXN
000025a0   _KNL_tick
000025c0   PIP_F_take
00002654   PIP_F_give
00002654   PIP_F_probe
00002728   PIP_F_start
00002800   __SEM_dopost
00002a20   _TSK_setup
00002c20   _KNL_saveIsrFrame
00002cec   _KNL_switch
00002da0   KNL_glue
00002de0   CLK_F_getltime
00002df4   CLK_F_isr
00002f54   CLK_F_itime
00002f54   _CLK_F_itime
00002f54   _CLK_itime
00002f70   __CLK_lat1beg
00002f9c   __CLK_lat1end
00002fa0   _TSK_exit
00003140   __auto_init
00003380   _TSK_startup
00003440   _KNL_check
00003490   __KNL_lat1beg
00003518   _KNL_idle
00003518   __KNL_lat1end
0000353c   _KNL_max
00003580   _GBL_cslCacheInit
00003660   _KNL_exit
000036b4   _KNL_enter
00003740   _SEM_postEnterKnl
00003820   _SEM_post
00003820   _SEM_postBinary
00003900   _CLK_measure
000039e0   _KNL_ipost
00003aa0   _KNL_post
00003b60   _LCK_post
00003b90   _LCK_pend
00003c20   _SYS_exit
00003ce0   CLK_F_getfhtime
00003d00   CLK_F_gethtime
00003d00   CLK_F_getshtime
00003d00   CLK_TIMEFXN
00003da0   FXN_F_nop
00003da8   FXN_F_run
00003da8   _FXN_F_run
00003df8   FXN_F_zero
00003df8   _FXN_F_zero
00003e20   IDL_F_busy
00003e20   __IDL_lat1beg
00003e70   __IDL_lat1end
00003ea0   LOG_F_event
00003ea0   _LOG_event
00003ea0   __LOG_lat1beg
00003f20   STS_F_delta
00003f20   _STS_delta
00003f58   STS_F_add
00003f58   _STS_add
00003f84   STS_F_reset
00003f84   _STS_reset
00003fa0   IDL_F_calibrate
00004000   CLK_INTBIT
00004000   __STACK_SIZE
00004020   _HWI_disable
00004038   _HWI_enable
0000404c   _HWI_restore
00004080   _SEM_pendBinary
000040e0   _SEM_pend
00004108   HWI_CFGDISPATCHED
00004108   _HWI_CFGDISPATCHED
00004140   _SYS_abort
000041a0   SYS_PUTCFXN
000041a0   _UTL_doPutc
00004200   _CLK_start
00004260   IDL_CALIBRFXN
00004260   IDL_F_stub
000042a0   RTA_F_andn
000042c0   RTA_F_or
000042e0   SYS_ABORTFXN
000042e0   _UTL_doAbort
00004320   _CLK_stop
00004360   GIO_CREATEFXN
00004360   GIO_DELETEFXN
00004360   GIO_PENDFXN
00004360   GIO_POSTFXN
00004360   TSK_VCREATEFXN
00004360   TSK_VDELETEFXN
00004360   TSK_VEXITFXN
00004360   _FXN_F_nop
00004380   _GBL_getVersion
000043a0   IDL_F_loop
000043a0   _IDL_loop
000043c0   _STS_set
000043e0   SYS_ERRORFXN
000043e0   _UTL_doError
00004400   SYS_EXITFXN
00004400   _UTL_halt
00004420   GBL_stackbeg
00004420   _HWI_STKTOP
00004420   __stack
00004e20   GBL_CLKIN
00005205   GBL_A_VERSION
00008000   SDRAM$L
00008000   _SDRAM_length
00008418   _HWI_STKBOTTOM
0000841f   GBL_stackend
00008420   .text
00008420   __STACK_END
00008420   ___text__
00008420   _tsk_led_toggle
00008470   _process_pong_SWI
00008478   _process_ping_SWI
000085b8   _config_EDMA
00008c24   _config_interrupts
00008c80   _main
00008e6c   _SWI_LEDToggle
00008e7c   _EDMA_interrupt_service
0000904c   _DSK6713_init
00009368   _DSK6713_rget
0000937c   _DSK6713_rset
00009390   _DSK6713_wait
000093e8   _DSK6713_waitusec
00009414   _DSK6713_getVersion
00009480   _processFastFolding
00009720   _generateSpectrumOnes
00009828   _convertShortBufferToComplexFloatAndInsulateFirstChannel
000098a0   _set_aic23_register
00009950   _Config_DSK6713_AIC23
00009b40   _EDMA_open
00009dc0   _memcpy
0000a000   __CSL_init
0000a220   _DSK6713_LED_init
0000a260   _DSK6713_LED_off
0000a2d0   _DSK6713_LED_on
0000a340   _DSK6713_LED_toggle
0000a400   _IRQ_map
0000a780   _EDMA_allocTable
0000a920   _MCBSP_reset
0000aac0   _wait500nS
0000aae8   GBL_USERINITFXN
0000aae8   _GBL_setPLLto225MHz
0000ac40   _call_dtors
0000ada0   _EDMA_reset
0000aee0   _TIMER_open
0000b020   _TIMER_reset
0000b140   _EDMA_intAlloc
0000b240   _MCBSP_open
0000b340   _MCBSP_start
0000b440   __strasg
0000b520   _atexit
0000b6c0   __IRQ_init
0000b800   _DSK6713_DIP_init
0000b808   _DSK6713_DIP_get
0000b880   _EDMA_disableChannel
0000b8e0   _EDMA_enableChannel
0000b940   ___add_dtor
0000b980   _CSL6713_LIB_
0000b9a0   __nop
0000b9c0   __register_lock
0000b9e0   __register_unlock
0000ba00   __IRQ_hookFetchPacket
0000ba20   ___cinit__
0000ba20   ___etext__
0000ba20   cinit
0000ba20   etext
0000d704   RTA_fromHost$buf
0000d714   ___pinit__
0000d714   pinit
0000d720   _RTDX_Poll
0000db20   _RTDX_Buffer_WriteCB
0000dbba   CLK_COUNTSPMS
0000dbba   CLK_HTIMEPERLTIME
0000dbba   CLK_PRD
0000dbba   _CLK_COUNTSPMS
0000dbba   _CLK_PRD
0000dbef   GBL_TRCMASKVALUE
0000e160   _RTDX_Mon_Queue
0000e380   _RTDX_Init_RT_Monitor
0000e400   _RTDX_Buffer_Initialize
0000e460   _RTDX_Buffer_ReadCB
0000e4c0   _RTDX_Buffer_Size
0000e500   _RTDX_Final_RT_Monitor
0000e540   _RTDX_Buffer_Read
0000e560   _RTDX_Buffer_Write
0000e5a0   _RTDX_Mask_IER
0000e5c0   ___atexit_func_id__
0000e770   __IRQ_eventTable
0000e7f4   __IRQ_intTable
0000e834   __IRQ_dispatchTable
0000e83c   _KNL_queues
0000e8dc   _KNL_dummy
0000e914   _TSK_ATTRS
0000e930   _TSK_config
0000e950   _TSK_timerSem
0000e970   _OBJ_table
0000e9a8   _OBJ_segtab
0000e9d8   _tccAllocTable
0000ea18   __TSK_mutex
0000ea40   __MEM_mutex
0000ea68   _datainterface_config
0000ea88   _configEDMARcv
0000eaa0   _configEDMAXmt
0000eae8   __MCBSP_hDev0
0000eaec   __MCBSP_hDev1
0000eb4c   __TIMER_deviceTable
0000eb64   __TIMER_hDev0
0000eb68   __TIMER_hDev1
0000eb6c   __TIMER_hBios
0000eb70   _SYS_exitStack
0000ebac   __cleanup_ptr
0000ebb0   __dtors_ptr
0000ebb4   ___TI_enable_exit_profile_output
0000ebb8   __lock
0000ebbc   __unlock
0000ebc0   _dtors
0000ebc4   _DSK6713_version
0000ebc8   IDL_A_TABBEG
0000ebc8   IDL_cpuLoad
0000ebc8   _IDL_cpuLoad
0000ebcc   LNK_dataPump
0000ebcc   _LNK_dataPump
0000ebd0   RTA_dispatcher
0000ebd0   _RTA_dispatcher
0000ebd4   IDL_END
0000ebd8   CLK_A_TABBEG
0000ebd8   PRD_clock
0000ebd8   _PRD_clock
0000ebdc   CLK_null
0000ebe0   BIOS_init
0000ebe0   _BIOS_init
0000ed5c   BIOS$$CLKON
0000ed9c   BIOS$$CLKOFF
0000ee04   BIOS_start
0000ee04   _BIOS_start
0000eec0   _MEM_init
0000efa0   _c_int00
0000f060   _TSK_init
0000f0e0   _OBJ_init
0000f100   _RTDX_Buffer
0000f508   _RTDX_Buffer_Start
0000f50c   _RTDX_Buffer_End
0000f510   _rtdx_buffer_state
0000f51c   _RTDX_writing
0000f530   _rtdx_mon_state
0000f550   LED_toggle$stack
0000f8e8   LED_toggle$stkptr
0000f950   TSK_idle$stack
0000fce8   TSK_idle$stkptr
0000fd50   $bss
0000fd50   .bss
0000fd50   _HWI_dispatchTab
0000fd50   ___bss__
0000fe50   IDL_D_tabbeg
0000fe54   IDL_D_calibrate
0000fe58   IDL_D_calbeg
0000fe5c   LOG_D_system
0000fe5c   _LOG_D_system
0000fe60   PIP_D_tabbeg
0000fe64   PIP_D_tablen
0000fe68   CLK_R_time
0000fe6c   CLK_D_timefxn
0000fe70   CLK_D_tabbeg
0000fe74   CLK_D_isrhook
0000fe78   CLK_D_idletime
0000fe7c   _CLK_htimeDiv
0000fe80   _CLK_htimeMult
0000fe84   _CLK_ltimeDiv
0000fe88   _CLK_ltimeMult
0000fe8c   _CLK_D_dirty
0000fe90   _CLK_D_prd
0000fe94   _CLK_D_tddr
0000fe98   _CLK_D_countspms
0000fe9c   PRD_D_tick
0000fe9c   _PRD_D_tick
0000fea0   PRD_D_cur
0000fea4   PRD_D_elapsed
0000fea8   PRD_D_prevtim
0000feac   PRD_D_scalar
0000feb0   PRD_D_swihandle
0000feb4   PRD_D_tabbeg
0000feb8   PRD_D_tablen
0000febc   PRD_D_thook
0000fec0   RTA_D_fromHost
0000fec4   RTA_D_toHost
0000fec8   RTA_D_logval
0000fed8   RTA_D_stsval
0000fee4   HST_D_chanmask
0000fee8   HST_D_tabbeg
0000feec   HST_D_tabend
0000fef0   _GBL_procId
0000fef4   _GBL_clkIn
0000fef8   _GBL_freq
0000fefc   _MEM_D_NUMSEGMENTS
0000ff00   _MEM_D_memtab
0000ff04   _MEM_D_freelist
0000ff08   _MEM_D_lockaddr
0000ff0c   _MEM_D_unlockaddr
0000ff10   _SYS
0000ff14   __HOOK_knlId
0000ff18   __HOOK_NUMHOOKS
0000ff1c   SWI_D_runaddr
0000ff1c   _SWI_D_runaddr
0000ff1c   _SWI_data
0000ff20   SWI_D_execaddr
0000ff20   _SWI_D_execaddr
0000ff24   SWI_D_curmask
0000ff24   _SWI_D_curmask
0000ff28   SWI_D_curset
0000ff28   _SWI_D_curset
0000ff2c   SWI_D_lock
0000ff2c   _SWI_D_lock
0000ff30   SWI_D_curmbox
0000ff34   SWI_D_curfxn
0000ff34   _SWI_D_curfxn
0000ff38   SWI_D_rdybeg
0000ff38   _SWI_D_rdybeg
0000ff3c   SWI_D_inswi
0000ff3c   _SWI_D_inswi
0000ff40   SWI_D_rdytab
0000ffb8   _BufferInPingC
0000ffbc   _BufferInPongC
0000ffc0   _BufferOutPingC
0000ffc4   _BufferOutPongC
0000ffc8   _twiddleFacC
0000ffcc   _tccRcvPing
0000ffd0   _tccRcvPong
0000ffd4   _tccXmtPing
0000ffd8   _tccXmtPong
0000ffdc   _hEdmaRcv
0000ffe0   _hEdmaXmt
0000ffe4   _hEdmaReloadRcvPing
0000ffe8   _hEdmaReloadXmtPing
0000ffec   _hEdmaReloadRcvPong
0000fff0   _hEdmaReloadXmtPong
0000fff4   _hMcbsp
00010008   _KNL_wFlag
0001000c   _KNL_wList
00010010   _KNL_alarm
00010014   _KNL_setpri
00010018   _KNL_inactive
0001001c   _KNL_priority
00010020   _KNL_set
00010024   _KNL_curtask
00010028   _KNL_prevtask
0001002c   _KNL_curtime
00010030   _KNL_swiptr
00010034   _KNL_curqueue
00010038   _KNL_maxqueue
0001003c   _KNL_tswitchfxn
00010040   _KNL_tcreatefxn
00010044   _KNL_tdeletefxn
00010048   _KNL_treadyfxn
0001004c   _KNL_idlefxn
00010050   _MEM_memtab
0001005c   MEM_MALLOCSEG
0001005c   MEM_SEGZERO
0001005c   SDRAM
0001005c   _SDRAM
00010060   RTA_fromHost$pipe$dtab
0001006c   RTA_toHost$pipe$dtab
00010078   HWI_D_spsave
00010078   _HWI_D_spsave
00010078   _HWI_data
00010084   _HWI_D_inhwi
00010088   HWI_D_bss
0001008c   HWI_D_ccmask
00010090   LNK_dspFrameRequestMask
00010090   _LNK_dspFrameRequestMask
00010094   LNK_dspFrameReadyMask
00010094   _LNK_dspFrameReadyMask
00010098   LNK_readPend
00010098   _LNK_readPend
0001009c   LNK_readDone
0001009c   _LNK_readDone
000100a0   LNK_readFail
000100a0   _LNK_readFail
000100a4   LNK_writeFail
000100a4   _LNK_writeFail
000100b0   _rtdxNullChanCnt
000100b4   _rtdxNullFuncCnt
000100b8   _TSK_nTasks
000100bc   _TSK_pid
000100c0   _TSK
000100c4   _CLK_DFLTMICROSECS
000100c8   _CLK_D_microseconds
000100cc   _SYS_exitStackPtr
000100d0   _SYS_exitStackTop
000100d4   _CLK_htimePerLtime
000100dc   IDL_D_busyObj
000100e0   _MEM
000100e4   _SYS_PUTCBEG
000100e4   ___end__
000100e4   end
000102e3   _SYS_PUTCEND
000102e4   IDL_A_CALBEG
000102e4   IDL_cpuLoad$
000102e8   LNK_dataPump$
000102ec   RTA_dispatcher$
000102f0   IDL_END$
000102f4   TRC_cinit
000102f8   TRC_R_mask
000102f8   _TRC_R_mask
000102fc   GBL_initdone
00010300   LOG_system$buf
00010400   RTA_toHost$buf
00010500   PIP_A_TABBEG
00010500   RTA_fromHost$pipe
00010500   _PIP_A_TABBEG
00010504   RTA_fromHost$pipe$rd
00010530   RTA_fromHost$pipe$aaa
00010534   RTA_fromHost$pipe$wr
00010560   RTA_fromHost$pipe$bbb
00010564   RTA_toHost$pipe
00010568   RTA_toHost$pipe$rd
00010594   RTA_toHost$pipe$aaa
00010598   RTA_toHost$pipe$wr
000105c4   RTA_toHost$pipe$bbb
000105c8   PIP_A_TABEND
000105c8   _PIP_A_TABEND
000105d4   TSK_idle
000105d4   _TSK_idle
00010634   LED_toggle
00010634   _LED_toggle
0001073d   LED_Toggle$sts$maxfmt
00010740   KNL_swi
00010740   SWI_A_TABBEG
00010740   _KNL_swi
00010746   LED_Toggle$sts$sumfmt
0001074f   LED_Toggle$sts$avgfmt
0001075a   KNL_swi$sts$maxfmt
00010762   KNL_swi$sts$sumfmt
0001076a   KNL_swi$sts$avgfmt
0001076c   PRD_SWIHANDLE
0001076c   PRD_swi
0001076c   _PRD_swi
00010774   PRD_swi$sts$maxfmt
0001077c   PRD_swi$sts$sumfmt
00010784   PRD_swi$sts$avgfmt
0001078e   Ping_SWI$sts$maxfmt
00010796   Ping_SWI$sts$sumfmt
00010798   Ping_SWI
00010798   _Ping_SWI
0001079e   Ping_SWI$sts$avgfmt
000107a8   Pong_SWI$sts$maxfmt
000107b0   Pong_SWI$sts$sumfmt
000107b8   Pong_SWI$sts$avgfmt
000107c2   TSK_idle$sts$maxfmt
000107c4   Pong_SWI
000107c4   _Pong_SWI
000107ca   TSK_idle$sts$sumfmt
000107d2   TSK_idle$sts$avgfmt
000107dc   LED_toggle$sts$maxfmt
000107e4   LED_toggle$sts$sumfmt
000107ec   LED_toggle$sts$avgfmt
000107f0   LED_Toggle$sts$stsobj
000107f0   STS_A_TABBEG
000107f0   SWI_A_TABEND
000107f0   _STS_A_TABBEG
000107f4   LED_Toggle$sts
000107f6   IDL_busyObj$maxfmt
000107f9   IDL_busyObj$sumfmt
000107fc   IDL_busyObj$avgfmt
00010800   KNL_swi$sts$stsobj
00010804   KNL_swi$sts
00010810   PRD_swi$sts$stsobj
00010814   PRD_swi$sts
00010820   Ping_SWI$sts$stsobj
00010824   Ping_SWI$sts
00010830   Pong_SWI$sts$stsobj
00010834   Pong_SWI$sts
00010840   TSK_idle$sts$stsobj
00010844   TSK_idle$sts
00010850   LED_toggle$sts$stsobj
00010854   LED_toggle$sts
00010860   IDL_busyObj$stsobj
00010864   IDL_busyObj
00010864   _IDL_busyObj
00010870   STS_A_TABEND
00010870   _STS_A_TABEND
000108c8   HST_A_TABBEG
000108c8   _HST_A_TABBEG
000108cc   RTA_fromHost
000108cc   _RTA_fromHost
000108d4   RTA_fromHost$rtdx
000108e8   RTA_toHost
000108e8   _RTA_toHost
000108f0   RTA_toHost$rtdx
00010904   HST_A_TABEND
00010904   LOG_A_TABBEG
00010904   LOG_system
00010904   _HST_A_TABEND
00010904   _LOG_A_TABBEG
00010904   _LOG_system
0001091c   _myLOG
0001091c   myLOG
00010934   LOG_A_TABEND
00010934   _LOG_A_TABEND
00010940   _SEM_LEDToggle
00010988   LED_Toggle
00010988   PRD_A_TABBEG
00010988   _LED_Toggle
000109a4   LED_Toggle$aaa
000109a8   PRD_A_TABEND
000109a8   SYS$config
00036ee8   CLK_LTIMEMULT
00036ee8   GBL_FREQ
00037000   _Buffer_in_ping
00037800   _Buffer_in_pong
00038000   _Buffer_out_ping
00038800   _Buffer_out_pong
00039000   _twiddleFac
00039800   _impuleResponseSpecFilter
0003a800   _impuleResponseFilter
0003b000   _FIRCoef
01940000   CLK_REGS
01940000   _CLK_REGS
082039a3   HWI_INTRMULTHIGH
310718a4   HWI_INTRMULTLOW
80000000   SDRAM$B
80000000   _SDRAM_base
80008000   myLOG$buf
ffffffff   HST_DSMBUFSEG
ffffffff   IRAM
ffffffff   RTDX_DATAMEMSEG
ffffffff   _IRAM
ffffffff   ___TI_pprof_out_hndl
ffffffff   ___TI_prof_data_size
ffffffff   ___TI_prof_data_start
ffffffff   ___binit__
ffffffff   ___c_args__
ffffffff   _myMEM
ffffffff   binit
ffffffff   myMEM
UNDEFED    _DSPF_sp_cfftr2_dit
UNDEFED    _DSPF_sp_icfftr2_dif

[848 symbols]
