******************************************************************************
               TMS320C6x Linker PC v7.4.18                     
******************************************************************************
>> Linked Sat May 05 14:25:32 2018

OUTPUT FILE NAME:   <SSB.out>
ENTRY POINT SYMBOL: "_c_int00"  address: 0000f640


MEMORY CONFIGURATION

         name            origin    length      used     unused   attr    fill
----------------------  --------  ---------  --------  --------  ----  --------
  IRAM                  00000000   00037000  00011065  00025f9b  RWIX
  myMEM                 00037000   00003000  00001120  00001ee0  RWIX
  SDRAM                 80000000   0006e000  00008080  00065f80  RWIX


SECTION ALLOCATION MAP

 output                                  attributes/
section   page    origin      length       input sections
--------  ----  ----------  ----------   ----------------
.data      0    00000000    00000000     UNINITIALIZED

.vers      0    00000000    00000040     COPY SECTION
                  00000000    00000040     BIOS_configcfg.obj (.vers)

.hwi_vec   0    00000000    00000200     
                  00000000    00000200     BIOS_configcfg.obj (.hwi_vec)

.bios      0    00000200    00004220     
                  00000200    00000600     lnkrtdx.a67 : rtdx.o67 (.bios)
                  00000800    000005e0     bios.a67 : gbl_setL2CacheMode.o67 (.bios)
                  00000de0    00000540              : swi.o67 (.bios)
                  00001320    00000460              : hwi_disp_asm.o67 (.bios)
                  00001780    000003a0              : prd.o67 (.bios)
                  00001b20    000002c0              : knl_run.o67 (.bios)
                  00001de0    000002c0              : rta.o67 (.bios)
                  000020a0    000002c0              : sem_pend.o67 (.bios)
                  00002360    00000260              : knl_tick.o67 (.bios)
                  000025c0    00000240              : pip.o67 (.bios)
                  00002800    00000220              : sem_dopo.o67 (.bios)
                  00002a20    00000200              : tsk_setu.o67 (.bios)
                  00002c20    000001c0              : knl_swit.o67 (.bios)
                  00002de0    000001c0     biosC6000.a67 : clk.o67 (.bios)
                  00002fa0    000001a0     bios.a67 : tsk_exit.o67 (.bios)
                  00003140    00000180              : autoinit.o67 (.bios)
                  000032c0    00000180              : tsk_stup.o67 (.bios)
                  00003440    00000140              : knl_chec.o67 (.bios)
                  00003580    000000e0              : gbl_cslcacheinit.o67 (.bios)
                  00003660    000000e0              : knl_exit.o67 (.bios)
                  00003740    000000e0              : sem_post.o67 (.bios)
                  00003820    000000e0              : sem_post_asm.o67 (.bios)
                  00003900    000000e0     biosC6000.a67 : clk_meas.o67 (.bios)
                  000039e0    000000c0     bios.a67 : knl_ipos.o67 (.bios)
                  00003aa0    000000c0              : knl_post.o67 (.bios)
                  00003b60    000000c0              : lck.o67 (.bios)
                  00003c20    000000c0              : sys_exit.o67 (.bios)
                  00003ce0    000000c0     biosC6000.a67 : clk_htime.o67 (.bios)
                  00003da0    00000080     bios.a67 : fxn.o67 (.bios)
                  00003e20    00000080              : idl_busy.o67 (.bios)
                  00003ea0    00000080              : log.o67 (.bios)
                  00003f20    00000080              : sts.o67 (.bios)
                  00003fa0    00000080     biosC6000.a67 : idl_cal.o67 (.bios)
                  00004020    00000060     bios.a67 : hwi_c.o67 (.bios)
                  00004080    00000060              : sem_pend_binary.o67 (.bios)
                  000040e0    00000060              : sem_pend_counting.o67 (.bios)
                  00004140    00000060              : sys_abor.o67 (.bios)
                  000041a0    00000060              : utl_putc.o67 (.bios)
                  00004200    00000060     biosC6000.a67 : clk_start.o67 (.bios)
                  00004260    00000040     bios.a67 : idl_stub.o67 (.bios)
                  000042a0    00000040              : rta_andn.o67 (.bios)
                  000042e0    00000040              : utl_doab.o67 (.bios)
                  00004320    00000040     biosC6000.a67 : clk_stop.o67 (.bios)
                  00004360    00000020     bios.a67 : fxn_c.o67 (.bios)
                  00004380    00000020              : gbl_vers.o67 (.bios)
                  000043a0    00000020              : idl.o67 (.bios)
                  000043c0    00000020              : sts_set.o67 (.bios)
                  000043e0    00000020              : utl_doer.o67 (.bios)
                  00004400    00000020              : utl_halt.o67 (.bios)

.text      0    00004420    000041e0     
                  00004420    00001be0     skeletonmod flo.obj (.text)
                  00006000    00000480     dsk6713bsl.lib : dsk6713.obj (.text)
                  00006480    000002a0     config_AIC23.obj (.text)
                  00006720    00000280     csl6713.lib : csl_edma.obj (.text:_EDMA_open)
                  000069a0    00000240     rts6700.lib : memcpy62.obj (.text:_memcpy)
                  00006be0    00000220     csl6713.lib : csl.obj (.text:__CSL_init)
                  00006e00    000001e0     dsk6713bsl.lib : dsk6713_led.obj (.text)
                  00006fe0    000001c0     csl6713.lib : csl_irq.obj (.text:_IRQ_map)
                  000071a0    000001c0                 : csl_irq.obj (.text:_mux2Tables)
                  00007360    000001a0                 : csl_edma.obj (.text:_EDMA_allocTable)
                  00007500    000001a0                 : csl_mcbsp.obj (.text:_MCBSP_reset)
                  000076a0    00000180     bios.a67 : gbl_cslpllinit62.o67 (.text)
                  00007820    00000160     rts6700.lib : sinit.obj (.text:_call_dtors)
                  00007980    00000140     csl6713.lib : csl_edma.obj (.text:_EDMA_reset)
                  00007ac0    00000140                 : csl_timer.obj (.text:_TIMER_open)
                  00007c00    00000120                 : csl_timer.obj (.text:_TIMER_reset)
                  00007d20    00000100                 : csl_edma.obj (.text:_EDMA_intAlloc)
                  00007e20    00000100                 : csl_mcbsp.obj (.text:_MCBSP_open)
                  00007f20    00000100                 : csl_mcbsp.obj (.text:_MCBSP_start)
                  00008020    000000e0     rts6700.lib : strasg.obj (.text:__strasg)
                  00008100    000000e0                 : atexit.obj (.text:_atexit)
                  000081e0    000000c0     bios.a67 : tsk_stup.o67 (.text)
                  000082a0    000000a0     csl6713.lib : csl_irq.obj (.text:__IRQ_init)
                  00008340    000000a0                 : csl_irq.obj (.text:_setMux)
                  000083e0    00000080     dsk6713bsl.lib : dsk6713_dip.obj (.text)
                  00008460    00000060     csl6713.lib : csl_edma.obj (.text:_EDMA_disableChannel)
                  000084c0    00000060                 : csl_edma.obj (.text:_EDMA_enableChannel)
                  00008520    00000040     rts6700.lib : sinit.obj (.text:___add_dtor)
                  00008560    00000020     csl6713.lib : csl.obj (.text:_CSL6713_LIB_)
                  00008580    00000020     rts6700.lib : _lock.obj (.text:__nop)
                  000085a0    00000020                 : _lock.obj (.text:__register_lock)
                  000085c0    00000020                 : _lock.obj (.text:__register_unlock)
                  000085e0    00000020     csl6713.lib : csl_irq.obj (.text)

.stack     0    00008600    00004000     UNINITIALIZED
                  00008600    00004000     --HOLE--

.cinit     0    0000c600    0000162c     
                  0000c600    00000864     BIOS_configcfg.obj (.cinit)
                  0000ce64    00000004     --HOLE-- [fill = 0]
                  0000ce68    000002cc     skeletonmod flo.obj (.cinit)
                  0000d134    00000004     --HOLE-- [fill = 0]
                  0000d138    0000026c     bios.a67 : biosdata.o67 (.cinit)
                  0000d3a4    00000004     --HOLE-- [fill = 0]
                  0000d3a8    000001a4              : knl.o67 (.cinit)
                  0000d54c    00000004     --HOLE-- [fill = 0]
                  0000d550    0000012c     csl6713.lib : csl_irq.obj (.cinit)
                  0000d67c    00000004     --HOLE-- [fill = 0]
                  0000d680    000000b0     bios.a67 : swi.o67 (.cinit)
                  0000d730    00000080              : tsk.o67 (.cinit)
                  0000d7b0    00000070     csl6713.lib : csl_edma.obj (.cinit)
                  0000d820    00000060     bios.a67 : tsk_stup.o67 (.cinit)
                  0000d880    0000005c     lnkrtdx.a67 : rtdx.o67 (.cinit)
                  0000d8dc    00000004     --HOLE-- [fill = 0]
                  0000d8e0    00000054     csl6713.lib : csl_mcbsp.obj (.cinit)
                  0000d934    00000004     --HOLE-- [fill = 0]
                  0000d938    0000004c     bios.a67 : rta.o67 (.cinit)
                  0000d984    00000004     --HOLE-- [fill = 0]
                  0000d988    0000004c     csl6713.lib : csl_timer.obj (.cinit)
                  0000d9d4    00000004     --HOLE-- [fill = 0]
                  0000d9d8    0000004c     rtdx.lib : buffer1.o62 (.cinit)
                  0000da24    00000004     --HOLE-- [fill = 0]
                  0000da28    00000048     config_AIC23.obj (.cinit)
                  0000da70    0000003c     csl6713.lib : csl.obj (.cinit)
                  0000daac    00000004     --HOLE-- [fill = 0]
                  0000dab0    00000034     bios.a67 : hwi.o67 (.cinit)
                  0000dae4    00000004     --HOLE-- [fill = 0]
                  0000dae8    0000002c              : utl_putc.o67 (.cinit)
                  0000db14    00000004     --HOLE-- [fill = 0]
                  0000db18    0000002c     rts6700.lib : exit.obj (.cinit)
                  0000db44    00000004     --HOLE-- [fill = 0]
                  0000db48    00000024     bios.a67 : obj_init.o67 (.cinit)
                  0000db6c    00000004     --HOLE-- [fill = 0]
                  0000db70    0000001c              : sys.o67 (.cinit)
                  0000db8c    00000004     --HOLE-- [fill = 0]
                  0000db90    0000001c     rts6700.lib : _lock.obj (.cinit)
                  0000dbac    00000004     --HOLE-- [fill = 0]
                  0000dbb0    0000001c                 : atexit.obj (.cinit)
                  0000dbcc    00000004     --HOLE-- [fill = 0]
                  0000dbd0    00000018     bios.a67 : knl_tick.o67 (.cinit)
                  0000dbe8    0000000c              : gbl_setL2CacheMode.o67 (.cinit)
                  0000dbf4    00000004     --HOLE-- [fill = 0]
                  0000dbf8    0000000c              : idl_busy.o67 (.cinit)
                  0000dc04    00000004     --HOLE-- [fill = 0]
                  0000dc08    0000000c              : knl_swit.o67 (.cinit)
                  0000dc14    00000004     --HOLE-- [fill = 0]
                  0000dc18    0000000c     rts6700.lib : sinit.obj (.cinit)
                  0000dc24    00000004     --HOLE-- [fill = 0]
                  0000dc28    00000004     (.pad.cinit) [fill = 0]

.hst1      0    0000dc2c    00000010     UNINITIALIZED
                  0000dc2c    00000010     BIOS_configcfg.obj (.hst1)

.args      0    0000dc3c    00000004     
                  0000dc3c    00000004     --HOLE-- [fill = 0]

.rtdx_text 
*          0    0000dc40    00000ea0     
                  0000dc40    00000400     rtdx.lib : rtdx_mon.o62 (.rtdx_text:_RTDX_Poll)
                  0000e040    00000340              : buffer1.o62 (.rtdx_text:_RTDX_Buffer_WriteCB)
                  0000e380    00000300              : buffer1.o62 (.rtdx_text:_RTDX_write_next)
                  0000e680    00000140              : rtdx_mon.o62 (.rtdx_text:_RTDX_Mon_Queue)
                  0000e7c0    000000e0              : buffer1.o62 (.rtdx_text:_claim)
                  0000e8a0    00000080              : rtdx_mon.o62 (.rtdx_text:_RTDX_Init_RT_Monitor)
                  0000e920    00000060              : buffer1.o62 (.rtdx_text:_RTDX_Buffer_Initialize)
                  0000e980    00000060              : buffer2.o62 (.rtdx_text:_RTDX_Buffer_ReadCB)
                  0000e9e0    00000040              : buffer1.o62 (.rtdx_text:_RTDX_Buffer_Size)
                  0000ea20    00000040              : rtdx_mon.o62 (.rtdx_text:_RTDX_Final_RT_Monitor)
                  0000ea60    00000020              : buffer2.o62 (.rtdx_text:_RTDX_Buffer_Read)
                  0000ea80    00000020              : buffer1.o62 (.rtdx_text:_RTDX_Buffer_Write)
                  0000eaa0    00000020              : rtdx_mon.o62 (.rtdx_text:_RTDX_checksum)
                  0000eac0    00000020              : intr_tgt.o62 (.rtdx_text)

.far       0    0000eae0    000007a0     UNINITIALIZED
                  0000eae0    000001e8     skeletonmod flo.obj (.far)
                  0000ecc8    00000188     rts6700.lib : atexit.obj (.far)
                  0000ee50    000000f4     csl6713.lib : csl_irq.obj (.far)
                  0000ef44    000000d8     bios.a67 : knl.o67 (.far)
                  0000f01c    0000005c              : tsk.o67 (.far)
                  0000f078    00000054              : obj_init.o67 (.far)
                  0000f0cc    00000054     csl6713.lib : csl_edma.obj (.far)
                  0000f120    00000050     bios.a67 : tsk_stup.o67 (.far)
                  0000f170    00000038     csl6713.lib : csl_mcbsp.obj (.far)
                  0000f1a8    00000034     config_AIC23.obj (.far)
                  0000f1dc    00000028     csl6713.lib : csl.obj (.far)
                  0000f204    00000024                 : csl_timer.obj (.far)
                  0000f228    00000020     bios.a67 : sys.o67 (.far)
                  0000f248    00000010              : knl_tick.o67 (.far)
                  0000f258    0000000c              : utl_putc.o67 (.far)
                  0000f264    0000000c     rts6700.lib : exit.obj (.far)
                  0000f270    00000008                 : _lock.obj (.far)
                  0000f278    00000004                 : sinit.obj (.far)
                  0000f27c    00000002     dsk6713bsl.lib : dsk6713.obj (.far)
                  0000f27e    00000002                    : dsk6713_led.obj (.far)

.sysinit   0    0000f280    00000520     
                  0000f280    000002e0     BIOS_configcfg.obj (.sysinit)
                  0000f560    000000e0     bios.a67 : mem_init.o67 (.sysinit)
                  0000f640    000000c0              : boot.o67 (.sysinit)
                  0000f700    00000080              : tsk_init.o67 (.sysinit)
                  0000f780    00000020              : obj_init.o67 (.sysinit)

.rtdx_data 
*          0    0000f7a0    0000044c     UNINITIALIZED
                  0000f7a0    00000410     BIOS_configcfg.obj (.rtdx_data)
                  0000fbb0    00000020     rtdx.lib : buffer1.o62 (.rtdx_data)
                  0000fbd0    0000001c              : rtdx_mon.o62 (.rtdx_data)

.mem       0    0000fbec    00000004     UNINITIALIZED
                  0000fbec    00000004     BIOS_configcfg.obj (.mem)

.LED_toggle$stk 
*          0    0000fbf0    00000400     UNINITIALIZED
                  0000fbf0    00000400     BIOS_configcfg.obj (.LED_toggle$stk)

.TSK_idle$stk 
*          0    0000fff0    00000400     UNINITIALIZED
                  0000fff0    00000400     BIOS_configcfg.obj (.TSK_idle$stk)

.bss       0    000103f0    00000380     UNINITIALIZED
                  000103f0    00000100     bios.a67 : hwi_disp_asm.o67 (.bss)
                  000104f0    000000cc              : biosdata.o67 (.bss)
                  000105bc    0000009c              : swi.o67 (.bss)
                  00010658    00000048              : knl.o67 (.bss)
                  000106a0    0000003c     skeletonmod flo.obj (.bss)
                  000106dc    00000028     BIOS_configcfg.obj (.bss)
                  00010704    00000018     bios.a67 : hwi.o67 (.bss)
                  0001071c    00000018     lnkrtdx.a67 : rtdx.o67 (.bss)
                  00010734    00000010     rtdx.lib : buffer1.o62 (.bss)
                  00010744    0000000c     bios.a67 : tsk.o67 (.bss)
                  00010750    00000008              : clk_data.o67 (.bss)
                  00010758    00000008              : sys.o67 (.bss)
                  00010760    00000004              : clk_data2.o67 (.bss)
                  00010764    00000004              : gbl_setL2CacheMode.o67 (.bss)
                  00010768    00000004              : idl_busy.o67 (.bss)
                  0001076c    00000004              : mem_asm.o67 (.bss)

.trace     0    00010770    00000200     
                  00010770    00000200     --HOLE-- [fill = 00000000]

.sts       0    00010970    00000080     
                  00010970    00000080     BIOS_configcfg.obj (.sts)

.idl       0    000109f0    00000010     UNINITIALIZED
                  000109f0    00000010     BIOS_configcfg.obj (.idl)

.LOG_system$buf 
*          0    00010a00    00000100     UNINITIALIZED
                  00010a00    00000100     BIOS_configcfg.obj (.LOG_system$buf)

.hst0      0    00010b00    00000100     UNINITIALIZED
                  00010b00    00000100     BIOS_configcfg.obj (.hst0)

.pip       0    00010c00    000000c8     UNINITIALIZED
                  00010c00    000000c8     BIOS_configcfg.obj (.pip)

.tsk       0    00010cc8    000000c0     UNINITIALIZED
                  00010cc8    000000c0     BIOS_configcfg.obj (.tsk)

.const     0    00010d88    000000b5     
                  00010d88    0000004e     bios.a67 : tsk_stup.o67 (.const)
                  00010dd6    00000023              : utl_doab.o67 (.const)
                  00010df9    00000022              : utl_doer.o67 (.const)
                  00010e1b    00000001     --HOLE-- [fill = 0]
                  00010e1c    00000020     dsk6713bsl.lib : dsk6713.obj (.const)
                  00010e3c    00000001     bios.a67 : tsk.o67 (.const)

.printf    0    00010e3d    000000c4     COPY SECTION
                  00010e3d    000000c4     BIOS_configcfg.obj (.printf)

.swi       0    00010e40    000000b0     UNINITIALIZED
                  00010e40    000000b0     BIOS_configcfg.obj (.swi)

.gblinit   0    00010ef0    00000058     
                  00010ef0    00000058     BIOS_configcfg.obj (.gblinit)

.hst       0    00010f48    0000003c     UNINITIALIZED
                  00010f48    0000003c     BIOS_configcfg.obj (.hst)

.log       0    00010f84    00000030     
                  00010f84    00000030     BIOS_configcfg.obj (.log)

.sem       0    00010fb4    0000002c     UNINITIALIZED
                  00010fb4    0000002c     BIOS_configcfg.obj (.sem)

.switch    0    00010fe0    00000028     
                  00010fe0    00000028     rtdx.lib : rtdx_mon.o62 (.switch)

.prd       0    00011008    00000020     UNINITIALIZED
                  00011008    00000020     BIOS_configcfg.obj (.prd)

.idlcal    0    00011028    00000010     UNINITIALIZED
                  00011028    00000010     BIOS_configcfg.obj (.idlcal)

.sys       0    00011038    00000010     UNINITIALIZED
                  00011038    00000010     BIOS_configcfg.obj (.sys)

.pinit     0    00011048    0000000c     
                  00011048    00000004     rtdx.lib : buffer1.o62 (.pinit)
                  0001104c    00000004              : rtdx_mon.o62 (.pinit)
                  00011050    00000004     --HOLE-- [fill = 0]

.trcdata   0    00011054    0000000c     
                  00011054    0000000c     bios.a67 : trc.o67 (.trcdata)

.clk       0    00011060    00000008     UNINITIALIZED
                  00011060    00000008     BIOS_configcfg.obj (.clk)

.datenpuffer 
*          0    00037000    00001120     UNINITIALIZED
                  00037000    00001120     skeletonmod flo.obj (.datenpuffer)

.SDRAM$heap 
*          0    80000000    00008000     UNINITIALIZED
                  80000000    00008000     --HOLE--

.myLOG$buf 
*          0    80008000    00000080     UNINITIALIZED
                  80008000    00000080     BIOS_configcfg.obj (.myLOG$buf)


GLOBAL SYMBOLS: SORTED ALPHABETICALLY BY Name 

address    name
--------   ----
000103f0   $bss
000103f0   .bss
00000000   .data
00004420   .text
0000f43c   BIOS$$CLKOFF
0000f3fc   BIOS$$CLKON
0000f280   BIOS_init
0000f4a4   BIOS_start
00000000   BUF$
00000001   BUF_ENABLED
00000001   CLK$
00011060   CLK_A_TABBEG
00000001   CLK_CALDIV
00000004   CLK_CALMULT
0000dbba   CLK_COUNTSPMS
00000000   CLK_COUNTSPMSHIGH
00010518   CLK_D_idletime
00010514   CLK_D_isrhook
00010510   CLK_D_tabbeg
0001050c   CLK_D_timefxn
00003ce0   CLK_F_getfhtime
00003d00   CLK_F_gethtime
00002de0   CLK_F_getltime
00003d00   CLK_F_getshtime
00002df4   CLK_F_isr
00002f54   CLK_F_itime
00001320   CLK_HOOKFXN
00000001   CLK_HTIMEDIV
00000004   CLK_HTIMEMULT
0000dbba   CLK_HTIMEPERLTIME
00004000   CLK_INTBIT
00000001   CLK_LTIMEDIV
00036ee8   CLK_LTIMEMULT
000003e8   CLK_MICROSECS
0000dbba   CLK_PRD
00000000   CLK_PRDHIGH
01940000   CLK_REGS
00010508   CLK_R_time
00000020   CLK_TCR
00000000   CLK_TDDR
00000000   CLK_TDDRHIGH
00003d00   CLK_TIMEFXN
00000000   CLK_TIMERNUM
00000001   CLK_USETIMER
00011064   CLK_null
00000000   DEV$
00000000   DGN$
00000000   DHL$
00000000   DHL_gChannelsAvailable
00000000   DIO$
00000000   DIO_NUMSWIBASE
00000000   DIO_NUMTSKBASE
00000000   DIO_STATIC
00000000   DPI$
00003da0   FXN_F_nop
00003da8   FXN_F_run
00003df8   FXN_F_zero
00000001   GBL$
00005205   GBL_A_VERSION
00000000   GBL_BIGENDIAN
00000000   GBL_C641XL2PRIORITY
00000000   GBL_CACHE
00000001   GBL_CALLCSLCFGINIT
00004e20   GBL_CLKIN
00001770   GBL_CLKTYPE
00001a39   GBL_DSPSUBTYPE
0000003e   GBL_DSPTYPE
00000001   GBL_ENABLEINST
00000042   GBL_FOOTPRINT
00036ee8   GBL_FREQ
00002226   GBL_L2ALLOC
00000000   GBL_L2CONFIGALLOC
00000001   GBL_L2CONFIGURE
00000001   GBL_L2MARMASK
00000000   GBL_L2MARMASK1
00000000   GBL_L2MARMASK2
00000000   GBL_L2MARMASK3
00000000   GBL_L2MARMASK4
00000000   GBL_L2MARMASK5
00000000   GBL_L2MODE
00000000   GBL_L2PRIORITY
00000000   GBL_NULL
00000000   GBL_PROCID
00000000   GBL_ROM
00000000   GBL_SUPPORTCSL
0000dbef   GBL_TRCMASKVALUE
00000001   GBL_USERINIT
000076c8   GBL_USERINITFXN
00000001   GBL_boot
0001105c   GBL_initdone
00008600   GBL_stackbeg
0000c5ff   GBL_stackend
00000000   GIO$
00004360   GIO_CREATEFXN
00004360   GIO_DELETEFXN
00004360   GIO_PENDFXN
00004360   GIO_POSTFXN
00000000   HOOK$
00000000   HOOK_KNLID
00000001   HST$
00010f48   HST_A_TABBEG
00010f84   HST_A_TABEND
00000000   HST_DSM
ffffffff   HST_DSMBUFSEG
00000400   HST_DSMMEMSIZE
00010584   HST_D_chanmask
00010588   HST_D_tabbeg
0001058c   HST_D_tabend
000000ff   HST_MAXFRAMEALLOWED
00000040   HST_MAXFRAMESET
00000000   HST_NONE
00000001   HST_RTDX
00000001   HWI$
00000000   HWI_A_VECS
00004108   HWI_CFGDISPATCHED
00010714   HWI_D_bss
00010718   HWI_D_ccmask
00010704   HWI_D_spsave
00001320   HWI_F_dispatch
00000000   HWI_GENERATE_RESET_VEC
0000000a   HWI_INT10
00000000   HWI_INT10$hwi
0000000b   HWI_INT11
00000000   HWI_INT11$hwi
0000000c   HWI_INT12
00000000   HWI_INT12$hwi
0000000d   HWI_INT13
00000000   HWI_INT13$hwi
0000000e   HWI_INT14
00000000   HWI_INT14$hwi
0000000f   HWI_INT15
00000000   HWI_INT15$hwi
00000004   HWI_INT4
00000000   HWI_INT4$hwi
00000005   HWI_INT5
00000000   HWI_INT5$hwi
00000006   HWI_INT6
00000000   HWI_INT6$hwi
00000007   HWI_INT7
00000000   HWI_INT7$hwi
00000008   HWI_INT8
00000000   HWI_INT8$hwi
00000009   HWI_INT9
00000000   HWI_INT9$hwi
082039a3   HWI_INTRMULTHIGH
310718a4   HWI_INTRMULTLOW
00000001   HWI_NMI
00000000   HWI_NMI$hwi
00000000   HWI_POLARITYMASK
00000002   HWI_RESERVED0
00000000   HWI_RESERVED0$hwi
00000003   HWI_RESERVED1
00000000   HWI_RESERVED1$hwi
00000000   HWI_RESET
00000000   HWI_RESET$hwi
00000001   HWI_ZEROTAB
00000001   IDL$
00011028   IDL_A_CALBEG
000109f0   IDL_A_TABBEG
00000006   IDL_CALIBRERROR
00004260   IDL_CALIBRFXN
00010768   IDL_D_busyObj
000104f8   IDL_D_calbeg
000104f4   IDL_D_calibrate
000104f0   IDL_D_tabbeg
000109fc   IDL_END
00011034   IDL_END$
00003e20   IDL_F_busy
00003fa0   IDL_F_calibrate
000043a0   IDL_F_loop
00004260   IDL_F_stub
00000001   IDL_USECLKIDLTIME
000109e4   IDL_busyObj
00010efc   IDL_busyObj$avgfmt
00000001   IDL_busyObj$filter
00000001   IDL_busyObj$iA
00000000   IDL_busyObj$iB
00000001   IDL_busyObj$iC
00010ef6   IDL_busyObj$maxfmt
00000000   IDL_busyObj$operation
000109e0   IDL_busyObj$stsobj
00010ef9   IDL_busyObj$sumfmt
00000002   IDL_busyObj$unittype
000109f0   IDL_cpuLoad
00011028   IDL_cpuLoad$
ffffffff   IRAM
00000001   ISRC$
00002da0   KNL_glue
00010e40   KNL_swi
00000001   KNL_swi$dorta
00000000   KNL_swi$ord
00000000   KNL_swi$pri
00010984   KNL_swi$sts
00010e6a   KNL_swi$sts$avgfmt
00000002   KNL_swi$sts$filter
00000001   KNL_swi$sts$filtmaxmult
00000001   KNL_swi$sts$filtsummult
00010e5a   KNL_swi$sts$maxfmt
00010980   KNL_swi$sts$stsobj
00010e62   KNL_swi$sts$sumfmt
00000000   KNL_swi$sts$unittype
00000000   KNL_swi$swi
00000001   LCK$
00011008   LED_Toggle
00011024   LED_Toggle$aaa
00000000   LED_Toggle$mode
00000005   LED_Toggle$ord
000003e8   LED_Toggle$period
00000000   LED_Toggle$prd
00010974   LED_Toggle$sts
00010e4f   LED_Toggle$sts$avgfmt
00000000   LED_Toggle$sts$filter
00010e3d   LED_Toggle$sts$maxfmt
00010970   LED_Toggle$sts$stsobj
00010e46   LED_Toggle$sts$sumfmt
00000002   LED_Toggle$sts$unittype
00010d34   LED_toggle
00000003   LED_toggle$ord
00000001   LED_toggle$pri
0000fbf0   LED_toggle$stack
0000ff88   LED_toggle$stkptr
000109d4   LED_toggle$sts
00010eec   LED_toggle$sts$avgfmt
00000002   LED_toggle$sts$filter
00000001   LED_toggle$sts$filtmaxmult
00000001   LED_toggle$sts$filtsummult
00010edc   LED_toggle$sts$maxfmt
000109d0   LED_toggle$sts$stsobj
00010ee4   LED_toggle$sts$sumfmt
00000000   LED_toggle$sts$unittype
00000000   LED_toggle$tsk
00000200   LNK_F_checkBufferCall
00000280   LNK_F_dataPump
00000220   LNK_F_getChanPtr
00000278   LNK_F_init
000007c4   LNK_F_readCallBack
000109f4   LNK_dataPump
0001102c   LNK_dataPump$
00010720   LNK_dspFrameReadyMask
0001071c   LNK_dspFrameRequestMask
00000520   LNK_newin
00000660   LNK_newout
00000294   LNK_rcloop
00000360   LNK_rdrtry
00010728   LNK_readDone
0001072c   LNK_readFail
00010724   LNK_readPend
00000370   LNK_rrloop
00010730   LNK_writeFail
00000444   LNK_wrloop
00000434   LNK_wrrtry
00000001   LOG$
00010f84   LOG_A_TABBEG
00010fb4   LOG_A_TABEND
00000002   LOG_A_TABLEN
000104fc   LOG_D_system
00000001   LOG_ENABLED
00003ea0   LOG_F_event
00010f84   LOG_system
00010a00   LOG_system$buf
00000000   LOG_system$datatype
00000000   LOG_system$log
00000040   LOG_system$size
00000000   MBX$
00000001   MEM$
000106e8   MEM_MALLOCSEG
00000000   MEM_NULL
000106e8   MEM_SEGZERO
00000000   MEM_USEMPC
00000001   MEM_gNumHeap
00000000   MSGQ$
00000000   MSGQ_USEMSGQ
00000000   OBJ$
00000000   PIP$
00010c00   PIP_A_TABBEG
00010cc8   PIP_A_TABEND
00000002   PIP_A_TABLEN
00010500   PIP_D_tabbeg
00010504   PIP_D_tablen
00002654   PIP_F_give
00002654   PIP_F_probe
00002728   PIP_F_start
000025c0   PIP_F_take
00000064   PIP_OBJSIZE
00000000   PIP_gNextId
00000002   PIP_gNumEmbed
00000000   POOL$
00000000   POOL_USEPOOL
00000001   PRD$
00011008   PRD_A_TABBEG
00011028   PRD_A_TABEND
00000001   PRD_A_TABLEN
00010540   PRD_D_cur
00010544   PRD_D_elapsed
00010548   PRD_D_prevtim
0001054c   PRD_D_scalar
00010550   PRD_D_swihandle
00010554   PRD_D_tabbeg
00010558   PRD_D_tablen
0001055c   PRD_D_thook
0001053c   PRD_D_tick
00001780   PRD_F_swi
00001a40   PRD_F_tick
00000008   PRD_SCALAR
00010e6c   PRD_SWIHANDLE
000025a0   PRD_THOOKFXN
00011060   PRD_clock
00010e6c   PRD_swi
00000001   PRD_swi$dorta
00000000   PRD_swi$ord
00000001   PRD_swi$pri
00010994   PRD_swi$sts
00010e84   PRD_swi$sts$avgfmt
00000002   PRD_swi$sts$filter
00000001   PRD_swi$sts$filtmaxmult
00000001   PRD_swi$sts$filtsummult
00010e74   PRD_swi$sts$maxfmt
00010990   PRD_swi$sts$stsobj
00010e7c   PRD_swi$sts$sumfmt
00000000   PRD_swi$sts$unittype
00000000   PRD_swi$swi
00010e98   Ping_SWI
00000001   Ping_SWI$dorta
00000001   Ping_SWI$ord
00000002   Ping_SWI$pri
000109a4   Ping_SWI$sts
00010e9e   Ping_SWI$sts$avgfmt
00000002   Ping_SWI$sts$filter
00000001   Ping_SWI$sts$filtmaxmult
00000001   Ping_SWI$sts$filtsummult
00010e8e   Ping_SWI$sts$maxfmt
000109a0   Ping_SWI$sts$stsobj
00010e96   Ping_SWI$sts$sumfmt
00000000   Ping_SWI$sts$unittype
00000000   Ping_SWI$swi
00010ec4   Pong_SWI
00000001   Pong_SWI$dorta
00000002   Pong_SWI$ord
00000002   Pong_SWI$pri
000109b4   Pong_SWI$sts
00010eb8   Pong_SWI$sts$avgfmt
00000002   Pong_SWI$sts$filter
00000001   Pong_SWI$sts$filtmaxmult
00000001   Pong_SWI$sts$filtsummult
00010ea8   Pong_SWI$sts$maxfmt
000109b0   Pong_SWI$sts$stsobj
00010eb0   Pong_SWI$sts$sumfmt
00000000   Pong_SWI$sts$unittype
00000000   Pong_SWI$swi
00000001   QUE$
00010560   RTA_D_fromHost
00010568   RTA_D_logval
00010578   RTA_D_stsval
00010564   RTA_D_toHost
000042a0   RTA_F_andn
00001ed8   RTA_F_dispatch
00001de0   RTA_F_getlog
00001e24   RTA_F_getsts
000042c0   RTA_F_or
00001e6c   RTA_F_readblk
00001e98   RTA_F_resetmem
00001e8c   RTA_F_writeword
000109f8   RTA_dispatcher
00011030   RTA_dispatcher$
00001f28   RTA_execute
00010f4c   RTA_fromHost
0000dc2c   RTA_fromHost$buf
00000004   RTA_fromHost$framesize
00000000   RTA_fromHost$hst
00000001   RTA_fromHost$id
00000000   RTA_fromHost$mode
00010c00   RTA_fromHost$pipe
00010c30   RTA_fromHost$pipe$aaa
00010c60   RTA_fromHost$pipe$bbb
000106ec   RTA_fromHost$pipe$dtab
00010c04   RTA_fromHost$pipe$rd
00010c34   RTA_fromHost$pipe$wr
00010f54   RTA_fromHost$rtdx
00010f68   RTA_toHost
00010b00   RTA_toHost$buf
00000040   RTA_toHost$framesize
00000000   RTA_toHost$hst
00000000   RTA_toHost$id
00000001   RTA_toHost$mode
00010c64   RTA_toHost$pipe
00010c94   RTA_toHost$pipe$aaa
00010cc4   RTA_toHost$pipe$bbb
000106f8   RTA_toHost$pipe$dtab
00010c68   RTA_toHost$pipe$rd
00010c98   RTA_toHost$pipe$wr
00010f70   RTA_toHost$rtdx
00000001   RTDX$
00000408   RTDX_BUFMEMSIZE
ffffffff   RTDX_DATAMEMSEG
00000000   RTDX_MODE
00000001   RTDX_NORMALIZED_HDR
00000001   RTDX_USERTDX
00000000   RTDX_USERTEXECUTION
000106e8   SDRAM
80000000   SDRAM$B
00008000   SDRAM$L
00000001   SEM$
00000000   SIO$
00000001   STS$
00010970   STS_A_TABBEG
000109f0   STS_A_TABEND
00003f58   STS_F_add
00003f20   STS_F_delta
00003f84   STS_F_reset
00000001   SWI$
00010e40   SWI_A_TABBEG
00010ef0   SWI_A_TABEND
00000004   SWI_A_TABLEN
000105d4   SWI_D_curfxn
000105c4   SWI_D_curmask
000105d0   SWI_D_curmbox
000105c8   SWI_D_curset
000105c0   SWI_D_execaddr
000105dc   SWI_D_inswi
000105cc   SWI_D_lock
000105d8   SWI_D_rdybeg
000105e0   SWI_D_rdytab
000105bc   SWI_D_runaddr
00000000   SWI_EHOOKFXN
00000ffc   SWI_EXECFXN
00000de0   SWI_F_enable
00000ffc   SWI_F_exec
00001028   SWI_F_iexec
00000e50   SWI_F_post
000010b8   SWI_F_run
00000000   SWI_IHOOKFXN
000010b8   SWI_RUNFXN
00000001   SYS$
00011038   SYS$config
000042e0   SYS_ABORTFXN
000043e0   SYS_ERRORFXN
00004400   SYS_EXITFXN
000041a0   SYS_PUTCFXN
00011058   TRC_R_mask
00011054   TRC_cinit
00000001   TSK$
00000000   TSK_NUM_HOOKS
00000001   TSK_PRIORITY
00000000   TSK_READYFXN
00000000   TSK_STACKSEG
00000400   TSK_STACKSIZE
00000000   TSK_SWITCHFXN
00004360   TSK_VCREATEFXN
00004360   TSK_VDELETEFXN
00004360   TSK_VEXITFXN
00010cd4   TSK_idle
00000001   TSK_idle$ord
00000000   TSK_idle$pri
0000fff0   TSK_idle$stack
00010388   TSK_idle$stkptr
000109c4   TSK_idle$sts
00010ed2   TSK_idle$sts$avgfmt
00000002   TSK_idle$sts$filter
00000001   TSK_idle$sts$filtmaxmult
00000001   TSK_idle$sts$filtsummult
00010ec2   TSK_idle$sts$maxfmt
000109c0   TSK_idle$sts$stsobj
00010eca   TSK_idle$sts$sumfmt
00000000   TSK_idle$sts$unittype
00000000   TSK_idle$tsk
00000000   UDEV$
0000f280   _BIOS_init
0000f4a4   _BIOS_start
00037000   _Buffer_in_ping
000373e8   _Buffer_in_pong
000377d0   _Buffer_out_ping
00037bb8   _Buffer_out_pong
0000dbba   _CLK_COUNTSPMS
00010750   _CLK_DFLTMICROSECS
00010538   _CLK_D_countspms
0001052c   _CLK_D_dirty
00010754   _CLK_D_microseconds
00010530   _CLK_D_prd
00010534   _CLK_D_tddr
00002f54   _CLK_F_itime
0000dbba   _CLK_PRD
01940000   _CLK_REGS
00000000   _CLK_TDDR
00000000   _CLK_TIMERNUM
00000001   _CLK_USETIMER
0001051c   _CLK_htimeDiv
00010520   _CLK_htimeMult
00010760   _CLK_htimePerLtime
00002f54   _CLK_itime
00010524   _CLK_ltimeDiv
00010528   _CLK_ltimeMult
00003900   _CLK_measure
00004200   _CLK_start
00004320   _CLK_stop
00008560   _CSL6713_LIB_
00006530   _Config_DSK6713_AIC23
000083e8   _DSK6713_DIP_get
000083e0   _DSK6713_DIP_init
00006e00   _DSK6713_LED_init
00006e40   _DSK6713_LED_off
00006eb0   _DSK6713_LED_on
00006f20   _DSK6713_LED_toggle
00006414   _DSK6713_getVersion
0000604c   _DSK6713_init
00006368   _DSK6713_rget
0000637c   _DSK6713_rset
0000f27c   _DSK6713_version
00006390   _DSK6713_wait
000063e8   _DSK6713_waitusec
00007360   _EDMA_allocTable
00008460   _EDMA_disableChannel
000084c0   _EDMA_enableChannel
00007d20   _EDMA_intAlloc
00005e7c   _EDMA_interrupt_service
00006720   _EDMA_open
00007980   _EDMA_reset
000380a0   _FIRCoef
00004360   _FXN_F_nop
00003da8   _FXN_F_run
00003df8   _FXN_F_zero
00000000   _GBL_CACHE
00010594   _GBL_clkIn
00003580   _GBL_cslCacheInit
00010598   _GBL_freq
00004380   _GBL_getVersion
00010590   _GBL_procId
000076c8   _GBL_setPLLto225MHz
00010f48   _HST_A_TABBEG
00010f84   _HST_A_TABEND
00004108   _HWI_CFGDISPATCHED
00010710   _HWI_D_inhwi
00010704   _HWI_D_spsave
00001320   _HWI_F_dispatch
0000000a   _HWI_INT10
0000000b   _HWI_INT11
0000000c   _HWI_INT12
0000000d   _HWI_INT13
0000000e   _HWI_INT14
0000000f   _HWI_INT15
00000004   _HWI_INT4
00000005   _HWI_INT5
00000006   _HWI_INT6
00000007   _HWI_INT7
00000008   _HWI_INT8
00000009   _HWI_INT9
00000001   _HWI_NMI
00000002   _HWI_RESERVED0
00000003   _HWI_RESERVED1
00000000   _HWI_RESET
0000c5f8   _HWI_STKBOTTOM
00008600   _HWI_STKTOP
00010704   _HWI_data
00004020   _HWI_disable
000103f0   _HWI_dispatchTab
00004038   _HWI_enable
0000404c   _HWI_restore
000109e4   _IDL_busyObj
000109f0   _IDL_cpuLoad
000043a0   _IDL_loop
ffffffff   _IRAM
00006fe0   _IRQ_map
00010660   _KNL_alarm
00003440   _KNL_check
00010684   _KNL_curqueue
00010674   _KNL_curtask
0001067c   _KNL_curtime
0000efe4   _KNL_dummy
000036b4   _KNL_enter
00003660   _KNL_exit
00003518   _KNL_idle
0001069c   _KNL_idlefxn
00010668   _KNL_inactive
000039e0   _KNL_ipost
0000353c   _KNL_max
00010688   _KNL_maxqueue
00003aa0   _KNL_post
00010678   _KNL_prevtask
0001066c   _KNL_priority
0000ef44   _KNL_queues
00001b20   _KNL_run
00002c20   _KNL_saveIsrFrame
00010670   _KNL_set
00010664   _KNL_setpri
00010e40   _KNL_swi
00010680   _KNL_swiptr
00002cec   _KNL_switch
00010690   _KNL_tcreatefxn
00010694   _KNL_tdeletefxn
000025a0   _KNL_tick
00010698   _KNL_treadyfxn
0001068c   _KNL_tswitchfxn
00010658   _KNL_wFlag
0001065c   _KNL_wList
00003b90   _LCK_pend
00003b60   _LCK_post
00011008   _LED_Toggle
00010d34   _LED_toggle
000109f4   _LNK_dataPump
00010720   _LNK_dspFrameReadyMask
0001071c   _LNK_dspFrameRequestMask
00010728   _LNK_readDone
0001072c   _LNK_readFail
00010724   _LNK_readPend
00010730   _LNK_writeFail
00010f84   _LOG_A_TABBEG
00010fb4   _LOG_A_TABEND
00000002   _LOG_A_TABLEN
000104fc   _LOG_D_system
00003ea0   _LOG_event
00010f84   _LOG_system
00007e20   _MCBSP_open
00007500   _MCBSP_reset
00007f20   _MCBSP_start
0001076c   _MEM
0001059c   _MEM_D_NUMSEGMENTS
000105a4   _MEM_D_freelist
000105a8   _MEM_D_lockaddr
000105a0   _MEM_D_memtab
000105ac   _MEM_D_unlockaddr
0000f560   _MEM_init
000106dc   _MEM_memtab
0000f780   _OBJ_init
0000f0b0   _OBJ_segtab
0000f078   _OBJ_table
00010c00   _PIP_A_TABBEG
00010cc8   _PIP_A_TABEND
0001053c   _PRD_D_tick
00011060   _PRD_clock
00010e6c   _PRD_swi
00010e98   _Ping_SWI
00010ec4   _Pong_SWI
000109f8   _RTA_dispatcher
00010f4c   _RTA_fromHost
00010f68   _RTA_toHost
0000f7a0   _RTDX_Buffer
0000fbac   _RTDX_Buffer_End
0000e920   _RTDX_Buffer_Initialize
0000ea60   _RTDX_Buffer_Read
0000e980   _RTDX_Buffer_ReadCB
0000e9e0   _RTDX_Buffer_Size
0000fba8   _RTDX_Buffer_Start
0000ea80   _RTDX_Buffer_Write
0000e040   _RTDX_Buffer_WriteCB
0000ea20   _RTDX_Final_RT_Monitor
0000e8a0   _RTDX_Init_RT_Monitor
00000002   _RTDX_JTAGONLY
0000eac0   _RTDX_Mask_IER
0000e680   _RTDX_Mon_Queue
0000dc40   _RTDX_Poll
00000000   _RTDX_interrupt_mask
0000fbbc   _RTDX_writing
000106e8   _SDRAM
80000000   _SDRAM_base
00008000   _SDRAM_length
00010fc0   _SEM_LEDToggle
000040e0   _SEM_pend
00004080   _SEM_pendBinary
000020a0   _SEM_pendEnterKnl
00003820   _SEM_post
00003820   _SEM_postBinary
00003740   _SEM_postEnterKnl
00010970   _STS_A_TABBEG
000109f0   _STS_A_TABEND
00003f58   _STS_add
00003f20   _STS_delta
00003f84   _STS_reset
000043c0   _STS_set
000105d4   _SWI_D_curfxn
000105c4   _SWI_D_curmask
000105c8   _SWI_D_curset
000105c0   _SWI_D_execaddr
000105dc   _SWI_D_inswi
000105cc   _SWI_D_lock
000105d8   _SWI_D_rdybeg
000105bc   _SWI_D_runaddr
00005e6c   _SWI_LEDToggle
000105bc   _SWI_data
00000e50   _SWI_post
000105b0   _SYS
00010770   _SYS_PUTCBEG
0001096f   _SYS_PUTCEND
00004140   _SYS_abort
00003c20   _SYS_exit
0000f228   _SYS_exitStack
00010758   _SYS_exitStackPtr
0001075c   _SYS_exitStackTop
00007ac0   _TIMER_open
00007c00   _TIMER_reset
00011058   _TRC_R_mask
0001074c   _TSK
0000f01c   _TSK_ATTRS
0000f038   _TSK_config
00002fa0   _TSK_exit
00010cd4   _TSK_idle
0000f700   _TSK_init
00010744   _TSK_nTasks
00010748   _TSK_pid
00002a20   _TSK_setup
00003380   _TSK_startup
0000f058   _TSK_timerSem
000042e0   _UTL_doAbort
000043e0   _UTL_doError
000041a0   _UTL_doPutc
00004400   _UTL_halt
00002f70   __CLK_lat1beg
00002f9c   __CLK_lat1end
00006be0   __CSL_init
00000c34   __GBL_setL2CacheMode
000105b8   __HOOK_NUMHOOKS
000105b4   __HOOK_knlId
00001320   __HWI_lat1beg
000014a0   __HWI_lat1end
000014a0   __HWI_lat2beg
00001640   __HWI_lat2end1
000015cc   __HWI_lat2end2
00001660   __HWI_lat3beg
00001760   __HWI_lat3end1
000015fc   __HWI_lat3end2
00003e20   __IDL_lat1beg
00003e70   __IDL_lat1end
0000ef3c   __IRQ_dispatchTable
0000ee78   __IRQ_eventTable
000085e0   __IRQ_hookFetchPacket
000082a0   __IRQ_init
0000eefc   __IRQ_intTable
00003490   __KNL_lat1beg
00003518   __KNL_lat1end
00003ea0   __LOG_lat1beg
0000f1a0   __MCBSP_hDev0
0000f1a4   __MCBSP_hDev1
0000f148   __MEM_mutex
00001e98   __RTA_lat1beg
00001ed0   __RTA_lat1end
00002800   __SEM_dopost
0000c600   __STACK_END
00004000   __STACK_SIZE
00000f8c   __SWI_lat1beg
00001040   __SWI_lat1end
00001044   __SWI_lat2beg
000010b4   __SWI_lat2end
00000de0   __SWI_lat3beg
00000e4c   __SWI_lat3end
0000f204   __TIMER_deviceTable
0000f224   __TIMER_hBios
0000f21c   __TIMER_hDev0
0000f220   __TIMER_hDev1
0000f120   __TSK_mutex
0000f26c   ___TI_enable_exit_profile_output
ffffffff   ___TI_pprof_out_hndl
ffffffff   ___TI_prof_data_size
ffffffff   ___TI_prof_data_start
00008520   ___add_dtor
0000ecc8   ___atexit_func_id__
ffffffff   ___binit__
000103f0   ___bss__
ffffffff   ___c_args__
0000c600   ___cinit__
00000000   ___data__
00000000   ___edata__
00010770   ___end__
00008600   ___etext__
00011048   ___pinit__
00004420   ___text__
00003140   __auto_init
0000f264   __cleanup_ptr
0000f268   __dtors_ptr
0000f270   __lock
00008580   __nop
000085a0   __register_lock
000085c0   __register_unlock
00008600   __stack
00008020   __strasg
0000f274   __unlock
00008100   _atexit
0000f640   _c_int00
00007820   _call_dtors
00037fa0   _carryBuffer
0000ec98   _configEDMARcv
0000ecb0   _configEDMAXmt
000050b8   _config_EDMA
00005c20   _config_interrupts
0000ec78   _datainterface_config
0000f278   _dtors
0000eae0   _fir4khz
000106b0   _hEdmaRcv
000106b8   _hEdmaReloadRcvPing
000106c0   _hEdmaReloadRcvPong
000106bc   _hEdmaReloadXmtPing
000106c4   _hEdmaReloadXmtPong
000106b4   _hEdmaXmt
000106c8   _hMcbsp
00005c7c   _main
000069a0   _memcpy
00010f9c   _myLOG
ffffffff   _myMEM
00004a00   _process_ping_SWI
00004470   _process_pong_SWI
0001073c   _rtdxNullChanCnt
00010740   _rtdxNullFuncCnt
0000fbb0   _rtdx_buffer_state
0000fbd0   _rtdx_mon_state
00006480   _set_aic23_register
0000f0e0   _tccAllocTable
000106a0   _tccRcvPing
000106a4   _tccRcvPong
000106a8   _tccXmtPing
000106ac   _tccXmtPong
00004420   _tsk_led_toggle
000076a0   _wait500nS
ffffffff   binit
0000c600   cinit
00000000   edata
00010770   end
00008600   etext
00000000   hwi0
00000020   hwi1
00000140   hwi10
00000160   hwi11
00000180   hwi12
000001a0   hwi13
000001c0   hwi14
000001e0   hwi15
00000040   hwi2
00000060   hwi3
00000080   hwi4
000000a0   hwi5
000000c0   hwi6
000000e0   hwi7
00000100   hwi8
00000120   hwi9
00010f9c   myLOG
80008000   myLOG$buf
00000001   myLOG$datatype
00000000   myLOG$log
00000020   myLOG$size
ffffffff   myMEM
00011048   pinit


GLOBAL SYMBOLS: SORTED BY Symbol Address 

address    name
--------   ----
00000000   .data
00000000   BUF$
00000000   CLK_COUNTSPMSHIGH
00000000   CLK_PRDHIGH
00000000   CLK_TDDR
00000000   CLK_TDDRHIGH
00000000   CLK_TIMERNUM
00000000   DEV$
00000000   DGN$
00000000   DHL$
00000000   DHL_gChannelsAvailable
00000000   DIO$
00000000   DIO_NUMSWIBASE
00000000   DIO_NUMTSKBASE
00000000   DIO_STATIC
00000000   DPI$
00000000   GBL_BIGENDIAN
00000000   GBL_C641XL2PRIORITY
00000000   GBL_CACHE
00000000   GBL_L2CONFIGALLOC
00000000   GBL_L2MARMASK1
00000000   GBL_L2MARMASK2
00000000   GBL_L2MARMASK3
00000000   GBL_L2MARMASK4
00000000   GBL_L2MARMASK5
00000000   GBL_L2MODE
00000000   GBL_L2PRIORITY
00000000   GBL_NULL
00000000   GBL_PROCID
00000000   GBL_ROM
00000000   GBL_SUPPORTCSL
00000000   GIO$
00000000   HOOK$
00000000   HOOK_KNLID
00000000   HST_DSM
00000000   HST_NONE
00000000   HWI_A_VECS
00000000   HWI_GENERATE_RESET_VEC
00000000   HWI_INT10$hwi
00000000   HWI_INT11$hwi
00000000   HWI_INT12$hwi
00000000   HWI_INT13$hwi
00000000   HWI_INT14$hwi
00000000   HWI_INT15$hwi
00000000   HWI_INT4$hwi
00000000   HWI_INT5$hwi
00000000   HWI_INT6$hwi
00000000   HWI_INT7$hwi
00000000   HWI_INT8$hwi
00000000   HWI_INT9$hwi
00000000   HWI_NMI$hwi
00000000   HWI_POLARITYMASK
00000000   HWI_RESERVED0$hwi
00000000   HWI_RESERVED1$hwi
00000000   HWI_RESET
00000000   HWI_RESET$hwi
00000000   IDL_busyObj$iB
00000000   IDL_busyObj$operation
00000000   KNL_swi$ord
00000000   KNL_swi$pri
00000000   KNL_swi$sts$unittype
00000000   KNL_swi$swi
00000000   LED_Toggle$mode
00000000   LED_Toggle$prd
00000000   LED_Toggle$sts$filter
00000000   LED_toggle$sts$unittype
00000000   LED_toggle$tsk
00000000   LOG_system$datatype
00000000   LOG_system$log
00000000   MBX$
00000000   MEM_NULL
00000000   MEM_USEMPC
00000000   MSGQ$
00000000   MSGQ_USEMSGQ
00000000   OBJ$
00000000   PIP$
00000000   PIP_gNextId
00000000   POOL$
00000000   POOL_USEPOOL
00000000   PRD_swi$ord
00000000   PRD_swi$sts$unittype
00000000   PRD_swi$swi
00000000   Ping_SWI$sts$unittype
00000000   Ping_SWI$swi
00000000   Pong_SWI$sts$unittype
00000000   Pong_SWI$swi
00000000   RTA_fromHost$hst
00000000   RTA_fromHost$mode
00000000   RTA_toHost$hst
00000000   RTA_toHost$id
00000000   RTDX_MODE
00000000   RTDX_USERTEXECUTION
00000000   SIO$
00000000   SWI_EHOOKFXN
00000000   SWI_IHOOKFXN
00000000   TSK_NUM_HOOKS
00000000   TSK_READYFXN
00000000   TSK_STACKSEG
00000000   TSK_SWITCHFXN
00000000   TSK_idle$pri
00000000   TSK_idle$sts$unittype
00000000   TSK_idle$tsk
00000000   UDEV$
00000000   _CLK_TDDR
00000000   _CLK_TIMERNUM
00000000   _GBL_CACHE
00000000   _HWI_RESET
00000000   _RTDX_interrupt_mask
00000000   ___data__
00000000   ___edata__
00000000   edata
00000000   hwi0
00000000   myLOG$log
00000001   BUF_ENABLED
00000001   CLK$
00000001   CLK_CALDIV
00000001   CLK_HTIMEDIV
00000001   CLK_LTIMEDIV
00000001   CLK_USETIMER
00000001   GBL$
00000001   GBL_CALLCSLCFGINIT
00000001   GBL_ENABLEINST
00000001   GBL_L2CONFIGURE
00000001   GBL_L2MARMASK
00000001   GBL_USERINIT
00000001   GBL_boot
00000001   HST$
00000001   HST_RTDX
00000001   HWI$
00000001   HWI_NMI
00000001   HWI_ZEROTAB
00000001   IDL$
00000001   IDL_USECLKIDLTIME
00000001   IDL_busyObj$filter
00000001   IDL_busyObj$iA
00000001   IDL_busyObj$iC
00000001   ISRC$
00000001   KNL_swi$dorta
00000001   KNL_swi$sts$filtmaxmult
00000001   KNL_swi$sts$filtsummult
00000001   LCK$
00000001   LED_toggle$pri
00000001   LED_toggle$sts$filtmaxmult
00000001   LED_toggle$sts$filtsummult
00000001   LOG$
00000001   LOG_ENABLED
00000001   MEM$
00000001   MEM_gNumHeap
00000001   PRD$
00000001   PRD_A_TABLEN
00000001   PRD_swi$dorta
00000001   PRD_swi$pri
00000001   PRD_swi$sts$filtmaxmult
00000001   PRD_swi$sts$filtsummult
00000001   Ping_SWI$dorta
00000001   Ping_SWI$ord
00000001   Ping_SWI$sts$filtmaxmult
00000001   Ping_SWI$sts$filtsummult
00000001   Pong_SWI$dorta
00000001   Pong_SWI$sts$filtmaxmult
00000001   Pong_SWI$sts$filtsummult
00000001   QUE$
00000001   RTA_fromHost$id
00000001   RTA_toHost$mode
00000001   RTDX$
00000001   RTDX_NORMALIZED_HDR
00000001   RTDX_USERTDX
00000001   SEM$
00000001   STS$
00000001   SWI$
00000001   SYS$
00000001   TSK$
00000001   TSK_PRIORITY
00000001   TSK_idle$ord
00000001   TSK_idle$sts$filtmaxmult
00000001   TSK_idle$sts$filtsummult
00000001   _CLK_USETIMER
00000001   _HWI_NMI
00000001   myLOG$datatype
00000002   HWI_RESERVED0
00000002   IDL_busyObj$unittype
00000002   KNL_swi$sts$filter
00000002   LED_Toggle$sts$unittype
00000002   LED_toggle$sts$filter
00000002   LOG_A_TABLEN
00000002   PIP_A_TABLEN
00000002   PIP_gNumEmbed
00000002   PRD_swi$sts$filter
00000002   Ping_SWI$pri
00000002   Ping_SWI$sts$filter
00000002   Pong_SWI$ord
00000002   Pong_SWI$pri
00000002   Pong_SWI$sts$filter
00000002   TSK_idle$sts$filter
00000002   _HWI_RESERVED0
00000002   _LOG_A_TABLEN
00000002   _RTDX_JTAGONLY
00000003   HWI_RESERVED1
00000003   LED_toggle$ord
00000003   _HWI_RESERVED1
00000004   CLK_CALMULT
00000004   CLK_HTIMEMULT
00000004   HWI_INT4
00000004   RTA_fromHost$framesize
00000004   SWI_A_TABLEN
00000004   _HWI_INT4
00000005   HWI_INT5
00000005   LED_Toggle$ord
00000005   _HWI_INT5
00000006   HWI_INT6
00000006   IDL_CALIBRERROR
00000006   _HWI_INT6
00000007   HWI_INT7
00000007   _HWI_INT7
00000008   HWI_INT8
00000008   PRD_SCALAR
00000008   _HWI_INT8
00000009   HWI_INT9
00000009   _HWI_INT9
0000000a   HWI_INT10
0000000a   _HWI_INT10
0000000b   HWI_INT11
0000000b   _HWI_INT11
0000000c   HWI_INT12
0000000c   _HWI_INT12
0000000d   HWI_INT13
0000000d   _HWI_INT13
0000000e   HWI_INT14
0000000e   _HWI_INT14
0000000f   HWI_INT15
0000000f   _HWI_INT15
00000020   CLK_TCR
00000020   hwi1
00000020   myLOG$size
0000003e   GBL_DSPTYPE
00000040   HST_MAXFRAMESET
00000040   LOG_system$size
00000040   RTA_toHost$framesize
00000040   hwi2
00000042   GBL_FOOTPRINT
00000060   hwi3
00000064   PIP_OBJSIZE
00000080   hwi4
000000a0   hwi5
000000c0   hwi6
000000e0   hwi7
000000ff   HST_MAXFRAMEALLOWED
00000100   hwi8
00000120   hwi9
00000140   hwi10
00000160   hwi11
00000180   hwi12
000001a0   hwi13
000001c0   hwi14
000001e0   hwi15
00000200   LNK_F_checkBufferCall
00000220   LNK_F_getChanPtr
00000278   LNK_F_init
00000280   LNK_F_dataPump
00000294   LNK_rcloop
00000360   LNK_rdrtry
00000370   LNK_rrloop
000003e8   CLK_MICROSECS
000003e8   LED_Toggle$period
00000400   HST_DSMMEMSIZE
00000400   TSK_STACKSIZE
00000408   RTDX_BUFMEMSIZE
00000434   LNK_wrrtry
00000444   LNK_wrloop
00000520   LNK_newin
00000660   LNK_newout
000007c4   LNK_F_readCallBack
00000c34   __GBL_setL2CacheMode
00000de0   SWI_F_enable
00000de0   __SWI_lat3beg
00000e4c   __SWI_lat3end
00000e50   SWI_F_post
00000e50   _SWI_post
00000f8c   __SWI_lat1beg
00000ffc   SWI_EXECFXN
00000ffc   SWI_F_exec
00001028   SWI_F_iexec
00001040   __SWI_lat1end
00001044   __SWI_lat2beg
000010b4   __SWI_lat2end
000010b8   SWI_F_run
000010b8   SWI_RUNFXN
00001320   CLK_HOOKFXN
00001320   HWI_F_dispatch
00001320   _HWI_F_dispatch
00001320   __HWI_lat1beg
000014a0   __HWI_lat1end
000014a0   __HWI_lat2beg
000015cc   __HWI_lat2end2
000015fc   __HWI_lat3end2
00001640   __HWI_lat2end1
00001660   __HWI_lat3beg
00001760   __HWI_lat3end1
00001770   GBL_CLKTYPE
00001780   PRD_F_swi
00001a39   GBL_DSPSUBTYPE
00001a40   PRD_F_tick
00001b20   _KNL_run
00001de0   RTA_F_getlog
00001e24   RTA_F_getsts
00001e6c   RTA_F_readblk
00001e8c   RTA_F_writeword
00001e98   RTA_F_resetmem
00001e98   __RTA_lat1beg
00001ed0   __RTA_lat1end
00001ed8   RTA_F_dispatch
00001f28   RTA_execute
000020a0   _SEM_pendEnterKnl
00002226   GBL_L2ALLOC
000025a0   PRD_THOOKFXN
000025a0   _KNL_tick
000025c0   PIP_F_take
00002654   PIP_F_give
00002654   PIP_F_probe
00002728   PIP_F_start
00002800   __SEM_dopost
00002a20   _TSK_setup
00002c20   _KNL_saveIsrFrame
00002cec   _KNL_switch
00002da0   KNL_glue
00002de0   CLK_F_getltime
00002df4   CLK_F_isr
00002f54   CLK_F_itime
00002f54   _CLK_F_itime
00002f54   _CLK_itime
00002f70   __CLK_lat1beg
00002f9c   __CLK_lat1end
00002fa0   _TSK_exit
00003140   __auto_init
00003380   _TSK_startup
00003440   _KNL_check
00003490   __KNL_lat1beg
00003518   _KNL_idle
00003518   __KNL_lat1end
0000353c   _KNL_max
00003580   _GBL_cslCacheInit
00003660   _KNL_exit
000036b4   _KNL_enter
00003740   _SEM_postEnterKnl
00003820   _SEM_post
00003820   _SEM_postBinary
00003900   _CLK_measure
000039e0   _KNL_ipost
00003aa0   _KNL_post
00003b60   _LCK_post
00003b90   _LCK_pend
00003c20   _SYS_exit
00003ce0   CLK_F_getfhtime
00003d00   CLK_F_gethtime
00003d00   CLK_F_getshtime
00003d00   CLK_TIMEFXN
00003da0   FXN_F_nop
00003da8   FXN_F_run
00003da8   _FXN_F_run
00003df8   FXN_F_zero
00003df8   _FXN_F_zero
00003e20   IDL_F_busy
00003e20   __IDL_lat1beg
00003e70   __IDL_lat1end
00003ea0   LOG_F_event
00003ea0   _LOG_event
00003ea0   __LOG_lat1beg
00003f20   STS_F_delta
00003f20   _STS_delta
00003f58   STS_F_add
00003f58   _STS_add
00003f84   STS_F_reset
00003f84   _STS_reset
00003fa0   IDL_F_calibrate
00004000   CLK_INTBIT
00004000   __STACK_SIZE
00004020   _HWI_disable
00004038   _HWI_enable
0000404c   _HWI_restore
00004080   _SEM_pendBinary
000040e0   _SEM_pend
00004108   HWI_CFGDISPATCHED
00004108   _HWI_CFGDISPATCHED
00004140   _SYS_abort
000041a0   SYS_PUTCFXN
000041a0   _UTL_doPutc
00004200   _CLK_start
00004260   IDL_CALIBRFXN
00004260   IDL_F_stub
000042a0   RTA_F_andn
000042c0   RTA_F_or
000042e0   SYS_ABORTFXN
000042e0   _UTL_doAbort
00004320   _CLK_stop
00004360   GIO_CREATEFXN
00004360   GIO_DELETEFXN
00004360   GIO_PENDFXN
00004360   GIO_POSTFXN
00004360   TSK_VCREATEFXN
00004360   TSK_VDELETEFXN
00004360   TSK_VEXITFXN
00004360   _FXN_F_nop
00004380   _GBL_getVersion
000043a0   IDL_F_loop
000043a0   _IDL_loop
000043c0   _STS_set
000043e0   SYS_ERRORFXN
000043e0   _UTL_doError
00004400   SYS_EXITFXN
00004400   _UTL_halt
00004420   .text
00004420   ___text__
00004420   _tsk_led_toggle
00004470   _process_pong_SWI
00004a00   _process_ping_SWI
00004e20   GBL_CLKIN
000050b8   _config_EDMA
00005205   GBL_A_VERSION
00005c20   _config_interrupts
00005c7c   _main
00005e6c   _SWI_LEDToggle
00005e7c   _EDMA_interrupt_service
0000604c   _DSK6713_init
00006368   _DSK6713_rget
0000637c   _DSK6713_rset
00006390   _DSK6713_wait
000063e8   _DSK6713_waitusec
00006414   _DSK6713_getVersion
00006480   _set_aic23_register
00006530   _Config_DSK6713_AIC23
00006720   _EDMA_open
000069a0   _memcpy
00006be0   __CSL_init
00006e00   _DSK6713_LED_init
00006e40   _DSK6713_LED_off
00006eb0   _DSK6713_LED_on
00006f20   _DSK6713_LED_toggle
00006fe0   _IRQ_map
00007360   _EDMA_allocTable
00007500   _MCBSP_reset
000076a0   _wait500nS
000076c8   GBL_USERINITFXN
000076c8   _GBL_setPLLto225MHz
00007820   _call_dtors
00007980   _EDMA_reset
00007ac0   _TIMER_open
00007c00   _TIMER_reset
00007d20   _EDMA_intAlloc
00007e20   _MCBSP_open
00007f20   _MCBSP_start
00008000   SDRAM$L
00008000   _SDRAM_length
00008020   __strasg
00008100   _atexit
000082a0   __IRQ_init
000083e0   _DSK6713_DIP_init
000083e8   _DSK6713_DIP_get
00008460   _EDMA_disableChannel
000084c0   _EDMA_enableChannel
00008520   ___add_dtor
00008560   _CSL6713_LIB_
00008580   __nop
000085a0   __register_lock
000085c0   __register_unlock
000085e0   __IRQ_hookFetchPacket
00008600   GBL_stackbeg
00008600   _HWI_STKTOP
00008600   ___etext__
00008600   __stack
00008600   etext
0000c5f8   _HWI_STKBOTTOM
0000c5ff   GBL_stackend
0000c600   __STACK_END
0000c600   ___cinit__
0000c600   cinit
0000dbba   CLK_COUNTSPMS
0000dbba   CLK_HTIMEPERLTIME
0000dbba   CLK_PRD
0000dbba   _CLK_COUNTSPMS
0000dbba   _CLK_PRD
0000dbef   GBL_TRCMASKVALUE
0000dc2c   RTA_fromHost$buf
0000dc40   _RTDX_Poll
0000e040   _RTDX_Buffer_WriteCB
0000e680   _RTDX_Mon_Queue
0000e8a0   _RTDX_Init_RT_Monitor
0000e920   _RTDX_Buffer_Initialize
0000e980   _RTDX_Buffer_ReadCB
0000e9e0   _RTDX_Buffer_Size
0000ea20   _RTDX_Final_RT_Monitor
0000ea60   _RTDX_Buffer_Read
0000ea80   _RTDX_Buffer_Write
0000eac0   _RTDX_Mask_IER
0000eae0   _fir4khz
0000ec78   _datainterface_config
0000ec98   _configEDMARcv
0000ecb0   _configEDMAXmt
0000ecc8   ___atexit_func_id__
0000ee78   __IRQ_eventTable
0000eefc   __IRQ_intTable
0000ef3c   __IRQ_dispatchTable
0000ef44   _KNL_queues
0000efe4   _KNL_dummy
0000f01c   _TSK_ATTRS
0000f038   _TSK_config
0000f058   _TSK_timerSem
0000f078   _OBJ_table
0000f0b0   _OBJ_segtab
0000f0e0   _tccAllocTable
0000f120   __TSK_mutex
0000f148   __MEM_mutex
0000f1a0   __MCBSP_hDev0
0000f1a4   __MCBSP_hDev1
0000f204   __TIMER_deviceTable
0000f21c   __TIMER_hDev0
0000f220   __TIMER_hDev1
0000f224   __TIMER_hBios
0000f228   _SYS_exitStack
0000f264   __cleanup_ptr
0000f268   __dtors_ptr
0000f26c   ___TI_enable_exit_profile_output
0000f270   __lock
0000f274   __unlock
0000f278   _dtors
0000f27c   _DSK6713_version
0000f280   BIOS_init
0000f280   _BIOS_init
0000f3fc   BIOS$$CLKON
0000f43c   BIOS$$CLKOFF
0000f4a4   BIOS_start
0000f4a4   _BIOS_start
0000f560   _MEM_init
0000f640   _c_int00
0000f700   _TSK_init
0000f780   _OBJ_init
0000f7a0   _RTDX_Buffer
0000fba8   _RTDX_Buffer_Start
0000fbac   _RTDX_Buffer_End
0000fbb0   _rtdx_buffer_state
0000fbbc   _RTDX_writing
0000fbd0   _rtdx_mon_state
0000fbf0   LED_toggle$stack
0000ff88   LED_toggle$stkptr
0000fff0   TSK_idle$stack
00010388   TSK_idle$stkptr
000103f0   $bss
000103f0   .bss
000103f0   _HWI_dispatchTab
000103f0   ___bss__
000104f0   IDL_D_tabbeg
000104f4   IDL_D_calibrate
000104f8   IDL_D_calbeg
000104fc   LOG_D_system
000104fc   _LOG_D_system
00010500   PIP_D_tabbeg
00010504   PIP_D_tablen
00010508   CLK_R_time
0001050c   CLK_D_timefxn
00010510   CLK_D_tabbeg
00010514   CLK_D_isrhook
00010518   CLK_D_idletime
0001051c   _CLK_htimeDiv
00010520   _CLK_htimeMult
00010524   _CLK_ltimeDiv
00010528   _CLK_ltimeMult
0001052c   _CLK_D_dirty
00010530   _CLK_D_prd
00010534   _CLK_D_tddr
00010538   _CLK_D_countspms
0001053c   PRD_D_tick
0001053c   _PRD_D_tick
00010540   PRD_D_cur
00010544   PRD_D_elapsed
00010548   PRD_D_prevtim
0001054c   PRD_D_scalar
00010550   PRD_D_swihandle
00010554   PRD_D_tabbeg
00010558   PRD_D_tablen
0001055c   PRD_D_thook
00010560   RTA_D_fromHost
00010564   RTA_D_toHost
00010568   RTA_D_logval
00010578   RTA_D_stsval
00010584   HST_D_chanmask
00010588   HST_D_tabbeg
0001058c   HST_D_tabend
00010590   _GBL_procId
00010594   _GBL_clkIn
00010598   _GBL_freq
0001059c   _MEM_D_NUMSEGMENTS
000105a0   _MEM_D_memtab
000105a4   _MEM_D_freelist
000105a8   _MEM_D_lockaddr
000105ac   _MEM_D_unlockaddr
000105b0   _SYS
000105b4   __HOOK_knlId
000105b8   __HOOK_NUMHOOKS
000105bc   SWI_D_runaddr
000105bc   _SWI_D_runaddr
000105bc   _SWI_data
000105c0   SWI_D_execaddr
000105c0   _SWI_D_execaddr
000105c4   SWI_D_curmask
000105c4   _SWI_D_curmask
000105c8   SWI_D_curset
000105c8   _SWI_D_curset
000105cc   SWI_D_lock
000105cc   _SWI_D_lock
000105d0   SWI_D_curmbox
000105d4   SWI_D_curfxn
000105d4   _SWI_D_curfxn
000105d8   SWI_D_rdybeg
000105d8   _SWI_D_rdybeg
000105dc   SWI_D_inswi
000105dc   _SWI_D_inswi
000105e0   SWI_D_rdytab
00010658   _KNL_wFlag
0001065c   _KNL_wList
00010660   _KNL_alarm
00010664   _KNL_setpri
00010668   _KNL_inactive
0001066c   _KNL_priority
00010670   _KNL_set
00010674   _KNL_curtask
00010678   _KNL_prevtask
0001067c   _KNL_curtime
00010680   _KNL_swiptr
00010684   _KNL_curqueue
00010688   _KNL_maxqueue
0001068c   _KNL_tswitchfxn
00010690   _KNL_tcreatefxn
00010694   _KNL_tdeletefxn
00010698   _KNL_treadyfxn
0001069c   _KNL_idlefxn
000106a0   _tccRcvPing
000106a4   _tccRcvPong
000106a8   _tccXmtPing
000106ac   _tccXmtPong
000106b0   _hEdmaRcv
000106b4   _hEdmaXmt
000106b8   _hEdmaReloadRcvPing
000106bc   _hEdmaReloadXmtPing
000106c0   _hEdmaReloadRcvPong
000106c4   _hEdmaReloadXmtPong
000106c8   _hMcbsp
000106dc   _MEM_memtab
000106e8   MEM_MALLOCSEG
000106e8   MEM_SEGZERO
000106e8   SDRAM
000106e8   _SDRAM
000106ec   RTA_fromHost$pipe$dtab
000106f8   RTA_toHost$pipe$dtab
00010704   HWI_D_spsave
00010704   _HWI_D_spsave
00010704   _HWI_data
00010710   _HWI_D_inhwi
00010714   HWI_D_bss
00010718   HWI_D_ccmask
0001071c   LNK_dspFrameRequestMask
0001071c   _LNK_dspFrameRequestMask
00010720   LNK_dspFrameReadyMask
00010720   _LNK_dspFrameReadyMask
00010724   LNK_readPend
00010724   _LNK_readPend
00010728   LNK_readDone
00010728   _LNK_readDone
0001072c   LNK_readFail
0001072c   _LNK_readFail
00010730   LNK_writeFail
00010730   _LNK_writeFail
0001073c   _rtdxNullChanCnt
00010740   _rtdxNullFuncCnt
00010744   _TSK_nTasks
00010748   _TSK_pid
0001074c   _TSK
00010750   _CLK_DFLTMICROSECS
00010754   _CLK_D_microseconds
00010758   _SYS_exitStackPtr
0001075c   _SYS_exitStackTop
00010760   _CLK_htimePerLtime
00010768   IDL_D_busyObj
0001076c   _MEM
00010770   _SYS_PUTCBEG
00010770   ___end__
00010770   end
0001096f   _SYS_PUTCEND
00010970   LED_Toggle$sts$stsobj
00010970   STS_A_TABBEG
00010970   _STS_A_TABBEG
00010974   LED_Toggle$sts
00010980   KNL_swi$sts$stsobj
00010984   KNL_swi$sts
00010990   PRD_swi$sts$stsobj
00010994   PRD_swi$sts
000109a0   Ping_SWI$sts$stsobj
000109a4   Ping_SWI$sts
000109b0   Pong_SWI$sts$stsobj
000109b4   Pong_SWI$sts
000109c0   TSK_idle$sts$stsobj
000109c4   TSK_idle$sts
000109d0   LED_toggle$sts$stsobj
000109d4   LED_toggle$sts
000109e0   IDL_busyObj$stsobj
000109e4   IDL_busyObj
000109e4   _IDL_busyObj
000109f0   IDL_A_TABBEG
000109f0   IDL_cpuLoad
000109f0   STS_A_TABEND
000109f0   _IDL_cpuLoad
000109f0   _STS_A_TABEND
000109f4   LNK_dataPump
000109f4   _LNK_dataPump
000109f8   RTA_dispatcher
000109f8   _RTA_dispatcher
000109fc   IDL_END
00010a00   LOG_system$buf
00010b00   RTA_toHost$buf
00010c00   PIP_A_TABBEG
00010c00   RTA_fromHost$pipe
00010c00   _PIP_A_TABBEG
00010c04   RTA_fromHost$pipe$rd
00010c30   RTA_fromHost$pipe$aaa
00010c34   RTA_fromHost$pipe$wr
00010c60   RTA_fromHost$pipe$bbb
00010c64   RTA_toHost$pipe
00010c68   RTA_toHost$pipe$rd
00010c94   RTA_toHost$pipe$aaa
00010c98   RTA_toHost$pipe$wr
00010cc4   RTA_toHost$pipe$bbb
00010cc8   PIP_A_TABEND
00010cc8   _PIP_A_TABEND
00010cd4   TSK_idle
00010cd4   _TSK_idle
00010d34   LED_toggle
00010d34   _LED_toggle
00010e3d   LED_Toggle$sts$maxfmt
00010e40   KNL_swi
00010e40   SWI_A_TABBEG
00010e40   _KNL_swi
00010e46   LED_Toggle$sts$sumfmt
00010e4f   LED_Toggle$sts$avgfmt
00010e5a   KNL_swi$sts$maxfmt
00010e62   KNL_swi$sts$sumfmt
00010e6a   KNL_swi$sts$avgfmt
00010e6c   PRD_SWIHANDLE
00010e6c   PRD_swi
00010e6c   _PRD_swi
00010e74   PRD_swi$sts$maxfmt
00010e7c   PRD_swi$sts$sumfmt
00010e84   PRD_swi$sts$avgfmt
00010e8e   Ping_SWI$sts$maxfmt
00010e96   Ping_SWI$sts$sumfmt
00010e98   Ping_SWI
00010e98   _Ping_SWI
00010e9e   Ping_SWI$sts$avgfmt
00010ea8   Pong_SWI$sts$maxfmt
00010eb0   Pong_SWI$sts$sumfmt
00010eb8   Pong_SWI$sts$avgfmt
00010ec2   TSK_idle$sts$maxfmt
00010ec4   Pong_SWI
00010ec4   _Pong_SWI
00010eca   TSK_idle$sts$sumfmt
00010ed2   TSK_idle$sts$avgfmt
00010edc   LED_toggle$sts$maxfmt
00010ee4   LED_toggle$sts$sumfmt
00010eec   LED_toggle$sts$avgfmt
00010ef0   SWI_A_TABEND
00010ef6   IDL_busyObj$maxfmt
00010ef9   IDL_busyObj$sumfmt
00010efc   IDL_busyObj$avgfmt
00010f48   HST_A_TABBEG
00010f48   _HST_A_TABBEG
00010f4c   RTA_fromHost
00010f4c   _RTA_fromHost
00010f54   RTA_fromHost$rtdx
00010f68   RTA_toHost
00010f68   _RTA_toHost
00010f70   RTA_toHost$rtdx
00010f84   HST_A_TABEND
00010f84   LOG_A_TABBEG
00010f84   LOG_system
00010f84   _HST_A_TABEND
00010f84   _LOG_A_TABBEG
00010f84   _LOG_system
00010f9c   _myLOG
00010f9c   myLOG
00010fb4   LOG_A_TABEND
00010fb4   _LOG_A_TABEND
00010fc0   _SEM_LEDToggle
00011008   LED_Toggle
00011008   PRD_A_TABBEG
00011008   _LED_Toggle
00011024   LED_Toggle$aaa
00011028   IDL_A_CALBEG
00011028   IDL_cpuLoad$
00011028   PRD_A_TABEND
0001102c   LNK_dataPump$
00011030   RTA_dispatcher$
00011034   IDL_END$
00011038   SYS$config
00011048   ___pinit__
00011048   pinit
00011054   TRC_cinit
00011058   TRC_R_mask
00011058   _TRC_R_mask
0001105c   GBL_initdone
00011060   CLK_A_TABBEG
00011060   PRD_clock
00011060   _PRD_clock
00011064   CLK_null
00036ee8   CLK_LTIMEMULT
00036ee8   GBL_FREQ
00037000   _Buffer_in_ping
000373e8   _Buffer_in_pong
000377d0   _Buffer_out_ping
00037bb8   _Buffer_out_pong
00037fa0   _carryBuffer
000380a0   _FIRCoef
01940000   CLK_REGS
01940000   _CLK_REGS
082039a3   HWI_INTRMULTHIGH
310718a4   HWI_INTRMULTLOW
80000000   SDRAM$B
80000000   _SDRAM_base
80008000   myLOG$buf
ffffffff   HST_DSMBUFSEG
ffffffff   IRAM
ffffffff   RTDX_DATAMEMSEG
ffffffff   _IRAM
ffffffff   ___TI_pprof_out_hndl
ffffffff   ___TI_prof_data_size
ffffffff   ___TI_prof_data_start
ffffffff   ___binit__
ffffffff   ___c_args__
ffffffff   _myMEM
ffffffff   binit
ffffffff   myMEM

[837 symbols]
