<?xml version="1.0"?>
<link_info>
   <banner>TMS320C6x Linker PC v7.4.18</banner>
   <copyright>Copyright (c) 1996-2015 Texas Instruments Incorporated</copyright>
   <link_time>0x5aeda2bc</link_time>
   <output_file>SSB.out</output_file>
   <entry_point>
      <name>_c_int00</name>
      <address>0xf640</address>
   </entry_point>
   <input_file_list>
      <input_file id="fl-2">
         <path>.\</path>
         <kind>object</kind>
         <file>BIOS_configcfg.obj</file>
         <name>BIOS_configcfg.obj</name>
      </input_file>
      <input_file id="fl-3">
         <path>.\</path>
         <kind>object</kind>
         <file>BIOS_configcfg_c.obj</file>
         <name>BIOS_configcfg_c.obj</name>
      </input_file>
      <input_file id="fl-4">
         <path>.\</path>
         <kind>object</kind>
         <file>config_AIC23.obj</file>
         <name>config_AIC23.obj</name>
      </input_file>
      <input_file id="fl-5">
         <path>.\</path>
         <kind>object</kind>
         <file>skeletonmod flo.obj</file>
         <name>skeletonmod flo.obj</name>
      </input_file>
      <input_file id="fl-8b">
         <path>C:\ti\bios_5_42_02_10\packages\ti\bios\lib\</path>
         <kind>archive</kind>
         <file>biosC6000.a67</file>
         <name>clk_htime.o67</name>
      </input_file>
      <input_file id="fl-8c">
         <path>C:\ti\bios_5_42_02_10\packages\ti\bios\lib\</path>
         <kind>archive</kind>
         <file>bios.a67</file>
         <name>biosdata.o67</name>
      </input_file>
      <input_file id="fl-8d">
         <path>C:\ti\bios_5_42_02_10\packages\ti\bios\lib\</path>
         <kind>archive</kind>
         <file>bios.a67</file>
         <name>hwi_disp_asm.o67</name>
      </input_file>
      <input_file id="fl-8e">
         <path>C:\ti\bios_5_42_02_10\packages\ti\bios\lib\</path>
         <kind>archive</kind>
         <file>bios.a67</file>
         <name>idl_stub.o67</name>
      </input_file>
      <input_file id="fl-8f">
         <path>C:\ti\bios_5_42_02_10\packages\ti\bios\lib\</path>
         <kind>archive</kind>
         <file>lnkrtdx.a67</file>
         <name>rtdx.o67</name>
      </input_file>
      <input_file id="fl-90">
         <path>C:\ti\bios_5_42_02_10\packages\ti\bios\lib\</path>
         <kind>archive</kind>
         <file>bios.a67</file>
         <name>swi.o67</name>
      </input_file>
      <input_file id="fl-91">
         <path>C:\ti\bios_5_42_02_10\packages\ti\bios\lib\</path>
         <kind>archive</kind>
         <file>bios.a67</file>
         <name>fxn_c.o67</name>
      </input_file>
      <input_file id="fl-92">
         <path>C:\ti\bios_5_42_02_10\packages\ti\bios\lib\</path>
         <kind>archive</kind>
         <file>bios.a67</file>
         <name>gbl_cslpllinit62.o67</name>
      </input_file>
      <input_file id="fl-93">
         <path>C:\ti\bios_5_42_02_10\packages\ti\bios\lib\</path>
         <kind>archive</kind>
         <file>bios.a67</file>
         <name>knl_tick.o67</name>
      </input_file>
      <input_file id="fl-94">
         <path>C:\ti\bios_5_42_02_10\packages\ti\bios\lib\</path>
         <kind>archive</kind>
         <file>bios.a67</file>
         <name>utl_doab.o67</name>
      </input_file>
      <input_file id="fl-95">
         <path>C:\ti\bios_5_42_02_10\packages\ti\bios\lib\</path>
         <kind>archive</kind>
         <file>bios.a67</file>
         <name>utl_doer.o67</name>
      </input_file>
      <input_file id="fl-96">
         <path>C:\ti\bios_5_42_02_10\packages\ti\bios\lib\</path>
         <kind>archive</kind>
         <file>bios.a67</file>
         <name>utl_putc.o67</name>
      </input_file>
      <input_file id="fl-97">
         <path>C:\ti\bios_5_42_02_10\packages\ti\bios\lib\</path>
         <kind>archive</kind>
         <file>bios.a67</file>
         <name>utl_halt.o67</name>
      </input_file>
      <input_file id="fl-98">
         <path>C:\ti\bios_5_42_02_10\packages\ti\bios\lib\</path>
         <kind>archive</kind>
         <file>biosC6000.a67</file>
         <name>clk.o67</name>
      </input_file>
      <input_file id="fl-99">
         <path>C:\ti\bios_5_42_02_10\packages\ti\bios\lib\</path>
         <kind>archive</kind>
         <file>bios.a67</file>
         <name>fxn.o67</name>
      </input_file>
      <input_file id="fl-9a">
         <path>C:\ti\bios_5_42_02_10\packages\ti\bios\lib\</path>
         <kind>archive</kind>
         <file>bios.a67</file>
         <name>boot.o67</name>
      </input_file>
      <input_file id="fl-9b">
         <path>C:\ti\bios_5_42_02_10\packages\ti\bios\lib\</path>
         <kind>archive</kind>
         <file>bios.a67</file>
         <name>trc.o67</name>
      </input_file>
      <input_file id="fl-9c">
         <path>C:\ti\bios_5_42_02_10\packages\ti\bios\lib\</path>
         <kind>archive</kind>
         <file>bios.a67</file>
         <name>hwi.o67</name>
      </input_file>
      <input_file id="fl-9d">
         <path>C:\ti\bios_5_42_02_10\packages\ti\bios\lib\</path>
         <kind>archive</kind>
         <file>bios.a67</file>
         <name>idl_busy.o67</name>
      </input_file>
      <input_file id="fl-9e">
         <path>C:\ti\bios_5_42_02_10\packages\ti\bios\lib\</path>
         <kind>archive</kind>
         <file>biosC6000.a67</file>
         <name>idl_cal.o67</name>
      </input_file>
      <input_file id="fl-9f">
         <path>C:\ti\bios_5_42_02_10\packages\ti\bios\lib\</path>
         <kind>archive</kind>
         <file>bios.a67</file>
         <name>idl.o67</name>
      </input_file>
      <input_file id="fl-a0">
         <path>C:\ti\bios_5_42_02_10\packages\ti\bios\lib\</path>
         <kind>archive</kind>
         <file>bios.a67</file>
         <name>knl_swit.o67</name>
      </input_file>
      <input_file id="fl-a1">
         <path>C:\ti\bios_5_42_02_10\packages\ti\bios\lib\</path>
         <kind>archive</kind>
         <file>bios.a67</file>
         <name>log.o67</name>
      </input_file>
      <input_file id="fl-a2">
         <path>C:\ti\bios_5_42_02_10\packages\ti\bios\lib\</path>
         <kind>archive</kind>
         <file>bios.a67</file>
         <name>pip.o67</name>
      </input_file>
      <input_file id="fl-a3">
         <path>C:\ti\bios_5_42_02_10\packages\ti\bios\lib\</path>
         <kind>archive</kind>
         <file>bios.a67</file>
         <name>prd.o67</name>
      </input_file>
      <input_file id="fl-a4">
         <path>C:\ti\bios_5_42_02_10\packages\ti\bios\lib\</path>
         <kind>archive</kind>
         <file>bios.a67</file>
         <name>rta.o67</name>
      </input_file>
      <input_file id="fl-a5">
         <path>C:\ti\bios_5_42_02_10\packages\ti\bios\lib\</path>
         <kind>archive</kind>
         <file>bios.a67</file>
         <name>rta_andn.o67</name>
      </input_file>
      <input_file id="fl-a6">
         <path>C:\ti\bios_5_42_02_10\packages\ti\bios\lib\</path>
         <kind>archive</kind>
         <file>bios.a67</file>
         <name>sts.o67</name>
      </input_file>
      <input_file id="fl-a7">
         <path>C:\ti\bios_5_42_02_10\packages\ti\bios\lib\</path>
         <kind>archive</kind>
         <file>bios.a67</file>
         <name>clk_data.o67</name>
      </input_file>
      <input_file id="fl-a8">
         <path>C:\ti\bios_5_42_02_10\packages\ti\bios\lib\</path>
         <kind>archive</kind>
         <file>bios.a67</file>
         <name>clk_data2.o67</name>
      </input_file>
      <input_file id="fl-a9">
         <path>C:\ti\bios_5_42_02_10\packages\ti\bios\lib\</path>
         <kind>archive</kind>
         <file>biosC6000.a67</file>
         <name>clk_meas.o67</name>
      </input_file>
      <input_file id="fl-aa">
         <path>C:\ti\bios_5_42_02_10\packages\ti\bios\lib\</path>
         <kind>archive</kind>
         <file>biosC6000.a67</file>
         <name>clk_start.o67</name>
      </input_file>
      <input_file id="fl-ab">
         <path>C:\ti\bios_5_42_02_10\packages\ti\bios\lib\</path>
         <kind>archive</kind>
         <file>biosC6000.a67</file>
         <name>clk_stop.o67</name>
      </input_file>
      <input_file id="fl-ac">
         <path>C:\ti\C6xCSL\lib_3x\</path>
         <kind>archive</kind>
         <file>csl6713.lib</file>
         <name>csl.obj</name>
      </input_file>
      <input_file id="fl-ad">
         <path>C:\ti\DSK6713\c6000\dsk6713\lib\</path>
         <kind>archive</kind>
         <file>dsk6713bsl.lib</file>
         <name>dsk6713_dip.obj</name>
      </input_file>
      <input_file id="fl-ae">
         <path>C:\ti\DSK6713\c6000\dsk6713\lib\</path>
         <kind>archive</kind>
         <file>dsk6713bsl.lib</file>
         <name>dsk6713_led.obj</name>
      </input_file>
      <input_file id="fl-af">
         <path>C:\ti\DSK6713\c6000\dsk6713\lib\</path>
         <kind>archive</kind>
         <file>dsk6713bsl.lib</file>
         <name>dsk6713.obj</name>
      </input_file>
      <input_file id="fl-b0">
         <path>C:\ti\C6xCSL\lib_3x\</path>
         <kind>archive</kind>
         <file>csl6713.lib</file>
         <name>csl_edma.obj</name>
      </input_file>
      <input_file id="fl-b1">
         <path>C:\ti\bios_5_42_02_10\packages\ti\bios\lib\</path>
         <kind>archive</kind>
         <file>bios.a67</file>
         <name>gbl_cslcacheinit.o67</name>
      </input_file>
      <input_file id="fl-b2">
         <path>C:\ti\bios_5_42_02_10\packages\ti\bios\lib\</path>
         <kind>archive</kind>
         <file>bios.a67</file>
         <name>gbl_vers.o67</name>
      </input_file>
      <input_file id="fl-b3">
         <path>C:\ti\bios_5_42_02_10\packages\ti\bios\lib\</path>
         <kind>archive</kind>
         <file>bios.a67</file>
         <name>hwi_c.o67</name>
      </input_file>
      <input_file id="fl-b4">
         <path>C:\ti\C6xCSL\lib_3x\</path>
         <kind>archive</kind>
         <file>csl6713.lib</file>
         <name>csl_irq.obj</name>
      </input_file>
      <input_file id="fl-b5">
         <path>C:\ti\bios_5_42_02_10\packages\ti\bios\lib\</path>
         <kind>archive</kind>
         <file>bios.a67</file>
         <name>knl.o67</name>
      </input_file>
      <input_file id="fl-b6">
         <path>C:\ti\bios_5_42_02_10\packages\ti\bios\lib\</path>
         <kind>archive</kind>
         <file>bios.a67</file>
         <name>knl_exit.o67</name>
      </input_file>
      <input_file id="fl-b7">
         <path>C:\ti\bios_5_42_02_10\packages\ti\bios\lib\</path>
         <kind>archive</kind>
         <file>bios.a67</file>
         <name>knl_chec.o67</name>
      </input_file>
      <input_file id="fl-b8">
         <path>C:\ti\bios_5_42_02_10\packages\ti\bios\lib\</path>
         <kind>archive</kind>
         <file>bios.a67</file>
         <name>knl_post.o67</name>
      </input_file>
      <input_file id="fl-b9">
         <path>C:\ti\bios_5_42_02_10\packages\ti\bios\lib\</path>
         <kind>archive</kind>
         <file>bios.a67</file>
         <name>knl_ipos.o67</name>
      </input_file>
      <input_file id="fl-ba">
         <path>C:\ti\bios_5_42_02_10\packages\ti\bios\lib\</path>
         <kind>archive</kind>
         <file>bios.a67</file>
         <name>knl_run.o67</name>
      </input_file>
      <input_file id="fl-bb">
         <path>C:\ti\C6xCSL\lib_3x\</path>
         <kind>archive</kind>
         <file>csl6713.lib</file>
         <name>csl_mcbsp.obj</name>
      </input_file>
      <input_file id="fl-bc">
         <path>C:\ti\bios_5_42_02_10\packages\ti\bios\lib\</path>
         <kind>archive</kind>
         <file>bios.a67</file>
         <name>mem_asm.o67</name>
      </input_file>
      <input_file id="fl-bd">
         <path>C:\ti\bios_5_42_02_10\packages\ti\bios\lib\</path>
         <kind>archive</kind>
         <file>bios.a67</file>
         <name>mem_init.o67</name>
      </input_file>
      <input_file id="fl-be">
         <path>C:\ti\bios_5_42_02_10\packages\ti\bios\lib\</path>
         <kind>archive</kind>
         <file>bios.a67</file>
         <name>obj_init.o67</name>
      </input_file>
      <input_file id="fl-bf">
         <path>C:\ti\bios_5_42_02_10\packages\ti\rtdx\lib\c6000\</path>
         <kind>archive</kind>
         <file>rtdx.lib</file>
         <name>buffer2.o62</name>
      </input_file>
      <input_file id="fl-c0">
         <path>C:\ti\bios_5_42_02_10\packages\ti\rtdx\lib\c6000\</path>
         <kind>archive</kind>
         <file>rtdx.lib</file>
         <name>buffer1.o62</name>
      </input_file>
      <input_file id="fl-c1">
         <path>C:\ti\bios_5_42_02_10\packages\ti\rtdx\lib\c6000\</path>
         <kind>archive</kind>
         <file>rtdx.lib</file>
         <name>intr_tgt.o62</name>
      </input_file>
      <input_file id="fl-c2">
         <path>C:\ti\bios_5_42_02_10\packages\ti\rtdx\lib\c6000\</path>
         <kind>archive</kind>
         <file>rtdx.lib</file>
         <name>rtdx_mon.o62</name>
      </input_file>
      <input_file id="fl-c3">
         <path>C:\ti\bios_5_42_02_10\packages\ti\bios\lib\</path>
         <kind>archive</kind>
         <file>bios.a67</file>
         <name>sem_pend_binary.o67</name>
      </input_file>
      <input_file id="fl-c4">
         <path>C:\ti\bios_5_42_02_10\packages\ti\bios\lib\</path>
         <kind>archive</kind>
         <file>bios.a67</file>
         <name>sem_pend.o67</name>
      </input_file>
      <input_file id="fl-c5">
         <path>C:\ti\bios_5_42_02_10\packages\ti\bios\lib\</path>
         <kind>archive</kind>
         <file>bios.a67</file>
         <name>sem_post_asm.o67</name>
      </input_file>
      <input_file id="fl-c6">
         <path>C:\ti\bios_5_42_02_10\packages\ti\bios\lib\</path>
         <kind>archive</kind>
         <file>bios.a67</file>
         <name>sem_post.o67</name>
      </input_file>
      <input_file id="fl-c7">
         <path>C:\ti\bios_5_42_02_10\packages\ti\bios\lib\</path>
         <kind>archive</kind>
         <file>bios.a67</file>
         <name>sts_set.o67</name>
      </input_file>
      <input_file id="fl-c8">
         <path>C:\ti\C6xCSL\lib_3x\</path>
         <kind>archive</kind>
         <file>csl6713.lib</file>
         <name>csl_timer.obj</name>
      </input_file>
      <input_file id="fl-c9">
         <path>C:\ti\bios_5_42_02_10\packages\ti\bios\lib\</path>
         <kind>archive</kind>
         <file>bios.a67</file>
         <name>tsk.o67</name>
      </input_file>
      <input_file id="fl-ca">
         <path>C:\ti\bios_5_42_02_10\packages\ti\bios\lib\</path>
         <kind>archive</kind>
         <file>bios.a67</file>
         <name>tsk_exit.o67</name>
      </input_file>
      <input_file id="fl-cb">
         <path>C:\ti\bios_5_42_02_10\packages\ti\bios\lib\</path>
         <kind>archive</kind>
         <file>bios.a67</file>
         <name>sys_exit.o67</name>
      </input_file>
      <input_file id="fl-cc">
         <path>C:\ti\bios_5_42_02_10\packages\ti\bios\lib\</path>
         <kind>archive</kind>
         <file>bios.a67</file>
         <name>sys.o67</name>
      </input_file>
      <input_file id="fl-cd">
         <path>C:\ti\bios_5_42_02_10\packages\ti\bios\lib\</path>
         <kind>archive</kind>
         <file>bios.a67</file>
         <name>tsk_init.o67</name>
      </input_file>
      <input_file id="fl-ce">
         <path>C:\ti\bios_5_42_02_10\packages\ti\bios\lib\</path>
         <kind>archive</kind>
         <file>bios.a67</file>
         <name>tsk_setu.o67</name>
      </input_file>
      <input_file id="fl-cf">
         <path>C:\ti\bios_5_42_02_10\packages\ti\bios\lib\</path>
         <kind>archive</kind>
         <file>bios.a67</file>
         <name>tsk_stup.o67</name>
      </input_file>
      <input_file id="fl-d0">
         <path>C:\ti\bios_5_42_02_10\packages\ti\bios\lib\</path>
         <kind>archive</kind>
         <file>bios.a67</file>
         <name>lck.o67</name>
      </input_file>
      <input_file id="fl-d1">
         <path>C:\ti\bios_5_42_02_10\packages\ti\bios\lib\</path>
         <kind>archive</kind>
         <file>bios.a67</file>
         <name>sem_pend_counting.o67</name>
      </input_file>
      <input_file id="fl-d2">
         <path>C:\ti\bios_5_42_02_10\packages\ti\bios\lib\</path>
         <kind>archive</kind>
         <file>bios.a67</file>
         <name>sys_abor.o67</name>
      </input_file>
      <input_file id="fl-d3">
         <path>C:\ti\bios_5_42_02_10\packages\ti\bios\lib\</path>
         <kind>archive</kind>
         <file>bios.a67</file>
         <name>gbl_setL2CacheMode.o67</name>
      </input_file>
      <input_file id="fl-d4">
         <path>C:\ti\bios_5_42_02_10\packages\ti\bios\lib\</path>
         <kind>archive</kind>
         <file>bios.a67</file>
         <name>sem_dopo.o67</name>
      </input_file>
      <input_file id="fl-d5">
         <path>C:\ti\bios_5_42_02_10\packages\ti\bios\lib\</path>
         <kind>archive</kind>
         <file>bios.a67</file>
         <name>autoinit.o67</name>
      </input_file>
      <input_file id="fl-d6">
         <path>C:\ti\ccsv6\tools\compiler\c6000_7.4.18\lib\</path>
         <kind>archive</kind>
         <file>rts6700.lib</file>
         <name>_lock.obj</name>
      </input_file>
      <input_file id="fl-d7">
         <path>C:\ti\ccsv6\tools\compiler\c6000_7.4.18\lib\</path>
         <kind>archive</kind>
         <file>rts6700.lib</file>
         <name>strasg.obj</name>
      </input_file>
      <input_file id="fl-d8">
         <path>C:\ti\ccsv6\tools\compiler\c6000_7.4.18\lib\</path>
         <kind>archive</kind>
         <file>rts6700.lib</file>
         <name>atexit.obj</name>
      </input_file>
      <input_file id="fl-d9">
         <path>C:\ti\ccsv6\tools\compiler\c6000_7.4.18\lib\</path>
         <kind>archive</kind>
         <file>rts6700.lib</file>
         <name>sinit.obj</name>
      </input_file>
      <input_file id="fl-da">
         <path>C:\ti\ccsv6\tools\compiler\c6000_7.4.18\lib\</path>
         <kind>archive</kind>
         <file>rts6700.lib</file>
         <name>exit.obj</name>
      </input_file>
      <input_file id="fl-db">
         <path>C:\ti\ccsv6\tools\compiler\c6000_7.4.18\lib\</path>
         <kind>archive</kind>
         <file>rts6700.lib</file>
         <name>memcpy62.obj</name>
      </input_file>
   </input_file_list>
   <object_component_list>
      <object_component id="oc-78">
         <name>.datenpuffer</name>
         <uninitialized>true</uninitialized>
         <run_address>0x37000</run_address>
         <size>0x1120</size>
         <input_file_ref idref="fl-5"/>
      </object_component>
      <object_component id="oc-69">
         <name>.vers</name>
         <load_address>0x0</load_address>
         <run_address>0x0</run_address>
         <size>0x40</size>
         <input_file_ref idref="fl-2"/>
      </object_component>
      <object_component id="oc-55">
         <name>.clk</name>
         <uninitialized>true</uninitialized>
         <run_address>0x11060</run_address>
         <size>0x8</size>
         <input_file_ref idref="fl-2"/>
      </object_component>
      <object_component id="oc-56">
         <name>.prd</name>
         <uninitialized>true</uninitialized>
         <run_address>0x11008</run_address>
         <size>0x20</size>
         <input_file_ref idref="fl-2"/>
      </object_component>
      <object_component id="oc-8">
         <name>HWI_A_VECS</name>
         <load_address>0x0</load_address>
         <run_address>0x0</run_address>
         <size>0x0</size>
      </object_component>
      <object_component id="oc-5d">
         <name>.hwi_vec</name>
         <load_address>0x0</load_address>
         <run_address>0x0</run_address>
         <size>0x200</size>
         <input_file_ref idref="fl-2"/>
      </object_component>
      <object_component id="oc-5e">
         <name>.swi</name>
         <uninitialized>true</uninitialized>
         <run_address>0x10e40</run_address>
         <size>0xb0</size>
         <input_file_ref idref="fl-2"/>
      </object_component>
      <object_component id="oc-5f">
         <name>.tsk</name>
         <uninitialized>true</uninitialized>
         <run_address>0x10cc8</run_address>
         <size>0xc0</size>
         <input_file_ref idref="fl-2"/>
      </object_component>
      <object_component id="oc-63">
         <name>.idl</name>
         <uninitialized>true</uninitialized>
         <run_address>0x109f0</run_address>
         <size>0x10</size>
         <input_file_ref idref="fl-2"/>
      </object_component>
      <object_component id="oc-62">
         <name>.idlcal</name>
         <uninitialized>true</uninitialized>
         <run_address>0x11028</run_address>
         <size>0x10</size>
         <input_file_ref idref="fl-2"/>
      </object_component>
      <object_component id="oc-4a">
         <name>.bss</name>
         <uninitialized>true</uninitialized>
         <run_address>0x106dc</run_address>
         <size>0x28</size>
         <input_file_ref idref="fl-2"/>
      </object_component>
      <object_component id="oc-74">
         <name>.bss</name>
         <uninitialized>true</uninitialized>
         <run_address>0x106a0</run_address>
         <size>0x3c</size>
         <input_file_ref idref="fl-5"/>
      </object_component>
      <object_component id="oc-7e">
         <name>.bss</name>
         <uninitialized>true</uninitialized>
         <run_address>0x104f0</run_address>
         <size>0xcc</size>
         <input_file_ref idref="fl-8c"/>
      </object_component>
      <object_component id="oc-80">
         <name>.bss</name>
         <uninitialized>true</uninitialized>
         <run_address>0x103f0</run_address>
         <size>0x100</size>
         <input_file_ref idref="fl-8d"/>
      </object_component>
      <object_component id="oc-87">
         <name>.bss</name>
         <uninitialized>true</uninitialized>
         <run_address>0x1071c</run_address>
         <size>0x18</size>
         <input_file_ref idref="fl-8f"/>
      </object_component>
      <object_component id="oc-8d">
         <name>.bss</name>
         <uninitialized>true</uninitialized>
         <run_address>0x105bc</run_address>
         <size>0x9c</size>
         <input_file_ref idref="fl-90"/>
      </object_component>
      <object_component id="oc-bb">
         <name>.bss</name>
         <uninitialized>true</uninitialized>
         <run_address>0x10704</run_address>
         <size>0x18</size>
         <input_file_ref idref="fl-9c"/>
      </object_component>
      <object_component id="oc-bd">
         <name>.bss</name>
         <uninitialized>true</uninitialized>
         <run_address>0x10768</run_address>
         <size>0x4</size>
         <input_file_ref idref="fl-9d"/>
      </object_component>
      <object_component id="oc-e9">
         <name>.bss</name>
         <uninitialized>true</uninitialized>
         <run_address>0x10750</run_address>
         <size>0x8</size>
         <input_file_ref idref="fl-a7"/>
      </object_component>
      <object_component id="oc-ec">
         <name>.bss</name>
         <uninitialized>true</uninitialized>
         <run_address>0x10760</run_address>
         <size>0x4</size>
         <input_file_ref idref="fl-a8"/>
      </object_component>
      <object_component id="oc-126">
         <name>.bss</name>
         <uninitialized>true</uninitialized>
         <run_address>0x10658</run_address>
         <size>0x48</size>
         <input_file_ref idref="fl-b5"/>
      </object_component>
      <object_component id="oc-144">
         <name>.bss</name>
         <uninitialized>true</uninitialized>
         <run_address>0x1076c</run_address>
         <size>0x4</size>
         <input_file_ref idref="fl-bc"/>
      </object_component>
      <object_component id="oc-152">
         <name>.bss</name>
         <uninitialized>true</uninitialized>
         <run_address>0x10734</run_address>
         <size>0x10</size>
         <input_file_ref idref="fl-c0"/>
      </object_component>
      <object_component id="oc-17b">
         <name>.bss</name>
         <uninitialized>true</uninitialized>
         <run_address>0x10744</run_address>
         <size>0xc</size>
         <input_file_ref idref="fl-c9"/>
      </object_component>
      <object_component id="oc-189">
         <name>.bss</name>
         <uninitialized>true</uninitialized>
         <run_address>0x10758</run_address>
         <size>0x8</size>
         <input_file_ref idref="fl-cc"/>
      </object_component>
      <object_component id="oc-1aa">
         <name>.bss</name>
         <uninitialized>true</uninitialized>
         <run_address>0x10764</run_address>
         <size>0x4</size>
         <input_file_ref idref="fl-d3"/>
      </object_component>
      <object_component id="oc-71">
         <name>.far</name>
         <uninitialized>true</uninitialized>
         <run_address>0xf1a8</run_address>
         <size>0x34</size>
         <input_file_ref idref="fl-4"/>
      </object_component>
      <object_component id="oc-77">
         <name>.far</name>
         <uninitialized>true</uninitialized>
         <run_address>0xeae0</run_address>
         <size>0x1e8</size>
         <input_file_ref idref="fl-5"/>
      </object_component>
      <object_component id="oc-9a">
         <name>.far</name>
         <uninitialized>true</uninitialized>
         <run_address>0xf248</run_address>
         <size>0x10</size>
         <input_file_ref idref="fl-93"/>
      </object_component>
      <object_component id="oc-a7">
         <name>.far</name>
         <uninitialized>true</uninitialized>
         <run_address>0xf258</run_address>
         <size>0xc</size>
         <input_file_ref idref="fl-96"/>
      </object_component>
      <object_component id="oc-fc">
         <name>.far</name>
         <uninitialized>true</uninitialized>
         <run_address>0xf1dc</run_address>
         <size>0x28</size>
         <input_file_ref idref="fl-ac"/>
      </object_component>
      <object_component id="oc-105">
         <name>.far</name>
         <uninitialized>true</uninitialized>
         <run_address>0xf27e</run_address>
         <size>0x2</size>
         <input_file_ref idref="fl-ae"/>
      </object_component>
      <object_component id="oc-10a">
         <name>.far</name>
         <uninitialized>true</uninitialized>
         <run_address>0xf27c</run_address>
         <size>0x2</size>
         <input_file_ref idref="fl-af"/>
      </object_component>
      <object_component id="oc-110">
         <name>.far</name>
         <uninitialized>true</uninitialized>
         <run_address>0xf0cc</run_address>
         <size>0x54</size>
         <input_file_ref idref="fl-b0"/>
      </object_component>
      <object_component id="oc-122">
         <name>.far</name>
         <uninitialized>true</uninitialized>
         <run_address>0xee50</run_address>
         <size>0xf4</size>
         <input_file_ref idref="fl-b4"/>
      </object_component>
      <object_component id="oc-129">
         <name>.far</name>
         <uninitialized>true</uninitialized>
         <run_address>0xef44</run_address>
         <size>0xd8</size>
         <input_file_ref idref="fl-b5"/>
      </object_component>
      <object_component id="oc-140">
         <name>.far</name>
         <uninitialized>true</uninitialized>
         <run_address>0xf170</run_address>
         <size>0x38</size>
         <input_file_ref idref="fl-bb"/>
      </object_component>
      <object_component id="oc-14b">
         <name>.far</name>
         <uninitialized>true</uninitialized>
         <run_address>0xf078</run_address>
         <size>0x54</size>
         <input_file_ref idref="fl-be"/>
      </object_component>
      <object_component id="oc-177">
         <name>.far</name>
         <uninitialized>true</uninitialized>
         <run_address>0xf204</run_address>
         <size>0x24</size>
         <input_file_ref idref="fl-c8"/>
      </object_component>
      <object_component id="oc-17e">
         <name>.far</name>
         <uninitialized>true</uninitialized>
         <run_address>0xf01c</run_address>
         <size>0x5c</size>
         <input_file_ref idref="fl-c9"/>
      </object_component>
      <object_component id="oc-18c">
         <name>.far</name>
         <uninitialized>true</uninitialized>
         <run_address>0xf228</run_address>
         <size>0x20</size>
         <input_file_ref idref="fl-cc"/>
      </object_component>
      <object_component id="oc-199">
         <name>.far</name>
         <uninitialized>true</uninitialized>
         <run_address>0xf120</run_address>
         <size>0x50</size>
         <input_file_ref idref="fl-cf"/>
      </object_component>
      <object_component id="oc-1ba">
         <name>.far</name>
         <uninitialized>true</uninitialized>
         <run_address>0xf270</run_address>
         <size>0x8</size>
         <input_file_ref idref="fl-d6"/>
      </object_component>
      <object_component id="oc-1c2">
         <name>.far</name>
         <uninitialized>true</uninitialized>
         <run_address>0xecc8</run_address>
         <size>0x188</size>
         <input_file_ref idref="fl-d8"/>
      </object_component>
      <object_component id="oc-1c7">
         <name>.far</name>
         <uninitialized>true</uninitialized>
         <run_address>0xf278</run_address>
         <size>0x4</size>
         <input_file_ref idref="fl-d9"/>
      </object_component>
      <object_component id="oc-1cc">
         <name>.far</name>
         <uninitialized>true</uninitialized>
         <run_address>0xf264</run_address>
         <size>0xc</size>
         <input_file_ref idref="fl-da"/>
      </object_component>
      <object_component id="oc-67">
         <name>.sem</name>
         <uninitialized>true</uninitialized>
         <run_address>0x10fb4</run_address>
         <size>0x2c</size>
         <input_file_ref idref="fl-2"/>
      </object_component>
      <object_component id="oc-51">
         <name>.mem</name>
         <uninitialized>true</uninitialized>
         <run_address>0xfbec</run_address>
         <size>0x4</size>
         <input_file_ref idref="fl-2"/>
      </object_component>
      <object_component id="oc-89">
         <name>.bios</name>
         <load_address>0x200</load_address>
         <run_address>0x200</run_address>
         <size>0x600</size>
         <input_file_ref idref="fl-8f"/>
      </object_component>
      <object_component id="oc-1ad">
         <name>.bios</name>
         <load_address>0x800</load_address>
         <run_address>0x800</run_address>
         <size>0x5e0</size>
         <input_file_ref idref="fl-d3"/>
      </object_component>
      <object_component id="oc-47">
         <name>.bios</name>
         <load_address>0xde0</load_address>
         <run_address>0xde0</run_address>
         <size>0x540</size>
         <input_file_ref idref="fl-90"/>
      </object_component>
      <object_component id="oc-48">
         <name>.bios</name>
         <load_address>0x1320</load_address>
         <run_address>0x1320</run_address>
         <size>0x460</size>
         <input_file_ref idref="fl-8d"/>
      </object_component>
      <object_component id="oc-d8">
         <name>.bios</name>
         <load_address>0x1780</load_address>
         <run_address>0x1780</run_address>
         <size>0x3a0</size>
         <input_file_ref idref="fl-a3"/>
      </object_component>
      <object_component id="oc-13c">
         <name>.bios</name>
         <load_address>0x1b20</load_address>
         <run_address>0x1b20</run_address>
         <size>0x2c0</size>
         <input_file_ref idref="fl-ba"/>
      </object_component>
      <object_component id="oc-dd">
         <name>.bios</name>
         <load_address>0x1de0</load_address>
         <run_address>0x1de0</run_address>
         <size>0x2c0</size>
         <input_file_ref idref="fl-a4"/>
      </object_component>
      <object_component id="oc-167">
         <name>.bios</name>
         <load_address>0x20a0</load_address>
         <run_address>0x20a0</run_address>
         <size>0x2c0</size>
         <input_file_ref idref="fl-c4"/>
      </object_component>
      <object_component id="oc-4c">
         <name>.bios</name>
         <load_address>0x2360</load_address>
         <run_address>0x2360</run_address>
         <size>0x260</size>
         <input_file_ref idref="fl-93"/>
      </object_component>
      <object_component id="oc-d4">
         <name>.bios</name>
         <load_address>0x25c0</load_address>
         <run_address>0x25c0</run_address>
         <size>0x240</size>
         <input_file_ref idref="fl-a2"/>
      </object_component>
      <object_component id="oc-1b1">
         <name>.bios</name>
         <load_address>0x2800</load_address>
         <run_address>0x2800</run_address>
         <size>0x220</size>
         <input_file_ref idref="fl-d4"/>
      </object_component>
      <object_component id="oc-193">
         <name>.bios</name>
         <load_address>0x2a20</load_address>
         <run_address>0x2a20</run_address>
         <size>0x200</size>
         <input_file_ref idref="fl-ce"/>
      </object_component>
      <object_component id="oc-cc">
         <name>.bios</name>
         <load_address>0x2c20</load_address>
         <run_address>0x2c20</run_address>
         <size>0x1c0</size>
         <input_file_ref idref="fl-a0"/>
      </object_component>
      <object_component id="oc-ad">
         <name>.bios</name>
         <load_address>0x2de0</load_address>
         <run_address>0x2de0</run_address>
         <size>0x1c0</size>
         <input_file_ref idref="fl-98"/>
      </object_component>
      <object_component id="oc-182">
         <name>.bios</name>
         <load_address>0x2fa0</load_address>
         <run_address>0x2fa0</run_address>
         <size>0x1a0</size>
         <input_file_ref idref="fl-ca"/>
      </object_component>
      <object_component id="oc-1b5">
         <name>.bios</name>
         <load_address>0x3140</load_address>
         <run_address>0x3140</run_address>
         <size>0x180</size>
         <input_file_ref idref="fl-d5"/>
      </object_component>
      <object_component id="oc-19a">
         <name>.bios</name>
         <load_address>0x32c0</load_address>
         <run_address>0x32c0</run_address>
         <size>0x180</size>
         <input_file_ref idref="fl-cf"/>
      </object_component>
      <object_component id="oc-12f">
         <name>.bios</name>
         <load_address>0x3440</load_address>
         <run_address>0x3440</run_address>
         <size>0x140</size>
         <input_file_ref idref="fl-b7"/>
      </object_component>
      <object_component id="oc-115">
         <name>.bios</name>
         <load_address>0x3580</load_address>
         <run_address>0x3580</run_address>
         <size>0xe0</size>
         <input_file_ref idref="fl-b1"/>
      </object_component>
      <object_component id="oc-12c">
         <name>.bios</name>
         <load_address>0x3660</load_address>
         <run_address>0x3660</run_address>
         <size>0xe0</size>
         <input_file_ref idref="fl-b6"/>
      </object_component>
      <object_component id="oc-16f">
         <name>.bios</name>
         <load_address>0x3740</load_address>
         <run_address>0x3740</run_address>
         <size>0xe0</size>
         <input_file_ref idref="fl-c6"/>
      </object_component>
      <object_component id="oc-16a">
         <name>.bios</name>
         <load_address>0x3820</load_address>
         <run_address>0x3820</run_address>
         <size>0xe0</size>
         <input_file_ref idref="fl-c5"/>
      </object_component>
      <object_component id="oc-ef">
         <name>.bios</name>
         <load_address>0x3900</load_address>
         <run_address>0x3900</run_address>
         <size>0xe0</size>
         <input_file_ref idref="fl-a9"/>
      </object_component>
      <object_component id="oc-138">
         <name>.bios</name>
         <load_address>0x39e0</load_address>
         <run_address>0x39e0</run_address>
         <size>0xc0</size>
         <input_file_ref idref="fl-b9"/>
      </object_component>
      <object_component id="oc-134">
         <name>.bios</name>
         <load_address>0x3aa0</load_address>
         <run_address>0x3aa0</run_address>
         <size>0xc0</size>
         <input_file_ref idref="fl-b8"/>
      </object_component>
      <object_component id="oc-19f">
         <name>.bios</name>
         <load_address>0x3b60</load_address>
         <run_address>0x3b60</run_address>
         <size>0xc0</size>
         <input_file_ref idref="fl-d0"/>
      </object_component>
      <object_component id="oc-186">
         <name>.bios</name>
         <load_address>0x3c20</load_address>
         <run_address>0x3c20</run_address>
         <size>0xc0</size>
         <input_file_ref idref="fl-cb"/>
      </object_component>
      <object_component id="oc-49">
         <name>.bios</name>
         <load_address>0x3ce0</load_address>
         <run_address>0x3ce0</run_address>
         <size>0xc0</size>
         <input_file_ref idref="fl-8b"/>
      </object_component>
      <object_component id="oc-b1">
         <name>.bios</name>
         <load_address>0x3da0</load_address>
         <run_address>0x3da0</run_address>
         <size>0x80</size>
         <input_file_ref idref="fl-99"/>
      </object_component>
      <object_component id="oc-bf">
         <name>.bios</name>
         <load_address>0x3e20</load_address>
         <run_address>0x3e20</run_address>
         <size>0x80</size>
         <input_file_ref idref="fl-9d"/>
      </object_component>
      <object_component id="oc-d0">
         <name>.bios</name>
         <load_address>0x3ea0</load_address>
         <run_address>0x3ea0</run_address>
         <size>0x80</size>
         <input_file_ref idref="fl-a1"/>
      </object_component>
      <object_component id="oc-e5">
         <name>.bios</name>
         <load_address>0x3f20</load_address>
         <run_address>0x3f20</run_address>
         <size>0x80</size>
         <input_file_ref idref="fl-a6"/>
      </object_component>
      <object_component id="oc-c3">
         <name>.bios</name>
         <load_address>0x3fa0</load_address>
         <run_address>0x3fa0</run_address>
         <size>0x80</size>
         <input_file_ref idref="fl-9e"/>
      </object_component>
      <object_component id="oc-11c">
         <name>.bios</name>
         <load_address>0x4020</load_address>
         <run_address>0x4020</run_address>
         <size>0x60</size>
         <input_file_ref idref="fl-b3"/>
      </object_component>
      <object_component id="oc-162">
         <name>.bios</name>
         <load_address>0x4080</load_address>
         <run_address>0x4080</run_address>
         <size>0x60</size>
         <input_file_ref idref="fl-c3"/>
      </object_component>
      <object_component id="oc-1a2">
         <name>.bios</name>
         <load_address>0x40e0</load_address>
         <run_address>0x40e0</run_address>
         <size>0x60</size>
         <input_file_ref idref="fl-d1"/>
      </object_component>
      <object_component id="oc-1a7">
         <name>.bios</name>
         <load_address>0x4140</load_address>
         <run_address>0x4140</run_address>
         <size>0x60</size>
         <input_file_ref idref="fl-d2"/>
      </object_component>
      <object_component id="oc-4b">
         <name>.bios</name>
         <load_address>0x41a0</load_address>
         <run_address>0x41a0</run_address>
         <size>0x60</size>
         <input_file_ref idref="fl-96"/>
      </object_component>
      <object_component id="oc-f3">
         <name>.bios</name>
         <load_address>0x4200</load_address>
         <run_address>0x4200</run_address>
         <size>0x60</size>
         <input_file_ref idref="fl-aa"/>
      </object_component>
      <object_component id="oc-44">
         <name>.bios</name>
         <load_address>0x4260</load_address>
         <run_address>0x4260</run_address>
         <size>0x40</size>
         <input_file_ref idref="fl-8e"/>
      </object_component>
      <object_component id="oc-e1">
         <name>.bios</name>
         <load_address>0x42a0</load_address>
         <run_address>0x42a0</run_address>
         <size>0x40</size>
         <input_file_ref idref="fl-a5"/>
      </object_component>
      <object_component id="oc-43">
         <name>.bios</name>
         <load_address>0x42e0</load_address>
         <run_address>0x42e0</run_address>
         <size>0x40</size>
         <input_file_ref idref="fl-94"/>
      </object_component>
      <object_component id="oc-f7">
         <name>.bios</name>
         <load_address>0x4320</load_address>
         <run_address>0x4320</run_address>
         <size>0x40</size>
         <input_file_ref idref="fl-ab"/>
      </object_component>
      <object_component id="oc-4f">
         <name>.bios</name>
         <load_address>0x4360</load_address>
         <run_address>0x4360</run_address>
         <size>0x20</size>
         <input_file_ref idref="fl-91"/>
      </object_component>
      <object_component id="oc-118">
         <name>.bios</name>
         <load_address>0x4380</load_address>
         <run_address>0x4380</run_address>
         <size>0x20</size>
         <input_file_ref idref="fl-b2"/>
      </object_component>
      <object_component id="oc-c7">
         <name>.bios</name>
         <load_address>0x43a0</load_address>
         <run_address>0x43a0</run_address>
         <size>0x20</size>
         <input_file_ref idref="fl-9f"/>
      </object_component>
      <object_component id="oc-172">
         <name>.bios</name>
         <load_address>0x43c0</load_address>
         <run_address>0x43c0</run_address>
         <size>0x20</size>
         <input_file_ref idref="fl-c7"/>
      </object_component>
      <object_component id="oc-4e">
         <name>.bios</name>
         <load_address>0x43e0</load_address>
         <run_address>0x43e0</run_address>
         <size>0x20</size>
         <input_file_ref idref="fl-95"/>
      </object_component>
      <object_component id="oc-4d">
         <name>.bios</name>
         <load_address>0x4400</load_address>
         <run_address>0x4400</run_address>
         <size>0x20</size>
         <input_file_ref idref="fl-97"/>
      </object_component>
      <object_component id="oc-156">
         <name>.pinit</name>
         <load_address>0x11048</load_address>
         <run_address>0x11048</run_address>
         <size>0x4</size>
         <input_file_ref idref="fl-c0"/>
      </object_component>
      <object_component id="oc-15f">
         <name>.pinit</name>
         <load_address>0x1104c</load_address>
         <run_address>0x1104c</run_address>
         <size>0x4</size>
         <input_file_ref idref="fl-c2"/>
      </object_component>
      <object_component id="oc-54">
         <name>.sys</name>
         <uninitialized>true</uninitialized>
         <run_address>0x11038</run_address>
         <size>0x10</size>
         <input_file_ref idref="fl-2"/>
      </object_component>
      <object_component id="oc-1d2">
         <name>.text</name>
         <load_address>0x4420</load_address>
         <run_address>0x4420</run_address>
         <size>0x1be0</size>
         <input_file_ref idref="fl-5"/>
      </object_component>
      <object_component id="oc-109">
         <name>.text</name>
         <load_address>0x6000</load_address>
         <run_address>0x6000</run_address>
         <size>0x480</size>
         <input_file_ref idref="fl-af"/>
      </object_component>
      <object_component id="oc-1e3">
         <name>.text</name>
         <load_address>0x6480</load_address>
         <run_address>0x6480</run_address>
         <size>0x2a0</size>
         <input_file_ref idref="fl-4"/>
      </object_component>
      <object_component id="oc-1dd">
         <name>.text:_EDMA_open</name>
         <load_address>0x6720</load_address>
         <run_address>0x6720</run_address>
         <size>0x280</size>
         <input_file_ref idref="fl-b0"/>
      </object_component>
      <object_component id="oc-1db">
         <name>.text:_memcpy</name>
         <load_address>0x69a0</load_address>
         <run_address>0x69a0</run_address>
         <size>0x240</size>
         <input_file_ref idref="fl-db"/>
      </object_component>
      <object_component id="oc-1e2">
         <name>.text:__CSL_init</name>
         <load_address>0x6be0</load_address>
         <run_address>0x6be0</run_address>
         <size>0x220</size>
         <input_file_ref idref="fl-ac"/>
      </object_component>
      <object_component id="oc-104">
         <name>.text</name>
         <load_address>0x6e00</load_address>
         <run_address>0x6e00</run_address>
         <size>0x1e0</size>
         <input_file_ref idref="fl-ae"/>
      </object_component>
      <object_component id="oc-1e0">
         <name>.text:_IRQ_map</name>
         <load_address>0x6fe0</load_address>
         <run_address>0x6fe0</run_address>
         <size>0x1c0</size>
         <input_file_ref idref="fl-b4"/>
      </object_component>
      <object_component id="oc-1f8">
         <name>.text:_mux2Tables</name>
         <load_address>0x71a0</load_address>
         <run_address>0x71a0</run_address>
         <size>0x1c0</size>
         <input_file_ref idref="fl-b4"/>
      </object_component>
      <object_component id="oc-1de">
         <name>.text:_EDMA_allocTable</name>
         <load_address>0x7360</load_address>
         <run_address>0x7360</run_address>
         <size>0x1a0</size>
         <input_file_ref idref="fl-b0"/>
      </object_component>
      <object_component id="oc-1f1">
         <name>.text:_MCBSP_reset</name>
         <load_address>0x7500</load_address>
         <run_address>0x7500</run_address>
         <size>0x1a0</size>
         <input_file_ref idref="fl-bb"/>
      </object_component>
      <object_component id="oc-45">
         <name>.text</name>
         <load_address>0x76a0</load_address>
         <run_address>0x76a0</run_address>
         <size>0x180</size>
         <input_file_ref idref="fl-92"/>
      </object_component>
      <object_component id="oc-1fa">
         <name>.text:_call_dtors</name>
         <load_address>0x7820</load_address>
         <run_address>0x7820</run_address>
         <size>0x160</size>
         <input_file_ref idref="fl-d9"/>
      </object_component>
      <object_component id="oc-1ec">
         <name>.text:_EDMA_reset</name>
         <load_address>0x7980</load_address>
         <run_address>0x7980</run_address>
         <size>0x140</size>
         <input_file_ref idref="fl-b0"/>
      </object_component>
      <object_component id="oc-1f0">
         <name>.text:_TIMER_open</name>
         <load_address>0x7ac0</load_address>
         <run_address>0x7ac0</run_address>
         <size>0x140</size>
         <input_file_ref idref="fl-c8"/>
      </object_component>
      <object_component id="oc-1f9">
         <name>.text:_TIMER_reset</name>
         <load_address>0x7c00</load_address>
         <run_address>0x7c00</run_address>
         <size>0x120</size>
         <input_file_ref idref="fl-c8"/>
      </object_component>
      <object_component id="oc-1df">
         <name>.text:_EDMA_intAlloc</name>
         <load_address>0x7d20</load_address>
         <run_address>0x7d20</run_address>
         <size>0x100</size>
         <input_file_ref idref="fl-b0"/>
      </object_component>
      <object_component id="oc-1e4">
         <name>.text:_MCBSP_open</name>
         <load_address>0x7e20</load_address>
         <run_address>0x7e20</run_address>
         <size>0x100</size>
         <input_file_ref idref="fl-bb"/>
      </object_component>
      <object_component id="oc-1e5">
         <name>.text:_MCBSP_start</name>
         <load_address>0x7f20</load_address>
         <run_address>0x7f20</run_address>
         <size>0x100</size>
         <input_file_ref idref="fl-bb"/>
      </object_component>
      <object_component id="oc-1d6">
         <name>.text:__strasg</name>
         <load_address>0x8020</load_address>
         <run_address>0x8020</run_address>
         <size>0xe0</size>
         <input_file_ref idref="fl-d7"/>
      </object_component>
      <object_component id="oc-1ea">
         <name>.text:_atexit</name>
         <load_address>0x8100</load_address>
         <run_address>0x8100</run_address>
         <size>0xe0</size>
         <input_file_ref idref="fl-d8"/>
      </object_component>
      <object_component id="oc-196">
         <name>.text</name>
         <load_address>0x81e0</load_address>
         <run_address>0x81e0</run_address>
         <size>0xc0</size>
         <input_file_ref idref="fl-cf"/>
      </object_component>
      <object_component id="oc-1ef">
         <name>.text:__IRQ_init</name>
         <load_address>0x82a0</load_address>
         <run_address>0x82a0</run_address>
         <size>0xa0</size>
         <input_file_ref idref="fl-b4"/>
      </object_component>
      <object_component id="oc-1ee">
         <name>.text:_setMux</name>
         <load_address>0x8340</load_address>
         <run_address>0x8340</run_address>
         <size>0xa0</size>
         <input_file_ref idref="fl-b4"/>
      </object_component>
      <object_component id="oc-100">
         <name>.text</name>
         <load_address>0x83e0</load_address>
         <run_address>0x83e0</run_address>
         <size>0x80</size>
         <input_file_ref idref="fl-ad"/>
      </object_component>
      <object_component id="oc-1f7">
         <name>.text:_EDMA_disableChannel</name>
         <load_address>0x8460</load_address>
         <run_address>0x8460</run_address>
         <size>0x60</size>
         <input_file_ref idref="fl-b0"/>
      </object_component>
      <object_component id="oc-1ed">
         <name>.text:_EDMA_enableChannel</name>
         <load_address>0x84c0</load_address>
         <run_address>0x84c0</run_address>
         <size>0x60</size>
         <input_file_ref idref="fl-b0"/>
      </object_component>
      <object_component id="oc-1f6">
         <name>.text:___add_dtor</name>
         <load_address>0x8520</load_address>
         <run_address>0x8520</run_address>
         <size>0x40</size>
         <input_file_ref idref="fl-d9"/>
      </object_component>
      <object_component id="oc-1e1">
         <name>.text:_CSL6713_LIB_</name>
         <load_address>0x8560</load_address>
         <run_address>0x8560</run_address>
         <size>0x20</size>
         <input_file_ref idref="fl-ac"/>
      </object_component>
      <object_component id="oc-1dc">
         <name>.text:__nop</name>
         <load_address>0x8580</load_address>
         <run_address>0x8580</run_address>
         <size>0x20</size>
         <input_file_ref idref="fl-d6"/>
      </object_component>
      <object_component id="oc-1d9">
         <name>.text:__register_lock</name>
         <load_address>0x85a0</load_address>
         <run_address>0x85a0</run_address>
         <size>0x20</size>
         <input_file_ref idref="fl-d6"/>
      </object_component>
      <object_component id="oc-1da">
         <name>.text:__register_unlock</name>
         <load_address>0x85c0</load_address>
         <run_address>0x85c0</run_address>
         <size>0x20</size>
         <input_file_ref idref="fl-d6"/>
      </object_component>
      <object_component id="oc-120">
         <name>.text</name>
         <load_address>0x85e0</load_address>
         <run_address>0x85e0</run_address>
         <size>0x20</size>
         <input_file_ref idref="fl-b4"/>
      </object_component>
      <object_component id="oc-52">
         <name>.cinit</name>
         <load_address>0xc600</load_address>
         <run_address>0xc600</run_address>
         <size>0x864</size>
         <input_file_ref idref="fl-2"/>
      </object_component>
      <object_component id="oc-76">
         <name>.cinit</name>
         <load_address>0xce68</load_address>
         <run_address>0xce68</run_address>
         <size>0x2cc</size>
         <input_file_ref idref="fl-5"/>
      </object_component>
      <object_component id="oc-7f">
         <name>.cinit</name>
         <load_address>0xd138</load_address>
         <run_address>0xd138</run_address>
         <size>0x26c</size>
         <input_file_ref idref="fl-8c"/>
      </object_component>
      <object_component id="oc-128">
         <name>.cinit</name>
         <load_address>0xd3a8</load_address>
         <run_address>0xd3a8</run_address>
         <size>0x1a4</size>
         <input_file_ref idref="fl-b5"/>
      </object_component>
      <object_component id="oc-121">
         <name>.cinit</name>
         <load_address>0xd550</load_address>
         <run_address>0xd550</run_address>
         <size>0x12c</size>
         <input_file_ref idref="fl-b4"/>
      </object_component>
      <object_component id="oc-8e">
         <name>.cinit</name>
         <load_address>0xd680</load_address>
         <run_address>0xd680</run_address>
         <size>0xb0</size>
         <input_file_ref idref="fl-90"/>
      </object_component>
      <object_component id="oc-17d">
         <name>.cinit</name>
         <load_address>0xd730</load_address>
         <run_address>0xd730</run_address>
         <size>0x80</size>
         <input_file_ref idref="fl-c9"/>
      </object_component>
      <object_component id="oc-10f">
         <name>.cinit</name>
         <load_address>0xd7b0</load_address>
         <run_address>0xd7b0</run_address>
         <size>0x70</size>
         <input_file_ref idref="fl-b0"/>
      </object_component>
      <object_component id="oc-198">
         <name>.cinit</name>
         <load_address>0xd820</load_address>
         <run_address>0xd820</run_address>
         <size>0x60</size>
         <input_file_ref idref="fl-cf"/>
      </object_component>
      <object_component id="oc-88">
         <name>.cinit</name>
         <load_address>0xd880</load_address>
         <run_address>0xd880</run_address>
         <size>0x5c</size>
         <input_file_ref idref="fl-8f"/>
      </object_component>
      <object_component id="oc-13f">
         <name>.cinit</name>
         <load_address>0xd8e0</load_address>
         <run_address>0xd8e0</run_address>
         <size>0x54</size>
         <input_file_ref idref="fl-bb"/>
      </object_component>
      <object_component id="oc-dc">
         <name>.cinit</name>
         <load_address>0xd938</load_address>
         <run_address>0xd938</run_address>
         <size>0x4c</size>
         <input_file_ref idref="fl-a4"/>
      </object_component>
      <object_component id="oc-176">
         <name>.cinit</name>
         <load_address>0xd988</load_address>
         <run_address>0xd988</run_address>
         <size>0x4c</size>
         <input_file_ref idref="fl-c8"/>
      </object_component>
      <object_component id="oc-154">
         <name>.cinit</name>
         <load_address>0xd9d8</load_address>
         <run_address>0xd9d8</run_address>
         <size>0x4c</size>
         <input_file_ref idref="fl-c0"/>
      </object_component>
      <object_component id="oc-70">
         <name>.cinit</name>
         <load_address>0xda28</load_address>
         <run_address>0xda28</run_address>
         <size>0x48</size>
         <input_file_ref idref="fl-4"/>
      </object_component>
      <object_component id="oc-fb">
         <name>.cinit</name>
         <load_address>0xda70</load_address>
         <run_address>0xda70</run_address>
         <size>0x3c</size>
         <input_file_ref idref="fl-ac"/>
      </object_component>
      <object_component id="oc-bc">
         <name>.cinit</name>
         <load_address>0xdab0</load_address>
         <run_address>0xdab0</run_address>
         <size>0x34</size>
         <input_file_ref idref="fl-9c"/>
      </object_component>
      <object_component id="oc-a6">
         <name>.cinit</name>
         <load_address>0xdae8</load_address>
         <run_address>0xdae8</run_address>
         <size>0x2c</size>
         <input_file_ref idref="fl-96"/>
      </object_component>
      <object_component id="oc-1cb">
         <name>.cinit</name>
         <load_address>0xdb18</load_address>
         <run_address>0xdb18</run_address>
         <size>0x2c</size>
         <input_file_ref idref="fl-da"/>
      </object_component>
      <object_component id="oc-14a">
         <name>.cinit</name>
         <load_address>0xdb48</load_address>
         <run_address>0xdb48</run_address>
         <size>0x24</size>
         <input_file_ref idref="fl-be"/>
      </object_component>
      <object_component id="oc-18b">
         <name>.cinit</name>
         <load_address>0xdb70</load_address>
         <run_address>0xdb70</run_address>
         <size>0x1c</size>
         <input_file_ref idref="fl-cc"/>
      </object_component>
      <object_component id="oc-1b9">
         <name>.cinit</name>
         <load_address>0xdb90</load_address>
         <run_address>0xdb90</run_address>
         <size>0x1c</size>
         <input_file_ref idref="fl-d6"/>
      </object_component>
      <object_component id="oc-1c1">
         <name>.cinit</name>
         <load_address>0xdbb0</load_address>
         <run_address>0xdbb0</run_address>
         <size>0x1c</size>
         <input_file_ref idref="fl-d8"/>
      </object_component>
      <object_component id="oc-99">
         <name>.cinit</name>
         <load_address>0xdbd0</load_address>
         <run_address>0xdbd0</run_address>
         <size>0x18</size>
         <input_file_ref idref="fl-93"/>
      </object_component>
      <object_component id="oc-1ac">
         <name>.cinit</name>
         <load_address>0xdbe8</load_address>
         <run_address>0xdbe8</run_address>
         <size>0xc</size>
         <input_file_ref idref="fl-d3"/>
      </object_component>
      <object_component id="oc-be">
         <name>.cinit</name>
         <load_address>0xdbf8</load_address>
         <run_address>0xdbf8</run_address>
         <size>0xc</size>
         <input_file_ref idref="fl-9d"/>
      </object_component>
      <object_component id="oc-cb">
         <name>.cinit</name>
         <load_address>0xdc08</load_address>
         <run_address>0xdc08</run_address>
         <size>0xc</size>
         <input_file_ref idref="fl-a0"/>
      </object_component>
      <object_component id="oc-1c6">
         <name>.cinit</name>
         <load_address>0xdc18</load_address>
         <run_address>0xdc18</run_address>
         <size>0xc</size>
         <input_file_ref idref="fl-d9"/>
      </object_component>
      <object_component id="oc-1e7">
         <name>.switch</name>
         <load_address>0x10fe0</load_address>
         <run_address>0x10fe0</run_address>
         <size>0x28</size>
         <input_file_ref idref="fl-c2"/>
      </object_component>
      <object_component id="oc-50">
         <name>.gblinit</name>
         <load_address>0x10ef0</load_address>
         <run_address>0x10ef0</run_address>
         <size>0x58</size>
         <input_file_ref idref="fl-2"/>
      </object_component>
      <object_component id="oc-68">
         <name>.sysinit</name>
         <load_address>0xf280</load_address>
         <run_address>0xf280</run_address>
         <size>0x2e0</size>
         <input_file_ref idref="fl-2"/>
      </object_component>
      <object_component id="oc-146">
         <name>.sysinit</name>
         <load_address>0xf560</load_address>
         <run_address>0xf560</run_address>
         <size>0xe0</size>
         <input_file_ref idref="fl-bd"/>
      </object_component>
      <object_component id="oc-46">
         <name>.sysinit</name>
         <load_address>0xf640</load_address>
         <run_address>0xf640</run_address>
         <size>0xc0</size>
         <input_file_ref idref="fl-9a"/>
      </object_component>
      <object_component id="oc-18f">
         <name>.sysinit</name>
         <load_address>0xf700</load_address>
         <run_address>0xf700</run_address>
         <size>0x80</size>
         <input_file_ref idref="fl-cd"/>
      </object_component>
      <object_component id="oc-14c">
         <name>.sysinit</name>
         <load_address>0xf780</load_address>
         <run_address>0xf780</run_address>
         <size>0x20</size>
         <input_file_ref idref="fl-be"/>
      </object_component>
      <object_component id="oc-ba">
         <name>.trcdata</name>
         <load_address>0x11054</load_address>
         <run_address>0x11054</run_address>
         <size>0xc</size>
         <input_file_ref idref="fl-9b"/>
      </object_component>
      <object_component id="oc-53">
         <name>.rtdx_data</name>
         <uninitialized>true</uninitialized>
         <run_address>0xf7a0</run_address>
         <size>0x410</size>
         <input_file_ref idref="fl-2"/>
      </object_component>
      <object_component id="oc-155">
         <name>.rtdx_data</name>
         <uninitialized>true</uninitialized>
         <run_address>0xfbb0</run_address>
         <size>0x20</size>
         <input_file_ref idref="fl-c0"/>
      </object_component>
      <object_component id="oc-15e">
         <name>.rtdx_data</name>
         <uninitialized>true</uninitialized>
         <run_address>0xfbd0</run_address>
         <size>0x1c</size>
         <input_file_ref idref="fl-c2"/>
      </object_component>
      <object_component id="oc-1d3">
         <name>.rtdx_text:_RTDX_Poll</name>
         <load_address>0xdc40</load_address>
         <run_address>0xdc40</run_address>
         <size>0x400</size>
         <input_file_ref idref="fl-c2"/>
      </object_component>
      <object_component id="oc-1e9">
         <name>.rtdx_text:_RTDX_Buffer_WriteCB</name>
         <load_address>0xe040</load_address>
         <run_address>0xe040</run_address>
         <size>0x340</size>
         <input_file_ref idref="fl-c0"/>
      </object_component>
      <object_component id="oc-1f4">
         <name>.rtdx_text:_RTDX_write_next</name>
         <load_address>0xe380</load_address>
         <run_address>0xe380</run_address>
         <size>0x300</size>
         <input_file_ref idref="fl-c0"/>
      </object_component>
      <object_component id="oc-1f5">
         <name>.rtdx_text:_RTDX_Mon_Queue</name>
         <load_address>0xe680</load_address>
         <run_address>0xe680</run_address>
         <size>0x140</size>
         <input_file_ref idref="fl-c2"/>
      </object_component>
      <object_component id="oc-1f3">
         <name>.rtdx_text:_claim</name>
         <load_address>0xe7c0</load_address>
         <run_address>0xe7c0</run_address>
         <size>0xe0</size>
         <input_file_ref idref="fl-c0"/>
      </object_component>
      <object_component id="oc-1d8">
         <name>.rtdx_text:_RTDX_Init_RT_Monitor</name>
         <load_address>0xe8a0</load_address>
         <run_address>0xe8a0</run_address>
         <size>0x80</size>
         <input_file_ref idref="fl-c2"/>
      </object_component>
      <object_component id="oc-1d7">
         <name>.rtdx_text:_RTDX_Buffer_Initialize</name>
         <load_address>0xe920</load_address>
         <run_address>0xe920</run_address>
         <size>0x60</size>
         <input_file_ref idref="fl-c0"/>
      </object_component>
      <object_component id="oc-1e8">
         <name>.rtdx_text:_RTDX_Buffer_ReadCB</name>
         <load_address>0xe980</load_address>
         <run_address>0xe980</run_address>
         <size>0x60</size>
         <input_file_ref idref="fl-bf"/>
      </object_component>
      <object_component id="oc-1f2">
         <name>.rtdx_text:_RTDX_Buffer_Size</name>
         <load_address>0xe9e0</load_address>
         <run_address>0xe9e0</run_address>
         <size>0x40</size>
         <input_file_ref idref="fl-c0"/>
      </object_component>
      <object_component id="oc-1eb">
         <name>.rtdx_text:_RTDX_Final_RT_Monitor</name>
         <load_address>0xea20</load_address>
         <run_address>0xea20</run_address>
         <size>0x40</size>
         <input_file_ref idref="fl-c2"/>
      </object_component>
      <object_component id="oc-1d4">
         <name>.rtdx_text:_RTDX_Buffer_Read</name>
         <load_address>0xea60</load_address>
         <run_address>0xea60</run_address>
         <size>0x20</size>
         <input_file_ref idref="fl-bf"/>
      </object_component>
      <object_component id="oc-1d5">
         <name>.rtdx_text:_RTDX_Buffer_Write</name>
         <load_address>0xea80</load_address>
         <run_address>0xea80</run_address>
         <size>0x20</size>
         <input_file_ref idref="fl-c0"/>
      </object_component>
      <object_component id="oc-1e6">
         <name>.rtdx_text:_RTDX_checksum</name>
         <load_address>0xeaa0</load_address>
         <run_address>0xeaa0</run_address>
         <size>0x20</size>
         <input_file_ref idref="fl-c2"/>
      </object_component>
      <object_component id="oc-15a">
         <name>.rtdx_text</name>
         <load_address>0xeac0</load_address>
         <run_address>0xeac0</run_address>
         <size>0x20</size>
         <input_file_ref idref="fl-c1"/>
      </object_component>
      <object_component id="oc-60">
         <name>.TSK_idle$stk</name>
         <uninitialized>true</uninitialized>
         <run_address>0xfff0</run_address>
         <size>0x400</size>
         <input_file_ref idref="fl-2"/>
      </object_component>
      <object_component id="oc-61">
         <name>.LED_toggle$stk</name>
         <uninitialized>true</uninitialized>
         <run_address>0xfbf0</run_address>
         <size>0x400</size>
         <input_file_ref idref="fl-2"/>
      </object_component>
      <object_component id="oc-64">
         <name>.LOG_system$buf</name>
         <uninitialized>true</uninitialized>
         <run_address>0x10a00</run_address>
         <size>0x100</size>
         <input_file_ref idref="fl-2"/>
      </object_component>
      <object_component id="oc-59">
         <name>.hst1</name>
         <uninitialized>true</uninitialized>
         <run_address>0xdc2c</run_address>
         <size>0x10</size>
         <input_file_ref idref="fl-2"/>
      </object_component>
      <object_component id="oc-5c">
         <name>.hst0</name>
         <uninitialized>true</uninitialized>
         <run_address>0x10b00</run_address>
         <size>0x100</size>
         <input_file_ref idref="fl-2"/>
      </object_component>
      <object_component id="oc-19b">
         <name>.const</name>
         <load_address>0x10d88</load_address>
         <run_address>0x10d88</run_address>
         <size>0x4e</size>
         <input_file_ref idref="fl-cf"/>
      </object_component>
      <object_component id="oc-9e">
         <name>.const</name>
         <load_address>0x10dd6</load_address>
         <run_address>0x10dd6</run_address>
         <size>0x23</size>
         <input_file_ref idref="fl-94"/>
      </object_component>
      <object_component id="oc-a2">
         <name>.const</name>
         <load_address>0x10df9</load_address>
         <run_address>0x10df9</run_address>
         <size>0x22</size>
         <input_file_ref idref="fl-95"/>
      </object_component>
      <object_component id="oc-10b">
         <name>.const</name>
         <load_address>0x10e1c</load_address>
         <run_address>0x10e1c</run_address>
         <size>0x20</size>
         <input_file_ref idref="fl-af"/>
      </object_component>
      <object_component id="oc-17f">
         <name>.const</name>
         <load_address>0x10e3c</load_address>
         <run_address>0x10e3c</run_address>
         <size>0x1</size>
         <input_file_ref idref="fl-c9"/>
      </object_component>
      <object_component id="oc-57">
         <name>.printf</name>
         <load_address>0x10e3d</load_address>
         <run_address>0x10e3d</run_address>
         <size>0xc4</size>
         <input_file_ref idref="fl-2"/>
      </object_component>
      <object_component id="oc-b6">
         <name>.args</name>
         <load_address>0xdc3c</load_address>
         <run_address>0xdc3c</run_address>
         <size>0x0</size>
         <input_file_ref idref="fl-9a"/>
      </object_component>
      <object_component id="oc-36">
         <name>_SYS_PUTCBEG</name>
         <load_address>0x10770</load_address>
         <run_address>0x10770</run_address>
         <size>0x0</size>
      </object_component>
      <object_component id="oc-38">
         <name>_SYS_PUTCEND</name>
         <load_address>0x10970</load_address>
         <run_address>0x10970</run_address>
         <size>0x0</size>
      </object_component>
      <object_component id="oc-5a">
         <name>.hst</name>
         <uninitialized>true</uninitialized>
         <run_address>0x10f48</run_address>
         <size>0x3c</size>
         <input_file_ref idref="fl-2"/>
      </object_component>
      <object_component id="oc-65">
         <name>.log</name>
         <load_address>0x10f84</load_address>
         <run_address>0x10f84</run_address>
         <size>0x30</size>
         <input_file_ref idref="fl-2"/>
      </object_component>
      <object_component id="oc-5b">
         <name>.pip</name>
         <uninitialized>true</uninitialized>
         <run_address>0x10c00</run_address>
         <size>0xc8</size>
         <input_file_ref idref="fl-2"/>
      </object_component>
      <object_component id="oc-58">
         <name>.sts</name>
         <load_address>0x10970</load_address>
         <run_address>0x10970</run_address>
         <size>0x80</size>
         <input_file_ref idref="fl-2"/>
      </object_component>
      <object_component id="oc-3e">
         <name>GBL_stackbeg</name>
         <uninitialized>true</uninitialized>
         <run_address>0x8600</run_address>
         <size>0x0</size>
      </object_component>
      <object_component id="oc-b7">
         <name>.stack</name>
         <uninitialized>true</uninitialized>
         <run_address>0x8600</run_address>
         <size>0x0</size>
         <input_file_ref idref="fl-9a"/>
      </object_component>
      <object_component id="oc-233">
         <name>.stack</name>
         <uninitialized>true</uninitialized>
         <run_address>0x8600</run_address>
         <size>0x0</size>
      </object_component>
      <object_component id="oc-66">
         <name>.myLOG$buf</name>
         <uninitialized>true</uninitialized>
         <run_address>0x80008000</run_address>
         <size>0x80</size>
         <input_file_ref idref="fl-2"/>
      </object_component>
      <object_component id="oc-6a">
         <name>.debug_info</name>
         <load_address>0x0</load_address>
         <run_address>0x0</run_address>
         <size>0x384</size>
         <input_file_ref idref="fl-2"/>
      </object_component>
      <object_component id="oc-6d">
         <name>.debug_info</name>
         <load_address>0x384</load_address>
         <run_address>0x384</run_address>
         <size>0x5da</size>
         <input_file_ref idref="fl-3"/>
      </object_component>
      <object_component id="oc-6f">
         <name>.debug_info</name>
         <load_address>0x95e</load_address>
         <run_address>0x95e</run_address>
         <size>0xbb9</size>
         <input_file_ref idref="fl-4"/>
      </object_component>
      <object_component id="oc-75">
         <name>.debug_info</name>
         <load_address>0x1517</load_address>
         <run_address>0x1517</run_address>
         <size>0x1f74</size>
         <input_file_ref idref="fl-5"/>
      </object_component>
      <object_component id="oc-7b">
         <name>.debug_info</name>
         <load_address>0x348b</load_address>
         <run_address>0x348b</run_address>
         <size>0xf8</size>
         <input_file_ref idref="fl-8b"/>
      </object_component>
      <object_component id="oc-81">
         <name>.debug_info</name>
         <load_address>0x3583</load_address>
         <run_address>0x3583</run_address>
         <size>0xb9</size>
         <input_file_ref idref="fl-8d"/>
      </object_component>
      <object_component id="oc-84">
         <name>.debug_info</name>
         <load_address>0x363c</load_address>
         <run_address>0x363c</run_address>
         <size>0xaf</size>
         <input_file_ref idref="fl-8e"/>
      </object_component>
      <object_component id="oc-8a">
         <name>.debug_info</name>
         <load_address>0x36eb</load_address>
         <run_address>0x36eb</run_address>
         <size>0x1a5</size>
         <input_file_ref idref="fl-8f"/>
      </object_component>
      <object_component id="oc-8f">
         <name>.debug_info</name>
         <load_address>0x3890</load_address>
         <run_address>0x3890</run_address>
         <size>0x13c</size>
         <input_file_ref idref="fl-90"/>
      </object_component>
      <object_component id="oc-92">
         <name>.debug_info</name>
         <load_address>0x39cc</load_address>
         <run_address>0x39cc</run_address>
         <size>0x607</size>
         <input_file_ref idref="fl-91"/>
      </object_component>
      <object_component id="oc-95">
         <name>.debug_info</name>
         <load_address>0x3fd3</load_address>
         <run_address>0x3fd3</run_address>
         <size>0x6f0</size>
         <input_file_ref idref="fl-92"/>
      </object_component>
      <object_component id="oc-98">
         <name>.debug_info</name>
         <load_address>0x46c3</load_address>
         <run_address>0x46c3</run_address>
         <size>0xf1f</size>
         <input_file_ref idref="fl-93"/>
      </object_component>
      <object_component id="oc-9d">
         <name>.debug_info</name>
         <load_address>0x55e2</load_address>
         <run_address>0x55e2</run_address>
         <size>0x7fd</size>
         <input_file_ref idref="fl-94"/>
      </object_component>
      <object_component id="oc-a1">
         <name>.debug_info</name>
         <load_address>0x5ddf</load_address>
         <run_address>0x5ddf</run_address>
         <size>0x7ea</size>
         <input_file_ref idref="fl-95"/>
      </object_component>
      <object_component id="oc-a5">
         <name>.debug_info</name>
         <load_address>0x65c9</load_address>
         <run_address>0x65c9</run_address>
         <size>0x6d9</size>
         <input_file_ref idref="fl-96"/>
      </object_component>
      <object_component id="oc-aa">
         <name>.debug_info</name>
         <load_address>0x6ca2</load_address>
         <run_address>0x6ca2</run_address>
         <size>0x690</size>
         <input_file_ref idref="fl-97"/>
      </object_component>
      <object_component id="oc-ae">
         <name>.debug_info</name>
         <load_address>0x7332</load_address>
         <run_address>0x7332</run_address>
         <size>0x112</size>
         <input_file_ref idref="fl-98"/>
      </object_component>
      <object_component id="oc-b2">
         <name>.debug_info</name>
         <load_address>0x7444</load_address>
         <run_address>0x7444</run_address>
         <size>0x106</size>
         <input_file_ref idref="fl-99"/>
      </object_component>
      <object_component id="oc-b5">
         <name>.debug_info</name>
         <load_address>0x754a</load_address>
         <run_address>0x754a</run_address>
         <size>0x65a</size>
         <input_file_ref idref="fl-9a"/>
      </object_component>
      <object_component id="oc-c0">
         <name>.debug_info</name>
         <load_address>0x7ba4</load_address>
         <run_address>0x7ba4</run_address>
         <size>0xaf</size>
         <input_file_ref idref="fl-9d"/>
      </object_component>
      <object_component id="oc-c4">
         <name>.debug_info</name>
         <load_address>0x7c53</load_address>
         <run_address>0x7c53</run_address>
         <size>0xb8</size>
         <input_file_ref idref="fl-9e"/>
      </object_component>
      <object_component id="oc-c8">
         <name>.debug_info</name>
         <load_address>0x7d0b</load_address>
         <run_address>0x7d0b</run_address>
         <size>0xaa</size>
         <input_file_ref idref="fl-9f"/>
      </object_component>
      <object_component id="oc-cd">
         <name>.debug_info</name>
         <load_address>0x7db5</load_address>
         <run_address>0x7db5</run_address>
         <size>0x11b</size>
         <input_file_ref idref="fl-a0"/>
      </object_component>
      <object_component id="oc-d1">
         <name>.debug_info</name>
         <load_address>0x7ed0</load_address>
         <run_address>0x7ed0</run_address>
         <size>0xaa</size>
         <input_file_ref idref="fl-a1"/>
      </object_component>
      <object_component id="oc-d5">
         <name>.debug_info</name>
         <load_address>0x7f7a</load_address>
         <run_address>0x7f7a</run_address>
         <size>0x10c</size>
         <input_file_ref idref="fl-a2"/>
      </object_component>
      <object_component id="oc-d9">
         <name>.debug_info</name>
         <load_address>0x8086</load_address>
         <run_address>0x8086</run_address>
         <size>0xd8</size>
         <input_file_ref idref="fl-a3"/>
      </object_component>
      <object_component id="oc-de">
         <name>.debug_info</name>
         <load_address>0x815e</load_address>
         <run_address>0x815e</run_address>
         <size>0x1c2</size>
         <input_file_ref idref="fl-a4"/>
      </object_component>
      <object_component id="oc-e2">
         <name>.debug_info</name>
         <load_address>0x8320</load_address>
         <run_address>0x8320</run_address>
         <size>0xdb</size>
         <input_file_ref idref="fl-a5"/>
      </object_component>
      <object_component id="oc-e6">
         <name>.debug_info</name>
         <load_address>0x83fb</load_address>
         <run_address>0x83fb</run_address>
         <size>0x106</size>
         <input_file_ref idref="fl-a6"/>
      </object_component>
      <object_component id="oc-ea">
         <name>.debug_info</name>
         <load_address>0x8501</load_address>
         <run_address>0x8501</run_address>
         <size>0x60b</size>
         <input_file_ref idref="fl-a7"/>
      </object_component>
      <object_component id="oc-ed">
         <name>.debug_info</name>
         <load_address>0x8b0c</load_address>
         <run_address>0x8b0c</run_address>
         <size>0x5e5</size>
         <input_file_ref idref="fl-a8"/>
      </object_component>
      <object_component id="oc-f0">
         <name>.debug_info</name>
         <load_address>0x90f1</load_address>
         <run_address>0x90f1</run_address>
         <size>0xb7</size>
         <input_file_ref idref="fl-a9"/>
      </object_component>
      <object_component id="oc-f4">
         <name>.debug_info</name>
         <load_address>0x91a8</load_address>
         <run_address>0x91a8</run_address>
         <size>0xb4</size>
         <input_file_ref idref="fl-aa"/>
      </object_component>
      <object_component id="oc-f8">
         <name>.debug_info</name>
         <load_address>0x925c</load_address>
         <run_address>0x925c</run_address>
         <size>0xb1</size>
         <input_file_ref idref="fl-ab"/>
      </object_component>
      <object_component id="oc-fe">
         <name>.debug_info</name>
         <load_address>0x930d</load_address>
         <run_address>0x930d</run_address>
         <size>0xa13</size>
         <input_file_ref idref="fl-ac"/>
      </object_component>
      <object_component id="oc-102">
         <name>.debug_info</name>
         <load_address>0x9d20</load_address>
         <run_address>0x9d20</run_address>
         <size>0x4c3</size>
         <input_file_ref idref="fl-ad"/>
      </object_component>
      <object_component id="oc-107">
         <name>.debug_info</name>
         <load_address>0xa1e3</load_address>
         <run_address>0xa1e3</run_address>
         <size>0x60b</size>
         <input_file_ref idref="fl-ae"/>
      </object_component>
      <object_component id="oc-10d">
         <name>.debug_info</name>
         <load_address>0xa7ee</load_address>
         <run_address>0xa7ee</run_address>
         <size>0x8a7</size>
         <input_file_ref idref="fl-af"/>
      </object_component>
      <object_component id="oc-112">
         <name>.debug_info</name>
         <load_address>0xb095</load_address>
         <run_address>0xb095</run_address>
         <size>0xd09</size>
         <input_file_ref idref="fl-b0"/>
      </object_component>
      <object_component id="oc-114">
         <name>.debug_info</name>
[...]
      </symbol>
      <symbol id="sm-4dc">
         <name>_EDMA_enableChannel</name>
         <value>0x84c0</value>
         <object_component_ref idref="oc-1ed"/>
      </symbol>
      <symbol id="sm-4dd">
         <name>_EDMA_intAlloc</name>
         <value>0x7d20</value>
         <object_component_ref idref="oc-1df"/>
      </symbol>
      <symbol id="sm-4de">
         <name>_EDMA_reset</name>
         <value>0x7980</value>
         <object_component_ref idref="oc-1ec"/>
      </symbol>
      <symbol id="sm-4df">
         <name>_tccAllocTable</name>
         <value>0xf0e0</value>
         <object_component_ref idref="oc-110"/>
      </symbol>
      <symbol id="sm-4e0">
         <name>_EDMA_open</name>
         <value>0x6720</value>
         <object_component_ref idref="oc-1dd"/>
      </symbol>
      <symbol id="sm-4e1">
         <name>_EDMA_disableChannel</name>
         <value>0x8460</value>
         <object_component_ref idref="oc-1f7"/>
      </symbol>
      <symbol id="sm-4e2">
         <name>_EDMA_allocTable</name>
         <value>0x7360</value>
         <object_component_ref idref="oc-1de"/>
      </symbol>
      <symbol id="sm-4ec">
         <name>_GBL_cslCacheInit</name>
         <value>0x3580</value>
         <object_component_ref idref="oc-115"/>
      </symbol>
      <symbol id="sm-4f4">
         <name>GBL_A_VERSION</name>
         <value>0x5205</value>
      </symbol>
      <symbol id="sm-4f5">
         <name>_GBL_getVersion</name>
         <value>0x4380</value>
         <object_component_ref idref="oc-118"/>
      </symbol>
      <symbol id="sm-4fd">
         <name>_HWI_restore</name>
         <value>0x404c</value>
         <object_component_ref idref="oc-11c"/>
      </symbol>
      <symbol id="sm-4fe">
         <name>_HWI_enable</name>
         <value>0x4038</value>
         <object_component_ref idref="oc-11c"/>
      </symbol>
      <symbol id="sm-4ff">
         <name>_HWI_disable</name>
         <value>0x4020</value>
         <object_component_ref idref="oc-11c"/>
      </symbol>
      <symbol id="sm-515">
         <name>__IRQ_eventTable</name>
         <value>0xee78</value>
         <object_component_ref idref="oc-122"/>
      </symbol>
      <symbol id="sm-516">
         <name>__IRQ_intTable</name>
         <value>0xeefc</value>
         <object_component_ref idref="oc-122"/>
      </symbol>
      <symbol id="sm-517">
         <name>_IRQ_map</name>
         <value>0x6fe0</value>
         <object_component_ref idref="oc-1e0"/>
      </symbol>
      <symbol id="sm-518">
         <name>__IRQ_init</name>
         <value>0x82a0</value>
         <object_component_ref idref="oc-1ef"/>
      </symbol>
      <symbol id="sm-519">
         <name>__IRQ_dispatchTable</name>
         <value>0xef3c</value>
         <object_component_ref idref="oc-122"/>
      </symbol>
      <symbol id="sm-51a">
         <name>__IRQ_hookFetchPacket</name>
         <value>0x85e0</value>
         <object_component_ref idref="oc-120"/>
      </symbol>
      <symbol id="sm-526">
         <name>_KNL_maxqueue</name>
         <value>0x10688</value>
         <object_component_ref idref="oc-126"/>
      </symbol>
      <symbol id="sm-527">
         <name>_KNL_inactive</name>
         <value>0x10668</value>
         <object_component_ref idref="oc-126"/>
      </symbol>
      <symbol id="sm-528">
         <name>_KNL_tswitchfxn</name>
         <value>0x1068c</value>
         <object_component_ref idref="oc-126"/>
      </symbol>
      <symbol id="sm-529">
         <name>_KNL_setpri</name>
         <value>0x10664</value>
         <object_component_ref idref="oc-126"/>
      </symbol>
      <symbol id="sm-52a">
         <name>_KNL_swiptr</name>
         <value>0x10680</value>
         <object_component_ref idref="oc-126"/>
      </symbol>
      <symbol id="sm-52b">
         <name>_KNL_dummy</name>
         <value>0xefe4</value>
         <object_component_ref idref="oc-129"/>
      </symbol>
      <symbol id="sm-52c">
         <name>_KNL_curtask</name>
         <value>0x10674</value>
         <object_component_ref idref="oc-126"/>
      </symbol>
      <symbol id="sm-52d">
         <name>_KNL_curqueue</name>
         <value>0x10684</value>
         <object_component_ref idref="oc-126"/>
      </symbol>
      <symbol id="sm-52e">
         <name>_KNL_wList</name>
         <value>0x1065c</value>
         <object_component_ref idref="oc-126"/>
      </symbol>
      <symbol id="sm-52f">
         <name>_KNL_curtime</name>
         <value>0x1067c</value>
         <object_component_ref idref="oc-126"/>
      </symbol>
      <symbol id="sm-530">
         <name>_KNL_set</name>
         <value>0x10670</value>
         <object_component_ref idref="oc-126"/>
      </symbol>
      <symbol id="sm-531">
         <name>_KNL_alarm</name>
         <value>0x10660</value>
         <object_component_ref idref="oc-126"/>
      </symbol>
      <symbol id="sm-532">
         <name>_KNL_prevtask</name>
         <value>0x10678</value>
         <object_component_ref idref="oc-126"/>
      </symbol>
      <symbol id="sm-533">
         <name>_KNL_queues</name>
         <value>0xef44</value>
         <object_component_ref idref="oc-129"/>
      </symbol>
      <symbol id="sm-534">
         <name>_KNL_idlefxn</name>
         <value>0x1069c</value>
         <object_component_ref idref="oc-126"/>
      </symbol>
      <symbol id="sm-535">
         <name>_KNL_priority</name>
         <value>0x1066c</value>
         <object_component_ref idref="oc-126"/>
      </symbol>
      <symbol id="sm-536">
         <name>_KNL_treadyfxn</name>
         <value>0x10698</value>
         <object_component_ref idref="oc-126"/>
      </symbol>
      <symbol id="sm-537">
         <name>_KNL_tcreatefxn</name>
         <value>0x10690</value>
         <object_component_ref idref="oc-126"/>
      </symbol>
      <symbol id="sm-538">
         <name>_KNL_wFlag</name>
         <value>0x10658</value>
         <object_component_ref idref="oc-126"/>
      </symbol>
      <symbol id="sm-539">
         <name>_KNL_tdeletefxn</name>
         <value>0x10694</value>
         <object_component_ref idref="oc-126"/>
      </symbol>
      <symbol id="sm-543">
         <name>_KNL_exit</name>
         <value>0x3660</value>
         <object_component_ref idref="oc-12c"/>
      </symbol>
      <symbol id="sm-544">
         <name>_KNL_enter</name>
         <value>0x36b4</value>
         <object_component_ref idref="oc-12c"/>
      </symbol>
      <symbol id="sm-54c">
         <name>__KNL_lat1beg</name>
         <value>0x3490</value>
         <object_component_ref idref="oc-12f"/>
      </symbol>
      <symbol id="sm-54d">
         <name>__KNL_lat1end</name>
         <value>0x3518</value>
         <object_component_ref idref="oc-12f"/>
      </symbol>
      <symbol id="sm-54e">
         <name>_KNL_max</name>
         <value>0x353c</value>
         <object_component_ref idref="oc-12f"/>
      </symbol>
      <symbol id="sm-54f">
         <name>_KNL_check</name>
         <value>0x3440</value>
         <object_component_ref idref="oc-12f"/>
      </symbol>
      <symbol id="sm-550">
         <name>_KNL_idle</name>
         <value>0x3518</value>
         <object_component_ref idref="oc-12f"/>
      </symbol>
      <symbol id="sm-55a">
         <name>_KNL_post</name>
         <value>0x3aa0</value>
         <object_component_ref idref="oc-134"/>
      </symbol>
      <symbol id="sm-564">
         <name>_KNL_ipost</name>
         <value>0x39e0</value>
         <object_component_ref idref="oc-138"/>
      </symbol>
      <symbol id="sm-56e">
         <name>_KNL_run</name>
         <value>0x1b20</value>
         <object_component_ref idref="oc-13c"/>
      </symbol>
      <symbol id="sm-580">
         <name>_MCBSP_reset</name>
         <value>0x7500</value>
         <object_component_ref idref="oc-1f1"/>
      </symbol>
      <symbol id="sm-581">
         <name>_MCBSP_open</name>
         <value>0x7e20</value>
         <object_component_ref idref="oc-1e4"/>
      </symbol>
      <symbol id="sm-582">
         <name>__MCBSP_hDev0</name>
         <value>0xf1a0</value>
         <object_component_ref idref="oc-140"/>
      </symbol>
      <symbol id="sm-583">
         <name>__MCBSP_hDev1</name>
         <value>0xf1a4</value>
         <object_component_ref idref="oc-140"/>
      </symbol>
      <symbol id="sm-584">
         <name>_MCBSP_start</name>
         <value>0x7f20</value>
         <object_component_ref idref="oc-1e5"/>
      </symbol>
      <symbol id="sm-588">
         <name>_MEM</name>
         <value>0x1076c</value>
         <object_component_ref idref="oc-144"/>
      </symbol>
      <symbol id="sm-592">
         <name>_MEM_init</name>
         <value>0xf560</value>
         <object_component_ref idref="oc-146"/>
      </symbol>
      <symbol id="sm-5a0">
         <name>_OBJ_table</name>
         <value>0xf078</value>
         <object_component_ref idref="oc-14b"/>
      </symbol>
      <symbol id="sm-5a1">
         <name>_OBJ_init</name>
         <value>0xf780</value>
         <object_component_ref idref="oc-14c"/>
      </symbol>
      <symbol id="sm-5a2">
         <name>_OBJ_segtab</name>
         <value>0xf0b0</value>
         <object_component_ref idref="oc-14b"/>
      </symbol>
      <symbol id="sm-5ae">
         <name>_RTDX_Buffer_ReadCB</name>
         <value>0xe980</value>
         <object_component_ref idref="oc-1e8"/>
      </symbol>
      <symbol id="sm-5af">
         <name>RTDX_NORMALIZED_HDR</name>
         <value>0x1</value>
      </symbol>
      <symbol id="sm-5b0">
         <name>_RTDX_Buffer_Read</name>
         <value>0xea60</value>
         <object_component_ref idref="oc-1d4"/>
      </symbol>
      <symbol id="sm-5cc">
         <name>_rtdx_buffer_state</name>
         <value>0xfbb0</value>
         <object_component_ref idref="oc-155"/>
      </symbol>
      <symbol id="sm-5cd">
         <name>_RTDX_Buffer_WriteCB</name>
         <value>0xe040</value>
         <object_component_ref idref="oc-1e9"/>
      </symbol>
      <symbol id="sm-5ce">
         <name>_rtdxNullChanCnt</name>
         <value>0x1073c</value>
         <object_component_ref idref="oc-152"/>
      </symbol>
      <symbol id="sm-5cf">
         <name>_RTDX_writing</name>
         <value>0xfbbc</value>
         <object_component_ref idref="oc-155"/>
      </symbol>
      <symbol id="sm-5d0">
         <name>_RTDX_Buffer_Initialize</name>
         <value>0xe920</value>
         <object_component_ref idref="oc-1d7"/>
      </symbol>
      <symbol id="sm-5d1">
         <name>_RTDX_Buffer_Write</name>
         <value>0xea80</value>
         <object_component_ref idref="oc-1d5"/>
      </symbol>
      <symbol id="sm-5d2">
         <name>_rtdxNullFuncCnt</name>
         <value>0x10740</value>
         <object_component_ref idref="oc-152"/>
      </symbol>
      <symbol id="sm-5d3">
         <name>_RTDX_Buffer_Size</name>
         <value>0xe9e0</value>
         <object_component_ref idref="oc-1f2"/>
      </symbol>
      <symbol id="sm-5dd">
         <name>_RTDX_Mask_IER</name>
         <value>0xeac0</value>
         <object_component_ref idref="oc-15a"/>
      </symbol>
      <symbol id="sm-5f5">
         <name>_RTDX_Mon_Queue</name>
         <value>0xe680</value>
         <object_component_ref idref="oc-1f5"/>
      </symbol>
      <symbol id="sm-5f6">
         <name>_rtdx_mon_state</name>
         <value>0xfbd0</value>
         <object_component_ref idref="oc-15e"/>
      </symbol>
      <symbol id="sm-5f7">
         <name>_RTDX_JTAGONLY</name>
         <value>0x2</value>
      </symbol>
      <symbol id="sm-5f8">
         <name>_RTDX_Final_RT_Monitor</name>
         <value>0xea20</value>
         <object_component_ref idref="oc-1eb"/>
      </symbol>
      <symbol id="sm-5f9">
         <name>_RTDX_Poll</name>
         <value>0xdc40</value>
         <object_component_ref idref="oc-1d3"/>
      </symbol>
      <symbol id="sm-5fa">
         <name>_RTDX_Init_RT_Monitor</name>
         <value>0xe8a0</value>
         <object_component_ref idref="oc-1d8"/>
      </symbol>
      <symbol id="sm-602">
         <name>_SEM_pendBinary</name>
         <value>0x4080</value>
         <object_component_ref idref="oc-162"/>
      </symbol>
      <symbol id="sm-60c">
         <name>_SEM_pendEnterKnl</name>
         <value>0x20a0</value>
         <object_component_ref idref="oc-167"/>
      </symbol>
      <symbol id="sm-614">
         <name>_SEM_postBinary</name>
         <value>0x3820</value>
         <object_component_ref idref="oc-16a"/>
      </symbol>
      <symbol id="sm-615">
         <name>_SEM_post</name>
         <value>0x3820</value>
         <object_component_ref idref="oc-16a"/>
      </symbol>
      <symbol id="sm-61f">
         <name>_SEM_postEnterKnl</name>
         <value>0x3740</value>
         <object_component_ref idref="oc-16f"/>
      </symbol>
      <symbol id="sm-627">
         <name>_STS_set</name>
         <value>0x43c0</value>
         <object_component_ref idref="oc-172"/>
      </symbol>
      <symbol id="sm-637">
         <name>_TIMER_reset</name>
         <value>0x7c00</value>
         <object_component_ref idref="oc-1f9"/>
      </symbol>
      <symbol id="sm-638">
         <name>_TIMER_open</name>
         <value>0x7ac0</value>
         <object_component_ref idref="oc-1f0"/>
      </symbol>
      <symbol id="sm-639">
         <name>__TIMER_hDev0</name>
         <value>0xf21c</value>
         <object_component_ref idref="oc-177"/>
      </symbol>
      <symbol id="sm-63a">
         <name>__TIMER_hDev1</name>
         <value>0xf220</value>
         <object_component_ref idref="oc-177"/>
      </symbol>
      <symbol id="sm-63b">
         <name>__TIMER_hBios</name>
         <value>0xf224</value>
         <object_component_ref idref="oc-177"/>
      </symbol>
      <symbol id="sm-63c">
         <name>__TIMER_deviceTable</name>
         <value>0xf204</value>
         <object_component_ref idref="oc-177"/>
      </symbol>
      <symbol id="sm-64a">
         <name>_TSK_nTasks</name>
         <value>0x10744</value>
         <object_component_ref idref="oc-17b"/>
      </symbol>
      <symbol id="sm-64b">
         <name>_TSK_config</name>
         <value>0xf038</value>
         <object_component_ref idref="oc-17e"/>
      </symbol>
      <symbol id="sm-64c">
         <name>_TSK</name>
         <value>0x1074c</value>
         <object_component_ref idref="oc-17b"/>
      </symbol>
      <symbol id="sm-64d">
         <name>_TSK_timerSem</name>
         <value>0xf058</value>
         <object_component_ref idref="oc-17e"/>
      </symbol>
      <symbol id="sm-64e">
         <name>_TSK_pid</name>
         <value>0x10748</value>
         <object_component_ref idref="oc-17b"/>
      </symbol>
      <symbol id="sm-64f">
         <name>_TSK_ATTRS</name>
         <value>0xf01c</value>
         <object_component_ref idref="oc-17e"/>
      </symbol>
      <symbol id="sm-659">
         <name>_TSK_exit</name>
         <value>0x2fa0</value>
         <object_component_ref idref="oc-182"/>
      </symbol>
      <symbol id="sm-663">
         <name>_SYS_exit</name>
         <value>0x3c20</value>
         <object_component_ref idref="oc-186"/>
      </symbol>
      <symbol id="sm-66f">
         <name>_SYS_exitStack</name>
         <value>0xf228</value>
         <object_component_ref idref="oc-18c"/>
      </symbol>
      <symbol id="sm-670">
         <name>_SYS_exitStackPtr</name>
         <value>0x10758</value>
         <object_component_ref idref="oc-189"/>
      </symbol>
      <symbol id="sm-671">
         <name>_SYS_exitStackTop</name>
         <value>0x1075c</value>
         <object_component_ref idref="oc-189"/>
      </symbol>
      <symbol id="sm-67b">
         <name>_TSK_init</name>
         <value>0xf700</value>
         <object_component_ref idref="oc-18f"/>
      </symbol>
      <symbol id="sm-685">
         <name>_TSK_setup</name>
         <value>0x2a20</value>
         <object_component_ref idref="oc-193"/>
      </symbol>
      <symbol id="sm-697">
         <name>__MEM_mutex</name>
         <value>0xf148</value>
         <object_component_ref idref="oc-199"/>
      </symbol>
      <symbol id="sm-698">
         <name>_TSK_startup</name>
         <value>0x3380</value>
         <object_component_ref idref="oc-19a"/>
      </symbol>
      <symbol id="sm-699">
         <name>__TSK_mutex</name>
         <value>0xf120</value>
         <object_component_ref idref="oc-199"/>
      </symbol>
      <symbol id="sm-6a3">
         <name>_LCK_pend</name>
         <value>0x3b90</value>
         <object_component_ref idref="oc-19f"/>
      </symbol>
      <symbol id="sm-6a4">
         <name>_LCK_post</name>
         <value>0x3b60</value>
         <object_component_ref idref="oc-19f"/>
      </symbol>
      <symbol id="sm-6ac">
         <name>_SEM_pend</name>
         <value>0x40e0</value>
         <object_component_ref idref="oc-1a2"/>
      </symbol>
      <symbol id="sm-6b6">
         <name>_SYS_abort</name>
         <value>0x4140</value>
         <object_component_ref idref="oc-1a7"/>
      </symbol>
      <symbol id="sm-6c4">
         <name>__GBL_setL2CacheMode</name>
         <value>0xc34</value>
         <object_component_ref idref="oc-1ad"/>
      </symbol>
      <symbol id="sm-6ce">
         <name>__SEM_dopost</name>
         <value>0x2800</value>
         <object_component_ref idref="oc-1b1"/>
      </symbol>
      <symbol id="sm-6d8">
         <name>__auto_init</name>
         <value>0x3140</value>
         <object_component_ref idref="oc-1b5"/>
      </symbol>
      <symbol id="sm-6ea">
         <name>__unlock</name>
         <value>0xf274</value>
         <object_component_ref idref="oc-1ba"/>
      </symbol>
      <symbol id="sm-6eb">
         <name>__lock</name>
         <value>0xf270</value>
         <object_component_ref idref="oc-1ba"/>
      </symbol>
      <symbol id="sm-6ec">
         <name>__register_lock</name>
         <value>0x85a0</value>
         <object_component_ref idref="oc-1d9"/>
      </symbol>
      <symbol id="sm-6ed">
         <name>__nop</name>
         <value>0x8580</value>
         <object_component_ref idref="oc-1dc"/>
      </symbol>
      <symbol id="sm-6ee">
         <name>__register_unlock</name>
         <value>0x85c0</value>
         <object_component_ref idref="oc-1da"/>
      </symbol>
      <symbol id="sm-6f6">
         <name>__strasg</name>
         <value>0x8020</value>
         <object_component_ref idref="oc-1d6"/>
      </symbol>
      <symbol id="sm-704">
         <name>_atexit</name>
         <value>0x8100</value>
         <object_component_ref idref="oc-1ea"/>
      </symbol>
      <symbol id="sm-705">
         <name>___atexit_func_id__</name>
         <value>0xecc8</value>
         <object_component_ref idref="oc-1c2"/>
      </symbol>
      <symbol id="sm-715">
         <name>_dtors</name>
         <value>0xf278</value>
         <object_component_ref idref="oc-1c7"/>
      </symbol>
      <symbol id="sm-716">
         <name>_call_dtors</name>
         <value>0x7820</value>
         <object_component_ref idref="oc-1fa"/>
      </symbol>
      <symbol id="sm-717">
         <name>___add_dtor</name>
         <value>0x8520</value>
         <object_component_ref idref="oc-1f6"/>
      </symbol>
      <symbol id="sm-723">
         <name>___TI_enable_exit_profile_output</name>
         <value>0xf26c</value>
         <object_component_ref idref="oc-1cc"/>
      </symbol>
      <symbol id="sm-724">
         <name>__cleanup_ptr</name>
         <value>0xf264</value>
         <object_component_ref idref="oc-1cc"/>
      </symbol>
      <symbol id="sm-725">
         <name>__dtors_ptr</name>
         <value>0xf268</value>
         <object_component_ref idref="oc-1cc"/>
      </symbol>
      <symbol id="sm-72f">
         <name>_memcpy</name>
         <value>0x69a0</value>
         <object_component_ref idref="oc-1db"/>
      </symbol>
   </symbol_table>
</link_info>
