<?xml version="1.0"?>
<link_info>
   <banner>TMS320C6x Linker PC v7.4.16</banner>
   <copyright>Copyright (c) 1996-2015 Texas Instruments Incorporated</copyright>
   <link_time>0x5b057f29</link_time>
   <output_file>SSB.out</output_file>
   <entry_point>
      <name>_c_int00</name>
      <address>0xf6c0</address>
   </entry_point>
   <input_file_list>
      <input_file id="fl-2">
         <path>.\</path>
         <kind>object</kind>
         <file>BIOS_configcfg.obj</file>
         <name>BIOS_configcfg.obj</name>
      </input_file>
      <input_file id="fl-3">
         <path>.\</path>
         <kind>object</kind>
         <file>BIOS_configcfg_c.obj</file>
         <name>BIOS_configcfg_c.obj</name>
      </input_file>
      <input_file id="fl-4">
         <path>.\</path>
         <kind>object</kind>
         <file>FirInt.obj</file>
         <name>FirInt.obj</name>
      </input_file>
      <input_file id="fl-5">
         <path>.\</path>
         <kind>object</kind>
         <file>bit_rev.obj</file>
         <name>bit_rev.obj</name>
      </input_file>
      <input_file id="fl-6">
         <path>.\</path>
         <kind>object</kind>
         <file>config_AIC23.obj</file>
         <name>config_AIC23.obj</name>
      </input_file>
      <input_file id="fl-7">
         <path>.\</path>
         <kind>object</kind>
         <file>fastFolding.obj</file>
         <name>fastFolding.obj</name>
      </input_file>
      <input_file id="fl-8">
         <path>.\</path>
         <kind>object</kind>
         <file>skeletonmod flo.obj</file>
         <name>skeletonmod flo.obj</name>
      </input_file>
      <input_file id="fl-8e">
         <path>C:\ti\bios_5_42_02_10\packages\ti\bios\lib\</path>
         <kind>archive</kind>
         <file>biosC6000.a67</file>
         <name>clk_htime.o67</name>
      </input_file>
      <input_file id="fl-8f">
         <path>C:\ti\bios_5_42_02_10\packages\ti\bios\lib\</path>
         <kind>archive</kind>
         <file>bios.a67</file>
         <name>biosdata.o67</name>
      </input_file>
      <input_file id="fl-90">
         <path>C:\ti\bios_5_42_02_10\packages\ti\bios\lib\</path>
         <kind>archive</kind>
         <file>bios.a67</file>
         <name>hwi_disp_asm.o67</name>
      </input_file>
      <input_file id="fl-91">
         <path>C:\ti\bios_5_42_02_10\packages\ti\bios\lib\</path>
         <kind>archive</kind>
         <file>bios.a67</file>
         <name>idl_stub.o67</name>
      </input_file>
      <input_file id="fl-92">
         <path>C:\ti\bios_5_42_02_10\packages\ti\bios\lib\</path>
         <kind>archive</kind>
         <file>lnkrtdx.a67</file>
         <name>rtdx.o67</name>
      </input_file>
      <input_file id="fl-93">
         <path>C:\ti\bios_5_42_02_10\packages\ti\bios\lib\</path>
         <kind>archive</kind>
         <file>bios.a67</file>
         <name>swi.o67</name>
      </input_file>
      <input_file id="fl-94">
         <path>C:\ti\bios_5_42_02_10\packages\ti\bios\lib\</path>
         <kind>archive</kind>
         <file>bios.a67</file>
         <name>fxn_c.o67</name>
      </input_file>
      <input_file id="fl-95">
         <path>C:\ti\bios_5_42_02_10\packages\ti\bios\lib\</path>
         <kind>archive</kind>
         <file>bios.a67</file>
         <name>gbl_cslpllinit62.o67</name>
      </input_file>
      <input_file id="fl-96">
         <path>C:\ti\bios_5_42_02_10\packages\ti\bios\lib\</path>
         <kind>archive</kind>
         <file>bios.a67</file>
         <name>knl_tick.o67</name>
      </input_file>
      <input_file id="fl-97">
         <path>C:\ti\bios_5_42_02_10\packages\ti\bios\lib\</path>
         <kind>archive</kind>
         <file>bios.a67</file>
         <name>utl_doab.o67</name>
      </input_file>
      <input_file id="fl-98">
         <path>C:\ti\bios_5_42_02_10\packages\ti\bios\lib\</path>
         <kind>archive</kind>
         <file>bios.a67</file>
         <name>utl_doer.o67</name>
      </input_file>
      <input_file id="fl-99">
         <path>C:\ti\bios_5_42_02_10\packages\ti\bios\lib\</path>
         <kind>archive</kind>
         <file>bios.a67</file>
         <name>utl_putc.o67</name>
      </input_file>
      <input_file id="fl-9a">
         <path>C:\ti\bios_5_42_02_10\packages\ti\bios\lib\</path>
         <kind>archive</kind>
         <file>bios.a67</file>
         <name>utl_halt.o67</name>
      </input_file>
      <input_file id="fl-9b">
         <path>C:\ti\bios_5_42_02_10\packages\ti\bios\lib\</path>
         <kind>archive</kind>
         <file>biosC6000.a67</file>
         <name>clk.o67</name>
      </input_file>
      <input_file id="fl-9c">
         <path>C:\ti\bios_5_42_02_10\packages\ti\bios\lib\</path>
         <kind>archive</kind>
         <file>bios.a67</file>
         <name>fxn.o67</name>
      </input_file>
      <input_file id="fl-9d">
         <path>C:\ti\bios_5_42_02_10\packages\ti\bios\lib\</path>
         <kind>archive</kind>
         <file>bios.a67</file>
         <name>boot.o67</name>
      </input_file>
      <input_file id="fl-9e">
         <path>C:\ti\bios_5_42_02_10\packages\ti\bios\lib\</path>
         <kind>archive</kind>
         <file>bios.a67</file>
         <name>trc.o67</name>
      </input_file>
      <input_file id="fl-9f">
         <path>C:\ti\bios_5_42_02_10\packages\ti\bios\lib\</path>
         <kind>archive</kind>
         <file>bios.a67</file>
         <name>hwi.o67</name>
      </input_file>
      <input_file id="fl-a0">
         <path>C:\ti\bios_5_42_02_10\packages\ti\bios\lib\</path>
         <kind>archive</kind>
         <file>bios.a67</file>
         <name>idl_busy.o67</name>
      </input_file>
      <input_file id="fl-a1">
         <path>C:\ti\bios_5_42_02_10\packages\ti\bios\lib\</path>
         <kind>archive</kind>
         <file>biosC6000.a67</file>
         <name>idl_cal.o67</name>
      </input_file>
      <input_file id="fl-a2">
         <path>C:\ti\bios_5_42_02_10\packages\ti\bios\lib\</path>
         <kind>archive</kind>
         <file>bios.a67</file>
         <name>idl.o67</name>
      </input_file>
      <input_file id="fl-a3">
         <path>C:\ti\bios_5_42_02_10\packages\ti\bios\lib\</path>
         <kind>archive</kind>
         <file>bios.a67</file>
         <name>knl_swit.o67</name>
      </input_file>
      <input_file id="fl-a4">
         <path>C:\ti\bios_5_42_02_10\packages\ti\bios\lib\</path>
         <kind>archive</kind>
         <file>bios.a67</file>
         <name>log.o67</name>
      </input_file>
      <input_file id="fl-a5">
         <path>C:\ti\bios_5_42_02_10\packages\ti\bios\lib\</path>
         <kind>archive</kind>
         <file>bios.a67</file>
         <name>pip.o67</name>
      </input_file>
      <input_file id="fl-a6">
         <path>C:\ti\bios_5_42_02_10\packages\ti\bios\lib\</path>
         <kind>archive</kind>
         <file>bios.a67</file>
         <name>prd.o67</name>
      </input_file>
      <input_file id="fl-a7">
         <path>C:\ti\bios_5_42_02_10\packages\ti\bios\lib\</path>
         <kind>archive</kind>
         <file>bios.a67</file>
         <name>rta.o67</name>
      </input_file>
      <input_file id="fl-a8">
         <path>C:\ti\bios_5_42_02_10\packages\ti\bios\lib\</path>
         <kind>archive</kind>
         <file>bios.a67</file>
         <name>rta_andn.o67</name>
      </input_file>
      <input_file id="fl-a9">
         <path>C:\ti\bios_5_42_02_10\packages\ti\bios\lib\</path>
         <kind>archive</kind>
         <file>bios.a67</file>
         <name>sts.o67</name>
      </input_file>
      <input_file id="fl-aa">
         <path>C:\ti\bios_5_42_02_10\packages\ti\bios\lib\</path>
         <kind>archive</kind>
         <file>bios.a67</file>
         <name>clk_data.o67</name>
      </input_file>
      <input_file id="fl-ab">
         <path>C:\ti\bios_5_42_02_10\packages\ti\bios\lib\</path>
         <kind>archive</kind>
         <file>bios.a67</file>
         <name>clk_data2.o67</name>
      </input_file>
      <input_file id="fl-ac">
         <path>C:\ti\bios_5_42_02_10\packages\ti\bios\lib\</path>
         <kind>archive</kind>
         <file>biosC6000.a67</file>
         <name>clk_meas.o67</name>
      </input_file>
      <input_file id="fl-ad">
         <path>C:\ti\bios_5_42_02_10\packages\ti\bios\lib\</path>
         <kind>archive</kind>
         <file>biosC6000.a67</file>
         <name>clk_start.o67</name>
      </input_file>
      <input_file id="fl-ae">
         <path>C:\ti\bios_5_42_02_10\packages\ti\bios\lib\</path>
         <kind>archive</kind>
         <file>biosC6000.a67</file>
         <name>clk_stop.o67</name>
      </input_file>
      <input_file id="fl-af">
         <path>C:\ti\C6xCSL\lib_3x\</path>
         <kind>archive</kind>
         <file>csl6713.lib</file>
         <name>csl.obj</name>
      </input_file>
      <input_file id="fl-b0">
         <path>C:\ti\DSK6713\c6000\dsk6713\lib\</path>
         <kind>archive</kind>
         <file>dsk6713bsl.lib</file>
         <name>dsk6713_dip.obj</name>
      </input_file>
      <input_file id="fl-b1">
         <path>C:\ti\DSK6713\c6000\dsk6713\lib\</path>
         <kind>archive</kind>
         <file>dsk6713bsl.lib</file>
         <name>dsk6713_led.obj</name>
      </input_file>
      <input_file id="fl-b2">
         <path>C:\ti\DSK6713\c6000\dsk6713\lib\</path>
         <kind>archive</kind>
         <file>dsk6713bsl.lib</file>
         <name>dsk6713.obj</name>
      </input_file>
      <input_file id="fl-b3">
         <path>C:\ti\C6xCSL\lib_3x\</path>
         <kind>archive</kind>
         <file>csl6713.lib</file>
         <name>csl_edma.obj</name>
      </input_file>
      <input_file id="fl-b4">
         <path>C:\ti\bios_5_42_02_10\packages\ti\bios\lib\</path>
         <kind>archive</kind>
         <file>bios.a67</file>
         <name>gbl_cslcacheinit.o67</name>
      </input_file>
      <input_file id="fl-b5">
         <path>C:\ti\bios_5_42_02_10\packages\ti\bios\lib\</path>
         <kind>archive</kind>
         <file>bios.a67</file>
         <name>gbl_vers.o67</name>
      </input_file>
      <input_file id="fl-b6">
         <path>C:\ti\bios_5_42_02_10\packages\ti\bios\lib\</path>
         <kind>archive</kind>
         <file>bios.a67</file>
         <name>hwi_c.o67</name>
      </input_file>
      <input_file id="fl-b7">
         <path>C:\ti\C6xCSL\lib_3x\</path>
         <kind>archive</kind>
         <file>csl6713.lib</file>
         <name>csl_irq.obj</name>
      </input_file>
      <input_file id="fl-b8">
         <path>C:\ti\bios_5_42_02_10\packages\ti\bios\lib\</path>
         <kind>archive</kind>
         <file>bios.a67</file>
         <name>knl.o67</name>
      </input_file>
      <input_file id="fl-b9">
         <path>C:\ti\bios_5_42_02_10\packages\ti\bios\lib\</path>
         <kind>archive</kind>
         <file>bios.a67</file>
         <name>knl_exit.o67</name>
      </input_file>
      <input_file id="fl-ba">
         <path>C:\ti\bios_5_42_02_10\packages\ti\bios\lib\</path>
         <kind>archive</kind>
         <file>bios.a67</file>
         <name>knl_chec.o67</name>
      </input_file>
      <input_file id="fl-bb">
         <path>C:\ti\bios_5_42_02_10\packages\ti\bios\lib\</path>
         <kind>archive</kind>
         <file>bios.a67</file>
         <name>knl_post.o67</name>
      </input_file>
      <input_file id="fl-bc">
         <path>C:\ti\bios_5_42_02_10\packages\ti\bios\lib\</path>
         <kind>archive</kind>
         <file>bios.a67</file>
         <name>knl_ipos.o67</name>
      </input_file>
      <input_file id="fl-bd">
         <path>C:\ti\bios_5_42_02_10\packages\ti\bios\lib\</path>
         <kind>archive</kind>
         <file>bios.a67</file>
         <name>knl_run.o67</name>
      </input_file>
      <input_file id="fl-be">
         <path>C:\ti\C6xCSL\lib_3x\</path>
         <kind>archive</kind>
         <file>csl6713.lib</file>
         <name>csl_mcbsp.obj</name>
      </input_file>
      <input_file id="fl-bf">
         <path>C:\ti\bios_5_42_02_10\packages\ti\bios\lib\</path>
         <kind>archive</kind>
         <file>bios.a67</file>
         <name>mem_asm.o67</name>
      </input_file>
      <input_file id="fl-c0">
         <path>C:\ti\bios_5_42_02_10\packages\ti\bios\lib\</path>
         <kind>archive</kind>
         <file>bios.a67</file>
         <name>mem_init.o67</name>
      </input_file>
      <input_file id="fl-c1">
         <path>C:\ti\bios_5_42_02_10\packages\ti\bios\lib\</path>
         <kind>archive</kind>
         <file>bios.a67</file>
         <name>obj_init.o67</name>
      </input_file>
      <input_file id="fl-c2">
         <path>C:\ti\bios_5_42_02_10\packages\ti\rtdx\lib\c6000\</path>
         <kind>archive</kind>
         <file>rtdx.lib</file>
         <name>buffer2.o62</name>
      </input_file>
      <input_file id="fl-c3">
         <path>C:\ti\bios_5_42_02_10\packages\ti\rtdx\lib\c6000\</path>
         <kind>archive</kind>
         <file>rtdx.lib</file>
         <name>buffer1.o62</name>
      </input_file>
      <input_file id="fl-c4">
         <path>C:\ti\bios_5_42_02_10\packages\ti\rtdx\lib\c6000\</path>
         <kind>archive</kind>
         <file>rtdx.lib</file>
         <name>intr_tgt.o62</name>
      </input_file>
      <input_file id="fl-c5">
         <path>C:\ti\bios_5_42_02_10\packages\ti\rtdx\lib\c6000\</path>
         <kind>archive</kind>
         <file>rtdx.lib</file>
         <name>rtdx_mon.o62</name>
      </input_file>
      <input_file id="fl-c6">
         <path>C:\ti\bios_5_42_02_10\packages\ti\bios\lib\</path>
         <kind>archive</kind>
         <file>bios.a67</file>
         <name>sem_pend_binary.o67</name>
      </input_file>
      <input_file id="fl-c7">
         <path>C:\ti\bios_5_42_02_10\packages\ti\bios\lib\</path>
         <kind>archive</kind>
         <file>bios.a67</file>
         <name>sem_pend.o67</name>
      </input_file>
      <input_file id="fl-c8">
         <path>C:\ti\bios_5_42_02_10\packages\ti\bios\lib\</path>
         <kind>archive</kind>
         <file>bios.a67</file>
         <name>sem_post_asm.o67</name>
      </input_file>
      <input_file id="fl-c9">
         <path>C:\ti\bios_5_42_02_10\packages\ti\bios\lib\</path>
         <kind>archive</kind>
         <file>bios.a67</file>
         <name>sem_post.o67</name>
      </input_file>
      <input_file id="fl-ca">
         <path>C:\ti\bios_5_42_02_10\packages\ti\bios\lib\</path>
         <kind>archive</kind>
         <file>bios.a67</file>
         <name>sts_set.o67</name>
      </input_file>
      <input_file id="fl-cb">
         <path>C:\ti\C6xCSL\lib_3x\</path>
         <kind>archive</kind>
         <file>csl6713.lib</file>
         <name>csl_timer.obj</name>
      </input_file>
      <input_file id="fl-cc">
         <path>C:\ti\bios_5_42_02_10\packages\ti\bios\lib\</path>
         <kind>archive</kind>
         <file>bios.a67</file>
         <name>tsk.o67</name>
      </input_file>
      <input_file id="fl-cd">
         <path>C:\ti\bios_5_42_02_10\packages\ti\bios\lib\</path>
         <kind>archive</kind>
         <file>bios.a67</file>
         <name>tsk_exit.o67</name>
      </input_file>
      <input_file id="fl-ce">
         <path>C:\ti\bios_5_42_02_10\packages\ti\bios\lib\</path>
         <kind>archive</kind>
         <file>bios.a67</file>
         <name>sys_exit.o67</name>
      </input_file>
      <input_file id="fl-cf">
         <path>C:\ti\bios_5_42_02_10\packages\ti\bios\lib\</path>
         <kind>archive</kind>
         <file>bios.a67</file>
         <name>sys.o67</name>
      </input_file>
      <input_file id="fl-d0">
         <path>C:\ti\bios_5_42_02_10\packages\ti\bios\lib\</path>
         <kind>archive</kind>
         <file>bios.a67</file>
         <name>tsk_init.o67</name>
      </input_file>
      <input_file id="fl-d1">
         <path>C:\ti\bios_5_42_02_10\packages\ti\bios\lib\</path>
         <kind>archive</kind>
         <file>bios.a67</file>
         <name>tsk_setu.o67</name>
      </input_file>
      <input_file id="fl-d2">
         <path>C:\ti\bios_5_42_02_10\packages\ti\bios\lib\</path>
         <kind>archive</kind>
         <file>bios.a67</file>
         <name>tsk_stup.o67</name>
      </input_file>
      <input_file id="fl-d3">
         <path>C:\ti\bios_5_42_02_10\packages\ti\bios\lib\</path>
         <kind>archive</kind>
         <file>bios.a67</file>
         <name>lck.o67</name>
      </input_file>
      <input_file id="fl-d4">
         <path>C:\ti\bios_5_42_02_10\packages\ti\bios\lib\</path>
         <kind>archive</kind>
         <file>bios.a67</file>
         <name>sem_pend_counting.o67</name>
      </input_file>
      <input_file id="fl-d5">
         <path>C:\ti\bios_5_42_02_10\packages\ti\bios\lib\</path>
         <kind>archive</kind>
         <file>bios.a67</file>
         <name>sys_abor.o67</name>
      </input_file>
      <input_file id="fl-d6">
         <path>C:\ti\bios_5_42_02_10\packages\ti\bios\lib\</path>
         <kind>archive</kind>
         <file>bios.a67</file>
         <name>gbl_setL2CacheMode.o67</name>
      </input_file>
      <input_file id="fl-d7">
         <path>C:\ti\bios_5_42_02_10\packages\ti\bios\lib\</path>
         <kind>archive</kind>
         <file>bios.a67</file>
         <name>sem_dopo.o67</name>
      </input_file>
      <input_file id="fl-d8">
         <path>C:\ti\bios_5_42_02_10\packages\ti\bios\lib\</path>
         <kind>archive</kind>
         <file>bios.a67</file>
         <name>autoinit.o67</name>
      </input_file>
      <input_file id="fl-d9">
         <path>C:\ti\ccsv6\tools\compiler\c6000_7.4.16\lib\</path>
         <kind>archive</kind>
         <file>rts6700.lib</file>
         <name>divf.obj</name>
      </input_file>
      <input_file id="fl-da">
         <path>C:\ti\ccsv6\tools\compiler\c6000_7.4.16\lib\</path>
         <kind>archive</kind>
         <file>rts6700.lib</file>
         <name>divi.obj</name>
      </input_file>
      <input_file id="fl-db">
         <path>C:\ti\ccsv6\tools\compiler\c6000_7.4.16\lib\</path>
         <kind>archive</kind>
         <file>rts6700.lib</file>
         <name>_lock.obj</name>
      </input_file>
      <input_file id="fl-dc">
         <path>C:\ti\ccsv6\tools\compiler\c6000_7.4.16\lib\</path>
         <kind>archive</kind>
         <file>rts6700.lib</file>
         <name>strasg.obj</name>
      </input_file>
      <input_file id="fl-dd">
         <path>C:\ti\ccsv6\tools\compiler\c6000_7.4.16\lib\</path>
         <kind>archive</kind>
         <file>rts6700.lib</file>
         <name>atexit.obj</name>
      </input_file>
      <input_file id="fl-de">
         <path>C:\ti\ccsv6\tools\compiler\c6000_7.4.16\lib\</path>
         <kind>archive</kind>
         <file>rts6700.lib</file>
         <name>sinit.obj</name>
      </input_file>
      <input_file id="fl-df">
         <path>C:\ti\ccsv6\tools\compiler\c6000_7.4.16\lib\</path>
         <kind>archive</kind>
         <file>rts6700.lib</file>
         <name>exit.obj</name>
      </input_file>
      <input_file id="fl-e0">
         <path>C:\ti\ccsv6\tools\compiler\c6000_7.4.16\lib\</path>
         <kind>archive</kind>
         <file>rts6700.lib</file>
         <name>memcpy62.obj</name>
      </input_file>
   </input_file_list>
   <object_component_list>
      <object_component id="oc-6e">
         <name>.datenpuffer</name>
         <uninitialized>true</uninitialized>
         <run_address>0x20000</run_address>
         <size>0xc4f0</size>
         <input_file_ref idref="fl-8"/>
      </object_component>
      <object_component id="oc-69">
         <name>.vers</name>
         <load_address>0x0</load_address>
         <run_address>0x0</run_address>
         <size>0x40</size>
         <input_file_ref idref="fl-2"/>
      </object_component>
      <object_component id="oc-55">
         <name>.clk</name>
         <uninitialized>true</uninitialized>
         <run_address>0xf2f8</run_address>
         <size>0x8</size>
         <input_file_ref idref="fl-2"/>
      </object_component>
      <object_component id="oc-56">
         <name>.prd</name>
         <uninitialized>true</uninitialized>
         <run_address>0x11088</run_address>
         <size>0x20</size>
         <input_file_ref idref="fl-2"/>
      </object_component>
      <object_component id="oc-8">
         <name>HWI_A_VECS</name>
         <load_address>0x0</load_address>
         <run_address>0x0</run_address>
         <size>0x0</size>
      </object_component>
      <object_component id="oc-5d">
         <name>.hwi_vec</name>
         <load_address>0x0</load_address>
         <run_address>0x0</run_address>
         <size>0x200</size>
         <input_file_ref idref="fl-2"/>
      </object_component>
      <object_component id="oc-5e">
         <name>.swi</name>
         <uninitialized>true</uninitialized>
         <run_address>0x10e40</run_address>
         <size>0xb0</size>
         <input_file_ref idref="fl-2"/>
      </object_component>
      <object_component id="oc-5f">
         <name>.tsk</name>
         <uninitialized>true</uninitialized>
         <run_address>0x10cc8</run_address>
         <size>0xc0</size>
         <input_file_ref idref="fl-2"/>
      </object_component>
      <object_component id="oc-63">
         <name>.idl</name>
         <uninitialized>true</uninitialized>
         <run_address>0xf2e8</run_address>
         <size>0x10</size>
         <input_file_ref idref="fl-2"/>
      </object_component>
      <object_component id="oc-62">
         <name>.idlcal</name>
         <uninitialized>true</uninitialized>
         <run_address>0x109f0</run_address>
         <size>0x10</size>
         <input_file_ref idref="fl-2"/>
      </object_component>
      <object_component id="oc-4a">
         <name>.bss</name>
         <uninitialized>true</uninitialized>
         <run_address>0x1075c</run_address>
         <size>0x28</size>
         <input_file_ref idref="fl-2"/>
      </object_component>
      <object_component id="oc-6c">
         <name>.bss</name>
         <uninitialized>true</uninitialized>
         <run_address>0x10720</run_address>
         <size>0x3c</size>
         <input_file_ref idref="fl-8"/>
      </object_component>
      <object_component id="oc-73">
         <name>.bss</name>
         <uninitialized>true</uninitialized>
         <run_address>0x10570</run_address>
         <size>0xcc</size>
         <input_file_ref idref="fl-8f"/>
      </object_component>
      <object_component id="oc-75">
         <name>.bss</name>
         <uninitialized>true</uninitialized>
         <run_address>0x10470</run_address>
         <size>0x100</size>
         <input_file_ref idref="fl-90"/>
      </object_component>
      <object_component id="oc-7c">
         <name>.bss</name>
         <uninitialized>true</uninitialized>
         <run_address>0x1079c</run_address>
         <size>0x18</size>
         <input_file_ref idref="fl-92"/>
      </object_component>
      <object_component id="oc-82">
         <name>.bss</name>
         <uninitialized>true</uninitialized>
         <run_address>0x1063c</run_address>
         <size>0x9c</size>
         <input_file_ref idref="fl-93"/>
      </object_component>
      <object_component id="oc-b0">
         <name>.bss</name>
         <uninitialized>true</uninitialized>
         <run_address>0x10784</run_address>
         <size>0x18</size>
         <input_file_ref idref="fl-9f"/>
      </object_component>
      <object_component id="oc-b2">
         <name>.bss</name>
         <uninitialized>true</uninitialized>
         <run_address>0x107e8</run_address>
         <size>0x4</size>
         <input_file_ref idref="fl-a0"/>
      </object_component>
      <object_component id="oc-de">
         <name>.bss</name>
         <uninitialized>true</uninitialized>
         <run_address>0x107d0</run_address>
         <size>0x8</size>
         <input_file_ref idref="fl-aa"/>
      </object_component>
      <object_component id="oc-e1">
         <name>.bss</name>
         <uninitialized>true</uninitialized>
         <run_address>0x107e0</run_address>
         <size>0x4</size>
         <input_file_ref idref="fl-ab"/>
      </object_component>
      <object_component id="oc-11b">
         <name>.bss</name>
         <uninitialized>true</uninitialized>
         <run_address>0x106d8</run_address>
         <size>0x48</size>
         <input_file_ref idref="fl-b8"/>
      </object_component>
      <object_component id="oc-139">
         <name>.bss</name>
         <uninitialized>true</uninitialized>
         <run_address>0x107ec</run_address>
         <size>0x4</size>
         <input_file_ref idref="fl-bf"/>
      </object_component>
      <object_component id="oc-147">
         <name>.bss</name>
         <uninitialized>true</uninitialized>
         <run_address>0x107b4</run_address>
         <size>0x10</size>
         <input_file_ref idref="fl-c3"/>
      </object_component>
      <object_component id="oc-170">
         <name>.bss</name>
         <uninitialized>true</uninitialized>
         <run_address>0x107c4</run_address>
         <size>0xc</size>
         <input_file_ref idref="fl-cc"/>
      </object_component>
      <object_component id="oc-17e">
         <name>.bss</name>
         <uninitialized>true</uninitialized>
         <run_address>0x107d8</run_address>
         <size>0x8</size>
         <input_file_ref idref="fl-cf"/>
      </object_component>
      <object_component id="oc-19f">
         <name>.bss</name>
         <uninitialized>true</uninitialized>
         <run_address>0x107e4</run_address>
         <size>0x4</size>
         <input_file_ref idref="fl-d6"/>
      </object_component>
      <object_component id="oc-6b">
         <name>.far</name>
         <uninitialized>true</uninitialized>
         <run_address>0xf210</run_address>
         <size>0x34</size>
         <input_file_ref idref="fl-6"/>
      </object_component>
      <object_component id="oc-6f">
         <name>.far</name>
         <uninitialized>true</uninitialized>
         <run_address>0xf188</run_address>
         <size>0x50</size>
         <input_file_ref idref="fl-8"/>
      </object_component>
      <object_component id="oc-8f">
         <name>.far</name>
         <uninitialized>true</uninitialized>
         <run_address>0xf2b0</run_address>
         <size>0x10</size>
         <input_file_ref idref="fl-96"/>
      </object_component>
      <object_component id="oc-9c">
         <name>.far</name>
         <uninitialized>true</uninitialized>
         <run_address>0xf2c0</run_address>
         <size>0xc</size>
         <input_file_ref idref="fl-99"/>
      </object_component>
      <object_component id="oc-f1">
         <name>.far</name>
         <uninitialized>true</uninitialized>
         <run_address>0xf244</run_address>
         <size>0x28</size>
         <input_file_ref idref="fl-af"/>
      </object_component>
      <object_component id="oc-fa">
         <name>.far</name>
         <uninitialized>true</uninitialized>
         <run_address>0xf2e6</run_address>
         <size>0x2</size>
         <input_file_ref idref="fl-b1"/>
      </object_component>
      <object_component id="oc-ff">
         <name>.far</name>
         <uninitialized>true</uninitialized>
         <run_address>0xf2e4</run_address>
         <size>0x2</size>
         <input_file_ref idref="fl-b2"/>
      </object_component>
      <object_component id="oc-105">
         <name>.far</name>
         <uninitialized>true</uninitialized>
         <run_address>0xf0e4</run_address>
         <size>0x54</size>
         <input_file_ref idref="fl-b3"/>
      </object_component>
      <object_component id="oc-117">
         <name>.far</name>
         <uninitialized>true</uninitialized>
         <run_address>0xee68</run_address>
         <size>0xf4</size>
         <input_file_ref idref="fl-b7"/>
      </object_component>
      <object_component id="oc-11e">
         <name>.far</name>
         <uninitialized>true</uninitialized>
         <run_address>0xef5c</run_address>
         <size>0xd8</size>
         <input_file_ref idref="fl-b8"/>
      </object_component>
      <object_component id="oc-135">
         <name>.far</name>
         <uninitialized>true</uninitialized>
         <run_address>0xf1d8</run_address>
         <size>0x38</size>
         <input_file_ref idref="fl-be"/>
      </object_component>
      <object_component id="oc-140">
         <name>.far</name>
         <uninitialized>true</uninitialized>
         <run_address>0xf090</run_address>
         <size>0x54</size>
         <input_file_ref idref="fl-c1"/>
      </object_component>
      <object_component id="oc-16c">
         <name>.far</name>
         <uninitialized>true</uninitialized>
         <run_address>0xf26c</run_address>
         <size>0x24</size>
         <input_file_ref idref="fl-cb"/>
      </object_component>
      <object_component id="oc-173">
         <name>.far</name>
         <uninitialized>true</uninitialized>
         <run_address>0xf034</run_address>
         <size>0x5c</size>
         <input_file_ref idref="fl-cc"/>
      </object_component>
      <object_component id="oc-181">
         <name>.far</name>
         <uninitialized>true</uninitialized>
         <run_address>0xf290</run_address>
         <size>0x20</size>
         <input_file_ref idref="fl-cf"/>
      </object_component>
      <object_component id="oc-18e">
         <name>.far</name>
         <uninitialized>true</uninitialized>
         <run_address>0xf138</run_address>
         <size>0x50</size>
         <input_file_ref idref="fl-d2"/>
      </object_component>
      <object_component id="oc-1b5">
         <name>.far</name>
         <uninitialized>true</uninitialized>
         <run_address>0xf2d8</run_address>
         <size>0x8</size>
         <input_file_ref idref="fl-db"/>
      </object_component>
      <object_component id="oc-1bd">
         <name>.far</name>
         <uninitialized>true</uninitialized>
         <run_address>0xece0</run_address>
         <size>0x188</size>
         <input_file_ref idref="fl-dd"/>
      </object_component>
      <object_component id="oc-1c2">
         <name>.far</name>
         <uninitialized>true</uninitialized>
         <run_address>0xf2e0</run_address>
         <size>0x4</size>
         <input_file_ref idref="fl-de"/>
      </object_component>
      <object_component id="oc-1c7">
         <name>.far</name>
         <uninitialized>true</uninitialized>
         <run_address>0xf2cc</run_address>
         <size>0xc</size>
         <input_file_ref idref="fl-df"/>
      </object_component>
      <object_component id="oc-67">
         <name>.sem</name>
         <uninitialized>true</uninitialized>
         <run_address>0x11034</run_address>
         <size>0x2c</size>
         <input_file_ref idref="fl-2"/>
      </object_component>
      <object_component id="oc-51">
         <name>.mem</name>
         <uninitialized>true</uninitialized>
         <run_address>0x110c4</run_address>
         <size>0x4</size>
         <input_file_ref idref="fl-2"/>
      </object_component>
      <object_component id="oc-7e">
         <name>.bios</name>
         <load_address>0x46e0</load_address>
         <run_address>0x46e0</run_address>
         <size>0x600</size>
         <input_file_ref idref="fl-92"/>
      </object_component>
      <object_component id="oc-1a2">
         <name>.bios</name>
         <load_address>0x4ce0</load_address>
         <run_address>0x4ce0</run_address>
         <size>0x5e0</size>
         <input_file_ref idref="fl-d6"/>
      </object_component>
      <object_component id="oc-47">
         <name>.bios</name>
         <load_address>0x52c0</load_address>
         <run_address>0x52c0</run_address>
         <size>0x540</size>
         <input_file_ref idref="fl-93"/>
      </object_component>
      <object_component id="oc-48">
         <name>.bios</name>
         <load_address>0x5800</load_address>
         <run_address>0x5800</run_address>
         <size>0x460</size>
         <input_file_ref idref="fl-90"/>
      </object_component>
      <object_component id="oc-cd">
         <name>.bios</name>
         <load_address>0x5c60</load_address>
         <run_address>0x5c60</run_address>
         <size>0x3a0</size>
         <input_file_ref idref="fl-a6"/>
      </object_component>
      <object_component id="oc-131">
         <name>.bios</name>
         <load_address>0x6000</load_address>
         <run_address>0x6000</run_address>
         <size>0x2c0</size>
         <input_file_ref idref="fl-bd"/>
      </object_component>
      <object_component id="oc-d2">
         <name>.bios</name>
         <load_address>0x62c0</load_address>
         <run_address>0x62c0</run_address>
         <size>0x2c0</size>
         <input_file_ref idref="fl-a7"/>
      </object_component>
      <object_component id="oc-15c">
         <name>.bios</name>
         <load_address>0x6580</load_address>
         <run_address>0x6580</run_address>
         <size>0x2c0</size>
         <input_file_ref idref="fl-c7"/>
      </object_component>
      <object_component id="oc-4c">
         <name>.bios</name>
         <load_address>0x6840</load_address>
         <run_address>0x6840</run_address>
         <size>0x260</size>
         <input_file_ref idref="fl-96"/>
      </object_component>
      <object_component id="oc-c9">
         <name>.bios</name>
         <load_address>0x6aa0</load_address>
         <run_address>0x6aa0</run_address>
         <size>0x240</size>
         <input_file_ref idref="fl-a5"/>
      </object_component>
      <object_component id="oc-1a6">
         <name>.bios</name>
         <load_address>0x6ce0</load_address>
         <run_address>0x6ce0</run_address>
         <size>0x220</size>
         <input_file_ref idref="fl-d7"/>
      </object_component>
      <object_component id="oc-188">
         <name>.bios</name>
         <load_address>0x6f00</load_address>
         <run_address>0x6f00</run_address>
         <size>0x200</size>
         <input_file_ref idref="fl-d1"/>
      </object_component>
      <object_component id="oc-c1">
         <name>.bios</name>
         <load_address>0x7100</load_address>
         <run_address>0x7100</run_address>
         <size>0x1c0</size>
         <input_file_ref idref="fl-a3"/>
      </object_component>
      <object_component id="oc-a2">
         <name>.bios</name>
         <load_address>0x72c0</load_address>
         <run_address>0x72c0</run_address>
         <size>0x1c0</size>
         <input_file_ref idref="fl-9b"/>
      </object_component>
      <object_component id="oc-177">
         <name>.bios</name>
         <load_address>0x7480</load_address>
         <run_address>0x7480</run_address>
         <size>0x1a0</size>
         <input_file_ref idref="fl-cd"/>
      </object_component>
      <object_component id="oc-1aa">
         <name>.bios</name>
         <load_address>0x7620</load_address>
         <run_address>0x7620</run_address>
         <size>0x180</size>
         <input_file_ref idref="fl-d8"/>
      </object_component>
      <object_component id="oc-18f">
         <name>.bios</name>
         <load_address>0x77a0</load_address>
         <run_address>0x77a0</run_address>
         <size>0x180</size>
         <input_file_ref idref="fl-d2"/>
      </object_component>
      <object_component id="oc-124">
         <name>.bios</name>
         <load_address>0x7920</load_address>
         <run_address>0x7920</run_address>
         <size>0x140</size>
         <input_file_ref idref="fl-ba"/>
      </object_component>
      <object_component id="oc-10a">
         <name>.bios</name>
         <load_address>0x7a60</load_address>
         <run_address>0x7a60</run_address>
         <size>0xe0</size>
         <input_file_ref idref="fl-b4"/>
      </object_component>
      <object_component id="oc-121">
         <name>.bios</name>
         <load_address>0x7b40</load_address>
         <run_address>0x7b40</run_address>
         <size>0xe0</size>
         <input_file_ref idref="fl-b9"/>
      </object_component>
      <object_component id="oc-164">
         <name>.bios</name>
         <load_address>0x7c20</load_address>
         <run_address>0x7c20</run_address>
         <size>0xe0</size>
         <input_file_ref idref="fl-c9"/>
      </object_component>
      <object_component id="oc-15f">
         <name>.bios</name>
         <load_address>0x7d00</load_address>
         <run_address>0x7d00</run_address>
         <size>0xe0</size>
         <input_file_ref idref="fl-c8"/>
      </object_component>
      <object_component id="oc-e4">
         <name>.bios</name>
         <load_address>0x7de0</load_address>
         <run_address>0x7de0</run_address>
         <size>0xe0</size>
         <input_file_ref idref="fl-ac"/>
      </object_component>
      <object_component id="oc-12d">
         <name>.bios</name>
         <load_address>0x7ec0</load_address>
         <run_address>0x7ec0</run_address>
         <size>0xc0</size>
         <input_file_ref idref="fl-bc"/>
      </object_component>
      <object_component id="oc-129">
         <name>.bios</name>
         <load_address>0x7f80</load_address>
         <run_address>0x7f80</run_address>
         <size>0xc0</size>
         <input_file_ref idref="fl-bb"/>
      </object_component>
      <object_component id="oc-194">
         <name>.bios</name>
         <load_address>0x8040</load_address>
         <run_address>0x8040</run_address>
         <size>0xc0</size>
         <input_file_ref idref="fl-d3"/>
      </object_component>
      <object_component id="oc-17b">
         <name>.bios</name>
         <load_address>0x8100</load_address>
         <run_address>0x8100</run_address>
         <size>0xc0</size>
         <input_file_ref idref="fl-ce"/>
      </object_component>
      <object_component id="oc-49">
         <name>.bios</name>
         <load_address>0x81c0</load_address>
         <run_address>0x81c0</run_address>
         <size>0xc0</size>
         <input_file_ref idref="fl-8e"/>
      </object_component>
      <object_component id="oc-a6">
         <name>.bios</name>
         <load_address>0x8280</load_address>
         <run_address>0x8280</run_address>
         <size>0x80</size>
         <input_file_ref idref="fl-9c"/>
      </object_component>
      <object_component id="oc-b4">
         <name>.bios</name>
         <load_address>0x8300</load_address>
         <run_address>0x8300</run_address>
         <size>0x80</size>
         <input_file_ref idref="fl-a0"/>
      </object_component>
      <object_component id="oc-c5">
         <name>.bios</name>
         <load_address>0x8380</load_address>
         <run_address>0x8380</run_address>
         <size>0x80</size>
         <input_file_ref idref="fl-a4"/>
      </object_component>
      <object_component id="oc-da">
         <name>.bios</name>
         <load_address>0x8400</load_address>
         <run_address>0x8400</run_address>
         <size>0x80</size>
         <input_file_ref idref="fl-a9"/>
      </object_component>
      <object_component id="oc-b8">
         <name>.bios</name>
         <load_address>0x8480</load_address>
         <run_address>0x8480</run_address>
         <size>0x80</size>
         <input_file_ref idref="fl-a1"/>
      </object_component>
      <object_component id="oc-111">
         <name>.bios</name>
         <load_address>0x8500</load_address>
         <run_address>0x8500</run_address>
         <size>0x60</size>
         <input_file_ref idref="fl-b6"/>
      </object_component>
      <object_component id="oc-157">
         <name>.bios</name>
         <load_address>0x8560</load_address>
         <run_address>0x8560</run_address>
         <size>0x60</size>
         <input_file_ref idref="fl-c6"/>
      </object_component>
      <object_component id="oc-197">
         <name>.bios</name>
         <load_address>0x85c0</load_address>
         <run_address>0x85c0</run_address>
         <size>0x60</size>
         <input_file_ref idref="fl-d4"/>
      </object_component>
      <object_component id="oc-19c">
         <name>.bios</name>
         <load_address>0x8620</load_address>
         <run_address>0x8620</run_address>
         <size>0x60</size>
         <input_file_ref idref="fl-d5"/>
      </object_component>
      <object_component id="oc-4b">
         <name>.bios</name>
         <load_address>0x8680</load_address>
         <run_address>0x8680</run_address>
         <size>0x60</size>
         <input_file_ref idref="fl-99"/>
      </object_component>
      <object_component id="oc-e8">
         <name>.bios</name>
         <load_address>0x86e0</load_address>
         <run_address>0x86e0</run_address>
         <size>0x60</size>
         <input_file_ref idref="fl-ad"/>
      </object_component>
      <object_component id="oc-44">
         <name>.bios</name>
         <load_address>0x8740</load_address>
         <run_address>0x8740</run_address>
         <size>0x40</size>
         <input_file_ref idref="fl-91"/>
      </object_component>
      <object_component id="oc-d6">
         <name>.bios</name>
         <load_address>0x8780</load_address>
         <run_address>0x8780</run_address>
         <size>0x40</size>
         <input_file_ref idref="fl-a8"/>
      </object_component>
      <object_component id="oc-43">
         <name>.bios</name>
         <load_address>0x87c0</load_address>
         <run_address>0x87c0</run_address>
         <size>0x40</size>
         <input_file_ref idref="fl-97"/>
      </object_component>
      <object_component id="oc-ec">
         <name>.bios</name>
         <load_address>0x8800</load_address>
         <run_address>0x8800</run_address>
         <size>0x40</size>
         <input_file_ref idref="fl-ae"/>
      </object_component>
      <object_component id="oc-4f">
         <name>.bios</name>
         <load_address>0x8840</load_address>
         <run_address>0x8840</run_address>
         <size>0x20</size>
         <input_file_ref idref="fl-94"/>
      </object_component>
      <object_component id="oc-10d">
         <name>.bios</name>
         <load_address>0x8860</load_address>
         <run_address>0x8860</run_address>
         <size>0x20</size>
         <input_file_ref idref="fl-b5"/>
      </object_component>
      <object_component id="oc-bc">
         <name>.bios</name>
         <load_address>0x8880</load_address>
         <run_address>0x8880</run_address>
         <size>0x20</size>
         <input_file_ref idref="fl-a2"/>
      </object_component>
      <object_component id="oc-167">
         <name>.bios</name>
         <load_address>0x88a0</load_address>
         <run_address>0x88a0</run_address>
         <size>0x20</size>
         <input_file_ref idref="fl-ca"/>
      </object_component>
      <object_component id="oc-4e">
         <name>.bios</name>
         <load_address>0x88c0</load_address>
         <run_address>0x88c0</run_address>
         <size>0x20</size>
         <input_file_ref idref="fl-98"/>
      </object_component>
      <object_component id="oc-4d">
         <name>.bios</name>
         <load_address>0x88e0</load_address>
         <run_address>0x88e0</run_address>
         <size>0x20</size>
         <input_file_ref idref="fl-9a"/>
      </object_component>
      <object_component id="oc-14b">
         <name>.pinit</name>
         <load_address>0xde34</load_address>
         <run_address>0xde34</run_address>
         <size>0x4</size>
         <input_file_ref idref="fl-c3"/>
      </object_component>
      <object_component id="oc-154">
         <name>.pinit</name>
         <load_address>0xde38</load_address>
         <run_address>0xde38</run_address>
         <size>0x4</size>
         <input_file_ref idref="fl-c5"/>
      </object_component>
      <object_component id="oc-54">
         <name>.sys</name>
         <uninitialized>true</uninitialized>
         <run_address>0x110a8</run_address>
         <size>0x10</size>
         <input_file_ref idref="fl-2"/>
      </object_component>
      <object_component id="oc-1cd">
         <name>.text</name>
         <load_address>0x200</load_address>
         <run_address>0x200</run_address>
         <size>0x14c0</size>
         <input_file_ref idref="fl-8"/>
      </object_component>
      <object_component id="oc-1d8">
         <name>.text</name>
         <load_address>0x16c0</load_address>
         <run_address>0x16c0</run_address>
         <size>0x900</size>
         <input_file_ref idref="fl-4"/>
      </object_component>
      <object_component id="oc-fe">
         <name>.text</name>
         <load_address>0x1fc0</load_address>
         <run_address>0x1fc0</run_address>
         <size>0x480</size>
         <input_file_ref idref="fl-b2"/>
      </object_component>
      <object_component id="oc-1df">
         <name>.text</name>
         <load_address>0x2440</load_address>
         <run_address>0x2440</run_address>
         <size>0x2a0</size>
         <input_file_ref idref="fl-6"/>
      </object_component>
      <object_component id="oc-1d9">
         <name>.text:_EDMA_open</name>
         <load_address>0x26e0</load_address>
         <run_address>0x26e0</run_address>
         <size>0x280</size>
         <input_file_ref idref="fl-b3"/>
      </object_component>
      <object_component id="oc-1d6">
         <name>.text:_memcpy</name>
         <load_address>0x2960</load_address>
         <run_address>0x2960</run_address>
         <size>0x240</size>
         <input_file_ref idref="fl-e0"/>
      </object_component>
      <object_component id="oc-1de">
         <name>.text:__CSL_init</name>
         <load_address>0x2ba0</load_address>
         <run_address>0x2ba0</run_address>
         <size>0x220</size>
         <input_file_ref idref="fl-af"/>
      </object_component>
      <object_component id="oc-f9">
         <name>.text</name>
         <load_address>0x2dc0</load_address>
         <run_address>0x2dc0</run_address>
         <size>0x1e0</size>
         <input_file_ref idref="fl-b1"/>
      </object_component>
      <object_component id="oc-1dc">
         <name>.text:_IRQ_map</name>
         <load_address>0x2fa0</load_address>
         <run_address>0x2fa0</run_address>
         <size>0x1c0</size>
         <input_file_ref idref="fl-b7"/>
      </object_component>
      <object_component id="oc-1f5">
         <name>.text:_mux2Tables</name>
         <load_address>0x3160</load_address>
         <run_address>0x3160</run_address>
         <size>0x1c0</size>
         <input_file_ref idref="fl-b7"/>
      </object_component>
      <object_component id="oc-1da">
         <name>.text:_EDMA_allocTable</name>
         <load_address>0x3320</load_address>
         <run_address>0x3320</run_address>
         <size>0x1a0</size>
         <input_file_ref idref="fl-b3"/>
      </object_component>
      <object_component id="oc-1ee">
         <name>.text:_MCBSP_reset</name>
         <load_address>0x34c0</load_address>
         <run_address>0x34c0</run_address>
         <size>0x1a0</size>
         <input_file_ref idref="fl-be"/>
      </object_component>
      <object_component id="oc-45">
         <name>.text</name>
         <load_address>0x3660</load_address>
         <run_address>0x3660</run_address>
         <size>0x180</size>
         <input_file_ref idref="fl-95"/>
      </object_component>
      <object_component id="oc-1f7">
         <name>.text:_call_dtors</name>
         <load_address>0x37e0</load_address>
         <run_address>0x37e0</run_address>
         <size>0x160</size>
         <input_file_ref idref="fl-de"/>
      </object_component>
      <object_component id="oc-1e9">
         <name>.text:_EDMA_reset</name>
         <load_address>0x3940</load_address>
         <run_address>0x3940</run_address>
         <size>0x140</size>
         <input_file_ref idref="fl-b3"/>
      </object_component>
      <object_component id="oc-1ed">
         <name>.text:_TIMER_open</name>
         <load_address>0x3a80</load_address>
         <run_address>0x3a80</run_address>
         <size>0x140</size>
         <input_file_ref idref="fl-cb"/>
      </object_component>
      <object_component id="oc-1f6">
         <name>.text:_TIMER_reset</name>
         <load_address>0x3bc0</load_address>
         <run_address>0x3bc0</run_address>
         <size>0x120</size>
         <input_file_ref idref="fl-cb"/>
      </object_component>
      <object_component id="oc-1e8">
         <name>.text:__divi</name>
         <load_address>0x3ce0</load_address>
         <run_address>0x3ce0</run_address>
         <size>0x120</size>
         <input_file_ref idref="fl-da"/>
      </object_component>
      <object_component id="oc-1db">
         <name>.text:_EDMA_intAlloc</name>
         <load_address>0x3e00</load_address>
         <run_address>0x3e00</run_address>
         <size>0x100</size>
         <input_file_ref idref="fl-b3"/>
      </object_component>
      <object_component id="oc-1e0">
         <name>.text:_MCBSP_open</name>
         <load_address>0x3f00</load_address>
         <run_address>0x3f00</run_address>
         <size>0x100</size>
         <input_file_ref idref="fl-be"/>
      </object_component>
      <object_component id="oc-1e1">
         <name>.text:_MCBSP_start</name>
         <load_address>0x4000</load_address>
         <run_address>0x4000</run_address>
         <size>0x100</size>
         <input_file_ref idref="fl-be"/>
      </object_component>
      <object_component id="oc-1d1">
         <name>.text:__strasg</name>
         <load_address>0x4100</load_address>
         <run_address>0x4100</run_address>
         <size>0xe0</size>
         <input_file_ref idref="fl-dc"/>
      </object_component>
      <object_component id="oc-1e6">
         <name>.text:_atexit</name>
         <load_address>0x41e0</load_address>
         <run_address>0x41e0</run_address>
         <size>0xe0</size>
         <input_file_ref idref="fl-dd"/>
      </object_component>
      <object_component id="oc-18b">
         <name>.text</name>
         <load_address>0x42c0</load_address>
         <run_address>0x42c0</run_address>
         <size>0xc0</size>
         <input_file_ref idref="fl-d2"/>
      </object_component>
      <object_component id="oc-1ec">
         <name>.text:__IRQ_init</name>
         <load_address>0x4380</load_address>
         <run_address>0x4380</run_address>
         <size>0xa0</size>
         <input_file_ref idref="fl-b7"/>
      </object_component>
      <object_component id="oc-1eb">
         <name>.text:_setMux</name>
         <load_address>0x4420</load_address>
         <run_address>0x4420</run_address>
         <size>0xa0</size>
         <input_file_ref idref="fl-b7"/>
      </object_component>
      <object_component id="oc-f5">
         <name>.text</name>
         <load_address>0x44c0</load_address>
         <run_address>0x44c0</run_address>
         <size>0x80</size>
         <input_file_ref idref="fl-b0"/>
      </object_component>
      <object_component id="oc-1f4">
         <name>.text:_EDMA_disableChannel</name>
         <load_address>0x4540</load_address>
         <run_address>0x4540</run_address>
         <size>0x60</size>
         <input_file_ref idref="fl-b3"/>
      </object_component>
      <object_component id="oc-1ea">
         <name>.text:_EDMA_enableChannel</name>
         <load_address>0x45a0</load_address>
         <run_address>0x45a0</run_address>
         <size>0x60</size>
         <input_file_ref idref="fl-b3"/>
      </object_component>
      <object_component id="oc-1f3">
         <name>.text:___add_dtor</name>
         <load_address>0x4600</load_address>
         <run_address>0x4600</run_address>
         <size>0x40</size>
         <input_file_ref idref="fl-de"/>
      </object_component>
      <object_component id="oc-1dd">
         <name>.text:_CSL6713_LIB_</name>
         <load_address>0x4640</load_address>
         <run_address>0x4640</run_address>
         <size>0x20</size>
         <input_file_ref idref="fl-af"/>
      </object_component>
      <object_component id="oc-1d7">
         <name>.text:__nop</name>
         <load_address>0x4660</load_address>
         <run_address>0x4660</run_address>
         <size>0x20</size>
         <input_file_ref idref="fl-db"/>
      </object_component>
      <object_component id="oc-1d4">
         <name>.text:__register_lock</name>
         <load_address>0x4680</load_address>
         <run_address>0x4680</run_address>
         <size>0x20</size>
         <input_file_ref idref="fl-db"/>
      </object_component>
      <object_component id="oc-1d5">
         <name>.text:__register_unlock</name>
         <load_address>0x46a0</load_address>
         <run_address>0x46a0</run_address>
         <size>0x20</size>
         <input_file_ref idref="fl-db"/>
      </object_component>
      <object_component id="oc-115">
         <name>.text</name>
         <load_address>0x46c0</load_address>
         <run_address>0x46c0</run_address>
         <size>0x20</size>
         <input_file_ref idref="fl-b7"/>
      </object_component>
      <object_component id="oc-52">
         <name>.cinit</name>
         <load_address>0xc900</load_address>
         <run_address>0xc900</run_address>
         <size>0x864</size>
         <input_file_ref idref="fl-2"/>
      </object_component>
      <object_component id="oc-74">
         <name>.cinit</name>
         <load_address>0xd168</load_address>
         <run_address>0xd168</run_address>
         <size>0x26c</size>
         <input_file_ref idref="fl-8f"/>
      </object_component>
      <object_component id="oc-6d">
         <name>.cinit</name>
         <load_address>0xd3d8</load_address>
         <run_address>0xd3d8</run_address>
         <size>0x1c4</size>
         <input_file_ref idref="fl-8"/>
      </object_component>
      <object_component id="oc-11d">
         <name>.cinit</name>
         <load_address>0xd5a0</load_address>
         <run_address>0xd5a0</run_address>
         <size>0x1a4</size>
         <input_file_ref idref="fl-b8"/>
      </object_component>
      <object_component id="oc-116">
         <name>.cinit</name>
         <load_address>0xd748</load_address>
         <run_address>0xd748</run_address>
         <size>0x12c</size>
         <input_file_ref idref="fl-b7"/>
      </object_component>
      <object_component id="oc-83">
         <name>.cinit</name>
         <load_address>0xd878</load_address>
         <run_address>0xd878</run_address>
         <size>0xb0</size>
         <input_file_ref idref="fl-93"/>
      </object_component>
      <object_component id="oc-172">
         <name>.cinit</name>
         <load_address>0xd928</load_address>
         <run_address>0xd928</run_address>
         <size>0x80</size>
         <input_file_ref idref="fl-cc"/>
      </object_component>
      <object_component id="oc-104">
         <name>.cinit</name>
         <load_address>0xd9a8</load_address>
         <run_address>0xd9a8</run_address>
         <size>0x70</size>
         <input_file_ref idref="fl-b3"/>
      </object_component>
      <object_component id="oc-18d">
         <name>.cinit</name>
         <load_address>0xda18</load_address>
         <run_address>0xda18</run_address>
         <size>0x60</size>
         <input_file_ref idref="fl-d2"/>
      </object_component>
      <object_component id="oc-7d">
         <name>.cinit</name>
         <load_address>0xda78</load_address>
         <run_address>0xda78</run_address>
         <size>0x5c</size>
         <input_file_ref idref="fl-92"/>
      </object_component>
      <object_component id="oc-134">
         <name>.cinit</name>
         <load_address>0xdad8</load_address>
         <run_address>0xdad8</run_address>
         <size>0x54</size>
         <input_file_ref idref="fl-be"/>
      </object_component>
      <object_component id="oc-d1">
         <name>.cinit</name>
         <load_address>0xdb30</load_address>
         <run_address>0xdb30</run_address>
         <size>0x4c</size>
         <input_file_ref idref="fl-a7"/>
      </object_component>
      <object_component id="oc-16b">
         <name>.cinit</name>
         <load_address>0xdb80</load_address>
         <run_address>0xdb80</run_address>
         <size>0x4c</size>
         <input_file_ref idref="fl-cb"/>
      </object_component>
      <object_component id="oc-149">
         <name>.cinit</name>
         <load_address>0xdbd0</load_address>
         <run_address>0xdbd0</run_address>
         <size>0x4c</size>
         <input_file_ref idref="fl-c3"/>
      </object_component>
      <object_component id="oc-6a">
         <name>.cinit</name>
         <load_address>0xdc20</load_address>
         <run_address>0xdc20</run_address>
         <size>0x48</size>
         <input_file_ref idref="fl-6"/>
      </object_component>
      <object_component id="oc-f0">
         <name>.cinit</name>
         <load_address>0xdc68</load_address>
         <run_address>0xdc68</run_address>
         <size>0x3c</size>
         <input_file_ref idref="fl-af"/>
      </object_component>
      <object_component id="oc-b1">
         <name>.cinit</name>
         <load_address>0xdca8</load_address>
         <run_address>0xdca8</run_address>
         <size>0x34</size>
         <input_file_ref idref="fl-9f"/>
      </object_component>
      <object_component id="oc-9b">
         <name>.cinit</name>
         <load_address>0xdce0</load_address>
         <run_address>0xdce0</run_address>
         <size>0x2c</size>
         <input_file_ref idref="fl-99"/>
      </object_component>
      <object_component id="oc-1c6">
         <name>.cinit</name>
         <load_address>0xdd10</load_address>
         <run_address>0xdd10</run_address>
         <size>0x2c</size>
         <input_file_ref idref="fl-df"/>
      </object_component>
      <object_component id="oc-13f">
         <name>.cinit</name>
         <load_address>0xdd40</load_address>
         <run_address>0xdd40</run_address>
         <size>0x24</size>
         <input_file_ref idref="fl-c1"/>
      </object_component>
      <object_component id="oc-180">
         <name>.cinit</name>
         <load_address>0xdd68</load_address>
         <run_address>0xdd68</run_address>
         <size>0x1c</size>
         <input_file_ref idref="fl-cf"/>
      </object_component>
      <object_component id="oc-1b4">
         <name>.cinit</name>
         <load_address>0xdd88</load_address>
         <run_address>0xdd88</run_address>
         <size>0x1c</size>
         <input_file_ref idref="fl-db"/>
      </object_component>
      <object_component id="oc-1bc">
         <name>.cinit</name>
         <load_address>0xdda8</load_address>
         <run_address>0xdda8</run_address>
         <size>0x1c</size>
         <input_file_ref idref="fl-dd"/>
      </object_component>
      <object_component id="oc-8e">
         <name>.cinit</name>
         <load_address>0xddc8</load_address>
         <run_address>0xddc8</run_address>
         <size>0x18</size>
         <input_file_ref idref="fl-96"/>
      </object_component>
      <object_component id="oc-1a1">
         <name>.cinit</name>
         <load_address>0xdde0</load_address>
         <run_address>0xdde0</run_address>
         <size>0xc</size>
         <input_file_ref idref="fl-d6"/>
      </object_component>
      <object_component id="oc-b3">
         <name>.cinit</name>
         <load_address>0xddf0</load_address>
         <run_address>0xddf0</run_address>
         <size>0xc</size>
         <input_file_ref idref="fl-a0"/>
      </object_component>
      <object_component id="oc-c0">
         <name>.cinit</name>
         <load_address>0xde00</load_address>
         <run_address>0xde00</run_address>
         <size>0xc</size>
         <input_file_ref idref="fl-a3"/>
      </object_component>
      <object_component id="oc-1c1">
         <name>.cinit</name>
         <load_address>0xde10</load_address>
         <run_address>0xde10</run_address>
         <size>0xc</size>
         <input_file_ref idref="fl-de"/>
      </object_component>
      <object_component id="oc-1e3">
         <name>.switch</name>
         <load_address>0x11060</load_address>
         <run_address>0x11060</run_address>
         <size>0x28</size>
         <input_file_ref idref="fl-c5"/>
      </object_component>
      <object_component id="oc-50">
         <name>.gblinit</name>
         <load_address>0x10f70</load_address>
         <run_address>0x10f70</run_address>
         <size>0x58</size>
         <input_file_ref idref="fl-2"/>
      </object_component>
      <object_component id="oc-68">
         <name>.sysinit</name>
         <load_address>0xf300</load_address>
         <run_address>0xf300</run_address>
         <size>0x2e0</size>
         <input_file_ref idref="fl-2"/>
      </object_component>
      <object_component id="oc-13b">
         <name>.sysinit</name>
         <load_address>0xf5e0</load_address>
         <run_address>0xf5e0</run_address>
         <size>0xe0</size>
         <input_file_ref idref="fl-c0"/>
      </object_component>
      <object_component id="oc-46">
         <name>.sysinit</name>
         <load_address>0xf6c0</load_address>
         <run_address>0xf6c0</run_address>
         <size>0xc0</size>
         <input_file_ref idref="fl-9d"/>
      </object_component>
      <object_component id="oc-184">
         <name>.sysinit</name>
         <load_address>0xf780</load_address>
         <run_address>0xf780</run_address>
         <size>0x80</size>
         <input_file_ref idref="fl-d0"/>
      </object_component>
      <object_component id="oc-141">
         <name>.sysinit</name>
         <load_address>0xf800</load_address>
         <run_address>0xf800</run_address>
         <size>0x20</size>
         <input_file_ref idref="fl-c1"/>
      </object_component>
      <object_component id="oc-af">
         <name>.trcdata</name>
         <load_address>0x110b8</load_address>
         <run_address>0x110b8</run_address>
         <size>0xc</size>
         <input_file_ref idref="fl-9e"/>
      </object_component>
      <object_component id="oc-53">
         <name>.rtdx_data</name>
         <uninitialized>true</uninitialized>
         <run_address>0xf820</run_address>
         <size>0x410</size>
         <input_file_ref idref="fl-2"/>
      </object_component>
      <object_component id="oc-14a">
         <name>.rtdx_data</name>
         <uninitialized>true</uninitialized>
         <run_address>0xfc30</run_address>
         <size>0x20</size>
         <input_file_ref idref="fl-c3"/>
      </object_component>
      <object_component id="oc-153">
         <name>.rtdx_data</name>
         <uninitialized>true</uninitialized>
         <run_address>0xfc50</run_address>
         <size>0x1c</size>
         <input_file_ref idref="fl-c5"/>
      </object_component>
      <object_component id="oc-1ce">
         <name>.rtdx_text:_RTDX_Poll</name>
         <load_address>0xde40</load_address>
         <run_address>0xde40</run_address>
         <size>0x400</size>
         <input_file_ref idref="fl-c5"/>
      </object_component>
      <object_component id="oc-1e5">
         <name>.rtdx_text:_RTDX_Buffer_WriteCB</name>
         <load_address>0xe240</load_address>
         <run_address>0xe240</run_address>
         <size>0x340</size>
         <input_file_ref idref="fl-c3"/>
      </object_component>
      <object_component id="oc-1f1">
         <name>.rtdx_text:_RTDX_write_next</name>
         <load_address>0xe580</load_address>
         <run_address>0xe580</run_address>
         <size>0x300</size>
         <input_file_ref idref="fl-c3"/>
      </object_component>
      <object_component id="oc-1f2">
         <name>.rtdx_text:_RTDX_Mon_Queue</name>
         <load_address>0xe880</load_address>
         <run_address>0xe880</run_address>
         <size>0x140</size>
         <input_file_ref idref="fl-c5"/>
      </object_component>
      <object_component id="oc-1f0">
         <name>.rtdx_text:_claim</name>
         <load_address>0xe9c0</load_address>
         <run_address>0xe9c0</run_address>
         <size>0xe0</size>
         <input_file_ref idref="fl-c3"/>
      </object_component>
      <object_component id="oc-1d3">
         <name>.rtdx_text:_RTDX_Init_RT_Monitor</name>
         <load_address>0xeaa0</load_address>
         <run_address>0xeaa0</run_address>
         <size>0x80</size>
         <input_file_ref idref="fl-c5"/>
      </object_component>
      <object_component id="oc-1d2">
         <name>.rtdx_text:_RTDX_Buffer_Initialize</name>
         <load_address>0xeb20</load_address>
         <run_address>0xeb20</run_address>
         <size>0x60</size>
         <input_file_ref idref="fl-c3"/>
      </object_component>
      <object_component id="oc-1e4">
         <name>.rtdx_text:_RTDX_Buffer_ReadCB</name>
         <load_address>0xeb80</load_address>
         <run_address>0xeb80</run_address>
         <size>0x60</size>
         <input_file_ref idref="fl-c2"/>
      </object_component>
      <object_component id="oc-1ef">
         <name>.rtdx_text:_RTDX_Buffer_Size</name>
         <load_address>0xebe0</load_address>
         <run_address>0xebe0</run_address>
         <size>0x40</size>
         <input_file_ref idref="fl-c3"/>
      </object_component>
      <object_component id="oc-1e7">
         <name>.rtdx_text:_RTDX_Final_RT_Monitor</name>
         <load_address>0xec20</load_address>
         <run_address>0xec20</run_address>
         <size>0x40</size>
         <input_file_ref idref="fl-c5"/>
      </object_component>
      <object_component id="oc-1cf">
         <name>.rtdx_text:_RTDX_Buffer_Read</name>
         <load_address>0xec60</load_address>
         <run_address>0xec60</run_address>
         <size>0x20</size>
         <input_file_ref idref="fl-c2"/>
      </object_component>
      <object_component id="oc-1d0">
         <name>.rtdx_text:_RTDX_Buffer_Write</name>
         <load_address>0xec80</load_address>
         <run_address>0xec80</run_address>
         <size>0x20</size>
         <input_file_ref idref="fl-c3"/>
      </object_component>
      <object_component id="oc-1e2">
         <name>.rtdx_text:_RTDX_checksum</name>
         <load_address>0xeca0</load_address>
         <run_address>0xeca0</run_address>
         <size>0x20</size>
         <input_file_ref idref="fl-c5"/>
      </object_component>
      <object_component id="oc-14f">
         <name>.rtdx_text</name>
         <load_address>0xecc0</load_address>
         <run_address>0xecc0</run_address>
         <size>0x20</size>
         <input_file_ref idref="fl-c4"/>
      </object_component>
      <object_component id="oc-60">
         <name>.TSK_idle$stk</name>
         <uninitialized>true</uninitialized>
         <run_address>0x10070</run_address>
         <size>0x400</size>
         <input_file_ref idref="fl-2"/>
      </object_component>
      <object_component id="oc-61">
         <name>.LED_toggle$stk</name>
         <uninitialized>true</uninitialized>
         <run_address>0xfc70</run_address>
         <size>0x400</size>
         <input_file_ref idref="fl-2"/>
      </object_component>
      <object_component id="oc-64">
         <name>.LOG_system$buf</name>
         <uninitialized>true</uninitialized>
         <run_address>0x10a00</run_address>
         <size>0x100</size>
         <input_file_ref idref="fl-2"/>
      </object_component>
      <object_component id="oc-59">
         <name>.hst1</name>
         <uninitialized>true</uninitialized>
         <run_address>0xde24</run_address>
         <size>0x10</size>
         <input_file_ref idref="fl-2"/>
      </object_component>
      <object_component id="oc-5c">
         <name>.hst0</name>
         <uninitialized>true</uninitialized>
         <run_address>0x10b00</run_address>
         <size>0x100</size>
         <input_file_ref idref="fl-2"/>
      </object_component>
      <object_component id="oc-190">
         <name>.const</name>
         <load_address>0x10d88</load_address>
         <run_address>0x10d88</run_address>
         <size>0x4e</size>
         <input_file_ref idref="fl-d2"/>
      </object_component>
      <object_component id="oc-93">
         <name>.const</name>
         <load_address>0x10dd6</load_address>
         <run_address>0x10dd6</run_address>
         <size>0x23</size>
         <input_file_ref idref="fl-97"/>
      </object_component>
      <object_component id="oc-97">
         <name>.const</name>
         <load_address>0x10df9</load_address>
         <run_address>0x10df9</run_address>
         <size>0x22</size>
         <input_file_ref idref="fl-98"/>
      </object_component>
      <object_component id="oc-100">
         <name>.const</name>
         <load_address>0x10e1c</load_address>
         <run_address>0x10e1c</run_address>
         <size>0x20</size>
         <input_file_ref idref="fl-b2"/>
      </object_component>
      <object_component id="oc-174">
         <name>.const</name>
         <load_address>0x10e3c</load_address>
         <run_address>0x10e3c</run_address>
         <size>0x1</size>
         <input_file_ref idref="fl-cc"/>
      </object_component>
      <object_component id="oc-57">
         <name>.printf</name>
         <load_address>0x10e3d</load_address>
         <run_address>0x10e3d</run_address>
         <size>0xc4</size>
         <input_file_ref idref="fl-2"/>
      </object_component>
      <object_component id="oc-ab">
         <name>.args</name>
         <load_address>0xfc6c</load_address>
         <run_address>0xfc6c</run_address>
         <size>0x0</size>
         <input_file_ref idref="fl-9d"/>
      </object_component>
      <object_component id="oc-36">
         <name>_SYS_PUTCBEG</name>
         <load_address>0x107f0</load_address>
         <run_address>0x107f0</run_address>
         <size>0x0</size>
      </object_component>
      <object_component id="oc-38">
         <name>_SYS_PUTCEND</name>
         <load_address>0x109f0</load_address>
         <run_address>0x109f0</run_address>
         <size>0x0</size>
      </object_component>
      <object_component id="oc-5a">
         <name>.hst</name>
         <uninitialized>true</uninitialized>
         <run_address>0x10fc8</run_address>
         <size>0x3c</size>
         <input_file_ref idref="fl-2"/>
      </object_component>
      <object_component id="oc-65">
         <name>.log</name>
         <load_address>0x11004</load_address>
         <run_address>0x11004</run_address>
         <size>0x30</size>
         <input_file_ref idref="fl-2"/>
      </object_component>
      <object_component id="oc-5b">
         <name>.pip</name>
         <uninitialized>true</uninitialized>
         <run_address>0x10c00</run_address>
         <size>0xc8</size>
         <input_file_ref idref="fl-2"/>
      </object_component>
      <object_component id="oc-58">
         <name>.sts</name>
         <load_address>0x10ef0</load_address>
         <run_address>0x10ef0</run_address>
         <size>0x80</size>
         <input_file_ref idref="fl-2"/>
      </object_component>
      <object_component id="oc-3e">
         <name>GBL_stackbeg</name>
         <uninitialized>true</uninitialized>
         <run_address>0x8900</run_address>
         <size>0x0</size>
      </object_component>
      <object_component id="oc-ac">
         <name>.stack</name>
         <uninitialized>true</uninitialized>
         <run_address>0x8900</run_address>
         <size>0x0</size>
         <input_file_ref idref="fl-9d"/>
      </object_component>
      <object_component id="oc-230">
         <name>.stack</name>
         <uninitialized>true</uninitialized>
         <run_address>0x8900</run_address>
         <size>0x0</size>
      </object_component>
      <object_component id="oc-66">
         <name>.myLOG$buf</name>
         <uninitialized>true</uninitialized>
         <run_address>0x80008000</run_address>
         <size>0x80</size>
         <input_file_ref idref="fl-2"/>
      </object_component>
      <object_component id="oc-70">
         <name>.debug_info</name>
         <load_address>0x0</load_address>
         <run_address>0x0</run_address>
         <size>0xf8</size>
         <input_file_ref idref="fl-8e"/>
      </object_component>
      <object_component id="oc-76">
         <name>.debug_info</name>
         <load_address>0xf8</load_address>
         <run_address>0xf8</run_address>
         <size>0xb9</size>
         <input_file_ref idref="fl-90"/>
      </object_component>
      <object_component id="oc-79">
         <name>.debug_info</name>
         <load_address>0x1b1</load_address>
         <run_address>0x1b1</run_address>
         <size>0xaf</size>
         <input_file_ref idref="fl-91"/>
      </object_component>
      <object_component id="oc-7f">
         <name>.debug_info</name>
         <load_address>0x260</load_address>
         <run_address>0x260</run_address>
         <size>0x1a5</size>
         <input_file_ref idref="fl-92"/>
      </object_component>
      <object_component id="oc-84">
         <name>.debug_info</name>
         <load_address>0x405</load_address>
         <run_address>0x405</run_address>
         <size>0x13c</size>
         <input_file_ref idref="fl-93"/>
      </object_component>
      <object_component id="oc-87">
         <name>.debug_info</name>
         <load_address>0x541</load_address>
         <run_address>0x541</run_address>
         <size>0x607</size>
         <input_file_ref idref="fl-94"/>
      </object_component>
      <object_component id="oc-8a">
         <name>.debug_info</name>
         <load_address>0xb48</load_address>
         <run_address>0xb48</run_address>
         <size>0x6f0</size>
         <input_file_ref idref="fl-95"/>
      </object_component>
      <object_component id="oc-8d">
         <name>.debug_info</name>
         <load_address>0x1238</load_address>
         <run_address>0x1238</run_address>
         <size>0xf1f</size>
         <input_file_ref idref="fl-96"/>
      </object_component>
      <object_component id="oc-92">
         <name>.debug_info</name>
         <load_address>0x2157</load_address>
         <run_address>0x2157</run_address>
         <size>0x7fd</size>
         <input_file_ref idref="fl-97"/>
      </object_component>
      <object_component id="oc-96">
         <name>.debug_info</name>
         <load_address>0x2954</load_address>
         <run_address>0x2954</run_address>
         <size>0x7ea</size>
         <input_file_ref idref="fl-98"/>
      </object_component>
      <object_component id="oc-9a">
         <name>.debug_info</name>
         <load_address>0x313e</load_address>
         <run_address>0x313e</run_address>
         <size>0x6d9</size>
         <input_file_ref idref="fl-99"/>
      </object_component>
      <object_component id="oc-9f">
         <name>.debug_info</name>
         <load_address>0x3817</load_address>
         <run_address>0x3817</run_address>
         <size>0x690</size>
         <input_file_ref idref="fl-9a"/>
      </object_component>
      <object_component id="oc-a3">
         <name>.debug_info</name>
         <load_address>0x3ea7</load_address>
         <run_address>0x3ea7</run_address>
         <size>0x112</size>
         <input_file_ref idref="fl-9b"/>
      </object_component>
      <object_component id="oc-a7">
         <name>.debug_info</name>
         <load_address>0x3fb9</load_address>
         <run_address>0x3fb9</run_address>
         <size>0x106</size>
         <input_file_ref idref="fl-9c"/>
      </object_component>
      <object_component id="oc-aa">
         <name>.debug_info</name>
         <load_address>0x40bf</load_address>
         <run_address>0x40bf</run_address>
         <size>0x65a</size>
         <input_file_ref idref="fl-9d"/>
      </object_component>
      <object_component id="oc-b5">
         <name>.debug_info</name>
         <load_address>0x4719</load_address>
         <run_address>0x4719</run_address>
         <size>0xaf</size>
         <input_file_ref idref="fl-a0"/>
      </object_component>
      <object_component id="oc-b9">
         <name>.debug_info</name>
         <load_address>0x47c8</load_address>
         <run_address>0x47c8</run_address>
         <size>0xb8</size>
         <input_file_ref idref="fl-a1"/>
      </object_component>
      <object_component id="oc-bd">
         <name>.debug_info</name>
         <load_address>0x4880</load_address>
         <run_address>0x4880</run_address>
         <size>0xaa</size>
         <input_file_ref idref="fl-a2"/>
      </object_component>
      <object_component id="oc-c2">
         <name>.debug_info</name>
         <load_address>0x492a</load_address>
         <run_address>0x492a</run_address>
         <size>0x11b</size>
         <input_file_ref idref="fl-a3"/>
      </object_component>
      <object_component id="oc-c6">
         <name>.debug_info</name>
         <load_address>0x4a45</load_address>
         <run_address>0x4a45</run_address>
         <size>0xaa</size>
         <input_file_ref idref="fl-a4"/>
      </object_component>
      <object_component id="oc-ca">
         <name>.debug_info</name>
         <load_address>0x4aef</load_address>
         <run_address>0x4aef</run_address>
         <size>0x10c</size>
         <input_file_ref idref="fl-a5"/>
      </object_component>
      <object_component id="oc-ce">
         <name>.debug_info</name>
         <load_address>0x4bfb</load_address>
         <run_address>0x4bfb</run_address>
         <size>0xd8</size>
         <input_file_ref idref="fl-a6"/>
      </object_component>
      <object_component id="oc-d3">
         <name>.debug_info</name>
         <load_address>0x4cd3</load_address>
         <run_address>0x4cd3</run_address>
         <size>0x1c2</size>
         <input_file_ref idref="fl-a7"/>
      </object_component>
      <object_component id="oc-d7">
         <name>.debug_info</name>
         <load_address>0x4e95</load_address>
         <run_address>0x4e95</run_address>
         <size>0xdb</size>
         <input_file_ref idref="fl-a8"/>
      </object_component>
      <object_component id="oc-db">
         <name>.debug_info</name>
         <load_address>0x4f70</load_address>
         <run_address>0x4f70</run_address>
         <size>0x106</size>
         <input_file_ref idref="fl-a9"/>
      </object_component>
      <object_component id="oc-df">
         <name>.debug_info</name>
         <load_address>0x5076</load_address>
         <run_address>0x5076</run_address>
         <size>0x60b</size>
         <input_file_ref idref="fl-aa"/>
      </object_component>
      <object_component id="oc-e2">
         <name>.debug_info</name>
         <load_address>0x5681</load_address>
         <run_address>0x5681</run_address>
         <size>0x5e5</size>
         <input_file_ref idref="fl-ab"/>
      </object_component>
      <object_component id="oc-e5">
         <name>.debug_info</name>
         <load_address>0x5c66</load_address>
         <run_address>0x5c66</run_address>
         <size>0xb7</size>
         <input_file_ref idref="fl-ac"/>
      </object_component>
      <object_component id="oc-e9">
         <name>.debug_info</name>
         <load_address>0x5d1d</load_address>
         <run_address>0x5d1d</run_address>
         <size>0xb4</size>
         <input_file_ref idref="fl-ad"/>
      </object_component>
      <object_component id="oc-ed">
         <name>.debug_info</name>
         <load_address>0x5dd1</load_address>
         <run_address>0x5dd1</run_address>
         <size>0xb1</size>
         <input_file_ref idref="fl-ae"/>
      </object_component>
      <object_component id="oc-f3">
         <name>.debug_info</name>
         <load_address>0x5e82</load_address>
         <run_address>0x5e82</run_address>
         <size>0xa13</size>
         <input_file_ref idref="fl-af"/>
      </object_component>
      <object_component id="oc-f7">
         <name>.debug_info</name>
         <load_address>0x6895</load_address>
         <run_address>0x6895</run_address>
         <size>0x4c3</size>
         <input_file_ref idref="fl-b0"/>
      </object_component>
      <object_component id="oc-fc">
         <name>.debug_info</name>
         <load_address>0x6d58</load_address>
         <run_address>0x6d58</run_address>
         <size>0x60b</size>
         <input_file_ref idref="fl-b1"/>
      </object_component>
      <object_component id="oc-102">
         <name>.debug_info</name>
         <load_address>0x7363</load_address>
         <run_address>0x7363</run_address>
         <size>0x8a7</size>
[...]
         <object_component_ref idref="oc-1db"/>
      </symbol>
      <symbol id="sm-4ec">
         <name>_EDMA_reset</name>
         <value>0x3940</value>
         <object_component_ref idref="oc-1e9"/>
      </symbol>
      <symbol id="sm-4ed">
         <name>_tccAllocTable</name>
         <value>0xf0f8</value>
         <object_component_ref idref="oc-105"/>
      </symbol>
      <symbol id="sm-4ee">
         <name>_EDMA_open</name>
         <value>0x26e0</value>
         <object_component_ref idref="oc-1d9"/>
      </symbol>
      <symbol id="sm-4ef">
         <name>_EDMA_disableChannel</name>
         <value>0x4540</value>
         <object_component_ref idref="oc-1f4"/>
      </symbol>
      <symbol id="sm-4f0">
         <name>_EDMA_allocTable</name>
         <value>0x3320</value>
         <object_component_ref idref="oc-1da"/>
      </symbol>
      <symbol id="sm-4fa">
         <name>_GBL_cslCacheInit</name>
         <value>0x7a60</value>
         <object_component_ref idref="oc-10a"/>
      </symbol>
      <symbol id="sm-502">
         <name>GBL_A_VERSION</name>
         <value>0x5205</value>
      </symbol>
      <symbol id="sm-503">
         <name>_GBL_getVersion</name>
         <value>0x8860</value>
         <object_component_ref idref="oc-10d"/>
      </symbol>
      <symbol id="sm-50b">
         <name>_HWI_restore</name>
         <value>0x852c</value>
         <object_component_ref idref="oc-111"/>
      </symbol>
      <symbol id="sm-50c">
         <name>_HWI_enable</name>
         <value>0x8518</value>
         <object_component_ref idref="oc-111"/>
      </symbol>
      <symbol id="sm-50d">
         <name>_HWI_disable</name>
         <value>0x8500</value>
         <object_component_ref idref="oc-111"/>
      </symbol>
      <symbol id="sm-523">
         <name>__IRQ_eventTable</name>
         <value>0xee90</value>
         <object_component_ref idref="oc-117"/>
      </symbol>
      <symbol id="sm-524">
         <name>__IRQ_intTable</name>
         <value>0xef14</value>
         <object_component_ref idref="oc-117"/>
      </symbol>
      <symbol id="sm-525">
         <name>_IRQ_map</name>
         <value>0x2fa0</value>
         <object_component_ref idref="oc-1dc"/>
      </symbol>
      <symbol id="sm-526">
         <name>__IRQ_init</name>
         <value>0x4380</value>
         <object_component_ref idref="oc-1ec"/>
      </symbol>
      <symbol id="sm-527">
         <name>__IRQ_dispatchTable</name>
         <value>0xef54</value>
         <object_component_ref idref="oc-117"/>
      </symbol>
      <symbol id="sm-528">
         <name>__IRQ_hookFetchPacket</name>
         <value>0x46c0</value>
         <object_component_ref idref="oc-115"/>
      </symbol>
      <symbol id="sm-534">
         <name>_KNL_maxqueue</name>
         <value>0x10708</value>
         <object_component_ref idref="oc-11b"/>
      </symbol>
      <symbol id="sm-535">
         <name>_KNL_inactive</name>
         <value>0x106e8</value>
         <object_component_ref idref="oc-11b"/>
      </symbol>
      <symbol id="sm-536">
         <name>_KNL_tswitchfxn</name>
         <value>0x1070c</value>
         <object_component_ref idref="oc-11b"/>
      </symbol>
      <symbol id="sm-537">
         <name>_KNL_setpri</name>
         <value>0x106e4</value>
         <object_component_ref idref="oc-11b"/>
      </symbol>
      <symbol id="sm-538">
         <name>_KNL_swiptr</name>
         <value>0x10700</value>
         <object_component_ref idref="oc-11b"/>
      </symbol>
      <symbol id="sm-539">
         <name>_KNL_dummy</name>
         <value>0xeffc</value>
         <object_component_ref idref="oc-11e"/>
      </symbol>
      <symbol id="sm-53a">
         <name>_KNL_curtask</name>
         <value>0x106f4</value>
         <object_component_ref idref="oc-11b"/>
      </symbol>
      <symbol id="sm-53b">
         <name>_KNL_curqueue</name>
         <value>0x10704</value>
         <object_component_ref idref="oc-11b"/>
      </symbol>
      <symbol id="sm-53c">
         <name>_KNL_wList</name>
         <value>0x106dc</value>
         <object_component_ref idref="oc-11b"/>
      </symbol>
      <symbol id="sm-53d">
         <name>_KNL_curtime</name>
         <value>0x106fc</value>
         <object_component_ref idref="oc-11b"/>
      </symbol>
      <symbol id="sm-53e">
         <name>_KNL_set</name>
         <value>0x106f0</value>
         <object_component_ref idref="oc-11b"/>
      </symbol>
      <symbol id="sm-53f">
         <name>_KNL_alarm</name>
         <value>0x106e0</value>
         <object_component_ref idref="oc-11b"/>
      </symbol>
      <symbol id="sm-540">
         <name>_KNL_prevtask</name>
         <value>0x106f8</value>
         <object_component_ref idref="oc-11b"/>
      </symbol>
      <symbol id="sm-541">
         <name>_KNL_queues</name>
         <value>0xef5c</value>
         <object_component_ref idref="oc-11e"/>
      </symbol>
      <symbol id="sm-542">
         <name>_KNL_idlefxn</name>
         <value>0x1071c</value>
         <object_component_ref idref="oc-11b"/>
      </symbol>
      <symbol id="sm-543">
         <name>_KNL_priority</name>
         <value>0x106ec</value>
         <object_component_ref idref="oc-11b"/>
      </symbol>
      <symbol id="sm-544">
         <name>_KNL_treadyfxn</name>
         <value>0x10718</value>
         <object_component_ref idref="oc-11b"/>
      </symbol>
      <symbol id="sm-545">
         <name>_KNL_tcreatefxn</name>
         <value>0x10710</value>
         <object_component_ref idref="oc-11b"/>
      </symbol>
      <symbol id="sm-546">
         <name>_KNL_wFlag</name>
         <value>0x106d8</value>
         <object_component_ref idref="oc-11b"/>
      </symbol>
      <symbol id="sm-547">
         <name>_KNL_tdeletefxn</name>
         <value>0x10714</value>
         <object_component_ref idref="oc-11b"/>
      </symbol>
      <symbol id="sm-551">
         <name>_KNL_exit</name>
         <value>0x7b40</value>
         <object_component_ref idref="oc-121"/>
      </symbol>
      <symbol id="sm-552">
         <name>_KNL_enter</name>
         <value>0x7b94</value>
         <object_component_ref idref="oc-121"/>
      </symbol>
      <symbol id="sm-55a">
         <name>__KNL_lat1beg</name>
         <value>0x7970</value>
         <object_component_ref idref="oc-124"/>
      </symbol>
      <symbol id="sm-55b">
         <name>__KNL_lat1end</name>
         <value>0x79f8</value>
         <object_component_ref idref="oc-124"/>
      </symbol>
      <symbol id="sm-55c">
         <name>_KNL_max</name>
         <value>0x7a1c</value>
         <object_component_ref idref="oc-124"/>
      </symbol>
      <symbol id="sm-55d">
         <name>_KNL_check</name>
         <value>0x7920</value>
         <object_component_ref idref="oc-124"/>
      </symbol>
      <symbol id="sm-55e">
         <name>_KNL_idle</name>
         <value>0x79f8</value>
         <object_component_ref idref="oc-124"/>
      </symbol>
      <symbol id="sm-568">
         <name>_KNL_post</name>
         <value>0x7f80</value>
         <object_component_ref idref="oc-129"/>
      </symbol>
      <symbol id="sm-572">
         <name>_KNL_ipost</name>
         <value>0x7ec0</value>
         <object_component_ref idref="oc-12d"/>
      </symbol>
      <symbol id="sm-57c">
         <name>_KNL_run</name>
         <value>0x6000</value>
         <object_component_ref idref="oc-131"/>
      </symbol>
      <symbol id="sm-58e">
         <name>_MCBSP_reset</name>
         <value>0x34c0</value>
         <object_component_ref idref="oc-1ee"/>
      </symbol>
      <symbol id="sm-58f">
         <name>_MCBSP_open</name>
         <value>0x3f00</value>
         <object_component_ref idref="oc-1e0"/>
      </symbol>
      <symbol id="sm-590">
         <name>__MCBSP_hDev0</name>
         <value>0xf208</value>
         <object_component_ref idref="oc-135"/>
      </symbol>
      <symbol id="sm-591">
         <name>__MCBSP_hDev1</name>
         <value>0xf20c</value>
         <object_component_ref idref="oc-135"/>
      </symbol>
      <symbol id="sm-592">
         <name>_MCBSP_start</name>
         <value>0x4000</value>
         <object_component_ref idref="oc-1e1"/>
      </symbol>
      <symbol id="sm-596">
         <name>_MEM</name>
         <value>0x107ec</value>
         <object_component_ref idref="oc-139"/>
      </symbol>
      <symbol id="sm-5a0">
         <name>_MEM_init</name>
         <value>0xf5e0</value>
         <object_component_ref idref="oc-13b"/>
      </symbol>
      <symbol id="sm-5ae">
         <name>_OBJ_table</name>
         <value>0xf090</value>
         <object_component_ref idref="oc-140"/>
      </symbol>
      <symbol id="sm-5af">
         <name>_OBJ_init</name>
         <value>0xf800</value>
         <object_component_ref idref="oc-141"/>
      </symbol>
      <symbol id="sm-5b0">
         <name>_OBJ_segtab</name>
         <value>0xf0c8</value>
         <object_component_ref idref="oc-140"/>
      </symbol>
      <symbol id="sm-5bc">
         <name>_RTDX_Buffer_ReadCB</name>
         <value>0xeb80</value>
         <object_component_ref idref="oc-1e4"/>
      </symbol>
      <symbol id="sm-5bd">
         <name>RTDX_NORMALIZED_HDR</name>
         <value>0x1</value>
      </symbol>
      <symbol id="sm-5be">
         <name>_RTDX_Buffer_Read</name>
         <value>0xec60</value>
         <object_component_ref idref="oc-1cf"/>
      </symbol>
      <symbol id="sm-5da">
         <name>_rtdx_buffer_state</name>
         <value>0xfc30</value>
         <object_component_ref idref="oc-14a"/>
      </symbol>
      <symbol id="sm-5db">
         <name>_RTDX_Buffer_WriteCB</name>
         <value>0xe240</value>
         <object_component_ref idref="oc-1e5"/>
      </symbol>
      <symbol id="sm-5dc">
         <name>_rtdxNullChanCnt</name>
         <value>0x107bc</value>
         <object_component_ref idref="oc-147"/>
      </symbol>
      <symbol id="sm-5dd">
         <name>_RTDX_writing</name>
         <value>0xfc3c</value>
         <object_component_ref idref="oc-14a"/>
      </symbol>
      <symbol id="sm-5de">
         <name>_RTDX_Buffer_Initialize</name>
         <value>0xeb20</value>
         <object_component_ref idref="oc-1d2"/>
      </symbol>
      <symbol id="sm-5df">
         <name>_RTDX_Buffer_Write</name>
         <value>0xec80</value>
         <object_component_ref idref="oc-1d0"/>
      </symbol>
      <symbol id="sm-5e0">
         <name>_rtdxNullFuncCnt</name>
         <value>0x107c0</value>
         <object_component_ref idref="oc-147"/>
      </symbol>
      <symbol id="sm-5e1">
         <name>_RTDX_Buffer_Size</name>
         <value>0xebe0</value>
         <object_component_ref idref="oc-1ef"/>
      </symbol>
      <symbol id="sm-5eb">
         <name>_RTDX_Mask_IER</name>
         <value>0xecc0</value>
         <object_component_ref idref="oc-14f"/>
      </symbol>
      <symbol id="sm-603">
         <name>_RTDX_Mon_Queue</name>
         <value>0xe880</value>
         <object_component_ref idref="oc-1f2"/>
      </symbol>
      <symbol id="sm-604">
         <name>_rtdx_mon_state</name>
         <value>0xfc50</value>
         <object_component_ref idref="oc-153"/>
      </symbol>
      <symbol id="sm-605">
         <name>_RTDX_JTAGONLY</name>
         <value>0x2</value>
      </symbol>
      <symbol id="sm-606">
         <name>_RTDX_Final_RT_Monitor</name>
         <value>0xec20</value>
         <object_component_ref idref="oc-1e7"/>
      </symbol>
      <symbol id="sm-607">
         <name>_RTDX_Poll</name>
         <value>0xde40</value>
         <object_component_ref idref="oc-1ce"/>
      </symbol>
      <symbol id="sm-608">
         <name>_RTDX_Init_RT_Monitor</name>
         <value>0xeaa0</value>
         <object_component_ref idref="oc-1d3"/>
      </symbol>
      <symbol id="sm-610">
         <name>_SEM_pendBinary</name>
         <value>0x8560</value>
         <object_component_ref idref="oc-157"/>
      </symbol>
      <symbol id="sm-61a">
         <name>_SEM_pendEnterKnl</name>
         <value>0x6580</value>
         <object_component_ref idref="oc-15c"/>
      </symbol>
      <symbol id="sm-622">
         <name>_SEM_postBinary</name>
         <value>0x7d00</value>
         <object_component_ref idref="oc-15f"/>
      </symbol>
      <symbol id="sm-623">
         <name>_SEM_post</name>
         <value>0x7d00</value>
         <object_component_ref idref="oc-15f"/>
      </symbol>
      <symbol id="sm-62d">
         <name>_SEM_postEnterKnl</name>
         <value>0x7c20</value>
         <object_component_ref idref="oc-164"/>
      </symbol>
      <symbol id="sm-635">
         <name>_STS_set</name>
         <value>0x88a0</value>
         <object_component_ref idref="oc-167"/>
      </symbol>
      <symbol id="sm-645">
         <name>_TIMER_reset</name>
         <value>0x3bc0</value>
         <object_component_ref idref="oc-1f6"/>
      </symbol>
      <symbol id="sm-646">
         <name>_TIMER_open</name>
         <value>0x3a80</value>
         <object_component_ref idref="oc-1ed"/>
      </symbol>
      <symbol id="sm-647">
         <name>__TIMER_hDev0</name>
         <value>0xf284</value>
         <object_component_ref idref="oc-16c"/>
      </symbol>
      <symbol id="sm-648">
         <name>__TIMER_hDev1</name>
         <value>0xf288</value>
         <object_component_ref idref="oc-16c"/>
      </symbol>
      <symbol id="sm-649">
         <name>__TIMER_hBios</name>
         <value>0xf28c</value>
         <object_component_ref idref="oc-16c"/>
      </symbol>
      <symbol id="sm-64a">
         <name>__TIMER_deviceTable</name>
         <value>0xf26c</value>
         <object_component_ref idref="oc-16c"/>
      </symbol>
      <symbol id="sm-658">
         <name>_TSK_nTasks</name>
         <value>0x107c4</value>
         <object_component_ref idref="oc-170"/>
      </symbol>
      <symbol id="sm-659">
         <name>_TSK_config</name>
         <value>0xf050</value>
         <object_component_ref idref="oc-173"/>
      </symbol>
      <symbol id="sm-65a">
         <name>_TSK</name>
         <value>0x107cc</value>
         <object_component_ref idref="oc-170"/>
      </symbol>
      <symbol id="sm-65b">
         <name>_TSK_timerSem</name>
         <value>0xf070</value>
         <object_component_ref idref="oc-173"/>
      </symbol>
      <symbol id="sm-65c">
         <name>_TSK_pid</name>
         <value>0x107c8</value>
         <object_component_ref idref="oc-170"/>
      </symbol>
      <symbol id="sm-65d">
         <name>_TSK_ATTRS</name>
         <value>0xf034</value>
         <object_component_ref idref="oc-173"/>
      </symbol>
      <symbol id="sm-667">
         <name>_TSK_exit</name>
         <value>0x7480</value>
         <object_component_ref idref="oc-177"/>
      </symbol>
      <symbol id="sm-671">
         <name>_SYS_exit</name>
         <value>0x8100</value>
         <object_component_ref idref="oc-17b"/>
      </symbol>
      <symbol id="sm-67d">
         <name>_SYS_exitStack</name>
         <value>0xf290</value>
         <object_component_ref idref="oc-181"/>
      </symbol>
      <symbol id="sm-67e">
         <name>_SYS_exitStackPtr</name>
         <value>0x107d8</value>
         <object_component_ref idref="oc-17e"/>
      </symbol>
      <symbol id="sm-67f">
         <name>_SYS_exitStackTop</name>
         <value>0x107dc</value>
         <object_component_ref idref="oc-17e"/>
      </symbol>
      <symbol id="sm-689">
         <name>_TSK_init</name>
         <value>0xf780</value>
         <object_component_ref idref="oc-184"/>
      </symbol>
      <symbol id="sm-693">
         <name>_TSK_setup</name>
         <value>0x6f00</value>
         <object_component_ref idref="oc-188"/>
      </symbol>
      <symbol id="sm-6a5">
         <name>__MEM_mutex</name>
         <value>0xf160</value>
         <object_component_ref idref="oc-18e"/>
      </symbol>
      <symbol id="sm-6a6">
         <name>_TSK_startup</name>
         <value>0x7860</value>
         <object_component_ref idref="oc-18f"/>
      </symbol>
      <symbol id="sm-6a7">
         <name>__TSK_mutex</name>
         <value>0xf138</value>
         <object_component_ref idref="oc-18e"/>
      </symbol>
      <symbol id="sm-6b1">
         <name>_LCK_pend</name>
         <value>0x8070</value>
         <object_component_ref idref="oc-194"/>
      </symbol>
      <symbol id="sm-6b2">
         <name>_LCK_post</name>
         <value>0x8040</value>
         <object_component_ref idref="oc-194"/>
      </symbol>
      <symbol id="sm-6ba">
         <name>_SEM_pend</name>
         <value>0x85c0</value>
         <object_component_ref idref="oc-197"/>
      </symbol>
      <symbol id="sm-6c4">
         <name>_SYS_abort</name>
         <value>0x8620</value>
         <object_component_ref idref="oc-19c"/>
      </symbol>
      <symbol id="sm-6d2">
         <name>__GBL_setL2CacheMode</name>
         <value>0x5114</value>
         <object_component_ref idref="oc-1a2"/>
      </symbol>
      <symbol id="sm-6dc">
         <name>__SEM_dopost</name>
         <value>0x6ce0</value>
         <object_component_ref idref="oc-1a6"/>
      </symbol>
      <symbol id="sm-6e6">
         <name>__auto_init</name>
         <value>0x7620</value>
         <object_component_ref idref="oc-1aa"/>
      </symbol>
      <symbol id="sm-6f5">
         <name>__c6xabi_divi</name>
         <value>0x3ce0</value>
         <object_component_ref idref="oc-1e8"/>
      </symbol>
      <symbol id="sm-6f6">
         <name>__divi</name>
         <value>0x3ce0</value>
         <object_component_ref idref="oc-1e8"/>
      </symbol>
      <symbol id="sm-708">
         <name>__unlock</name>
         <value>0xf2dc</value>
         <object_component_ref idref="oc-1b5"/>
      </symbol>
      <symbol id="sm-709">
         <name>__lock</name>
         <value>0xf2d8</value>
         <object_component_ref idref="oc-1b5"/>
      </symbol>
      <symbol id="sm-70a">
         <name>__register_lock</name>
         <value>0x4680</value>
         <object_component_ref idref="oc-1d4"/>
      </symbol>
      <symbol id="sm-70b">
         <name>__nop</name>
         <value>0x4660</value>
         <object_component_ref idref="oc-1d7"/>
      </symbol>
      <symbol id="sm-70c">
         <name>__register_unlock</name>
         <value>0x46a0</value>
         <object_component_ref idref="oc-1d5"/>
      </symbol>
      <symbol id="sm-714">
         <name>__strasg</name>
         <value>0x4100</value>
         <object_component_ref idref="oc-1d1"/>
      </symbol>
      <symbol id="sm-722">
         <name>_atexit</name>
         <value>0x41e0</value>
         <object_component_ref idref="oc-1e6"/>
      </symbol>
      <symbol id="sm-723">
         <name>___atexit_func_id__</name>
         <value>0xece0</value>
         <object_component_ref idref="oc-1bd"/>
      </symbol>
      <symbol id="sm-733">
         <name>_dtors</name>
         <value>0xf2e0</value>
         <object_component_ref idref="oc-1c2"/>
      </symbol>
      <symbol id="sm-734">
         <name>_call_dtors</name>
         <value>0x37e0</value>
         <object_component_ref idref="oc-1f7"/>
      </symbol>
      <symbol id="sm-735">
         <name>___add_dtor</name>
         <value>0x4600</value>
         <object_component_ref idref="oc-1f3"/>
      </symbol>
      <symbol id="sm-741">
         <name>___TI_enable_exit_profile_output</name>
         <value>0xf2d4</value>
         <object_component_ref idref="oc-1c7"/>
      </symbol>
      <symbol id="sm-742">
         <name>__cleanup_ptr</name>
         <value>0xf2cc</value>
         <object_component_ref idref="oc-1c7"/>
      </symbol>
      <symbol id="sm-743">
         <name>__dtors_ptr</name>
         <value>0xf2d0</value>
         <object_component_ref idref="oc-1c7"/>
      </symbol>
      <symbol id="sm-74d">
         <name>_memcpy</name>
         <value>0x2960</value>
         <object_component_ref idref="oc-1d6"/>
      </symbol>
   </symbol_table>
</link_info>
